bank watch loaded
wp2cur   value=01 PC=4160 SP=F37E A=01 HL=80C2
wdescbank value=00 PC=4607 SP=F37E A=00 HL=80C2
mapper_set_p2 PC=4175 SP=F37E A=02 BC=10CF DE=5530 HL=80C2
wp2cur   value=02 PC=4175 SP=F37E A=02 HL=80C2
mapper_set_p2 PC=4175 SP=F37A A=08 BC=0000 DE=0000 HL=C12C
wp2cur   value=08 PC=4175 SP=F37A A=08 HL=C12C
mapper_set_p2 PC=4175 SP=F37A A=02 BC=0000 DE=0000 HL=C12C
wp2cur   value=02 PC=4175 SP=F37A A=02 HL=C12C
mapper_set_p2 PC=4175 SP=F36E A=05 BC=0000 DE=0000 HL=C12C
wp2cur   value=05 PC=4175 SP=F36E A=05 HL=C12C
mapper_set_p2 PC=4175 SP=F36E A=02 BC=0000 DE=0000 HL=C12C
wp2cur   value=02 PC=4175 SP=F36E A=02 HL=C12C
wdescbank value=13 PC=46A7 SP=F368 A=13 HL=4495
mapper_set_p2 PC=4175 SP=F36C A=31 BC=0130 DE=0000 HL=C12C
wp2cur   value=31 PC=4175 SP=F36C A=31 HL=C12C
mapper_set_p2 PC=4175 SP=F36C A=02 BC=0000 DE=0000 HL=C12C
wp2cur   value=02 PC=4175 SP=F36C A=02 HL=C12C
mapper_set_p2 PC=4175 SP=F36C A=31 BC=0130 DE=0000 HL=C12C
wp2cur   value=31 PC=4175 SP=F36C A=31 HL=C12C
mapper_set_p2 PC=4175 SP=F340 A=08 BC=0838 DE=0001 HL=C12D
wp2cur   value=08 PC=4175 SP=F340 A=08 HL=C12D
mapper_set_p2 PC=4175 SP=F2FA A=08 BC=0838 DE=0002 HL=C12E
wp2cur   value=08 PC=4175 SP=F2FA A=08 HL=C12E
wp2cur   value=01 PC=4160 SP=F37E A=01 HL=80C2
wdescbank value=00 PC=4607 SP=F37E A=00 HL=80C2
mapper_set_p2 PC=4175 SP=F37E A=02 BC=10CF DE=5530 HL=80C2
wp2cur   value=02 PC=4175 SP=F37E A=02 HL=80C2
mapper_set_p2 PC=4175 SP=F37A A=08 BC=0000 DE=0000 HL=C12C
wp2cur   value=08 PC=4175 SP=F37A A=08 HL=C12C
mapper_set_p2 PC=4175 SP=F37A A=02 BC=0000 DE=0000 HL=C12C
wp2cur   value=02 PC=4175 SP=F37A A=02 HL=C12C
mapper_set_p2 PC=4175 SP=F36E A=05 BC=0000 DE=0000 HL=C12C
wp2cur   value=05 PC=4175 SP=F36E A=05 HL=C12C
mapper_set_p2 PC=4175 SP=F36E A=02 BC=0000 DE=0000 HL=C12C
wp2cur   value=02 PC=4175 SP=F36E A=02 HL=C12C
wdescbank value=13 PC=46A7 SP=F368 A=13 HL=4495
mapper_set_p2 PC=4175 SP=F36C A=31 BC=0130 DE=0000 HL=C12C
wp2cur   value=31 PC=4175 SP=F36C A=31 HL=C12C
mapper_set_p2 PC=4175 SP=F36C A=02 BC=0000 DE=0000 HL=C12C
wp2cur   value=02 PC=4175 SP=F36C A=02 HL=C12C
final PC=108B SP=F2FE AF=0048 P1=0D P2=08 P3=03 descId=3C descBank=13
bank watch finished
