RUN SAT update trace
KD row=8 mask=1 SPACE1
KU row=8 mask=1 SPACE1
KD row=8 mask=1 SPACE2
KU row=8 mask=1 SPACE2
TRACE_ACTIVE_REAL_GAMEPLAY PC=40C3 AF=0044 BC=0008 DE=01D9 HL=4028 IX=4075 IY=0120 SP=F0F0
SHOT sat_trace_21_real_gameplay.png
VDPREG R00=06 R01=62 R02=1F R03=80 R04=00 R05=EF R06=1F R07=00 R08=08 R09=80 R10=00 R11=01 R12=00 R13=00 R14=03 R15=00 R16=0E R17=2F R18=00 R19=00 R20=00 R21=00 R22=00 R23=00 R24=00 R25=00 R26=00 R27=00 R28=00 R29=00 R30=00 R31=00
SAT before_move physical VRAM:0F600
SAT_before_move_00 y=E0 x=C7 pat=4C col=00
SAT_before_move_01 y=E0 x=C7 pat=5C col=00
SAT_before_move_04 y=E0 x=77 pat=00 col=00
SAT_before_move_05 y=E0 x=77 pat=04 col=00
SAT_before_move_10 y=E0 x=99 pat=40 col=00
SAT_before_move_11 y=E0 x=99 pat=50 col=00
SAT_before_move_12 y=A0 x=08 pat=00 col=00
SAT_before_move_13 y=A0 x=08 pat=04 col=00
SAT_before_move_14 y=E0 x=B8 pat=48 col=00
SAT_before_move_15 y=E0 x=B8 pat=58 col=00
SAT_before_move_18 y=E0 x=60 pat=60 col=00
SAT_before_move_19 y=E0 x=50 pat=60 col=00
SAT_before_move_22 y=E0 x=77 pat=08 col=00
SAT_before_move_23 y=E0 x=77 pat=0C col=00
SAT_before_move_28 y=E0 x=A9 pat=44 col=00
SAT_before_move_29 y=E0 x=A9 pat=54 col=00
SAT_before_move_30 y=90 x=08 pat=08 col=00
SAT_before_move_31 y=90 x=08 pat=0C col=00
DUMP sat_trace_21_sct_f400.bin physical VRAM:0F400 len=512
DUMP sat_trace_21_sat_f600.bin physical VRAM:0F600 len=128
VDP_REG14 val=03 r14=3 PC=46C0 AF=8E14 BC=0099 DE=416C HL=F400 IX=C044 IY=0120
VDP_ADDR_002 addr=0F400 first=00 second=74 r14=3 PC=46CA AF=7424 BC=0099 DE=416C HL=F400 IX=C044 IY=0120
SCT_DATA_001 addr=0F400 val=02 PC=659D AF=7010 BC=2098 DE=106C HL=D4E1 IX=C044 IY=0120
SCT_DATA_002 addr=0F401 val=02 PC=659D AF=7008 BC=1F98 DE=106C HL=D4E2 IX=C044 IY=0120
SCT_DATA_003 addr=0F402 val=02 PC=659D AF=7008 BC=1E98 DE=106C HL=D4E3 IX=C044 IY=0120
SCT_DATA_004 addr=0F403 val=02 PC=659D AF=700C BC=1D98 DE=106C HL=D4E4 IX=C044 IY=0120
SCT_DATA_005 addr=0F404 val=02 PC=659D AF=7008 BC=1C98 DE=106C HL=D4E5 IX=C044 IY=0120
SCT_DATA_006 addr=0F405 val=02 PC=659D AF=7008 BC=1B98 DE=106C HL=D4E6 IX=C044 IY=0120
SCT_DATA_007 addr=0F406 val=02 PC=659D AF=7008 BC=1A98 DE=106C HL=D4E7 IX=C044 IY=0120
SCT_DATA_008 addr=0F407 val=02 PC=659D AF=700C BC=1998 DE=106C HL=D4E8 IX=C044 IY=0120
SCT_DATA_009 addr=0F408 val=02 PC=659D AF=7008 BC=1898 DE=106C HL=D4E9 IX=C044 IY=0120
SCT_DATA_010 addr=0F409 val=02 PC=659D AF=7004 BC=1798 DE=106C HL=D4EA IX=C044 IY=0120
SCT_DATA_011 addr=0F40A val=02 PC=659D AF=7004 BC=1698 DE=106C HL=D4EB IX=C044 IY=0120
SCT_DATA_012 addr=0F40B val=02 PC=659D AF=7000 BC=1598 DE=106C HL=D4EC IX=C044 IY=0120
SCT_DATA_013 addr=0F40C val=02 PC=659D AF=7004 BC=1498 DE=106C HL=D4ED IX=C044 IY=0120
SCT_DATA_014 addr=0F40D val=02 PC=659D AF=7004 BC=1398 DE=106C HL=D4EE IX=C044 IY=0120
SCT_DATA_015 addr=0F40E val=02 PC=659D AF=7004 BC=1298 DE=106C HL=D4EF IX=C044 IY=0120
SCT_DATA_016 addr=0F40F val=02 PC=659D AF=7000 BC=1198 DE=106C HL=D4F0 IX=C044 IY=0120
SCT_DATA_017 addr=0F410 val=4C PC=659D AF=7004 BC=1098 DE=106C HL=D4F1 IX=C044 IY=0120
SCT_DATA_018 addr=0F411 val=4C PC=659D AF=701D BC=0F98 DE=106C HL=D4F2 IX=C044 IY=0120
SCT_DATA_019 addr=0F412 val=4C PC=659D AF=7019 BC=0E98 DE=106C HL=D4F3 IX=C044 IY=0120
SCT_DATA_020 addr=0F413 val=4C PC=659D AF=701D BC=0D98 DE=106C HL=D4F4 IX=C044 IY=0120
SCT_DATA_021 addr=0F414 val=4C PC=659D AF=701D BC=0C98 DE=106C HL=D4F5 IX=C044 IY=0120
SCT_DATA_022 addr=0F415 val=4C PC=659D AF=701D BC=0B98 DE=106C HL=D4F6 IX=C044 IY=0120
SCT_DATA_023 addr=0F416 val=4C PC=659D AF=7019 BC=0A98 DE=106C HL=D4F7 IX=C044 IY=0120
SCT_DATA_024 addr=0F417 val=4C PC=659D AF=701D BC=0998 DE=106C HL=D4F8 IX=C044 IY=0120
SCT_DATA_025 addr=0F418 val=4C PC=659D AF=701D BC=0898 DE=106C HL=D4F9 IX=C044 IY=0120
SCT_DATA_026 addr=0F419 val=4C PC=659D AF=7011 BC=0798 DE=106C HL=D4FA IX=C044 IY=0120
SCT_DATA_027 addr=0F41A val=4C PC=659D AF=7015 BC=0698 DE=106C HL=D4FB IX=C044 IY=0120
SCT_DATA_028 addr=0F41B val=4C PC=659D AF=7011 BC=0598 DE=106C HL=D4FC IX=C044 IY=0120
SCT_DATA_029 addr=0F41C val=4C PC=659D AF=7011 BC=0498 DE=106C HL=D4FD IX=C044 IY=0120
SCT_DATA_030 addr=0F41D val=4C PC=659D AF=7011 BC=0398 DE=106C HL=D4FE IX=C044 IY=0120
SCT_DATA_031 addr=0F41E val=4C PC=659D AF=7015 BC=0298 DE=106C HL=D4FF IX=C044 IY=0120
SCT_DATA_032 addr=0F41F val=4C PC=659D AF=7011 BC=0198 DE=106C HL=D500 IX=C044 IY=0120
SCT_DATA_033 addr=0F420 val=01 PC=659D AF=0010 BC=2098 DE=0F6C HL=D401 IX=C044 IY=0120
SCT_DATA_034 addr=0F421 val=01 PC=659D AF=000C BC=1F98 DE=0F6C HL=D402 IX=C044 IY=0120
SCT_DATA_035 addr=0F422 val=01 PC=659D AF=000C BC=1E98 DE=0F6C HL=D403 IX=C044 IY=0120
SCT_DATA_036 addr=0F423 val=01 PC=659D AF=0008 BC=1D98 DE=0F6C HL=D404 IX=C044 IY=0120
SCT_DATA_037 addr=0F424 val=01 PC=659D AF=0008 BC=1C98 DE=0F6C HL=D405 IX=C044 IY=0120
SCT_DATA_038 addr=0F425 val=01 PC=659D AF=000C BC=1B98 DE=0F6C HL=D406 IX=C044 IY=0120
SCT_DATA_039 addr=0F426 val=01 PC=659D AF=000C BC=1A98 DE=0F6C HL=D407 IX=C044 IY=0120
SCT_DATA_040 addr=0F427 val=01 PC=659D AF=0008 BC=1998 DE=0F6C HL=D408 IX=C044 IY=0120
SCT_DATA_041 addr=0F428 val=01 PC=659D AF=0008 BC=1898 DE=0F6C HL=D409 IX=C044 IY=0120
SCT_DATA_042 addr=0F429 val=01 PC=659D AF=0000 BC=1798 DE=0F6C HL=D40A IX=C044 IY=0120
SCT_DATA_043 addr=0F42A val=01 PC=659D AF=0000 BC=1698 DE=0F6C HL=D40B IX=C044 IY=0120
SCT_DATA_044 addr=0F42B val=01 PC=659D AF=0004 BC=1598 DE=0F6C HL=D40C IX=C044 IY=0120
SCT_DATA_045 addr=0F42C val=01 PC=659D AF=0004 BC=1498 DE=0F6C HL=D40D IX=C044 IY=0120
SCT_DATA_046 addr=0F42D val=01 PC=659D AF=0000 BC=1398 DE=0F6C HL=D40E IX=C044 IY=0120
SCT_DATA_047 addr=0F42E val=01 PC=659D AF=0000 BC=1298 DE=0F6C HL=D40F IX=C044 IY=0120
SCT_DATA_048 addr=0F42F val=01 PC=659D AF=0004 BC=1198 DE=0F6C HL=D410 IX=C044 IY=0120
SCT_DATA_049 addr=0F430 val=42 PC=659D AF=0004 BC=1098 DE=0F6C HL=D411 IX=C044 IY=0120
SCT_DATA_050 addr=0F431 val=42 PC=659D AF=000C BC=0F98 DE=0F6C HL=D412 IX=C044 IY=0120
SCT_DATA_051 addr=0F432 val=42 PC=659D AF=000C BC=0E98 DE=0F6C HL=D413 IX=C044 IY=0120
SCT_DATA_052 addr=0F433 val=42 PC=659D AF=0008 BC=0D98 DE=0F6C HL=D414 IX=C044 IY=0120
SCT_DATA_053 addr=0F434 val=42 PC=659D AF=000C BC=0C98 DE=0F6C HL=D415 IX=C044 IY=0120
SCT_DATA_054 addr=0F435 val=42 PC=659D AF=000C BC=0B98 DE=0F6C HL=D416 IX=C044 IY=0120
SCT_DATA_055 addr=0F436 val=42 PC=659D AF=000C BC=0A98 DE=0F6C HL=D417 IX=C044 IY=0120
SCT_DATA_056 addr=0F437 val=42 PC=659D AF=0008 BC=0998 DE=0F6C HL=D418 IX=C044 IY=0120
SCT_DATA_057 addr=0F438 val=42 PC=659D AF=000C BC=0898 DE=0F6C HL=D419 IX=C044 IY=0120
SCT_DATA_058 addr=0F439 val=42 PC=659D AF=0000 BC=0798 DE=0F6C HL=D41A IX=C044 IY=0120
SCT_DATA_059 addr=0F43A val=42 PC=659D AF=0000 BC=0698 DE=0F6C HL=D41B IX=C044 IY=0120
SCT_DATA_060 addr=0F43B val=42 PC=659D AF=0004 BC=0598 DE=0F6C HL=D41C IX=C044 IY=0120
SCT_DATA_061 addr=0F43C val=42 PC=659D AF=0000 BC=0498 DE=0F6C HL=D41D IX=C044 IY=0120
SCT_DATA_062 addr=0F43D val=42 PC=659D AF=0000 BC=0398 DE=0F6C HL=D41E IX=C044 IY=0120
SCT_DATA_063 addr=0F43E val=42 PC=659D AF=0000 BC=0298 DE=0F6C HL=D41F IX=C044 IY=0120
SCT_DATA_064 addr=0F43F val=42 PC=659D AF=0004 BC=0198 DE=0F6C HL=D420 IX=C044 IY=0120
SCT_DATA_065 addr=0F440 val=02 PC=659D AF=9010 BC=2098 DE=0E6C HL=D521 IX=C044 IY=0120
SCT_DATA_066 addr=0F441 val=02 PC=659D AF=9008 BC=1F98 DE=0E6C HL=D522 IX=C044 IY=0120
SCT_DATA_067 addr=0F442 val=02 PC=659D AF=9008 BC=1E98 DE=0E6C HL=D523 IX=C044 IY=0120
SCT_DATA_068 addr=0F443 val=02 PC=659D AF=900C BC=1D98 DE=0E6C HL=D524 IX=C044 IY=0120
SCT_DATA_069 addr=0F444 val=02 PC=659D AF=9008 BC=1C98 DE=0E6C HL=D525 IX=C044 IY=0120
SCT_DATA_070 addr=0F445 val=02 PC=659D AF=9008 BC=1B98 DE=0E6C HL=D526 IX=C044 IY=0120
SCT_DATA_071 addr=0F446 val=02 PC=659D AF=9008 BC=1A98 DE=0E6C HL=D527 IX=C044 IY=0120
SCT_DATA_072 addr=0F447 val=02 PC=659D AF=900C BC=1998 DE=0E6C HL=D528 IX=C044 IY=0120
SCT_DATA_073 addr=0F448 val=02 PC=659D AF=9008 BC=1898 DE=0E6C HL=D529 IX=C044 IY=0120
SCT_DATA_074 addr=0F449 val=02 PC=659D AF=9004 BC=1798 DE=0E6C HL=D52A IX=C044 IY=0120
SCT_DATA_075 addr=0F44A val=02 PC=659D AF=9004 BC=1698 DE=0E6C HL=D52B IX=C044 IY=0120
SCT_DATA_076 addr=0F44B val=02 PC=659D AF=9000 BC=1598 DE=0E6C HL=D52C IX=C044 IY=0120
SCT_DATA_077 addr=0F44C val=02 PC=659D AF=9004 BC=1498 DE=0E6C HL=D52D IX=C044 IY=0120
SCT_DATA_078 addr=0F44D val=02 PC=659D AF=9004 BC=1398 DE=0E6C HL=D52E IX=C044 IY=0120
SCT_DATA_079 addr=0F44E val=02 PC=659D AF=9004 BC=1298 DE=0E6C HL=D52F IX=C044 IY=0120
SCT_DATA_080 addr=0F44F val=02 PC=659D AF=9000 BC=1198 DE=0E6C HL=D530 IX=C044 IY=0120
SCT_DATA_081 addr=0F450 val=4C PC=659D AF=9004 BC=1098 DE=0E6C HL=D531 IX=C044 IY=0120
SCT_DATA_082 addr=0F451 val=4C PC=659D AF=900C BC=0F98 DE=0E6C HL=D532 IX=C044 IY=0120
SCT_DATA_083 addr=0F452 val=4C PC=659D AF=9008 BC=0E98 DE=0E6C HL=D533 IX=C044 IY=0120
SCT_DATA_084 addr=0F453 val=4C PC=659D AF=900C BC=0D98 DE=0E6C HL=D534 IX=C044 IY=0120
SCT_DATA_085 addr=0F454 val=4C PC=659D AF=900C BC=0C98 DE=0E6C HL=D535 IX=C044 IY=0120
SCT_DATA_086 addr=0F455 val=4C PC=659D AF=900C BC=0B98 DE=0E6C HL=D536 IX=C044 IY=0120
SCT_DATA_087 addr=0F456 val=4C PC=659D AF=9008 BC=0A98 DE=0E6C HL=D537 IX=C044 IY=0120
SCT_DATA_088 addr=0F457 val=4C PC=659D AF=900C BC=0998 DE=0E6C HL=D538 IX=C044 IY=0120
SCT_DATA_089 addr=0F458 val=4C PC=659D AF=900C BC=0898 DE=0E6C HL=D539 IX=C044 IY=0120
SCT_DATA_090 addr=0F459 val=4C PC=659D AF=9000 BC=0798 DE=0E6C HL=D53A IX=C044 IY=0120
SCT_DATA_091 addr=0F45A val=4C PC=659D AF=9004 BC=0698 DE=0E6C HL=D53B IX=C044 IY=0120
SCT_DATA_092 addr=0F45B val=4C PC=659D AF=9000 BC=0598 DE=0E6C HL=D53C IX=C044 IY=0120
SCT_DATA_093 addr=0F45C val=4C PC=659D AF=9000 BC=0498 DE=0E6C HL=D53D IX=C044 IY=0120
SCT_DATA_094 addr=0F45D val=4C PC=659D AF=9000 BC=0398 DE=0E6C HL=D53E IX=C044 IY=0120
SCT_DATA_095 addr=0F45E val=4C PC=659D AF=9004 BC=0298 DE=0E6C HL=D53F IX=C044 IY=0120
SCT_DATA_096 addr=0F45F val=4C PC=659D AF=9000 BC=0198 DE=0E6C HL=D540 IX=C044 IY=0120
SCT_DATA_097 addr=0F460 val=01 PC=659D AF=2010 BC=2098 DE=0D6C HL=D441 IX=C044 IY=0120
SCT_DATA_098 addr=0F461 val=01 PC=659D AF=200C BC=1F98 DE=0D6C HL=D442 IX=C044 IY=0120
SCT_DATA_099 addr=0F462 val=01 PC=659D AF=200C BC=1E98 DE=0D6C HL=D443 IX=C044 IY=0120
SCT_DATA_100 addr=0F463 val=01 PC=659D AF=2008 BC=1D98 DE=0D6C HL=D444 IX=C044 IY=0120
SCT_DATA_101 addr=0F464 val=01 PC=659D AF=2008 BC=1C98 DE=0D6C HL=D445 IX=C044 IY=0120
SCT_DATA_102 addr=0F465 val=01 PC=659D AF=200C BC=1B98 DE=0D6C HL=D446 IX=C044 IY=0120
SCT_DATA_103 addr=0F466 val=01 PC=659D AF=200C BC=1A98 DE=0D6C HL=D447 IX=C044 IY=0120
SCT_DATA_104 addr=0F467 val=01 PC=659D AF=2008 BC=1998 DE=0D6C HL=D448 IX=C044 IY=0120
SCT_DATA_105 addr=0F468 val=01 PC=659D AF=2008 BC=1898 DE=0D6C HL=D449 IX=C044 IY=0120
SCT_DATA_106 addr=0F469 val=01 PC=659D AF=2000 BC=1798 DE=0D6C HL=D44A IX=C044 IY=0120
SCT_DATA_107 addr=0F46A val=01 PC=659D AF=2000 BC=1698 DE=0D6C HL=D44B IX=C044 IY=0120
SCT_DATA_108 addr=0F46B val=01 PC=659D AF=2004 BC=1598 DE=0D6C HL=D44C IX=C044 IY=0120
SCT_DATA_109 addr=0F46C val=01 PC=659D AF=2004 BC=1498 DE=0D6C HL=D44D IX=C044 IY=0120
SCT_DATA_110 addr=0F46D val=01 PC=659D AF=2000 BC=1398 DE=0D6C HL=D44E IX=C044 IY=0120
SCT_DATA_111 addr=0F46E val=01 PC=659D AF=2000 BC=1298 DE=0D6C HL=D44F IX=C044 IY=0120
SCT_DATA_112 addr=0F46F val=01 PC=659D AF=2004 BC=1198 DE=0D6C HL=D450 IX=C044 IY=0120
SCT_DATA_113 addr=0F470 val=42 PC=659D AF=2004 BC=1098 DE=0D6C HL=D451 IX=C044 IY=0120
SCT_DATA_114 addr=0F471 val=42 PC=659D AF=200C BC=0F98 DE=0D6C HL=D452 IX=C044 IY=0120
SCT_DATA_115 addr=0F472 val=42 PC=659D AF=200C BC=0E98 DE=0D6C HL=D453 IX=C044 IY=0120
SCT_DATA_116 addr=0F473 val=42 PC=659D AF=2008 BC=0D98 DE=0D6C HL=D454 IX=C044 IY=0120
SCT_DATA_117 addr=0F474 val=42 PC=659D AF=200C BC=0C98 DE=0D6C HL=D455 IX=C044 IY=0120
SCT_DATA_118 addr=0F475 val=42 PC=659D AF=200C BC=0B98 DE=0D6C HL=D456 IX=C044 IY=0120
SCT_DATA_119 addr=0F476 val=42 PC=659D AF=200C BC=0A98 DE=0D6C HL=D457 IX=C044 IY=0120
SCT_DATA_120 addr=0F477 val=42 PC=659D AF=2008 BC=0998 DE=0D6C HL=D458 IX=C044 IY=0120
SCT_DATA_121 addr=0F478 val=42 PC=659D AF=200C BC=0898 DE=0D6C HL=D459 IX=C044 IY=0120
SCT_DATA_122 addr=0F479 val=42 PC=659D AF=2000 BC=0798 DE=0D6C HL=D45A IX=C044 IY=0120
SCT_DATA_123 addr=0F47A val=42 PC=659D AF=2000 BC=0698 DE=0D6C HL=D45B IX=C044 IY=0120
SCT_DATA_124 addr=0F47B val=42 PC=659D AF=2004 BC=0598 DE=0D6C HL=D45C IX=C044 IY=0120
SCT_DATA_125 addr=0F47C val=42 PC=659D AF=2000 BC=0498 DE=0D6C HL=D45D IX=C044 IY=0120
SCT_DATA_126 addr=0F47D val=42 PC=659D AF=2000 BC=0398 DE=0D6C HL=D45E IX=C044 IY=0120
SCT_DATA_127 addr=0F47E val=42 PC=659D AF=2000 BC=0298 DE=0D6C HL=D45F IX=C044 IY=0120
SCT_DATA_128 addr=0F47F val=42 PC=659D AF=2004 BC=0198 DE=0D6C HL=D460 IX=C044 IY=0120
SCT_DATA_129 addr=0F480 val=02 PC=659D AF=B010 BC=2098 DE=0C6C HL=D561 IX=C044 IY=0120
SCT_DATA_130 addr=0F481 val=02 PC=659D AF=B008 BC=1F98 DE=0C6C HL=D562 IX=C044 IY=0120
SCT_DATA_131 addr=0F482 val=02 PC=659D AF=B008 BC=1E98 DE=0C6C HL=D563 IX=C044 IY=0120
SCT_DATA_132 addr=0F483 val=02 PC=659D AF=B00C BC=1D98 DE=0C6C HL=D564 IX=C044 IY=0120
SCT_DATA_133 addr=0F484 val=02 PC=659D AF=B008 BC=1C98 DE=0C6C HL=D565 IX=C044 IY=0120
SCT_DATA_134 addr=0F485 val=02 PC=659D AF=B008 BC=1B98 DE=0C6C HL=D566 IX=C044 IY=0120
SCT_DATA_135 addr=0F486 val=02 PC=659D AF=B008 BC=1A98 DE=0C6C HL=D567 IX=C044 IY=0120
SCT_DATA_136 addr=0F487 val=02 PC=659D AF=B00C BC=1998 DE=0C6C HL=D568 IX=C044 IY=0120
SCT_DATA_137 addr=0F488 val=02 PC=659D AF=B008 BC=1898 DE=0C6C HL=D569 IX=C044 IY=0120
SCT_DATA_138 addr=0F489 val=02 PC=659D AF=B004 BC=1798 DE=0C6C HL=D56A IX=C044 IY=0120
SCT_DATA_139 addr=0F48A val=02 PC=659D AF=B004 BC=1698 DE=0C6C HL=D56B IX=C044 IY=0120
SCT_DATA_140 addr=0F48B val=02 PC=659D AF=B000 BC=1598 DE=0C6C HL=D56C IX=C044 IY=0120
SCT_DATA_141 addr=0F48C val=02 PC=659D AF=B004 BC=1498 DE=0C6C HL=D56D IX=C044 IY=0120
SCT_DATA_142 addr=0F48D val=02 PC=659D AF=B004 BC=1398 DE=0C6C HL=D56E IX=C044 IY=0120
SCT_DATA_143 addr=0F48E val=02 PC=659D AF=B004 BC=1298 DE=0C6C HL=D56F IX=C044 IY=0120
SCT_DATA_144 addr=0F48F val=02 PC=659D AF=B000 BC=1198 DE=0C6C HL=D570 IX=C044 IY=0120
SCT_DATA_145 addr=0F490 val=02 PC=659D AF=B004 BC=1098 DE=0C6C HL=D571 IX=C044 IY=0120
SCT_DATA_146 addr=0F491 val=02 PC=659D AF=B00C BC=0F98 DE=0C6C HL=D572 IX=C044 IY=0120
SCT_DATA_147 addr=0F492 val=02 PC=659D AF=B00C BC=0E98 DE=0C6C HL=D573 IX=C044 IY=0120
SCT_DATA_148 addr=0F493 val=02 PC=659D AF=B008 BC=0D98 DE=0C6C HL=D574 IX=C044 IY=0120
SCT_DATA_149 addr=0F494 val=02 PC=659D AF=B00C BC=0C98 DE=0C6C HL=D575 IX=C044 IY=0120
SCT_DATA_150 addr=0F495 val=02 PC=659D AF=B00C BC=0B98 DE=0C6C HL=D576 IX=C044 IY=0120
SCT_DATA_151 addr=0F496 val=02 PC=659D AF=B00C BC=0A98 DE=0C6C HL=D577 IX=C044 IY=0120
SCT_DATA_152 addr=0F497 val=02 PC=659D AF=B008 BC=0998 DE=0C6C HL=D578 IX=C044 IY=0120
SCT_DATA_153 addr=0F498 val=02 PC=659D AF=B00C BC=0898 DE=0C6C HL=D579 IX=C044 IY=0120
SCT_DATA_154 addr=0F499 val=02 PC=659D AF=B000 BC=0798 DE=0C6C HL=D57A IX=C044 IY=0120
SCT_DATA_155 addr=0F49A val=02 PC=659D AF=B000 BC=0698 DE=0C6C HL=D57B IX=C044 IY=0120
SCT_DATA_156 addr=0F49B val=02 PC=659D AF=B004 BC=0598 DE=0C6C HL=D57C IX=C044 IY=0120
SCT_DATA_157 addr=0F49C val=02 PC=659D AF=B000 BC=0498 DE=0C6C HL=D57D IX=C044 IY=0120
SCT_DATA_158 addr=0F49D val=02 PC=659D AF=B000 BC=0398 DE=0C6C HL=D57E IX=C044 IY=0120
SCT_DATA_159 addr=0F49E val=02 PC=659D AF=B000 BC=0298 DE=0C6C HL=D57F IX=C044 IY=0120
SCT_DATA_160 addr=0F49F val=02 PC=659D AF=B004 BC=0198 DE=0C6C HL=D580 IX=C044 IY=0120
SCT_DATA_161 addr=0F4A0 val=00 PC=659D AF=4010 BC=2098 DE=0B6C HL=D481 IX=C044 IY=0120
SCT_DATA_162 addr=0F4A1 val=00 PC=659D AF=400C BC=1F98 DE=0B6C HL=D482 IX=C044 IY=0120
SCT_DATA_163 addr=0F4A2 val=00 PC=659D AF=4008 BC=1E98 DE=0B6C HL=D483 IX=C044 IY=0120
SCT_DATA_164 addr=0F4A3 val=00 PC=659D AF=400C BC=1D98 DE=0B6C HL=D484 IX=C044 IY=0120
SCT_DATA_165 addr=0F4A4 val=00 PC=659D AF=400C BC=1C98 DE=0B6C HL=D485 IX=C044 IY=0120
SCT_DATA_166 addr=0F4A5 val=00 PC=659D AF=400C BC=1B98 DE=0B6C HL=D486 IX=C044 IY=0120
SCT_DATA_167 addr=0F4A6 val=00 PC=659D AF=4008 BC=1A98 DE=0B6C HL=D487 IX=C044 IY=0120
SCT_DATA_168 addr=0F4A7 val=00 PC=659D AF=400C BC=1998 DE=0B6C HL=D488 IX=C044 IY=0120
SCT_DATA_169 addr=0F4A8 val=00 PC=659D AF=400C BC=1898 DE=0B6C HL=D489 IX=C044 IY=0120
SCT_DATA_170 addr=0F4A9 val=00 PC=659D AF=4000 BC=1798 DE=0B6C HL=D48A IX=C044 IY=0120
SCT_DATA_171 addr=0F4AA val=00 PC=659D AF=4004 BC=1698 DE=0B6C HL=D48B IX=C044 IY=0120
SCT_DATA_172 addr=0F4AB val=00 PC=659D AF=4000 BC=1598 DE=0B6C HL=D48C IX=C044 IY=0120
SCT_DATA_173 addr=0F4AC val=00 PC=659D AF=4000 BC=1498 DE=0B6C HL=D48D IX=C044 IY=0120
SCT_DATA_174 addr=0F4AD val=00 PC=659D AF=4000 BC=1398 DE=0B6C HL=D48E IX=C044 IY=0120
SCT_DATA_175 addr=0F4AE val=00 PC=659D AF=4004 BC=1298 DE=0B6C HL=D48F IX=C044 IY=0120
SCT_DATA_176 addr=0F4AF val=00 PC=659D AF=4000 BC=1198 DE=0B6C HL=D490 IX=C044 IY=0120
SCT_DATA_177 addr=0F4B0 val=00 PC=659D AF=4000 BC=1098 DE=0B6C HL=D491 IX=C044 IY=0120
SCT_DATA_178 addr=0F4B1 val=00 PC=659D AF=4008 BC=0F98 DE=0B6C HL=D492 IX=C044 IY=0120
SCT_DATA_179 addr=0F4B2 val=00 PC=659D AF=400C BC=0E98 DE=0B6C HL=D493 IX=C044 IY=0120
SCT_DATA_180 addr=0F4B3 val=00 PC=659D AF=4008 BC=0D98 DE=0B6C HL=D494 IX=C044 IY=0120
VDP_REG14 val=03 r14=3 PC=46C0 AF=8E14 BC=0099 DE=006C HL=F600 IX=C044 IY=0120
VDP_ADDR_004 addr=0F600 first=00 second=76 r14=3 PC=46CA AF=7620 BC=0099 DE=006C HL=F600 IX=C044 IY=0120
SAT_DATA_001 addr=0F600 val=E0 PC=6581 AF=3820 BC=0898 DE=106C HL=D639 IX=C044 IY=0120
SAT_DATA_002 addr=0F601 val=99 PC=6581 AF=3817 BC=0798 DE=106C HL=D63A IX=C044 IY=0120
SAT_DATA_003 addr=0F602 val=40 PC=6581 AF=3806 BC=0698 DE=106C HL=D63B IX=C044 IY=0120
SAT_DATA_004 addr=0F603 val=00 PC=6581 AF=3804 BC=0598 DE=106C HL=D63C IX=C044 IY=0120
SAT_DATA_005 addr=0F604 val=E0 PC=6581 AF=3804 BC=0498 DE=106C HL=D63D IX=C044 IY=0120
SAT_DATA_006 addr=0F605 val=99 PC=6581 AF=3817 BC=0398 DE=106C HL=D63E IX=C044 IY=0120
SAT_DATA_007 addr=0F606 val=50 PC=6581 AF=3806 BC=0298 DE=106C HL=D63F IX=C044 IY=0120
SAT_DATA_008 addr=0F607 val=00 PC=6581 AF=3804 BC=0198 DE=106C HL=D640 IX=C044 IY=0120
SAT_DATA_009 addr=0F608 val=A0 PC=6581 AF=001A BC=0898 DE=0F6C HL=D601 IX=C044 IY=0120
SAT_DATA_010 addr=0F609 val=08 PC=6581 AF=0006 BC=0798 DE=0F6C HL=D602 IX=C044 IY=0120
SAT_DATA_011 addr=0F60A val=00 PC=6581 AF=0000 BC=0698 DE=0F6C HL=D603 IX=C044 IY=0120
SAT_DATA_012 addr=0F60B val=00 PC=6581 AF=0004 BC=0598 DE=0F6C HL=D604 IX=C044 IY=0120
SAT_DATA_013 addr=0F60C val=A0 PC=6581 AF=0004 BC=0498 DE=0F6C HL=D605 IX=C044 IY=0120
SAT_DATA_014 addr=0F60D val=08 PC=6581 AF=0006 BC=0398 DE=0F6C HL=D606 IX=C044 IY=0120
SAT_DATA_015 addr=0F60E val=04 PC=6581 AF=0000 BC=0298 DE=0F6C HL=D607 IX=C044 IY=0120
SAT_DATA_016 addr=0F60F val=00 PC=6581 AF=0000 BC=0198 DE=0F6C HL=D608 IX=C044 IY=0120
SAT_DATA_017 addr=0F610 val=E0 PC=6581 AF=480A BC=0898 DE=0E6C HL=D649 IX=C044 IY=0120
SAT_DATA_018 addr=0F611 val=B8 PC=6581 AF=4817 BC=0798 DE=0E6C HL=D64A IX=C044 IY=0120
SAT_DATA_019 addr=0F612 val=48 PC=6581 AF=4813 BC=0698 DE=0E6C HL=D64B IX=C044 IY=0120
SAT_DATA_020 addr=0F613 val=00 PC=6581 AF=4804 BC=0598 DE=0E6C HL=D64C IX=C044 IY=0120
SAT_DATA_021 addr=0F614 val=E0 PC=6581 AF=4804 BC=0498 DE=0E6C HL=D64D IX=C044 IY=0120
SAT_DATA_022 addr=0F615 val=B8 PC=6581 AF=4817 BC=0398 DE=0E6C HL=D64E IX=C044 IY=0120
SAT_DATA_023 addr=0F616 val=58 PC=6581 AF=4813 BC=0298 DE=0E6C HL=D64F IX=C044 IY=0120
SAT_DATA_024 addr=0F617 val=00 PC=6581 AF=4804 BC=0198 DE=0E6C HL=D650 IX=C044 IY=0120
SAT_DATA_025 addr=0F618 val=E0 PC=6581 AF=100A BC=0898 DE=0D6C HL=D611 IX=C044 IY=0120
SAT_DATA_026 addr=0F619 val=00 PC=6581 AF=1006 BC=0798 DE=0D6C HL=D612 IX=C044 IY=0120
SAT_DATA_027 addr=0F61A val=00 PC=6581 AF=1000 BC=0698 DE=0D6C HL=D613 IX=C044 IY=0120
SAT_DATA_028 addr=0F61B val=00 PC=6581 AF=1004 BC=0598 DE=0D6C HL=D614 IX=C044 IY=0120
SAT_DATA_029 addr=0F61C val=E0 PC=6581 AF=1004 BC=0498 DE=0D6C HL=D615 IX=C044 IY=0120
SAT_DATA_030 addr=0F61D val=00 PC=6581 AF=1006 BC=0398 DE=0D6C HL=D616 IX=C044 IY=0120
SAT_DATA_031 addr=0F61E val=00 PC=6581 AF=1000 BC=0298 DE=0D6C HL=D617 IX=C044 IY=0120
SAT_DATA_032 addr=0F61F val=00 PC=6581 AF=1004 BC=0198 DE=0D6C HL=D618 IX=C044 IY=0120
SAT_DATA_033 addr=0F620 val=E0 PC=6581 AF=580A BC=0898 DE=0C6C HL=D659 IX=C044 IY=0120
SAT_DATA_034 addr=0F621 val=60 PC=6581 AF=5817 BC=0798 DE=0C6C HL=D65A IX=C044 IY=0120
SAT_DATA_035 addr=0F622 val=60 PC=6581 AF=5800 BC=0698 DE=0C6C HL=D65B IX=C044 IY=0120
SAT_DATA_036 addr=0F623 val=00 PC=6581 AF=5804 BC=0598 DE=0C6C HL=D65C IX=C044 IY=0120
SAT_DATA_037 addr=0F624 val=E0 PC=6581 AF=5804 BC=0498 DE=0C6C HL=D65D IX=C044 IY=0120
SAT_DATA_038 addr=0F625 val=50 PC=6581 AF=5817 BC=0398 DE=0C6C HL=D65E IX=C044 IY=0120
SAT_DATA_039 addr=0F626 val=60 PC=6581 AF=5800 BC=0298 DE=0C6C HL=D65F IX=C044 IY=0120
SAT_DATA_040 addr=0F627 val=00 PC=6581 AF=5804 BC=0198 DE=0C6C HL=D660 IX=C044 IY=0120
SAT_DATA_041 addr=0F628 val=E0 PC=6581 AF=200A BC=0898 DE=0B6C HL=D621 IX=C044 IY=0120
SAT_DATA_042 addr=0F629 val=00 PC=6581 AF=2017 BC=0798 DE=0B6C HL=D622 IX=C044 IY=0120
SAT_DATA_043 addr=0F62A val=00 PC=6581 AF=2000 BC=0698 DE=0B6C HL=D623 IX=C044 IY=0120
SAT_DATA_044 addr=0F62B val=00 PC=6581 AF=2004 BC=0598 DE=0B6C HL=D624 IX=C044 IY=0120
SAT_DATA_045 addr=0F62C val=E0 PC=6581 AF=2004 BC=0498 DE=0B6C HL=D625 IX=C044 IY=0120
SAT_DATA_046 addr=0F62D val=00 PC=6581 AF=2017 BC=0398 DE=0B6C HL=D626 IX=C044 IY=0120
SAT_DATA_047 addr=0F62E val=00 PC=6581 AF=2000 BC=0298 DE=0B6C HL=D627 IX=C044 IY=0120
SAT_DATA_048 addr=0F62F val=00 PC=6581 AF=2004 BC=0198 DE=0B6C HL=D628 IX=C044 IY=0120
SAT_DATA_049 addr=0F630 val=E0 PC=6581 AF=680A BC=0898 DE=0A6C HL=D669 IX=C044 IY=0120
SAT_DATA_050 addr=0F631 val=77 PC=6581 AF=6817 BC=0798 DE=0A6C HL=D66A IX=C044 IY=0120
SAT_DATA_051 addr=0F632 val=08 PC=6581 AF=6800 BC=0698 DE=0A6C HL=D66B IX=C044 IY=0120
SAT_DATA_052 addr=0F633 val=00 PC=6581 AF=6804 BC=0598 DE=0A6C HL=D66C IX=C044 IY=0120
SAT_DATA_053 addr=0F634 val=E0 PC=6581 AF=6804 BC=0498 DE=0A6C HL=D66D IX=C044 IY=0120
SAT_DATA_054 addr=0F635 val=77 PC=6581 AF=6817 BC=0398 DE=0A6C HL=D66E IX=C044 IY=0120
SAT_DATA_055 addr=0F636 val=0C PC=6581 AF=6800 BC=0298 DE=0A6C HL=D66F IX=C044 IY=0120
SAT_DATA_056 addr=0F637 val=00 PC=6581 AF=6800 BC=0198 DE=0A6C HL=D670 IX=C044 IY=0120
SAT_DATA_057 addr=0F638 val=E0 PC=6581 AF=300A BC=0898 DE=096C HL=D631 IX=C044 IY=0120
SAT_DATA_058 addr=0F639 val=00 PC=6581 AF=3017 BC=0798 DE=096C HL=D632 IX=C044 IY=0120
SAT_DATA_059 addr=0F63A val=00 PC=6581 AF=3000 BC=0698 DE=096C HL=D633 IX=C044 IY=0120
SAT_DATA_060 addr=0F63B val=00 PC=6581 AF=3004 BC=0598 DE=096C HL=D634 IX=C044 IY=0120
SAT_DATA_061 addr=0F63C val=E0 PC=6581 AF=3004 BC=0498 DE=096C HL=D635 IX=C044 IY=0120
SAT_DATA_062 addr=0F63D val=00 PC=6581 AF=3017 BC=0398 DE=096C HL=D636 IX=C044 IY=0120
SAT_DATA_063 addr=0F63E val=00 PC=6581 AF=3000 BC=0298 DE=096C HL=D637 IX=C044 IY=0120
SAT_DATA_064 addr=0F63F val=00 PC=6581 AF=3004 BC=0198 DE=096C HL=D638 IX=C044 IY=0120
SAT_DATA_065 addr=0F640 val=E0 PC=6581 AF=780A BC=0898 DE=086C HL=D679 IX=C044 IY=0120
SAT_DATA_066 addr=0F641 val=00 PC=6581 AF=7817 BC=0798 DE=086C HL=D67A IX=C044 IY=0120
SAT_DATA_067 addr=0F642 val=00 PC=6581 AF=7800 BC=0698 DE=086C HL=D67B IX=C044 IY=0120
SAT_DATA_068 addr=0F643 val=00 PC=6581 AF=7804 BC=0598 DE=086C HL=D67C IX=C044 IY=0120
SAT_DATA_069 addr=0F644 val=E0 PC=6581 AF=7804 BC=0498 DE=086C HL=D67D IX=C044 IY=0120
SAT_DATA_070 addr=0F645 val=00 PC=6581 AF=7817 BC=0398 DE=086C HL=D67E IX=C044 IY=0120
SAT_DATA_071 addr=0F646 val=00 PC=6581 AF=7800 BC=0298 DE=086C HL=D67F IX=C044 IY=0120
SAT_DATA_072 addr=0F647 val=00 PC=6581 AF=7804 BC=0198 DE=086C HL=D680 IX=C044 IY=0120
SAT_DATA_073 addr=0F648 val=E0 PC=6581 AF=4002 BC=0898 DE=076C HL=D641 IX=C044 IY=0120
SAT_DATA_074 addr=0F649 val=A9 PC=6581 AF=4017 BC=0798 DE=076C HL=D642 IX=C044 IY=0120
SAT_DATA_075 addr=0F64A val=44 PC=6581 AF=4006 BC=0698 DE=076C HL=D643 IX=C044 IY=0120
SAT_DATA_076 addr=0F64B val=00 PC=6581 AF=4000 BC=0598 DE=076C HL=D644 IX=C044 IY=0120
SAT_DATA_077 addr=0F64C val=E0 PC=6581 AF=4004 BC=0498 DE=076C HL=D645 IX=C044 IY=0120
SAT_DATA_078 addr=0F64D val=A9 PC=6581 AF=4017 BC=0398 DE=076C HL=D646 IX=C044 IY=0120
SAT_DATA_079 addr=0F64E val=54 PC=6581 AF=4006 BC=0298 DE=076C HL=D647 IX=C044 IY=0120
SAT_DATA_080 addr=0F64F val=00 PC=6581 AF=4000 BC=0198 DE=076C HL=D648 IX=C044 IY=0120
SAT_DATA_081 addr=0F650 val=90 PC=6581 AF=0802 BC=0898 DE=066C HL=D609 IX=C044 IY=0120
SAT_DATA_082 addr=0F651 val=08 PC=6581 AF=0806 BC=0798 DE=066C HL=D60A IX=C044 IY=0120
SAT_DATA_083 addr=0F652 val=08 PC=6581 AF=0800 BC=0698 DE=066C HL=D60B IX=C044 IY=0120
SAT_DATA_084 addr=0F653 val=00 PC=6581 AF=0804 BC=0598 DE=066C HL=D60C IX=C044 IY=0120
SAT_DATA_085 addr=0F654 val=90 PC=6581 AF=0804 BC=0498 DE=066C HL=D60D IX=C044 IY=0120
SAT_DATA_086 addr=0F655 val=08 PC=6581 AF=0806 BC=0398 DE=066C HL=D60E IX=C044 IY=0120
SAT_DATA_087 addr=0F656 val=0C PC=6581 AF=0800 BC=0298 DE=066C HL=D60F IX=C044 IY=0120
SAT_DATA_088 addr=0F657 val=00 PC=6581 AF=0800 BC=0198 DE=066C HL=D610 IX=C044 IY=0120
SAT_DATA_089 addr=0F658 val=E0 PC=6581 AF=5002 BC=0898 DE=056C HL=D651 IX=C044 IY=0120
SAT_DATA_090 addr=0F659 val=C7 PC=6581 AF=5017 BC=0798 DE=056C HL=D652 IX=C044 IY=0120
SAT_DATA_091 addr=0F65A val=4C PC=6581 AF=5013 BC=0698 DE=056C HL=D653 IX=C044 IY=0120
SAT_DATA_092 addr=0F65B val=00 PC=6581 AF=5000 BC=0598 DE=056C HL=D654 IX=C044 IY=0120
SAT_DATA_093 addr=0F65C val=E0 PC=6581 AF=5004 BC=0498 DE=056C HL=D655 IX=C044 IY=0120
SAT_DATA_094 addr=0F65D val=C7 PC=6581 AF=5017 BC=0398 DE=056C HL=D656 IX=C044 IY=0120
SAT_DATA_095 addr=0F65E val=5C PC=6581 AF=5013 BC=0298 DE=056C HL=D657 IX=C044 IY=0120
SAT_DATA_096 addr=0F65F val=00 PC=6581 AF=5000 BC=0198 DE=056C HL=D658 IX=C044 IY=0120
SAT_DATA_097 addr=0F660 val=E0 PC=6581 AF=1802 BC=0898 DE=046C HL=D619 IX=C044 IY=0120
SAT_DATA_098 addr=0F661 val=00 PC=6581 AF=1806 BC=0798 DE=046C HL=D61A IX=C044 IY=0120
SAT_DATA_099 addr=0F662 val=00 PC=6581 AF=1800 BC=0698 DE=046C HL=D61B IX=C044 IY=0120
SAT_DATA_100 addr=0F663 val=00 PC=6581 AF=1804 BC=0598 DE=046C HL=D61C IX=C044 IY=0120
SAT_DATA_101 addr=0F664 val=E0 PC=6581 AF=1804 BC=0498 DE=046C HL=D61D IX=C044 IY=0120
SAT_DATA_102 addr=0F665 val=00 PC=6581 AF=1806 BC=0398 DE=046C HL=D61E IX=C044 IY=0120
SAT_DATA_103 addr=0F666 val=00 PC=6581 AF=1800 BC=0298 DE=046C HL=D61F IX=C044 IY=0120
SAT_DATA_104 addr=0F667 val=00 PC=6581 AF=1804 BC=0198 DE=046C HL=D620 IX=C044 IY=0120
SAT_DATA_105 addr=0F668 val=E0 PC=6581 AF=6002 BC=0898 DE=036C HL=D661 IX=C044 IY=0120
SAT_DATA_106 addr=0F669 val=77 PC=6581 AF=6017 BC=0798 DE=036C HL=D662 IX=C044 IY=0120
SAT_DATA_107 addr=0F66A val=00 PC=6581 AF=6000 BC=0698 DE=036C HL=D663 IX=C044 IY=0120
SAT_DATA_108 addr=0F66B val=00 PC=6581 AF=6004 BC=0598 DE=036C HL=D664 IX=C044 IY=0120
SAT_DATA_109 addr=0F66C val=E0 PC=6581 AF=6004 BC=0498 DE=036C HL=D665 IX=C044 IY=0120
SAT_DATA_110 addr=0F66D val=77 PC=6581 AF=6017 BC=0398 DE=036C HL=D666 IX=C044 IY=0120
SAT_DATA_111 addr=0F66E val=04 PC=6581 AF=6000 BC=0298 DE=036C HL=D667 IX=C044 IY=0120
SAT_DATA_112 addr=0F66F val=00 PC=6581 AF=6000 BC=0198 DE=036C HL=D668 IX=C044 IY=0120
SAT_DATA_113 addr=0F670 val=E0 PC=6581 AF=2802 BC=0898 DE=026C HL=D629 IX=C044 IY=0120
SAT_DATA_114 addr=0F671 val=00 PC=6581 AF=2817 BC=0798 DE=026C HL=D62A IX=C044 IY=0120
SAT_DATA_115 addr=0F672 val=00 PC=6581 AF=2800 BC=0698 DE=026C HL=D62B IX=C044 IY=0120
SAT_DATA_116 addr=0F673 val=00 PC=6581 AF=2804 BC=0598 DE=026C HL=D62C IX=C044 IY=0120
SAT_DATA_117 addr=0F674 val=E0 PC=6581 AF=2804 BC=0498 DE=026C HL=D62D IX=C044 IY=0120
SAT_DATA_118 addr=0F675 val=00 PC=6581 AF=2817 BC=0398 DE=026C HL=D62E IX=C044 IY=0120
SAT_DATA_119 addr=0F676 val=00 PC=6581 AF=2800 BC=0298 DE=026C HL=D62F IX=C044 IY=0120
SAT_DATA_120 addr=0F677 val=00 PC=6581 AF=2804 BC=0198 DE=026C HL=D630 IX=C044 IY=0120
SAT_DATA_121 addr=0F678 val=E0 PC=6581 AF=7002 BC=0898 DE=016C HL=D671 IX=C044 IY=0120
SAT_DATA_122 addr=0F679 val=00 PC=6581 AF=7017 BC=0798 DE=016C HL=D672 IX=C044 IY=0120
SAT_DATA_123 addr=0F67A val=00 PC=6581 AF=7000 BC=0698 DE=016C HL=D673 IX=C044 IY=0120
SAT_DATA_124 addr=0F67B val=00 PC=6581 AF=7004 BC=0598 DE=016C HL=D674 IX=C044 IY=0120
SAT_DATA_125 addr=0F67C val=E0 PC=6581 AF=7004 BC=0498 DE=016C HL=D675 IX=C044 IY=0120
SAT_DATA_126 addr=0F67D val=00 PC=6581 AF=7017 BC=0398 DE=016C HL=D676 IX=C044 IY=0120
SAT_DATA_127 addr=0F67E val=00 PC=6581 AF=7000 BC=0298 DE=016C HL=D677 IX=C044 IY=0120
SAT_DATA_128 addr=0F67F val=00 PC=6581 AF=7004 BC=0198 DE=016C HL=D678 IX=C044 IY=0120
VDP_REG14 val=03 r14=3 PC=46C0 AF=8E14 BC=0099 DE=ACD1 HL=F800 IX=C044 IY=0120
VDP_REG14 val=03 r14=3 PC=46C0 AF=8E14 BC=0099 DE=AC93 HL=F840 IX=C044 IY=0120
VDP_REG14 val=03 r14=3 PC=46C0 AF=8E14 BC=0099 DE=416C HL=F400 IX=C044 IY=0120
VDP_ADDR_008 addr=0F400 first=00 second=74 r14=3 PC=46CA AF=7424 BC=0099 DE=416C HL=F400 IX=C044 IY=0120
VDP_REG14 val=03 r14=3 PC=46C0 AF=8E14 BC=0099 DE=006C HL=F600 IX=C044 IY=0120
VDP_ADDR_010 addr=0F600 first=00 second=76 r14=3 PC=46CA AF=7620 BC=0099 DE=006C HL=F600 IX=C044 IY=0120
SAT_DATA_129 addr=0F600 val=E0 PC=6581 AF=2020 BC=0898 DE=106C HL=D621 IX=C044 IY=0120
SAT_DATA_130 addr=0F601 val=00 PC=6581 AF=2017 BC=0798 DE=106C HL=D622 IX=C044 IY=0120
SAT_DATA_131 addr=0F602 val=00 PC=6581 AF=2000 BC=0698 DE=106C HL=D623 IX=C044 IY=0120
SAT_DATA_132 addr=0F603 val=00 PC=6581 AF=2004 BC=0598 DE=106C HL=D624 IX=C044 IY=0120
SAT_DATA_133 addr=0F604 val=E0 PC=6581 AF=2004 BC=0498 DE=106C HL=D625 IX=C044 IY=0120
SAT_DATA_134 addr=0F605 val=00 PC=6581 AF=2017 BC=0398 DE=106C HL=D626 IX=C044 IY=0120
SAT_DATA_135 addr=0F606 val=00 PC=6581 AF=2000 BC=0298 DE=106C HL=D627 IX=C044 IY=0120
SAT_DATA_136 addr=0F607 val=00 PC=6581 AF=2004 BC=0198 DE=106C HL=D628 IX=C044 IY=0120
SAT_DATA_137 addr=0F608 val=E0 PC=6581 AF=681A BC=0898 DE=0F6C HL=D669 IX=C044 IY=0120
SAT_DATA_138 addr=0F609 val=77 PC=6581 AF=6817 BC=0798 DE=0F6C HL=D66A IX=C044 IY=0120
SAT_DATA_139 addr=0F60A val=08 PC=6581 AF=6800 BC=0698 DE=0F6C HL=D66B IX=C044 IY=0120
SAT_DATA_140 addr=0F60B val=00 PC=6581 AF=6804 BC=0598 DE=0F6C HL=D66C IX=C044 IY=0120
SAT_DATA_141 addr=0F60C val=E0 PC=6581 AF=6804 BC=0498 DE=0F6C HL=D66D IX=C044 IY=0120
SAT_DATA_142 addr=0F60D val=77 PC=6581 AF=6817 BC=0398 DE=0F6C HL=D66E IX=C044 IY=0120
SAT_DATA_143 addr=0F60E val=0C PC=6581 AF=6800 BC=0298 DE=0F6C HL=D66F IX=C044 IY=0120
SAT_DATA_144 addr=0F60F val=00 PC=6581 AF=6800 BC=0198 DE=0F6C HL=D670 IX=C044 IY=0120
SAT_DATA_145 addr=0F610 val=E0 PC=6581 AF=300A BC=0898 DE=0E6C HL=D631 IX=C044 IY=0120
SAT_DATA_146 addr=0F611 val=00 PC=6581 AF=3017 BC=0798 DE=0E6C HL=D632 IX=C044 IY=0120
SAT_DATA_147 addr=0F612 val=00 PC=6581 AF=3000 BC=0698 DE=0E6C HL=D633 IX=C044 IY=0120
SAT_DATA_148 addr=0F613 val=00 PC=6581 AF=3004 BC=0598 DE=0E6C HL=D634 IX=C044 IY=0120
SAT_DATA_149 addr=0F614 val=E0 PC=6581 AF=3004 BC=0498 DE=0E6C HL=D635 IX=C044 IY=0120
SAT_DATA_150 addr=0F615 val=00 PC=6581 AF=3017 BC=0398 DE=0E6C HL=D636 IX=C044 IY=0120
SAT_DATA_151 addr=0F616 val=00 PC=6581 AF=3000 BC=0298 DE=0E6C HL=D637 IX=C044 IY=0120
SAT_DATA_152 addr=0F617 val=00 PC=6581 AF=3004 BC=0198 DE=0E6C HL=D638 IX=C044 IY=0120
SAT_DATA_153 addr=0F618 val=E0 PC=6581 AF=780A BC=0898 DE=0D6C HL=D679 IX=C044 IY=0120
SAT_DATA_154 addr=0F619 val=00 PC=6581 AF=7817 BC=0798 DE=0D6C HL=D67A IX=C044 IY=0120
SAT_DATA_155 addr=0F61A val=00 PC=6581 AF=7800 BC=0698 DE=0D6C HL=D67B IX=C044 IY=0120
SAT_DATA_156 addr=0F61B val=00 PC=6581 AF=7804 BC=0598 DE=0D6C HL=D67C IX=C044 IY=0120
SAT_DATA_157 addr=0F61C val=E0 PC=6581 AF=7804 BC=0498 DE=0D6C HL=D67D IX=C044 IY=0120
SAT_DATA_158 addr=0F61D val=00 PC=6581 AF=7817 BC=0398 DE=0D6C HL=D67E IX=C044 IY=0120
SAT_DATA_159 addr=0F61E val=00 PC=6581 AF=7800 BC=0298 DE=0D6C HL=D67F IX=C044 IY=0120
SAT_DATA_160 addr=0F61F val=00 PC=6581 AF=7804 BC=0198 DE=0D6C HL=D680 IX=C044 IY=0120
SAT_DATA_161 addr=0F620 val=E0 PC=6581 AF=400A BC=0898 DE=0C6C HL=D641 IX=C044 IY=0120
SAT_DATA_162 addr=0F621 val=A9 PC=6581 AF=4017 BC=0798 DE=0C6C HL=D642 IX=C044 IY=0120
SAT_DATA_163 addr=0F622 val=44 PC=6581 AF=4006 BC=0698 DE=0C6C HL=D643 IX=C044 IY=0120
SAT_DATA_164 addr=0F623 val=00 PC=6581 AF=4000 BC=0598 DE=0C6C HL=D644 IX=C044 IY=0120
SAT_DATA_165 addr=0F624 val=E0 PC=6581 AF=4004 BC=0498 DE=0C6C HL=D645 IX=C044 IY=0120
SAT_DATA_166 addr=0F625 val=A9 PC=6581 AF=4017 BC=0398 DE=0C6C HL=D646 IX=C044 IY=0120
SAT_DATA_167 addr=0F626 val=54 PC=6581 AF=4006 BC=0298 DE=0C6C HL=D647 IX=C044 IY=0120
SAT_DATA_168 addr=0F627 val=00 PC=6581 AF=4000 BC=0198 DE=0C6C HL=D648 IX=C044 IY=0120
SAT_DATA_169 addr=0F628 val=90 PC=6581 AF=080A BC=0898 DE=0B6C HL=D609 IX=C044 IY=0120
SAT_DATA_170 addr=0F629 val=08 PC=6581 AF=0806 BC=0798 DE=0B6C HL=D60A IX=C044 IY=0120
SAT_DATA_171 addr=0F62A val=08 PC=6581 AF=0800 BC=0698 DE=0B6C HL=D60B IX=C044 IY=0120
SAT_DATA_172 addr=0F62B val=00 PC=6581 AF=0804 BC=0598 DE=0B6C HL=D60C IX=C044 IY=0120
SAT_DATA_173 addr=0F62C val=90 PC=6581 AF=0804 BC=0498 DE=0B6C HL=D60D IX=C044 IY=0120
SAT_DATA_174 addr=0F62D val=08 PC=6581 AF=0806 BC=0398 DE=0B6C HL=D60E IX=C044 IY=0120
SAT_DATA_175 addr=0F62E val=0C PC=6581 AF=0800 BC=0298 DE=0B6C HL=D60F IX=C044 IY=0120
SAT_DATA_176 addr=0F62F val=00 PC=6581 AF=0800 BC=0198 DE=0B6C HL=D610 IX=C044 IY=0120
SAT_DATA_177 addr=0F630 val=E0 PC=6581 AF=500A BC=0898 DE=0A6C HL=D651 IX=C044 IY=0120
SAT_DATA_178 addr=0F631 val=C7 PC=6581 AF=5017 BC=0798 DE=0A6C HL=D652 IX=C044 IY=0120
SAT_DATA_179 addr=0F632 val=4C PC=6581 AF=5013 BC=0698 DE=0A6C HL=D653 IX=C044 IY=0120
SAT_DATA_180 addr=0F633 val=00 PC=6581 AF=5000 BC=0598 DE=0A6C HL=D654 IX=C044 IY=0120
SAT_DATA_181 addr=0F634 val=E0 PC=6581 AF=5004 BC=0498 DE=0A6C HL=D655 IX=C044 IY=0120
SAT_DATA_182 addr=0F635 val=C7 PC=6581 AF=5017 BC=0398 DE=0A6C HL=D656 IX=C044 IY=0120
SAT_DATA_183 addr=0F636 val=5C PC=6581 AF=5013 BC=0298 DE=0A6C HL=D657 IX=C044 IY=0120
SAT_DATA_184 addr=0F637 val=00 PC=6581 AF=5000 BC=0198 DE=0A6C HL=D658 IX=C044 IY=0120
SAT_DATA_185 addr=0F638 val=E0 PC=6581 AF=180A BC=0898 DE=096C HL=D619 IX=C044 IY=0120
SAT_DATA_186 addr=0F639 val=00 PC=6581 AF=1806 BC=0798 DE=096C HL=D61A IX=C044 IY=0120
SAT_DATA_187 addr=0F63A val=00 PC=6581 AF=1800 BC=0698 DE=096C HL=D61B IX=C044 IY=0120
SAT_DATA_188 addr=0F63B val=00 PC=6581 AF=1804 BC=0598 DE=096C HL=D61C IX=C044 IY=0120
SAT_DATA_189 addr=0F63C val=E0 PC=6581 AF=1804 BC=0498 DE=096C HL=D61D IX=C044 IY=0120
SAT_DATA_190 addr=0F63D val=00 PC=6581 AF=1806 BC=0398 DE=096C HL=D61E IX=C044 IY=0120
SAT_DATA_191 addr=0F63E val=00 PC=6581 AF=1800 BC=0298 DE=096C HL=D61F IX=C044 IY=0120
SAT_DATA_192 addr=0F63F val=00 PC=6581 AF=1804 BC=0198 DE=096C HL=D620 IX=C044 IY=0120
SAT_DATA_193 addr=0F640 val=E0 PC=6581 AF=600A BC=0898 DE=086C HL=D661 IX=C044 IY=0120
SAT_DATA_194 addr=0F641 val=77 PC=6581 AF=6017 BC=0798 DE=086C HL=D662 IX=C044 IY=0120
SAT_DATA_195 addr=0F642 val=00 PC=6581 AF=6000 BC=0698 DE=086C HL=D663 IX=C044 IY=0120
SAT_DATA_196 addr=0F643 val=00 PC=6581 AF=6004 BC=0598 DE=086C HL=D664 IX=C044 IY=0120
SAT_DATA_197 addr=0F644 val=E0 PC=6581 AF=6004 BC=0498 DE=086C HL=D665 IX=C044 IY=0120
SAT_DATA_198 addr=0F645 val=77 PC=6581 AF=6017 BC=0398 DE=086C HL=D666 IX=C044 IY=0120
SAT_DATA_199 addr=0F646 val=04 PC=6581 AF=6000 BC=0298 DE=086C HL=D667 IX=C044 IY=0120
SAT_DATA_200 addr=0F647 val=00 PC=6581 AF=6000 BC=0198 DE=086C HL=D668 IX=C044 IY=0120
SAT_DATA_201 addr=0F648 val=E0 PC=6581 AF=2802 BC=0898 DE=076C HL=D629 IX=C044 IY=0120
SAT_DATA_202 addr=0F649 val=00 PC=6581 AF=2817 BC=0798 DE=076C HL=D62A IX=C044 IY=0120
SAT_DATA_203 addr=0F64A val=00 PC=6581 AF=2800 BC=0698 DE=076C HL=D62B IX=C044 IY=0120
SAT_DATA_204 addr=0F64B val=00 PC=6581 AF=2804 BC=0598 DE=076C HL=D62C IX=C044 IY=0120
SAT_DATA_205 addr=0F64C val=E0 PC=6581 AF=2804 BC=0498 DE=076C HL=D62D IX=C044 IY=0120
SAT_DATA_206 addr=0F64D val=00 PC=6581 AF=2817 BC=0398 DE=076C HL=D62E IX=C044 IY=0120
SAT_DATA_207 addr=0F64E val=00 PC=6581 AF=2800 BC=0298 DE=076C HL=D62F IX=C044 IY=0120
SAT_DATA_208 addr=0F64F val=00 PC=6581 AF=2804 BC=0198 DE=076C HL=D630 IX=C044 IY=0120
SAT_DATA_209 addr=0F650 val=E0 PC=6581 AF=7002 BC=0898 DE=066C HL=D671 IX=C044 IY=0120
SAT_DATA_210 addr=0F651 val=00 PC=6581 AF=7017 BC=0798 DE=066C HL=D672 IX=C044 IY=0120
SAT_DATA_211 addr=0F652 val=00 PC=6581 AF=7000 BC=0698 DE=066C HL=D673 IX=C044 IY=0120
SAT_DATA_212 addr=0F653 val=00 PC=6581 AF=7004 BC=0598 DE=066C HL=D674 IX=C044 IY=0120
SAT_DATA_213 addr=0F654 val=E0 PC=6581 AF=7004 BC=0498 DE=066C HL=D675 IX=C044 IY=0120
SAT_DATA_214 addr=0F655 val=00 PC=6581 AF=7017 BC=0398 DE=066C HL=D676 IX=C044 IY=0120
SAT_DATA_215 addr=0F656 val=00 PC=6581 AF=7000 BC=0298 DE=066C HL=D677 IX=C044 IY=0120
SAT_DATA_216 addr=0F657 val=00 PC=6581 AF=7004 BC=0198 DE=066C HL=D678 IX=C044 IY=0120
SAT_DATA_217 addr=0F658 val=E0 PC=6581 AF=3802 BC=0898 DE=056C HL=D639 IX=C044 IY=0120
SAT_DATA_218 addr=0F659 val=99 PC=6581 AF=3817 BC=0798 DE=056C HL=D63A IX=C044 IY=0120
SAT_DATA_219 addr=0F65A val=40 PC=6581 AF=3806 BC=0698 DE=056C HL=D63B IX=C044 IY=0120
SAT_DATA_220 addr=0F65B val=00 PC=6581 AF=3804 BC=0598 DE=056C HL=D63C IX=C044 IY=0120
SAT_DATA_221 addr=0F65C val=E0 PC=6581 AF=3804 BC=0498 DE=056C HL=D63D IX=C044 IY=0120
SAT_DATA_222 addr=0F65D val=99 PC=6581 AF=3817 BC=0398 DE=056C HL=D63E IX=C044 IY=0120
SAT_DATA_223 addr=0F65E val=50 PC=6581 AF=3806 BC=0298 DE=056C HL=D63F IX=C044 IY=0120
SAT_DATA_224 addr=0F65F val=00 PC=6581 AF=3804 BC=0198 DE=056C HL=D640 IX=C044 IY=0120
SAT_DATA_225 addr=0F660 val=A0 PC=6581 AF=0002 BC=0898 DE=046C HL=D601 IX=C044 IY=0120
SAT_DATA_226 addr=0F661 val=08 PC=6581 AF=0006 BC=0798 DE=046C HL=D602 IX=C044 IY=0120
SAT_DATA_227 addr=0F662 val=00 PC=6581 AF=0000 BC=0698 DE=046C HL=D603 IX=C044 IY=0120
SAT_DATA_228 addr=0F663 val=00 PC=6581 AF=0004 BC=0598 DE=046C HL=D604 IX=C044 IY=0120
SAT_DATA_229 addr=0F664 val=A0 PC=6581 AF=0004 BC=0498 DE=046C HL=D605 IX=C044 IY=0120
SAT_DATA_230 addr=0F665 val=08 PC=6581 AF=0006 BC=0398 DE=046C HL=D606 IX=C044 IY=0120
SAT_DATA_231 addr=0F666 val=04 PC=6581 AF=0000 BC=0298 DE=046C HL=D607 IX=C044 IY=0120
SAT_DATA_232 addr=0F667 val=00 PC=6581 AF=0000 BC=0198 DE=046C HL=D608 IX=C044 IY=0120
SAT_DATA_233 addr=0F668 val=E0 PC=6581 AF=4802 BC=0898 DE=036C HL=D649 IX=C044 IY=0120
SAT_DATA_234 addr=0F669 val=B8 PC=6581 AF=4817 BC=0798 DE=036C HL=D64A IX=C044 IY=0120
SAT_DATA_235 addr=0F66A val=48 PC=6581 AF=4813 BC=0698 DE=036C HL=D64B IX=C044 IY=0120
SAT_DATA_236 addr=0F66B val=00 PC=6581 AF=4804 BC=0598 DE=036C HL=D64C IX=C044 IY=0120
SAT_DATA_237 addr=0F66C val=E0 PC=6581 AF=4804 BC=0498 DE=036C HL=D64D IX=C044 IY=0120
SAT_DATA_238 addr=0F66D val=B8 PC=6581 AF=4817 BC=0398 DE=036C HL=D64E IX=C044 IY=0120
SAT_DATA_239 addr=0F66E val=58 PC=6581 AF=4813 BC=0298 DE=036C HL=D64F IX=C044 IY=0120
SAT_DATA_240 addr=0F66F val=00 PC=6581 AF=4804 BC=0198 DE=036C HL=D650 IX=C044 IY=0120
SAT_DATA_241 addr=0F670 val=E0 PC=6581 AF=1002 BC=0898 DE=026C HL=D611 IX=C044 IY=0120
SAT_DATA_242 addr=0F671 val=00 PC=6581 AF=1006 BC=0798 DE=026C HL=D612 IX=C044 IY=0120
SAT_DATA_243 addr=0F672 val=00 PC=6581 AF=1000 BC=0698 DE=026C HL=D613 IX=C044 IY=0120
SAT_DATA_244 addr=0F673 val=00 PC=6581 AF=1004 BC=0598 DE=026C HL=D614 IX=C044 IY=0120
SAT_DATA_245 addr=0F674 val=E0 PC=6581 AF=1004 BC=0498 DE=026C HL=D615 IX=C044 IY=0120
SAT_DATA_246 addr=0F675 val=00 PC=6581 AF=1006 BC=0398 DE=026C HL=D616 IX=C044 IY=0120
SAT_DATA_247 addr=0F676 val=00 PC=6581 AF=1000 BC=0298 DE=026C HL=D617 IX=C044 IY=0120
SAT_DATA_248 addr=0F677 val=00 PC=6581 AF=1004 BC=0198 DE=026C HL=D618 IX=C044 IY=0120
SAT_DATA_249 addr=0F678 val=E0 PC=6581 AF=5802 BC=0898 DE=016C HL=D659 IX=C044 IY=0120
SAT_DATA_250 addr=0F679 val=60 PC=6581 AF=5817 BC=0798 DE=016C HL=D65A IX=C044 IY=0120
SAT_DATA_251 addr=0F67A val=60 PC=6581 AF=5800 BC=0698 DE=016C HL=D65B IX=C044 IY=0120
SAT_DATA_252 addr=0F67B val=00 PC=6581 AF=5804 BC=0598 DE=016C HL=D65C IX=C044 IY=0120
SAT_DATA_253 addr=0F67C val=E0 PC=6581 AF=5804 BC=0498 DE=016C HL=D65D IX=C044 IY=0120
SAT_DATA_254 addr=0F67D val=50 PC=6581 AF=5817 BC=0398 DE=016C HL=D65E IX=C044 IY=0120
SAT_DATA_255 addr=0F67E val=60 PC=6581 AF=5800 BC=0298 DE=016C HL=D65F IX=C044 IY=0120
SAT_DATA_256 addr=0F67F val=00 PC=6581 AF=5804 BC=0198 DE=016C HL=D660 IX=C044 IY=0120
VDP_REG14 val=03 r14=3 PC=46C0 AF=8E14 BC=0099 DE=ACD1 HL=F800 IX=C044 IY=0120
VDP_REG14 val=03 r14=3 PC=46C0 AF=8E14 BC=0099 DE=AC93 HL=F840 IX=C044 IY=0120
VDP_REG14 val=03 r14=3 PC=46C0 AF=8E14 BC=0099 DE=416C HL=F400 IX=C044 IY=0120
VDP_ADDR_014 addr=0F400 first=00 second=74 r14=3 PC=46CA AF=7424 BC=0099 DE=416C HL=F400 IX=C044 IY=0120
VDP_REG14 val=03 r14=3 PC=46C0 AF=8E14 BC=0099 DE=006C HL=F600 IX=C044 IY=0120
VDP_ADDR_016 addr=0F600 first=00 second=76 r14=3 PC=46CA AF=7620 BC=0099 DE=006C HL=F600 IX=C044 IY=0120
SAT_DATA_257 addr=0F600 val=90 PC=6581 AF=0820 BC=0898 DE=106C HL=D609 IX=C044 IY=0120
SAT_DATA_258 addr=0F601 val=08 PC=6581 AF=0806 BC=0798 DE=106C HL=D60A IX=C044 IY=0120
SAT_DATA_259 addr=0F602 val=08 PC=6581 AF=0800 BC=0698 DE=106C HL=D60B IX=C044 IY=0120
SAT_DATA_260 addr=0F603 val=00 PC=6581 AF=0804 BC=0598 DE=106C HL=D60C IX=C044 IY=0120
VDP_REG14 val=03 r14=3 PC=46C0 AF=8E14 BC=0099 DE=ACD1 HL=F800 IX=C044 IY=0120
VDP_REG14 val=03 r14=3 PC=46C0 AF=8E14 BC=0099 DE=AC93 HL=F840 IX=C044 IY=0120
VDP_REG14 val=03 r14=3 PC=46C0 AF=8E14 BC=0099 DE=416C HL=F400 IX=C044 IY=0120
VDP_ADDR_020 addr=0F400 first=00 second=74 r14=3 PC=46CA AF=7424 BC=0099 DE=416C HL=F400 IX=C044 IY=0120
VDP_REG14 val=03 r14=3 PC=46C0 AF=8E14 BC=0099 DE=006C HL=F600 IX=C044 IY=0120
VDP_ADDR_022 addr=0F600 first=00 second=76 r14=3 PC=46CA AF=7620 BC=0099 DE=006C HL=F600 IX=C044 IY=0120
VDP_REG14 val=03 r14=3 PC=46C0 AF=8E14 BC=0099 DE=ACD1 HL=F800 IX=C044 IY=0120
VDP_REG14 val=03 r14=3 PC=46C0 AF=8E14 BC=0099 DE=AC93 HL=F840 IX=C044 IY=0120
VDP_REG14 val=03 r14=3 PC=46C0 AF=8E14 BC=0099 DE=416C HL=F400 IX=C044 IY=0120
VDP_ADDR_026 addr=0F400 first=00 second=74 r14=3 PC=46CA AF=7424 BC=0099 DE=416C HL=F400 IX=C044 IY=0120
VDP_REG14 val=03 r14=3 PC=46C0 AF=8E14 BC=0099 DE=006C HL=F600 IX=C044 IY=0120
VDP_ADDR_028 addr=0F600 first=00 second=76 r14=3 PC=46CA AF=7620 BC=0099 DE=006C HL=F600 IX=C044 IY=0120
VDP_REG14 val=03 r14=3 PC=46C0 AF=8E14 BC=0099 DE=ACD1 HL=F800 IX=C044 IY=0120
VDP_REG14 val=03 r14=3 PC=46C0 AF=8E14 BC=0099 DE=AC93 HL=F840 IX=C044 IY=0120
VDP_REG14 val=03 r14=3 PC=46C0 AF=8E14 BC=0099 DE=416C HL=F400 IX=C044 IY=0120
VDP_ADDR_032 addr=0F400 first=00 second=74 r14=3 PC=46CA AF=7424 BC=0099 DE=416C HL=F400 IX=C044 IY=0120
VDP_REG14 val=03 r14=3 PC=46C0 AF=8E14 BC=0099 DE=006C HL=F600 IX=C044 IY=0120
VDP_ADDR_034 addr=0F600 first=00 second=76 r14=3 PC=46CA AF=7620 BC=0099 DE=006C HL=F600 IX=C044 IY=0120
VDP_REG14 val=03 r14=3 PC=46C0 AF=8E14 BC=0099 DE=ACD1 HL=F800 IX=C044 IY=0120
VDP_REG14 val=03 r14=3 PC=46C0 AF=8E14 BC=0099 DE=AC93 HL=F840 IX=C044 IY=0120
VDP_REG14 val=03 r14=3 PC=46C0 AF=8E14 BC=0099 DE=416C HL=F400 IX=C044 IY=0120
VDP_ADDR_038 addr=0F400 first=00 second=74 r14=3 PC=46CA AF=7424 BC=0099 DE=416C HL=F400 IX=C044 IY=0120
VDP_REG14 val=03 r14=3 PC=46C0 AF=8E14 BC=0099 DE=006C HL=F600 IX=C044 IY=0120
VDP_ADDR_040 addr=0F600 first=00 second=76 r14=3 PC=46CA AF=7620 BC=0099 DE=006C HL=F600 IX=C044 IY=0120
VDP_REG14 val=03 r14=3 PC=46C0 AF=8E14 BC=0099 DE=ACD1 HL=F800 IX=C044 IY=0120
VDP_REG14 val=03 r14=3 PC=46C0 AF=8E14 BC=0099 DE=AC93 HL=F840 IX=C044 IY=0120
VDP_REG14 val=03 r14=3 PC=46C0 AF=8E14 BC=0099 DE=416C HL=F400 IX=C044 IY=0120
VDP_ADDR_044 addr=0F400 first=00 second=74 r14=3 PC=46CA AF=7424 BC=0099 DE=416C HL=F400 IX=C044 IY=0120
VDP_REG14 val=03 r14=3 PC=46C0 AF=8E14 BC=0099 DE=006C HL=F600 IX=C044 IY=0120
VDP_ADDR_046 addr=0F600 first=00 second=76 r14=3 PC=46CA AF=7620 BC=0099 DE=006C HL=F600 IX=C044 IY=0120
VDP_REG14 val=03 r14=3 PC=46C0 AF=8E14 BC=0099 DE=ACD1 HL=F800 IX=C044 IY=0120
VDP_REG14 val=03 r14=3 PC=46C0 AF=8E14 BC=0099 DE=AC93 HL=F840 IX=C044 IY=0120
VDP_REG14 val=03 r14=3 PC=46C0 AF=8E14 BC=0099 DE=416C HL=F400 IX=C044 IY=0120
VDP_ADDR_050 addr=0F400 first=00 second=74 r14=3 PC=46CA AF=7424 BC=0099 DE=416C HL=F400 IX=C044 IY=0120
VDP_REG14 val=03 r14=3 PC=46C0 AF=8E14 BC=0099 DE=006C HL=F600 IX=C044 IY=0120
VDP_ADDR_052 addr=0F600 first=00 second=76 r14=3 PC=46CA AF=7620 BC=0099 DE=006C HL=F600 IX=C044 IY=0120
VDP_REG14 val=03 r14=3 PC=46C0 AF=8E14 BC=0099 DE=ACD1 HL=F800 IX=C044 IY=0120
VDP_REG14 val=03 r14=3 PC=46C0 AF=8E14 BC=0099 DE=AC93 HL=F840 IX=C044 IY=0120
VDP_REG14 val=03 r14=3 PC=46C0 AF=8E14 BC=0099 DE=416C HL=F400 IX=C044 IY=0120
VDP_ADDR_056 addr=0F400 first=00 second=74 r14=3 PC=46CA AF=7424 BC=0099 DE=416C HL=F400 IX=C044 IY=0120
VDP_REG14 val=03 r14=3 PC=46C0 AF=8E14 BC=0099 DE=006C HL=F600 IX=C044 IY=0120
VDP_ADDR_058 addr=0F600 first=00 second=76 r14=3 PC=46CA AF=7620 BC=0099 DE=006C HL=F600 IX=C044 IY=0120
VDP_REG14 val=03 r14=3 PC=46C0 AF=8E14 BC=0099 DE=ACD1 HL=F800 IX=C044 IY=0120
VDP_REG14 val=03 r14=3 PC=46C0 AF=8E14 BC=0099 DE=AC93 HL=F840 IX=C044 IY=0120
VDP_REG14 val=03 r14=3 PC=46C0 AF=8E14 BC=0099 DE=416C HL=F400 IX=C044 IY=0120
VDP_ADDR_062 addr=0F400 first=00 second=74 r14=3 PC=46CA AF=7424 BC=0099 DE=416C HL=F400 IX=C044 IY=0120
VDP_REG14 val=03 r14=3 PC=46C0 AF=8E14 BC=0099 DE=006C HL=F600 IX=C044 IY=0120
VDP_ADDR_064 addr=0F600 first=00 second=76 r14=3 PC=46CA AF=7620 BC=0099 DE=006C HL=F600 IX=C044 IY=0120
VDP_REG14 val=03 r14=3 PC=46C0 AF=8E14 BC=0099 DE=ACD1 HL=F800 IX=C044 IY=0120
VDP_REG14 val=03 r14=3 PC=46C0 AF=8E14 BC=0099 DE=AC93 HL=F840 IX=C044 IY=0120
VDP_REG14 val=03 r14=3 PC=46C0 AF=8E14 BC=0099 DE=416C HL=F400 IX=C044 IY=0120
VDP_ADDR_068 addr=0F400 first=00 second=74 r14=3 PC=46CA AF=7424 BC=0099 DE=416C HL=F400 IX=C044 IY=0120
VDP_REG14 val=03 r14=3 PC=46C0 AF=8E14 BC=0099 DE=006C HL=F600 IX=C044 IY=0120
VDP_ADDR_070 addr=0F600 first=00 second=76 r14=3 PC=46CA AF=7620 BC=0099 DE=006C HL=F600 IX=C044 IY=0120
VDP_REG14 val=03 r14=3 PC=46C0 AF=8E14 BC=0099 DE=ACD1 HL=F800 IX=C044 IY=0120
VDP_REG14 val=03 r14=3 PC=46C0 AF=8E14 BC=0099 DE=AC93 HL=F840 IX=C044 IY=0120
VDP_REG14 val=03 r14=3 PC=46C0 AF=8E14 BC=0099 DE=416C HL=F400 IX=C044 IY=0120
VDP_ADDR_074 addr=0F400 first=00 second=74 r14=3 PC=46CA AF=7424 BC=0099 DE=416C HL=F400 IX=C044 IY=0120
VDP_REG14 val=03 r14=3 PC=46C0 AF=8E14 BC=0099 DE=006C HL=F600 IX=C044 IY=0120
VDP_ADDR_076 addr=0F600 first=00 second=76 r14=3 PC=46CA AF=7620 BC=0099 DE=006C HL=F600 IX=C044 IY=0120
VDP_REG14 val=03 r14=3 PC=46C0 AF=8E14 BC=0099 DE=ACD1 HL=F800 IX=C044 IY=0120
VDP_REG14 val=03 r14=3 PC=46C0 AF=8E14 BC=0099 DE=AC93 HL=F840 IX=C044 IY=0120
VDP_REG14 val=03 r14=3 PC=46C0 AF=8E14 BC=0099 DE=416C HL=F400 IX=C044 IY=0120
VDP_ADDR_080 addr=0F400 first=00 second=74 r14=3 PC=46CA AF=7424 BC=0099 DE=416C HL=F400 IX=C044 IY=0120
VDP_ADDR_081 addr=0F600 first=00 second=76 r14=3 PC=46CA AF=7620 BC=0099 DE=006C HL=F600 IX=C044 IY=0120
VDP_ADDR_082 addr=0F400 first=00 second=74 r14=3 PC=46CA AF=7424 BC=0099 DE=416C HL=F400 IX=C044 IY=0120
VDP_ADDR_083 addr=0F600 first=00 second=76 r14=3 PC=46CA AF=7620 BC=0099 DE=006C HL=F600 IX=C044 IY=0120
KD row=8 mask=128 RIGHT
VDP_ADDR_084 addr=0F400 first=00 second=74 r14=3 PC=46CA AF=7424 BC=0099 DE=416C HL=F400 IX=C044 IY=0120
VDP_ADDR_085 addr=0F600 first=00 second=76 r14=3 PC=46CA AF=7620 BC=0099 DE=006C HL=F600 IX=C044 IY=0120
VDP_ADDR_086 addr=0F400 first=00 second=74 r14=3 PC=46CA AF=7424 BC=0099 DE=416C HL=F400 IX=C044 IY=0120
VDP_ADDR_087 addr=0F600 first=00 second=76 r14=3 PC=46CA AF=7620 BC=0099 DE=006C HL=F600 IX=C044 IY=0120
VDP_ADDR_088 addr=0F400 first=00 second=74 r14=3 PC=46CA AF=7424 BC=0099 DE=416C HL=F400 IX=C044 IY=0120
VDP_ADDR_089 addr=0F600 first=00 second=76 r14=3 PC=46CA AF=7620 BC=0099 DE=006C HL=F600 IX=C044 IY=0120
VDP_ADDR_090 addr=0F400 first=00 second=74 r14=3 PC=46CA AF=7424 BC=0099 DE=416C HL=F400 IX=C044 IY=0120
VDP_ADDR_091 addr=0F600 first=00 second=76 r14=3 PC=46CA AF=7620 BC=0099 DE=006C HL=F600 IX=C044 IY=0120
VDP_ADDR_092 addr=0F400 first=00 second=74 r14=3 PC=46CA AF=7424 BC=0099 DE=416C HL=F400 IX=C044 IY=0120
VDP_ADDR_093 addr=0F600 first=00 second=76 r14=3 PC=46CA AF=7620 BC=0099 DE=006C HL=F600 IX=C044 IY=0120
VDP_ADDR_094 addr=0F400 first=00 second=74 r14=3 PC=46CA AF=7424 BC=0099 DE=416C HL=F400 IX=C044 IY=0120
VDP_ADDR_095 addr=0F600 first=00 second=76 r14=3 PC=46CA AF=7620 BC=0099 DE=006C HL=F600 IX=C044 IY=0120
VDP_ADDR_096 addr=0F400 first=00 second=74 r14=3 PC=46CA AF=7424 BC=0099 DE=416C HL=F400 IX=C044 IY=0120
VDP_ADDR_097 addr=0F600 first=00 second=76 r14=3 PC=46CA AF=7620 BC=0099 DE=006C HL=F600 IX=C044 IY=0120
VDP_ADDR_098 addr=0F400 first=00 second=74 r14=3 PC=46CA AF=7424 BC=0099 DE=416C HL=F400 IX=C044 IY=0120
VDP_ADDR_099 addr=0F600 first=00 second=76 r14=3 PC=46CA AF=7620 BC=0099 DE=006C HL=F600 IX=C044 IY=0120
VDP_ADDR_100 addr=0F400 first=00 second=74 r14=3 PC=46CA AF=7424 BC=0099 DE=416C HL=F400 IX=C044 IY=0120
VDP_ADDR_101 addr=0F600 first=00 second=76 r14=3 PC=46CA AF=7620 BC=0099 DE=006C HL=F600 IX=C044 IY=0120
VDP_ADDR_102 addr=0F400 first=00 second=74 r14=3 PC=46CA AF=7424 BC=0099 DE=416C HL=F400 IX=C044 IY=0120
VDP_ADDR_103 addr=0F600 first=00 second=76 r14=3 PC=46CA AF=7620 BC=0099 DE=006C HL=F600 IX=C044 IY=0120
VDP_ADDR_104 addr=0F400 first=00 second=74 r14=3 PC=46CA AF=7424 BC=0099 DE=416C HL=F400 IX=C044 IY=0120
VDP_ADDR_105 addr=0F600 first=00 second=76 r14=3 PC=46CA AF=7620 BC=0099 DE=006C HL=F600 IX=C044 IY=0120
VDP_ADDR_106 addr=0F400 first=00 second=74 r14=3 PC=46CA AF=7424 BC=0099 DE=416C HL=F400 IX=C044 IY=0120
VDP_ADDR_107 addr=0F600 first=00 second=76 r14=3 PC=46CA AF=7620 BC=0099 DE=006C HL=F600 IX=C044 IY=0120
VDP_ADDR_108 addr=0F400 first=00 second=74 r14=3 PC=46CA AF=7424 BC=0099 DE=416C HL=F400 IX=C044 IY=0120
VDP_ADDR_109 addr=0F600 first=00 second=76 r14=3 PC=46CA AF=7620 BC=0099 DE=006C HL=F600 IX=C044 IY=0120
VDP_ADDR_110 addr=0F400 first=00 second=74 r14=3 PC=46CA AF=7424 BC=0099 DE=416C HL=F400 IX=C044 IY=0120
VDP_ADDR_111 addr=0F600 first=00 second=76 r14=3 PC=46CA AF=7620 BC=0099 DE=006C HL=F600 IX=C044 IY=0120
VDP_ADDR_112 addr=0F400 first=00 second=74 r14=3 PC=46CA AF=7424 BC=0099 DE=416C HL=F400 IX=C044 IY=0120
VDP_ADDR_113 addr=0F600 first=00 second=76 r14=3 PC=46CA AF=7620 BC=0099 DE=006C HL=F600 IX=C044 IY=0120
VDP_ADDR_114 addr=0F400 first=00 second=74 r14=3 PC=46CA AF=7424 BC=0099 DE=416C HL=F400 IX=C044 IY=0120
VDP_ADDR_115 addr=0F600 first=00 second=76 r14=3 PC=46CA AF=7620 BC=0099 DE=006C HL=F600 IX=C044 IY=0120
VDP_ADDR_116 addr=0F400 first=00 second=74 r14=3 PC=46CA AF=7424 BC=0099 DE=416C HL=F400 IX=C044 IY=0120
VDP_ADDR_117 addr=0F600 first=00 second=76 r14=3 PC=46CA AF=7620 BC=0099 DE=006C HL=F600 IX=C044 IY=0120
VDP_ADDR_118 addr=0F400 first=00 second=74 r14=3 PC=46CA AF=7424 BC=0099 DE=416C HL=F400 IX=C044 IY=0120
VDP_ADDR_119 addr=0F600 first=00 second=76 r14=3 PC=46CA AF=7620 BC=0099 DE=006C HL=F600 IX=C044 IY=0120
VDP_ADDR_120 addr=0F400 first=00 second=74 r14=3 PC=46CA AF=7424 BC=0099 DE=416C HL=F400 IX=C044 IY=0120
VDP_ADDR_121 addr=0F600 first=00 second=76 r14=3 PC=46CA AF=7620 BC=0099 DE=006C HL=F600 IX=C044 IY=0120
VDP_ADDR_122 addr=0F400 first=00 second=74 r14=3 PC=46CA AF=7424 BC=0099 DE=416C HL=F400 IX=C044 IY=0120
VDP_ADDR_123 addr=0F600 first=00 second=76 r14=3 PC=46CA AF=7620 BC=0099 DE=006C HL=F600 IX=C044 IY=0120
VDP_ADDR_124 addr=0F400 first=00 second=74 r14=3 PC=46CA AF=7424 BC=0099 DE=416C HL=F400 IX=C044 IY=0120
VDP_ADDR_125 addr=0F600 first=00 second=76 r14=3 PC=46CA AF=7620 BC=0099 DE=006C HL=F600 IX=C044 IY=0120
VDP_ADDR_126 addr=0F400 first=00 second=74 r14=3 PC=46CA AF=7424 BC=0099 DE=416C HL=F400 IX=C044 IY=0120
VDP_ADDR_127 addr=0F600 first=00 second=76 r14=3 PC=46CA AF=7620 BC=0099 DE=006C HL=F600 IX=C044 IY=0120
VDP_ADDR_128 addr=0F400 first=00 second=74 r14=3 PC=46CA AF=7424 BC=0099 DE=416C HL=F400 IX=C044 IY=0120
VDP_ADDR_129 addr=0F600 first=00 second=76 r14=3 PC=46CA AF=7620 BC=0099 DE=006C HL=F600 IX=C044 IY=0120
VDP_ADDR_130 addr=0F400 first=00 second=74 r14=3 PC=46CA AF=7424 BC=0099 DE=416C HL=F400 IX=C044 IY=0120
VDP_ADDR_131 addr=0F600 first=00 second=76 r14=3 PC=46CA AF=7620 BC=0099 DE=006C HL=F600 IX=C044 IY=0120
VDP_ADDR_132 addr=0F400 first=00 second=74 r14=3 PC=46CA AF=7424 BC=0099 DE=416C HL=F400 IX=C044 IY=0120
VDP_ADDR_133 addr=0F600 first=00 second=76 r14=3 PC=46CA AF=7620 BC=0099 DE=006C HL=F600 IX=C044 IY=0120
VDP_ADDR_134 addr=0F400 first=00 second=74 r14=3 PC=46CA AF=7424 BC=0099 DE=416C HL=F400 IX=C044 IY=0120
VDP_ADDR_135 addr=0F600 first=00 second=76 r14=3 PC=46CA AF=7620 BC=0099 DE=006C HL=F600 IX=C044 IY=0120
VDP_ADDR_136 addr=0F400 first=00 second=74 r14=3 PC=46CA AF=7424 BC=0099 DE=416C HL=F400 IX=C044 IY=0120
VDP_ADDR_137 addr=0F600 first=00 second=76 r14=3 PC=46CA AF=7620 BC=0099 DE=006C HL=F600 IX=C044 IY=0120
VDP_ADDR_138 addr=0F400 first=00 second=74 r14=3 PC=46CA AF=7424 BC=0099 DE=416C HL=F400 IX=C044 IY=0120
VDP_ADDR_139 addr=0F600 first=00 second=76 r14=3 PC=46CA AF=7620 BC=0099 DE=006C HL=F600 IX=C044 IY=0120
VDP_ADDR_140 addr=0F400 first=00 second=74 r14=3 PC=46CA AF=7424 BC=0099 DE=416C HL=F400 IX=C044 IY=0120
VDP_ADDR_141 addr=0F600 first=00 second=76 r14=3 PC=46CA AF=7620 BC=0099 DE=006C HL=F600 IX=C044 IY=0120
VDP_ADDR_142 addr=0F400 first=00 second=74 r14=3 PC=46CA AF=7424 BC=0099 DE=416C HL=F400 IX=C044 IY=0120
VDP_ADDR_143 addr=0F600 first=00 second=76 r14=3 PC=46CA AF=7620 BC=0099 DE=006C HL=F600 IX=C044 IY=0120
VDP_ADDR_144 addr=0F400 first=00 second=74 r14=3 PC=46CA AF=7424 BC=0099 DE=416C HL=F400 IX=C044 IY=0120
VDP_ADDR_145 addr=0F600 first=00 second=76 r14=3 PC=46CA AF=7620 BC=0099 DE=006C HL=F600 IX=C044 IY=0120
VDP_ADDR_146 addr=0F400 first=00 second=74 r14=3 PC=46CA AF=7424 BC=0099 DE=416C HL=F400 IX=C044 IY=0120
VDP_ADDR_147 addr=0F600 first=00 second=76 r14=3 PC=46CA AF=7620 BC=0099 DE=006C HL=F600 IX=C044 IY=0120
VDP_ADDR_148 addr=0F400 first=00 second=74 r14=3 PC=46CA AF=7424 BC=0099 DE=416C HL=F400 IX=C044 IY=0120
VDP_ADDR_149 addr=0F600 first=00 second=76 r14=3 PC=46CA AF=7620 BC=0099 DE=006C HL=F600 IX=C044 IY=0120
VDP_ADDR_150 addr=0F400 first=00 second=74 r14=3 PC=46CA AF=7424 BC=0099 DE=416C HL=F400 IX=C044 IY=0120
VDP_ADDR_151 addr=0F600 first=00 second=76 r14=3 PC=46CA AF=7620 BC=0099 DE=006C HL=F600 IX=C044 IY=0120
VDP_ADDR_152 addr=0F400 first=00 second=74 r14=3 PC=46CA AF=7424 BC=0099 DE=416C HL=F400 IX=C044 IY=0120
VDP_ADDR_153 addr=0F600 first=00 second=76 r14=3 PC=46CA AF=7620 BC=0099 DE=006C HL=F600 IX=C044 IY=0120
VDP_ADDR_154 addr=0F400 first=00 second=74 r14=3 PC=46CA AF=7424 BC=0099 DE=416C HL=F400 IX=C044 IY=0120
VDP_ADDR_155 addr=0F600 first=00 second=76 r14=3 PC=46CA AF=7620 BC=0099 DE=006C HL=F600 IX=C044 IY=0120
VDP_ADDR_156 addr=0F400 first=00 second=74 r14=3 PC=46CA AF=7424 BC=0099 DE=416C HL=F400 IX=C044 IY=0120
VDP_ADDR_157 addr=0F600 first=00 second=76 r14=3 PC=46CA AF=7620 BC=0099 DE=006C HL=F600 IX=C044 IY=0120
VDP_ADDR_158 addr=0F400 first=00 second=74 r14=3 PC=46CA AF=7424 BC=0099 DE=416C HL=F400 IX=C044 IY=0120
VDP_ADDR_159 addr=0F600 first=00 second=76 r14=3 PC=46CA AF=7620 BC=0099 DE=006C HL=F600 IX=C044 IY=0120
VDP_ADDR_160 addr=0F400 first=00 second=74 r14=3 PC=46CA AF=7424 BC=0099 DE=416C HL=F400 IX=C044 IY=0120
VDP_ADDR_161 addr=0F600 first=00 second=76 r14=3 PC=46CA AF=7620 BC=0099 DE=006C HL=F600 IX=C044 IY=0120
VDP_ADDR_162 addr=0F400 first=00 second=74 r14=3 PC=46CA AF=7424 BC=0099 DE=416C HL=F400 IX=C044 IY=0120
VDP_ADDR_163 addr=0F600 first=00 second=76 r14=3 PC=46CA AF=7620 BC=0099 DE=006C HL=F600 IX=C044 IY=0120
VDP_ADDR_164 addr=0F400 first=00 second=74 r14=3 PC=46CA AF=7424 BC=0099 DE=416C HL=F400 IX=C044 IY=0120
VDP_ADDR_165 addr=0F600 first=00 second=76 r14=3 PC=46CA AF=7620 BC=0099 DE=006C HL=F600 IX=C044 IY=0120
VDP_ADDR_166 addr=0F400 first=00 second=74 r14=3 PC=46CA AF=7424 BC=0099 DE=416C HL=F400 IX=C044 IY=0120
VDP_ADDR_167 addr=0F600 first=00 second=76 r14=3 PC=46CA AF=7620 BC=0099 DE=006C HL=F600 IX=C044 IY=0120
VDP_ADDR_168 addr=0F400 first=00 second=74 r14=3 PC=46CA AF=7424 BC=0099 DE=416C HL=F400 IX=C044 IY=0120
VDP_ADDR_169 addr=0F600 first=00 second=76 r14=3 PC=46CA AF=7620 BC=0099 DE=006C HL=F600 IX=C044 IY=0120
VDP_ADDR_170 addr=0F400 first=00 second=74 r14=3 PC=46CA AF=7424 BC=0099 DE=416C HL=F400 IX=C044 IY=0120
VDP_ADDR_171 addr=0F600 first=00 second=76 r14=3 PC=46CA AF=7620 BC=0099 DE=006C HL=F600 IX=C044 IY=0120
VDP_ADDR_172 addr=0F400 first=00 second=74 r14=3 PC=46CA AF=7424 BC=0099 DE=416C HL=F400 IX=C044 IY=0120
VDP_ADDR_173 addr=0F600 first=00 second=76 r14=3 PC=46CA AF=7620 BC=0099 DE=006C HL=F600 IX=C044 IY=0120
VDP_ADDR_174 addr=0F400 first=00 second=74 r14=3 PC=46CA AF=7424 BC=0099 DE=416C HL=F400 IX=C044 IY=0120
VDP_ADDR_175 addr=0F600 first=00 second=76 r14=3 PC=46CA AF=7620 BC=0099 DE=006C HL=F600 IX=C044 IY=0120
VDP_ADDR_176 addr=0F400 first=00 second=74 r14=3 PC=46CA AF=7424 BC=0099 DE=416C HL=F400 IX=C044 IY=0120
VDP_ADDR_177 addr=0F600 first=00 second=76 r14=3 PC=46CA AF=7620 BC=0099 DE=006C HL=F600 IX=C044 IY=0120
VDP_ADDR_178 addr=0F400 first=00 second=74 r14=3 PC=46CA AF=7424 BC=0099 DE=416C HL=F400 IX=C044 IY=0120
VDP_ADDR_179 addr=0F600 first=00 second=76 r14=3 PC=46CA AF=7620 BC=0099 DE=006C HL=F600 IX=C044 IY=0120
VDP_ADDR_180 addr=0F400 first=00 second=74 r14=3 PC=46CA AF=7424 BC=0099 DE=416C HL=F400 IX=C044 IY=0120
KU row=8 mask=128 RIGHT
AFTER_RIGHT PC=1A51 AF=0054 BC=0003 DE=FBED HL=2803 IX=FBE2 IY=C460 SP=F0D8
SHOT sat_trace_24_after_right.png
VDPREG R00=06 R01=62 R02=1F R03=80 R04=00 R05=EF R06=1F R07=00 R08=08 R09=80 R10=00 R11=01 R12=00 R13=00 R14=03 R15=00 R16=0E R17=2F R18=00 R19=00 R20=00 R21=00 R22=00 R23=00 R24=00 R25=00 R26=00 R27=00 R28=00 R29=00 R30=00 R31=00
SAT after_right physical VRAM:0F600
SAT_after_right_00 y=E0 x=99 pat=40 col=00
SAT_after_right_01 y=E0 x=99 pat=50 col=00
SAT_after_right_02 y=A0 x=80 pat=00 col=00
SAT_after_right_03 y=A0 x=80 pat=04 col=00
SAT_after_right_04 y=E0 x=B8 pat=48 col=00
SAT_after_right_05 y=E0 x=B8 pat=58 col=00
SAT_after_right_08 y=E0 x=60 pat=60 col=00
SAT_after_right_09 y=E0 x=50 pat=60 col=00
SAT_after_right_12 y=E0 x=77 pat=08 col=00
SAT_after_right_13 y=E0 x=77 pat=0C col=00
SAT_after_right_18 y=E0 x=A9 pat=44 col=00
SAT_after_right_19 y=E0 x=A9 pat=54 col=00
SAT_after_right_20 y=90 x=80 pat=08 col=00
SAT_after_right_21 y=90 x=80 pat=0C col=00
SAT_after_right_22 y=E0 x=C7 pat=4C col=00
SAT_after_right_23 y=E0 x=C7 pat=5C col=00
SAT_after_right_26 y=E0 x=77 pat=00 col=00
SAT_after_right_27 y=E0 x=77 pat=04 col=00
DUMP sat_trace_24_sct_f400.bin physical VRAM:0F400 len=512
DUMP sat_trace_24_sat_f600.bin physical VRAM:0F600 len=128
COUNTS sat_writes=260 sct_writes=180 tracked_addrs=180
