RUN start sequence
T08 PC=40C3 SP=F0F0 AF=0044 BC=0008 DE=01D9 HL=4028 IX=4075 IY=0120
SHOT startseq_08_title.png
KD SPACE1 1
KU SPACE1 1
T11 PC=40C3 SP=F0F0 AF=0044 BC=0008 DE=01D9 HL=4028 IX=4075 IY=0120
SHOT startseq_11_after_space1.png
KD SPACE2 1
KU SPACE2 1
T14 PC=485A SP=F0BE AF=0205 BC=0808 DE=68C8 HL=9898 IX=C980 IY=0120
SHOT startseq_14_after_space2.png
T17 PC=40C3 SP=F0F0 AF=0044 BC=0008 DE=01D9 HL=4028 IX=4075 IY=0120
SHOT startseq_17.png
T20 PC=4A60 SP=F0C8 AF=0040 BC=0080 DE=7240 HL=9448 IX=4075 IY=0120
SHOT startseq_20.png
KD RIGHT 128
KU RIGHT 128
T23 PC=1A57 SP=F0D8 AF=0044 BC=0301 DE=FBEF HL=2819 IX=FBE4 IY=C460
SHOT startseq_23_after_right.png
T25 PC=1A57 SP=F0D8 AF=0044 BC=040B DE=FBE5 HL=26D8 IX=FBDA IY=C460
SHOT startseq_25.png
