RUN gameplay inputs
KEYDOWN SPACE_START mask=1
KEYUP SPACE_START mask=1
GAMEPLAY_18_START PC=7924 SP=F0CC AF=0110 BC=3527 DE=C425 HL=D44B IX=C460 IY=0120
SHOT gameplay_18_start.png
DUMP gameplay_18_ram_c000_cfff.bin memory:C000 len=4096
DUMP gameplay_18_vram_top.bin physical VRAM:0000 len=8192
KEYDOWN RIGHT mask=128
KEYUP RIGHT mask=128
GAMEPLAY_20_AFTER_RIGHT PC=40C3 SP=F0F0 AF=0044 BC=0008 DE=01D9 HL=4028 IX=4075 IY=0120
SHOT gameplay_20_after_right.png
KEYDOWN UP mask=32
KEYUP UP mask=32
GAMEPLAY_21_AFTER_UP PC=1A56 SP=F0D8 AF=0044 BC=0706 DE=FBEA HL=26FC IX=FBDF IY=0120
SHOT gameplay_21_after_up.png
KEYDOWN SPACE_ACTION mask=1
KEYUP SPACE_ACTION mask=1
GAMEPLAY_22_AFTER_SPACE PC=44D1 SP=F0D4 AF=6724 BC=0F1D DE=D0E4 HL=D0E3 IX=C044 IY=0120
SHOT gameplay_22_after_space.png
KEYDOWN LEFT mask=16
KEYUP LEFT mask=16
GAMEPLAY_24_AFTER_LEFT PC=6539 SP=F0CA AF=0200 BC=0D10 DE=D503 HL=C82F IX=CB80 IY=0120
SHOT gameplay_24_after_left.png
KEYDOWN DOWN mask=64
KEYUP DOWN mask=64
GAMEPLAY_25_AFTER_DOWN PC=6545 SP=F0CC AF=9302 BC=0503 DE=B473 HL=0093 IX=C900 IY=0120
SHOT gameplay_25_after_down.png
DUMP gameplay_25_ram_c000_cfff.bin memory:C000 len=4096
DUMP gameplay_25_vram_top.bin physical VRAM:0000 len=8192
