RUN room transition walk
MAP_001 A000=0F PC=0D42
MAP_002 A000=F0 PC=0D47
MAP_003 8000=0F PC=0D42
MAP_004 8000=F0 PC=0D47
MAP_005 6000=01 PC=533D
MAP_006 8000=02 PC=5342
MAP_007 A000=03 PC=5348
MAP_008 6000=01 PC=533D
MAP_009 8000=02 PC=5342
MAP_010 A000=03 PC=5348
MAP_011 8000=0E PC=4033
MAP_012 A000=0F PC=4038
MAP_013 8000=02 PC=4042
MAP_014 A000=03 PC=4048
MAP_015 8000=09 PC=5380
MAP_016 A000=0A PC=5386
MAP_017 6000=01 PC=533D
MAP_018 8000=02 PC=5342
MAP_019 A000=03 PC=5348
MAP_020 8000=0E PC=4033
MAP_021 A000=0F PC=4038
MAP_022 8000=02 PC=4042
MAP_023 A000=03 PC=4048
MAP_024 8000=0E PC=4033
MAP_025 A000=0F PC=4038
MAP_026 8000=02 PC=4042
MAP_027 A000=03 PC=4048
MAP_028 8000=0E PC=4033
MAP_029 A000=0F PC=4038
MAP_030 8000=02 PC=4042
MAP_031 A000=03 PC=4048
MAP_032 6000=0B PC=5368
MAP_033 8000=0C PC=536E
MAP_034 A000=0D PC=5374
MAP_035 8000=0E PC=4033
MAP_036 A000=0F PC=4038
MAP_037 8000=0C PC=4042
MAP_038 A000=0D PC=4048
MAP_039 8000=0E PC=4033
MAP_040 A000=0F PC=4038
MAP_041 8000=0C PC=4042
MAP_042 A000=0D PC=4048
MAP_043 8000=0E PC=4033
MAP_044 A000=0F PC=4038
MAP_045 8000=0C PC=4042
MAP_046 A000=0D PC=4048
MAP_047 8000=0E PC=4033
MAP_048 A000=0F PC=4038
MAP_049 8000=0C PC=4042
MAP_050 A000=0D PC=4048
MAP_051 8000=0E PC=4033
MAP_052 A000=0F PC=4038
MAP_053 8000=0C PC=4042
MAP_054 A000=0D PC=4048
MAP_055 8000=0E PC=4033
MAP_056 A000=0F PC=4038
MAP_057 8000=0C PC=4042
MAP_058 A000=0D PC=4048
MAP_059 8000=0E PC=4033
MAP_060 A000=0F PC=4038
MAP_061 8000=0C PC=4042
MAP_062 A000=0D PC=4048
MAP_063 8000=0E PC=4033
MAP_064 A000=0F PC=4038
MAP_065 8000=0C PC=4042
MAP_066 A000=0D PC=4048
MAP_067 6000=01 PC=533D
MAP_068 8000=02 PC=5342
MAP_069 A000=03 PC=5348
MAP_070 8000=0E PC=4033
MAP_071 A000=0F PC=4038
MAP_072 8000=02 PC=4042
MAP_073 A000=03 PC=4048
MAP_074 8000=0E PC=4033
MAP_075 A000=0F PC=4038
MAP_076 8000=02 PC=4042
MAP_077 A000=03 PC=4048
MAP_078 8000=0E PC=4033
MAP_079 A000=0F PC=4038
MAP_080 8000=02 PC=4042
MAP_081 A000=03 PC=4048
MAP_082 8000=0E PC=4033
MAP_083 A000=0F PC=4038
MAP_084 8000=02 PC=4042
MAP_085 A000=03 PC=4048
MAP_086 8000=0E PC=4033
MAP_087 A000=0F PC=4038
MAP_088 8000=02 PC=4042
MAP_089 A000=03 PC=4048
MAP_090 8000=0E PC=4033
MAP_091 A000=0F PC=4038
MAP_092 8000=02 PC=4042
MAP_093 A000=03 PC=4048
MAP_094 8000=0E PC=4033
MAP_095 A000=0F PC=4038
MAP_096 8000=02 PC=4042
MAP_097 A000=03 PC=4048
MAP_098 8000=0E PC=4033
MAP_099 A000=0F PC=4038
MAP_100 8000=02 PC=4042
MAP_101 A000=03 PC=4048
MAP_102 8000=0E PC=4033
MAP_103 A000=0F PC=4038
MAP_104 8000=02 PC=4042
MAP_105 A000=03 PC=4048
MAP_106 8000=0E PC=4033
MAP_107 A000=0F PC=4038
MAP_108 8000=02 PC=4042
MAP_109 A000=03 PC=4048
MAP_110 8000=0E PC=4033
MAP_111 A000=0F PC=4038
MAP_112 8000=02 PC=4042
MAP_113 A000=03 PC=4048
MAP_114 8000=0E PC=4033
MAP_115 A000=0F PC=4038
MAP_116 8000=02 PC=4042
MAP_117 A000=03 PC=4048
MAP_118 8000=0E PC=4033
MAP_119 A000=0F PC=4038
MAP_120 8000=02 PC=4042
KD row=8 mask=1 SPACE1
KU row=8 mask=1 SPACE1
KD row=8 mask=1 SPACE2
KU row=8 mask=1 SPACE2
T22_START PC=40C3 SP=F0F0 AF=0044 BC=0008 DE=01D9 HL=4028 IX=4075 IY=0120
SHOT walktrans_22_start.png
T22_START vars C000=05 C001=00 C003=76 C005=00 C00F=68 C426=1000 C42E=00 C42F=00 C470=02:90:40:33 C480=02:90:C0:35
KD row=8 mask=128 RIGHT_LONG
T25 PC=64F3 SP=F0CE AF=004C BC=050A DE=0080 HL=C900 IX=DB00 IY=C460
SHOT walktrans_25.png
T25 vars C000=05 C001=00 C003=D0 C005=01 C00F=78 C426=B800 C42E=02 C42F=02 C470=02:90:40:8D C480=02:90:C0:8F
T28 PC=7FEF SP=F0CC AF=0054 BC=0804 DE=0080 HL=C500 IX=DB00 IY=0120
SHOT walktrans_28.png
T28 vars C000=05 C001=00 C003=22 C005=01 C00F=60 C426=6C00 C42E=02 C42F=02 C470=02:90:40:4A C480=02:90:C0:4C
T31 PC=7936 SP=F0D0 AF=0054 BC=3E27 DE=C425 HL=D442 IX=C460 IY=0120
SHOT walktrans_31.png
T31 vars C000=05 C001=00 C003=74 C005=01 C00F=48 C426=2000 C42E=01 C42F=01 C470=02:90:40:3C C480=00:00:00:00
T34 PC=4707 SP=F0D0 AF=101F BC=0998 DE=F840 HL=AD44 IX=C044 IY=0120
SHOT walktrans_34.png
T34 vars C000=05 C001=00 C003=CE C005=01 C00F=58 C426=D200 C42E=01 C42F=01 C470=02:90:40:96 C480=00:00:00:00
T37 PC=659C SP=F0D0 AF=000C BC=0B98 DE=066C HL=D415 IX=C044 IY=0120
SHOT walktrans_37.png
T37 vars C000=05 C001=00 C003=17 C005=01 C00F=30 C426=5600 C42E=01 C42F=01 C470=02:90:70:25 C480=02:90:B0:27
KU row=8 mask=128 RIGHT_LONG
T40_RELEASE PC=40C3 SP=F0F0 AF=0044 BC=0008 DE=01D9 HL=4028 IX=4075 IY=0120
SHOT walktrans_40_release.png
T40_RELEASE vars C000=05 C001=00 C003=70 C005=00 C00F=58 C426=A800 C42E=02 C42F=02 C470=02:90:70:7F C480=02:90:B0:81
COUNTS mapper=16858
