INPUT SPACE DOWN
TRACE_ACTIVE_AFTER_SPACE
HUDCALL_001 sx=072 sy=328 dx=000 dy=000 nx=256 ny=212 col=00 arg=00 cmd=C0 PC=4943 SP=F0CE RET=47E9 AF=C044 BC=009B DE=0066 HL=00D4 IX=4075 IY=0120
HUDCALL_002 sx=016 sy=368 dx=184 dy=012 nx=064 ny=016 col=00 arg=00 cmd=C0 PC=4943 SP=F0CC RET=8EE9 AF=C044 BC=409B DE=0021 HL=4010 IX=C4E0 IY=0120
HUDCALL_003 sx=024 sy=328 dx=008 dy=000 nx=008 ny=008 col=00 arg=00 cmd=D0 PC=4987 SP=F0C6 RET=4AFC AF=D044 BC=089B DE=0800 HL=0808 IX=C4E0 IY=0120
HUDCALL_004 sx=152 sy=320 dx=016 dy=000 nx=008 ny=008 col=00 arg=00 cmd=D0 PC=4987 SP=F0C6 RET=4AFC AF=D044 BC=089B DE=1000 HL=0808 IX=C4E0 IY=0120
HUDCALL_005 sx=248 sy=320 dx=024 dy=000 nx=008 ny=008 col=00 arg=00 cmd=D0 PC=4987 SP=F0C6 RET=4AFC AF=D044 BC=089B DE=1800 HL=0808 IX=C4E0 IY=0120
HUDCALL_006 sx=016 sy=328 dx=032 dy=000 nx=008 ny=008 col=00 arg=00 cmd=D0 PC=4987 SP=F0C6 RET=4AFC AF=D044 BC=089B DE=2000 HL=0808 IX=C4E0 IY=0120
HUDCALL_007 sx=168 sy=320 dx=040 dy=000 nx=008 ny=008 col=00 arg=00 cmd=D0 PC=4987 SP=F0C6 RET=4AFC AF=D044 BC=089B DE=2800 HL=0808 IX=C4E0 IY=0120
HUDCALL_008 sx=128 sy=320 dx=048 dy=000 nx=008 ny=008 col=00 arg=00 cmd=D0 PC=4987 SP=F0C6 RET=4AFC AF=D044 BC=089B DE=3000 HL=0808 IX=C4E0 IY=0120
HUDCALL_009 sx=000 sy=328 dx=008 dy=012 nx=008 ny=008 col=00 arg=00 cmd=D0 PC=4987 SP=F0C6 RET=4AFC AF=D044 BC=089B DE=080C HL=0808 IX=C4E0 IY=0120
HUDCALL_010 sx=224 sy=320 dx=016 dy=012 nx=008 ny=008 col=00 arg=00 cmd=D0 PC=4987 SP=F0C6 RET=4AFC AF=D044 BC=089B DE=100C HL=0808 IX=C4E0 IY=0120
HUDCALL_011 sx=136 sy=320 dx=024 dy=012 nx=008 ny=008 col=00 arg=00 cmd=D0 PC=4987 SP=F0C6 RET=4AFC AF=D044 BC=089B DE=180C HL=0808 IX=C4E0 IY=0120
HUDCALL_012 sx=072 sy=328 dx=032 dy=012 nx=008 ny=008 col=00 arg=00 cmd=D0 PC=4987 SP=F0C6 RET=4AFC AF=D044 BC=089B DE=200C HL=0808 IX=C4E0 IY=0120
HUDCALL_013 sx=168 sy=320 dx=040 dy=012 nx=008 ny=008 col=00 arg=00 cmd=D0 PC=4987 SP=F0C6 RET=4AFC AF=D044 BC=089B DE=280C HL=0808 IX=C4E0 IY=0120
HUDCALL_014 sx=016 sy=328 dx=048 dy=012 nx=008 ny=008 col=00 arg=00 cmd=D0 PC=4987 SP=F0C6 RET=4AFC AF=D044 BC=089B DE=300C HL=0808 IX=C4E0 IY=0120
HUDCALL_015 sx=168 sy=320 dx=008 dy=020 nx=008 ny=008 col=00 arg=00 cmd=D0 PC=4987 SP=F0C6 RET=4AFC AF=D044 BC=089B DE=0814 HL=0808 IX=C4E0 IY=0120
HUDCALL_016 sx=240 sy=320 dx=016 dy=020 nx=008 ny=008 col=00 arg=00 cmd=D0 PC=4987 SP=F0C6 RET=4AFC AF=D044 BC=089B DE=1014 HL=0808 IX=C4E0 IY=0120
HUDCALL_017 sx=168 sy=320 dx=024 dy=020 nx=008 ny=008 col=00 arg=00 cmd=D0 PC=4987 SP=F0C6 RET=4AFC AF=D044 BC=089B DE=1814 HL=0808 IX=C4E0 IY=0120
HUDCALL_018 sx=232 sy=320 dx=032 dy=020 nx=008 ny=008 col=00 arg=00 cmd=D0 PC=4987 SP=F0C6 RET=4AFC AF=D044 BC=089B DE=2014 HL=0808 IX=C4E0 IY=0120
HUDCALL_019 sx=072 sy=328 dx=040 dy=020 nx=008 ny=008 col=00 arg=00 cmd=D0 PC=4987 SP=F0C6 RET=4AFC AF=D044 BC=089B DE=2814 HL=0808 IX=C4E0 IY=0120
HUDCALL_020 sx=128 sy=328 dx=176 dy=000 nx=008 ny=008 col=00 arg=00 cmd=D0 PC=4987 SP=F0C6 RET=4AFC AF=D044 BC=089B DE=B000 HL=0808 IX=C4E0 IY=0120
HUDCALL_021 sx=128 sy=320 dx=184 dy=000 nx=008 ny=008 col=00 arg=00 cmd=D0 PC=4987 SP=F0C6 RET=4AFC AF=D044 BC=089B DE=B800 HL=0808 IX=C4E0 IY=0120
HUDCALL_022 sx=000 sy=328 dx=212 dy=000 nx=008 ny=008 col=00 arg=00 cmd=D0 PC=4987 SP=F0C6 RET=4AFC AF=D044 BC=089B DE=D400 HL=0808 IX=C4E0 IY=0120
HUDCALL_023 sx=128 sy=320 dx=220 dy=000 nx=008 ny=008 col=00 arg=00 cmd=D0 PC=4987 SP=F0C6 RET=4AFC AF=D044 BC=089B DE=DC00 HL=0808 IX=C4E0 IY=0120
HUDCALL_024 sx=024 sy=328 dx=108 dy=000 nx=008 ny=008 col=00 arg=00 cmd=D0 PC=4987 SP=F0C6 RET=4AFC AF=D044 BC=089B DE=6C00 HL=0808 IX=C4E0 IY=0120
HUDCALL_025 sx=032 sy=328 dx=116 dy=000 nx=008 ny=008 col=00 arg=00 cmd=D0 PC=4987 SP=F0C6 RET=4AFC AF=D044 BC=089B DE=7400 HL=0808 IX=C4E0 IY=0120
HUDCALL_026 sx=136 sy=320 dx=124 dy=000 nx=008 ny=008 col=00 arg=00 cmd=D0 PC=4987 SP=F0C6 RET=4AFC AF=D044 BC=089B DE=7C00 HL=0808 IX=C4E0 IY=0120
HUDCALL_027 sx=184 sy=320 dx=132 dy=000 nx=008 ny=008 col=00 arg=00 cmd=D0 PC=4987 SP=F0C6 RET=4AFC AF=D044 BC=089B DE=8400 HL=0808 IX=C4E0 IY=0120
HUDCALL_028 sx=168 sy=320 dx=140 dy=000 nx=008 ny=008 col=00 arg=00 cmd=D0 PC=4987 SP=F0C6 RET=4AFC AF=D044 BC=089B DE=8C00 HL=0808 IX=C4E0 IY=0120
HUDCALL_029 sx=128 sy=320 dx=148 dy=000 nx=008 ny=008 col=00 arg=00 cmd=D0 PC=4987 SP=F0C6 RET=4AFC AF=D044 BC=089B DE=9400 HL=0808 IX=C4E0 IY=0120
HUDCALL_030 sx=000 sy=320 dx=156 dy=000 nx=008 ny=008 col=00 arg=00 cmd=D0 PC=4987 SP=F0C4 RET=4AFC AF=D044 BC=089B DE=9C00 HL=0808 IX=C4E0 IY=0120
HUDCALL_031 sx=008 sy=320 dx=164 dy=000 nx=008 ny=008 col=00 arg=00 cmd=D0 PC=4987 SP=F0C4 RET=4AFC AF=D044 BC=089B DE=A400 HL=0808 IX=C4E0 IY=0120
HUDCALL_032 sx=000 sy=320 dx=192 dy=000 nx=008 ny=008 col=00 arg=00 cmd=D0 PC=4987 SP=F0C4 RET=4AFC AF=D044 BC=089B DE=C000 HL=0808 IX=C4E0 IY=0120
HUDCALL_033 sx=000 sy=320 dx=200 dy=000 nx=008 ny=008 col=00 arg=00 cmd=D0 PC=4987 SP=F0C4 RET=4AFC AF=D044 BC=089B DE=C800 HL=0808 IX=C4E0 IY=0120
HUDCALL_034 sx=000 sy=320 dx=228 dy=000 nx=008 ny=008 col=00 arg=00 cmd=D0 PC=4987 SP=F0C4 RET=4AFC AF=D044 BC=089B DE=E400 HL=0808 IX=C4E0 IY=0120
HUDCALL_035 sx=000 sy=320 dx=236 dy=000 nx=008 ny=008 col=00 arg=00 cmd=D0 PC=4987 SP=F0C4 RET=4AFC AF=D044 BC=089B DE=EC00 HL=0808 IX=C4E0 IY=0120
HUDCALL_036 sx=000 sy=320 dx=059 dy=013 nx=066 ny=006 col=00 arg=00 cmd=C0 PC=4943 SP=F0C4 RET=5D0B AF=C044 BC=429B DE=0000 HL=4206 IX=C4E0 IY=0120
HUDCALL_037 sx=000 sy=320 dx=059 dy=013 nx=005 ny=000 col=0E arg=01 cmd=70 PC=48D9 SP=F0C2 RET=48FC AF=7000 BC=069B DE=4206 HL=050E IX=C4E0 IY=0120
HUDCALL_038 sx=000 sy=320 dx=059 dy=013 nx=065 ny=000 col=0E arg=00 cmd=70 PC=48A5 SP=F0C2 RET=4906 AF=7044 BC=429B DE=4206 HL=410E IX=C4E0 IY=0120
HUDCALL_039 sx=000 sy=320 dx=059 dy=018 nx=065 ny=000 col=0E arg=00 cmd=70 PC=48A5 SP=F0C0 RET=4906 AF=7044 BC=429B DE=4206 HL=410E IX=C4E0 IY=0120
HUDCALL_040 sx=000 sy=320 dx=124 dy=013 nx=005 ny=000 col=0E arg=01 cmd=70 PC=48D9 SP=F0C4 RET=48FC AF=7000 BC=069B DE=4206 HL=050E IX=C4E0 IY=0120
HUDCALL_041 sx=000 sy=320 dx=060 dy=014 nx=064 ny=004 col=11 arg=00 cmd=C0 PC=4943 SP=F0CE RET=45B3 AF=C044 BC=409B DE=0006 HL=4004 IX=C4E0 IY=0120
HUDCALL_042 sx=000 sy=320 dx=059 dy=022 nx=066 ny=006 col=00 arg=00 cmd=C0 PC=4943 SP=F0C6 RET=5D0B AF=C044 BC=429B DE=0006 HL=4206 IX=C4E0 IY=0120
HUDCALL_043 sx=000 sy=320 dx=059 dy=022 nx=005 ny=000 col=0E arg=01 cmd=70 PC=48D9 SP=F0C4 RET=48FC AF=7000 BC=069B DE=4206 HL=050E IX=C4E0 IY=0120
HUDCALL_044 sx=000 sy=320 dx=059 dy=022 nx=065 ny=000 col=0E arg=00 cmd=70 PC=48A5 SP=F0C4 RET=4906 AF=7044 BC=429B DE=4206 HL=410E IX=C4E0 IY=0120
HUDCALL_045 sx=000 sy=320 dx=059 dy=027 nx=065 ny=000 col=0E arg=00 cmd=70 PC=48A5 SP=F0C2 RET=4906 AF=7044 BC=429B DE=4206 HL=410E IX=C4E0 IY=0120
HUDCALL_046 sx=000 sy=320 dx=124 dy=022 nx=005 ny=000 col=0E arg=01 cmd=70 PC=48D9 SP=F0C6 RET=48FC AF=7000 BC=069B DE=4206 HL=050E IX=C4E0 IY=0120
HUDCALL_047 sx=000 sy=320 dx=060 dy=023 nx=064 ny=004 col=88 arg=00 cmd=C0 PC=4943 SP=F0D0 RET=4525 AF=C044 BC=409B DE=0006 HL=4004 IX=C4E0 IY=0120
HUDCALL_048 sx=000 sy=320 dx=127 dy=011 nx=017 ny=000 col=08 arg=01 cmd=70 PC=48D9 SP=F0C4 RET=48FC AF=7000 BC=129B DE=1212 HL=1108 IX=C4E0 IY=0120
HUDCALL_049 sx=000 sy=320 dx=127 dy=011 nx=017 ny=000 col=08 arg=00 cmd=70 PC=48A5 SP=F0C4 RET=4906 AF=7044 BC=129B DE=1212 HL=1108 IX=C4E0 IY=0120
HUDCALL_050 sx=000 sy=320 dx=127 dy=028 nx=017 ny=000 col=08 arg=00 cmd=70 PC=48A5 SP=F0C2 RET=4906 AF=7044 BC=129B DE=1212 HL=1108 IX=C4E0 IY=0120
HUDCALL_051 sx=000 sy=320 dx=144 dy=011 nx=017 ny=000 col=08 arg=01 cmd=70 PC=48D9 SP=F0C6 RET=48FC AF=7000 BC=129B DE=1212 HL=1108 IX=C4E0 IY=0120
HUDCALL_052 sx=000 sy=320 dx=147 dy=011 nx=017 ny=000 col=0E arg=01 cmd=70 PC=48D9 SP=F0C4 RET=48FC AF=7000 BC=129B DE=2212 HL=110E IX=C4E0 IY=0120
HUDCALL_053 sx=000 sy=320 dx=147 dy=011 nx=033 ny=000 col=0E arg=00 cmd=70 PC=48A5 SP=F0C4 RET=4906 AF=7044 BC=229B DE=2212 HL=210E IX=C4E0 IY=0120
HUDCALL_054 sx=000 sy=320 dx=147 dy=028 nx=033 ny=000 col=0E arg=00 cmd=70 PC=48A5 SP=F0C2 RET=4906 AF=7044 BC=229B DE=2212 HL=210E IX=C4E0 IY=0120
HUDCALL_055 sx=000 sy=320 dx=180 dy=011 nx=017 ny=000 col=0E arg=01 cmd=70 PC=48D9 SP=F0C6 RET=48FC AF=7000 BC=129B DE=2212 HL=110E IX=C4E0 IY=0120
HUDCALL_056 sx=000 sy=320 dx=183 dy=011 nx=017 ny=000 col=0E arg=01 cmd=70 PC=48D9 SP=F0C6 RET=48FC AF=7000 BC=129B DE=4212 HL=110E IX=C4E0 IY=0120
HUDCALL_057 sx=000 sy=320 dx=183 dy=011 nx=065 ny=000 col=0E arg=00 cmd=70 PC=48A5 SP=F0C6 RET=4906 AF=7044 BC=429B DE=4212 HL=410E IX=C4E0 IY=0120
HUDCALL_058 sx=000 sy=320 dx=183 dy=028 nx=065 ny=000 col=0E arg=00 cmd=70 PC=48A5 SP=F0C4 RET=4906 AF=7044 BC=429B DE=4212 HL=410E IX=C4E0 IY=0120
HUDCALL_059 sx=000 sy=320 dx=248 dy=011 nx=017 ny=000 col=0E arg=01 cmd=70 PC=48D9 SP=F0C8 RET=48FC AF=7000 BC=129B DE=4212 HL=110E IX=C4E0 IY=0120
HUDCALL_060 sx=080 sy=368 dx=128 dy=012 nx=016 ny=016 col=00 arg=00 cmd=D0 PC=4987 SP=F0D0 RET=452B AF=D044 BC=109B DE=800C HL=1010 IX=C4E0 IY=0120
HUDCALL_061 sx=080 sy=368 dx=148 dy=012 nx=016 ny=016 col=00 arg=00 cmd=D0 PC=4987 SP=F0CE RET=8EB7 AF=D044 BC=109B DE=940C HL=1010 IX=C4E0 IY=0120
HUDCALL_062 sx=080 sy=368 dx=164 dy=012 nx=016 ny=016 col=00 arg=00 cmd=D0 PC=4987 SP=F0D0 RET=452E AF=D044 BC=109B DE=A40C HL=1010 IX=C4E0 IY=0120
HUDCALL_063 sx=080 sy=368 dx=184 dy=012 nx=064 ny=016 col=00 arg=00 cmd=C0 PC=4943 SP=F0CE RET=8EE9 AF=C044 BC=409B DE=000C HL=4010 IX=C4E0 IY=0120
HUDCALL_064 sx=000 sy=320 dx=056 dy=000 nx=008 ny=008 col=00 arg=00 cmd=D0 PC=4987 SP=F0C6 RET=4AFC AF=D044 BC=089B DE=3800 HL=0808 IX=C4E0 IY=0120
HUDCALL_065 sx=000 sy=320 dx=064 dy=000 nx=008 ny=008 col=00 arg=00 cmd=D0 PC=4987 SP=F0C6 RET=4AFC AF=D044 BC=089B DE=4000 HL=0808 IX=C4E0 IY=0120
HUDCALL_066 sx=000 sy=320 dx=072 dy=000 nx=008 ny=008 col=00 arg=00 cmd=D0 PC=4987 SP=F0C6 RET=4AFC AF=D044 BC=089B DE=4800 HL=0808 IX=C4E0 IY=0120
HUDCALL_067 sx=000 sy=320 dx=080 dy=000 nx=008 ny=008 col=00 arg=00 cmd=D0 PC=4987 SP=F0C6 RET=4AFC AF=D044 BC=089B DE=5000 HL=0808 IX=C4E0 IY=0120
HUDCALL_068 sx=000 sy=320 dx=088 dy=000 nx=008 ny=008 col=00 arg=00 cmd=D0 PC=4987 SP=F0C6 RET=4AFC AF=D044 BC=089B DE=5800 HL=0808 IX=C4E0 IY=0120
HUDCALL_069 sx=000 sy=320 dx=096 dy=000 nx=008 ny=008 col=00 arg=00 cmd=D0 PC=4987 SP=F0C6 RET=4AFC AF=D044 BC=089B DE=6000 HL=0808 IX=C4E0 IY=0120
COUNTS hud=69
RET_SUM 4525 1
RET_SUM 452B 1
RET_SUM 452E 1
RET_SUM 45B3 1
RET_SUM 47E9 1
RET_SUM 48FC 10
RET_SUM 4906 10
RET_SUM 4AFC 39
RET_SUM 5D0B 2
RET_SUM 8EB7 1
RET_SUM 8EE9 2
