RUN damage/hud ram
KD row=8 mask=1 SPACE1
KU row=8 mask=1 SPACE1
KD row=8 mask=1 SPACE2
KU row=8 mask=1 SPACE2
DAMAGE_START PC=40C3 SP=F0F0 AF=0044 BC=0008 DE=01D9 HL=4028 IX=4075 IY=0120
SHOT damage_22_start.png
DAMAGE_START PC=40C3 SP=F0F0 AF=0044 BC=0008 DE=01D9 HL=4028 IX=4075 IY=0120
DAMAGE_START_C000 C000 05 00 40 76 20 00 00 00 00 00 00 00 00 00 00 68 64 8A 6B 8A 72 8A 9E 50 00 00 00 00 2C A8 41 07 0D 04 01 04 00 01 09 03 00 00 01 01 00 00 A3 94 46 A9 01 07 0E 06 04 03 00 01 08 01 00 00 01 01 00 00 06 95 AC 95 01 07 0C 04 01 04 00 01 08 03 19 AB 0D 10 00 00 00 00 00 00 00 00 00 00 00 00 00 00 00 00 00 00 00 00 00 00 00 00 00 00 00 00 00 00 00 00 00 00 00 00 00 00 00 00 00 00 00 00
DAMAGE_START_C400 C400 10 10 00 00 00 00 00 00 00 00 00 00 00 00 00 00 02 00 01 01 00 20 00 00 80 00 00 00 FF FF FF 01 00 00 00 00 00 B0 00 10 00 00 00 00 00 00 00 00 00 00 00 00 00 00 00 00 00 00 00 00 00 00 00 00 00 00 00 00 00 00 00 00 00 00 00 00 00 00 00 00 00 00 00 00 E0 00 00 00 00 00 00 00 00 00 00 00 00 00 00 00 E0 00 00 00 00 00 00 00 00 00 00 00 02 90 40 00 01 01 33 E0 00 00 00 00 00 00 00 00 02 90 C0 00 01 01 35 E0 02 00 00 00 00 00 00 00 00 00 00 00 00 00 00 00 00 00 00 00 00 00 00 00 00 00 00 00 00 00 00 00 00 00 00 00 00 00 00 00
DAMAGE_START_C800 C800 00 00 00 48 00 B8 01 00 00 E0 FF 94 00 01 18 00 00 00 00 00 00 00 00 00 00 00 00 00 00 00 00 00 08 00 39 99 40 02 01 39 99 50 4C 02 39 A9 44 02 03 39 A9 54 4C 04 39 B8 48 02 05 39 B8 58 4C 06 39 C7 4C 02 07 39 C7 5C 4C 00 00 00 00 00 00 00 00 00 00 00 00 00 00 00 00 00 00 00 00 00 00 00 00 00 00 00 00 00 00 00 00 00 00 00 00 00 00 00 00 00 00 00 00 00 00 00 00 00 00 00 00 00 01 01
C0W_001 C094=00 PC=89C6 IX=4075 HL=8A64
C0W_002 C095=00 PC=89CA IX=4075 HL=8A64
C0W_003 C025=00 PC=8A8A IX=C01C HL=8A64
C0W_004 C01C=2D PC=8AD9 IX=C01C HL=A82D
C0W_005 C01D=A8 PC=8ADC IX=C01C HL=A82D
C0W_006 C025=07 PC=8AEF IX=C01C HL=A82D
C0W_007 C027=03 PC=8B12 IX=C01C HL=A82D
C0W_008 C026=0D PC=8B4A IX=C01C HL=8B8C
C0W_009 C097=B8 PC=8A3B IX=C01C HL=8A46
C0W_010 C094=01 PC=89C6 IX=C01C HL=8A6B
C0W_011 C095=01 PC=89CA IX=C01C HL=8A6B
C0W_012 C039=00 PC=8A8A IX=C030 HL=8A6B
C0W_013 C030=47 PC=8AD9 IX=C030 HL=A947
C0W_014 C031=A9 PC=8ADC IX=C030 HL=A947
C0W_015 C039=07 PC=8AEF IX=C030 HL=A947
C0W_016 C03B=01 PC=8B12 IX=C030 HL=A947
C0W_017 C03A=0E PC=8B4A IX=C030 HL=8B86
C0W_018 C097=B8 PC=8A3B IX=C030 HL=8A48
C0W_019 C094=02 PC=89C6 IX=C030 HL=8A72
C0W_020 C095=02 PC=89CA IX=C030 HL=8A72
C0W_021 C04D=00 PC=8A8A IX=C044 HL=8A72
C0W_022 C044=AD PC=8AD9 IX=C044 HL=95AD
C0W_023 C045=95 PC=8ADC IX=C044 HL=95AD
C0W_024 C04D=07 PC=8AEF IX=C044 HL=95AD
C0W_025 C046=01 PC=8B01 IX=C044 HL=95AD
C0W_026 C04F=03 PC=8B12 IX=C044 HL=95AD
C0W_027 C04E=0C PC=8B4A IX=C044 HL=8B82
C0W_028 C097=B8 PC=8A3B IX=C044 HL=8A4A
C0W_029 C094=02 PC=89C6 IX=C044 HL=509E
C0W_030 C095=03 PC=89CA IX=C044 HL=509E
C0W_031 C005=01 PC=4053 IX=C044 HL=C005
C0W_032 C00C=00 PC=4BB5 IX=C044 HL=C00C
C0W_033 C00B=00 PC=4BB9 IX=C044 HL=C00B
C0W_034 C007=00 PC=4BB5 IX=C044 HL=C007
C0W_035 C006=00 PC=4BB9 IX=C044 HL=C006
C0W_036 C003=77 PC=4150 IX=C044 HL=C003
C0W_037 C00F=50 PC=6568 IX=C044 HL=C00F
C4W_001 C439=00 PC=854B IX=C044 HL=C5A6
C4W_002 C42E=00 PC=6B77 IX=C044 HL=7C78
C4W_003 C42F=00 PC=6B77 IX=C044 HL=7C78
C0W_038 C094=00 PC=89C6 IX=C4F0 HL=8A64
C0W_039 C095=00 PC=89CA IX=C4F0 HL=8A64
C0W_040 C025=06 PC=8A8A IX=C01C HL=8A64
C0W_041 C026=0C PC=8AA9 IX=C01C HL=8A64
C0W_042 C094=01 PC=89C6 IX=C01C HL=8A6B
C0W_043 C095=01 PC=89CA IX=C01C HL=8A6B
C0W_044 C039=06 PC=8A8A IX=C030 HL=8A6B
C0W_045 C03A=0D PC=8AA9 IX=C030 HL=8A6B
C0W_046 C094=02 PC=89C6 IX=C030 HL=8A72
C0W_047 C095=02 PC=89CA IX=C030 HL=8A72
C0W_048 C04D=06 PC=8A8A IX=C044 HL=8A72
C0W_049 C04E=0B PC=8AA9 IX=C044 HL=8A72
C0W_050 C094=02 PC=89C6 IX=C044 HL=509E
C0W_051 C095=03 PC=89CA IX=C044 HL=509E
C4W_004 C470=02 PC=868C IX=C470 HL=C470
C4W_005 C476=34 PC=869D IX=C470 HL=C476
C4W_006 C480=02 PC=868C IX=C480 HL=C480
C4W_007 C486=36 PC=869D IX=C480 HL=C486
C0W_052 C005=00 PC=405C IX=DB00 HL=DB00
C0W_053 C094=00 PC=89C6 IX=4075 HL=8A64
C0W_054 C095=00 PC=89CA IX=4075 HL=8A64
C0W_055 C025=05 PC=8A8A IX=C01C HL=8A64
C0W_056 C026=0B PC=8AA9 IX=C01C HL=8A64
C0W_057 C094=01 PC=89C6 IX=C01C HL=8A6B
C0W_058 C095=01 PC=89CA IX=C01C HL=8A6B
C0W_059 C039=05 PC=8A8A IX=C030 HL=8A6B
C0W_060 C03A=0C PC=8AA9 IX=C030 HL=8A6B
C0W_061 C094=02 PC=89C6 IX=C030 HL=8A72
C0W_062 C095=02 PC=89CA IX=C030 HL=8A72
C0W_063 C04D=05 PC=8A8A IX=C044 HL=8A72
C0W_064 C04E=0A PC=8AA9 IX=C044 HL=8A72
C0W_065 C094=02 PC=89C6 IX=C044 HL=509E
C0W_066 C095=03 PC=89CA IX=C044 HL=509E
C0W_067 C005=01 PC=4053 IX=C044 HL=C005
C0W_068 C00C=00 PC=4BB5 IX=C044 HL=C00C
C0W_069 C00B=00 PC=4BB9 IX=C044 HL=C00B
C0W_070 C007=00 PC=4BB5 IX=C044 HL=C007
C0W_071 C006=00 PC=4BB9 IX=C044 HL=C006
C0W_072 C003=78 PC=4150 IX=C044 HL=C003
C0W_073 C00F=38 PC=6568 IX=C044 HL=C00F
C4W_008 C439=00 PC=854B IX=C044 HL=C5A6
C4W_009 C42E=00 PC=6B77 IX=C044 HL=7C78
C4W_010 C42F=00 PC=6B77 IX=C044 HL=7C78
C4W_011 C470=02 PC=868C IX=C470 HL=C470
C4W_012 C476=35 PC=869D IX=C470 HL=C476
C4W_013 C480=02 PC=868C IX=C480 HL=C480
C4W_014 C486=37 PC=869D IX=C480 HL=C486
C0W_074 C094=00 PC=89C6 IX=C560 HL=8A64
C0W_075 C095=00 PC=89CA IX=C560 HL=8A64
C0W_076 C025=04 PC=8A8A IX=C01C HL=8A64
C0W_077 C026=0A PC=8AA9 IX=C01C HL=8A64
C0W_078 C094=01 PC=89C6 IX=C01C HL=8A6B
C0W_079 C095=01 PC=89CA IX=C01C HL=8A6B
C0W_080 C039=04 PC=8A8A IX=C030 HL=8A6B
C0W_081 C03A=0B PC=8AA9 IX=C030 HL=8A6B
C0W_082 C094=02 PC=89C6 IX=C030 HL=8A72
C0W_083 C095=02 PC=89CA IX=C030 HL=8A72
C0W_084 C04D=04 PC=8A8A IX=C044 HL=8A72
C0W_085 C04E=09 PC=8AA9 IX=C044 HL=8A72
C0W_086 C094=02 PC=89C6 IX=C044 HL=509E
C0W_087 C095=03 PC=89CA IX=C044 HL=509E
C0W_088 C005=00 PC=405C IX=DB00 HL=DB00
C0W_089 C094=00 PC=89C6 IX=4075 HL=8A64
C0W_090 C095=00 PC=89CA IX=4075 HL=8A64
C0W_091 C025=03 PC=8A8A IX=C01C HL=8A64
C0W_092 C026=09 PC=8AA9 IX=C01C HL=8A64
C0W_093 C094=01 PC=89C6 IX=C01C HL=8A6B
C0W_094 C095=01 PC=89CA IX=C01C HL=8A6B
C0W_095 C039=03 PC=8A8A IX=C030 HL=8A6B
C0W_096 C03A=0A PC=8AA9 IX=C030 HL=8A6B
C0W_097 C094=02 PC=89C6 IX=C030 HL=8A72
C0W_098 C095=02 PC=89CA IX=C030 HL=8A72
C0W_099 C04D=03 PC=8A8A IX=C044 HL=8A72
C0W_100 C04E=08 PC=8AA9 IX=C044 HL=8A72
C0W_101 C094=02 PC=89C6 IX=C044 HL=509E
C0W_102 C095=03 PC=89CA IX=C044 HL=509E
C0W_103 C005=01 PC=4053 IX=C044 HL=C005
C0W_104 C00C=00 PC=4BB5 IX=C044 HL=C00C
C0W_105 C00B=00 PC=4BB9 IX=C044 HL=C00B
C0W_106 C007=00 PC=4BB5 IX=C044 HL=C007
C0W_107 C006=00 PC=4BB9 IX=C044 HL=C006
C0W_108 C003=79 PC=4150 IX=C044 HL=C003
C0W_109 C00F=20 PC=6568 IX=C044 HL=C00F
C4W_015 C439=00 PC=854B IX=C044 HL=C5A6
C4W_016 C42E=00 PC=6B77 IX=C044 HL=7C78
C4W_017 C42F=00 PC=6B77 IX=C044 HL=7C78
C4W_018 C470=02 PC=868C IX=C470 HL=C470
C4W_019 C476=36 PC=869D IX=C470 HL=C476
C4W_020 C480=02 PC=868C IX=C480 HL=C480
C4W_021 C486=38 PC=869D IX=C480 HL=C486
C0W_110 C094=00 PC=89C6 IX=C500 HL=8A64
C0W_111 C095=00 PC=89CA IX=C500 HL=8A64
C0W_112 C025=02 PC=8A8A IX=C01C HL=8A64
C0W_113 C094=01 PC=89C6 IX=C01C HL=8A6B
C0W_114 C095=01 PC=89CA IX=C01C HL=8A6B
C0W_115 C039=02 PC=8A8A IX=C030 HL=8A6B
C0W_116 C03A=09 PC=8AA9 IX=C030 HL=8A6B
C0W_117 C094=02 PC=89C6 IX=C030 HL=8A72
C0W_118 C095=02 PC=89CA IX=C030 HL=8A72
C0W_119 C04D=02 PC=8A8A IX=C044 HL=8A72
C0W_120 C094=02 PC=89C6 IX=C044 HL=509E
C0W_121 C095=03 PC=89CA IX=C044 HL=509E
C0W_122 C005=00 PC=405C IX=DB00 HL=DB00
C0W_123 C094=00 PC=89C6 IX=4075 HL=8A64
C0W_124 C095=00 PC=89CA IX=4075 HL=8A64
C0W_125 C025=01 PC=8A8A IX=C01C HL=8A64
C0W_126 C094=01 PC=89C6 IX=C01C HL=8A6B
C0W_127 C095=01 PC=89CA IX=C01C HL=8A6B
C0W_128 C039=01 PC=8A8A IX=C030 HL=8A6B
C0W_129 C03A=08 PC=8AA9 IX=C030 HL=8A6B
C0W_130 C094=02 PC=89C6 IX=C030 HL=8A72
C0W_131 C095=02 PC=89CA IX=C030 HL=8A72
C0W_132 C04D=01 PC=8A8A IX=C044 HL=8A72
C0W_133 C094=02 PC=89C6 IX=C044 HL=509E
C0W_134 C095=03 PC=89CA IX=C044 HL=509E
C0W_135 C005=01 PC=4053 IX=C044 HL=C005
C0W_136 C00C=00 PC=4BB5 IX=C044 HL=C00C
C0W_137 C00B=00 PC=4BB9 IX=C044 HL=C00B
C0W_138 C007=00 PC=4BB5 IX=C044 HL=C007
C0W_139 C006=00 PC=4BB9 IX=C044 HL=C006
C0W_140 C003=7A PC=4150 IX=C044 HL=C003
C0W_141 C00F=08 PC=6568 IX=C044 HL=C00F
C4W_022 C439=00 PC=854B IX=C044 HL=C5A6
C4W_023 C42E=00 PC=6B77 IX=C044 HL=7C78
C4W_024 C42F=00 PC=6B77 IX=C044 HL=7C78
C4W_025 C470=02 PC=868C IX=C470 HL=C470
C4W_026 C476=37 PC=869D IX=C470 HL=C476
C4W_027 C480=02 PC=868C IX=C480 HL=C480
C4W_028 C486=39 PC=869D IX=C480 HL=C486
C0W_142 C094=00 PC=89C6 IX=C570 HL=8A64
C0W_143 C095=00 PC=89CA IX=C570 HL=8A64
C0W_144 C025=00 PC=8A8A IX=C01C HL=8A64
C0W_145 C01C=2E PC=8AD9 IX=C01C HL=A82E
C0W_146 C01D=A8 PC=8ADC IX=C01C HL=A82E
C0W_147 C025=07 PC=8AEF IX=C01C HL=A82E
C0W_148 C027=03 PC=8B12 IX=C01C HL=A82E
C0W_149 C026=0D PC=8B4A IX=C01C HL=8B90
C0W_150 C097=B8 PC=8A3B IX=C01C HL=8A46
C0W_151 C094=01 PC=89C6 IX=C01C HL=8A6B
C0W_152 C095=01 PC=89CA IX=C01C HL=8A6B
C0W_153 C039=00 PC=8A8A IX=C030 HL=8A6B
C0W_154 C030=48 PC=8AD9 IX=C030 HL=A948
C0W_155 C031=A9 PC=8ADC IX=C030 HL=A948
C0W_156 C039=07 PC=8AEF IX=C030 HL=A948
C0W_157 C03B=01 PC=8B12 IX=C030 HL=A948
C0W_158 C03A=0E PC=8B4A IX=C030 HL=8B86
C0W_159 C097=B8 PC=8A3B IX=C030 HL=8A48
C0W_160 C094=02 PC=89C6 IX=C030 HL=8A72
C4W_029 C439=00 PC=854B IX=C044 HL=C5A6
C4W_030 C42E=00 PC=6B77 IX=C044 HL=7C78
C4W_031 C42F=00 PC=6B77 IX=C044 HL=7C78
C4W_032 C470=02 PC=868C IX=C470 HL=C470
C4W_033 C476=38 PC=869D IX=C470 HL=C476
C4W_034 C480=02 PC=868C IX=C480 HL=C480
C4W_035 C486=3A PC=869D IX=C480 HL=C486
C4W_036 C439=00 PC=854B IX=C044 HL=C5A6
C4W_037 C42E=00 PC=6B77 IX=C044 HL=7C78
C4W_038 C42F=00 PC=6B77 IX=C044 HL=7C78
C4W_039 C470=02 PC=868C IX=C470 HL=C470
C4W_040 C476=39 PC=869D IX=C470 HL=C476
C4W_041 C480=02 PC=868C IX=C480 HL=C480
C4W_042 C486=3B PC=869D IX=C480 HL=C486
KD row=8 mask=128 RIGHT
C4W_043 C439=00 PC=854B IX=C044 HL=C5A6
C4W_044 C42E=00 PC=6B77 IX=C044 HL=7C78
C4W_045 C42F=00 PC=6B77 IX=C044 HL=7C78
C4W_046 C42C=00 PC=6C54 IX=C044 HL=7C78
C4W_047 C42E=01 PC=6CBC IX=C044 HL=0101
C4W_048 C42F=01 PC=6CBC IX=C044 HL=0101
C4W_049 C426=00 PC=6C98 IX=C044 HL=1200
C4W_050 C427=12 PC=6C98 IX=C044 HL=1200
C4W_051 C470=02 PC=868C IX=C470 HL=C470
C4W_052 C476=3A PC=869D IX=C470 HL=C476
C4W_053 C480=02 PC=868C IX=C480 HL=C480
C4W_054 C486=3C PC=869D IX=C480 HL=C486
C4W_055 C439=00 PC=854B IX=C044 HL=C5A6
C4W_056 C42E=00 PC=6B77 IX=C044 HL=7C78
C4W_057 C42F=00 PC=6B77 IX=C044 HL=7C78
C4W_058 C42C=00 PC=6C54 IX=C044 HL=7C78
C4W_059 C42E=01 PC=6CBC IX=C044 HL=0101
C4W_060 C42F=01 PC=6CBC IX=C044 HL=0101
C4W_061 C426=00 PC=6C98 IX=C044 HL=1400
C4W_062 C427=14 PC=6C98 IX=C044 HL=1400
C4W_063 C470=02 PC=868C IX=C470 HL=C470
C4W_064 C476=3B PC=869D IX=C470 HL=C476
C4W_065 C480=02 PC=868C IX=C480 HL=C480
C4W_066 C486=3D PC=869D IX=C480 HL=C486
C4W_067 C439=00 PC=854B IX=C044 HL=C5A6
C4W_068 C42E=00 PC=6B77 IX=C044 HL=7C78
C4W_069 C42F=00 PC=6B77 IX=C044 HL=7C78
C4W_070 C42C=00 PC=6C54 IX=C044 HL=7C78
C4W_071 C42E=01 PC=6CBC IX=C044 HL=0101
C4W_072 C42F=01 PC=6CBC IX=C044 HL=0101
C4W_073 C426=00 PC=6C98 IX=C044 HL=1600
C4W_074 C427=16 PC=6C98 IX=C044 HL=1600
C4W_075 C470=02 PC=868C IX=C470 HL=C470
C4W_076 C476=3C PC=869D IX=C470 HL=C476
C4W_077 C480=02 PC=868C IX=C480 HL=C480
C4W_078 C486=3E PC=869D IX=C480 HL=C486
C4W_079 C439=00 PC=854B IX=C044 HL=C5A6
C4W_080 C42E=00 PC=6B77 IX=C044 HL=7C78
C4W_081 C42F=00 PC=6B77 IX=C044 HL=7C78
C4W_082 C42C=00 PC=6C54 IX=C044 HL=7C78
C4W_083 C42E=02 PC=6CBC IX=C044 HL=0202
C4W_084 C42F=02 PC=6CBC IX=C044 HL=0202
C4W_085 C426=00 PC=6C98 IX=C044 HL=1800
C4W_086 C427=18 PC=6C98 IX=C044 HL=1800
C4W_087 C470=02 PC=868C IX=C470 HL=C470
C4W_088 C476=3D PC=869D IX=C470 HL=C476
C4W_089 C480=02 PC=868C IX=C480 HL=C480
C4W_090 C486=3F PC=869D IX=C480 HL=C486
C4W_091 C439=00 PC=854B IX=C044 HL=C5A6
C4W_092 C42E=00 PC=6B77 IX=C044 HL=7C78
C4W_093 C42F=00 PC=6B77 IX=C044 HL=7C78
C4W_094 C42C=00 PC=6C54 IX=C044 HL=7C78
C4W_095 C42E=02 PC=6CBC IX=C044 HL=0202
C4W_096 C42F=02 PC=6CBC IX=C044 HL=0202
C4W_097 C426=00 PC=6C98 IX=C044 HL=1A00
C4W_098 C427=1A PC=6C98 IX=C044 HL=1A00
C4W_099 C470=02 PC=868C IX=C470 HL=C470
C4W_100 C476=3E PC=869D IX=C470 HL=C476
C4W_101 C480=02 PC=868C IX=C480 HL=C480
C4W_102 C486=40 PC=869D IX=C480 HL=C486
C4W_103 C439=00 PC=854B IX=C044 HL=C5A6
C4W_104 C42E=00 PC=6B77 IX=C044 HL=7C78
C4W_105 C42F=00 PC=6B77 IX=C044 HL=7C78
C4W_106 C42C=00 PC=6C54 IX=C044 HL=7C78
C4W_107 C42E=02 PC=6CBC IX=C044 HL=0202
C4W_108 C42F=02 PC=6CBC IX=C044 HL=0202
C4W_109 C426=00 PC=6C98 IX=C044 HL=1C00
C4W_110 C427=1C PC=6C98 IX=C044 HL=1C00
C4W_111 C470=02 PC=868C IX=C470 HL=C470
C4W_112 C476=3F PC=869D IX=C470 HL=C476
C4W_113 C480=02 PC=868C IX=C480 HL=C480
C4W_114 C486=41 PC=869D IX=C480 HL=C486
C4W_115 C439=00 PC=854B IX=C044 HL=C5A6
C4W_116 C42E=00 PC=6B77 IX=C044 HL=7C78
C4W_117 C42F=00 PC=6B77 IX=C044 HL=7C78
C4W_118 C42C=00 PC=6C54 IX=C044 HL=7C78
C4W_119 C42E=02 PC=6CBC IX=C044 HL=0202
C4W_120 C42F=02 PC=6CBC IX=C044 HL=0202
DAMAGE_MID_WALK PC=1A17 SP=F0D8 AF=0110 BC=000A DE=0080 HL=05AA IX=DB00 IY=C460
SHOT damage_24_mid_walk.png
DAMAGE_MID_WALK PC=1A17 SP=F0D8 AF=0110 BC=000A DE=0080 HL=05AA IX=DB00 IY=C460
DAMAGE_MID_WALK_C000 C000 05 00 40 C1 20 00 00 08 00 00 00 00 00 00 00 60 64 8A 6B 8A 72 8A 9E 50 00 00 00 00 27 A8 41 07 0D 04 01 05 00 05 0B 03 00 00 01 01 00 00 A8 94 3F A9 01 07 0E 06 04 03 00 05 0C 01 00 00 01 01 01 00 06 95 A1 95 01 07 0C 04 01 04 00 05 0A 03 42 AB 01 02 01 00 00 00 00 00 00 00 00 00 00 00 00 00 00 00 00 00 00 00 00 00 00 00 00 00 00 00 00 00 00 00 00 00 00 00 00 00 00 00 00 00 00 00
DAMAGE_MID_WALK_C400 C400 10 10 00 00 00 00 00 00 00 00 00 00 00 00 00 00 02 00 01 01 00 20 00 00 80 00 00 00 FF FF FF 01 00 00 00 00 00 B0 00 9A 00 00 00 00 00 00 02 02 00 00 00 00 00 00 00 00 00 00 00 00 00 00 00 00 00 00 00 00 00 00 00 00 00 00 00 00 00 00 00 00 00 00 00 00 E0 00 00 00 00 00 00 00 00 00 00 00 00 00 00 00 E0 00 00 00 00 00 00 00 00 00 00 00 02 90 40 00 01 01 7E E0 00 00 00 00 00 00 00 00 02 90 C0 00 01 01 80 E0 02 00 00 00 00 00 00 00 00 00 00 00 00 00 00 00 00 00 00 00 00 00 00 00 00 00 00 00 00 00 00 00 00 00 00 00 00 00 00 00
DAMAGE_MID_WALK_C800 C800 00 00 00 48 00 B8 01 00 00 E0 FF 94 00 01 18 00 00 00 00 00 00 00 00 00 00 00 00 00 00 00 00 00 08 00 39 99 40 02 01 39 99 50 4C 02 39 A9 44 02 03 39 A9 54 4C 04 39 B8 48 02 05 39 B8 58 4C 06 39 C7 4C 02 07 39 C7 5C 4C 00 00 00 00 00 00 00 00 00 00 00 00 00 00 00 00 00 00 00 00 00 00 00 00 00 00 00 00 00 00 00 00 00 00 00 00 00 00 00 00 00 00 00 00 00 00 00 00 00 00 00 00 00 01 01
HUDCMD_001 dx=184 dy=012 nx=064 ny=016 col=00 cmd=C0 PC=4943
KU row=8 mask=128 RIGHT
DAMAGE_AFTER_WALK PC=8503 SP=F0CA AF=0E08 BC=0804 DE=48A0 HL=1008 IX=C470 IY=C450
SHOT damage_28_after_walk.png
DAMAGE_AFTER_WALK PC=8503 SP=F0CA AF=0E08 BC=0804 DE=48A0 HL=1008 IX=C470 IY=C450
DAMAGE_AFTER_WALK_C000 C000 05 00 40 22 20 01 00 00 00 00 00 00 00 00 00 60 64 8A 6B 8A 72 8A 9E 50 00 00 00 00 AD 94 41 07 0D 07 00 05 00 06 00 2D 00 00 01 01 00 00 A8 94 3D A9 01 07 0E 06 04 03 00 06 08 08 00 00 01 01 00 00 19 95 C3 95 80 07 0C 04 01 04 00 06 00 11 0E AB 01 01 00 00 00 00 00 00 00 00 00 00 00 00 00 00 00 00 00 00 00 00 00 00 00 00 00 00 00 00 00 00 00 00 00 00 00 00 00 00 00 00 00 00 00 00
DAMAGE_AFTER_WALK_C400 C400 10 10 00 00 00 00 00 00 00 00 00 00 00 00 00 00 02 00 01 01 00 20 00 00 80 00 00 00 FF FF 00 02 00 00 00 00 00 B0 00 60 00 00 00 00 00 00 00 00 00 00 00 00 00 00 00 00 00 00 00 00 00 00 00 00 00 00 00 00 00 00 00 00 00 00 00 00 00 00 00 00 00 00 00 00 E0 00 00 00 00 00 00 00 00 00 00 00 00 00 00 00 E0 00 00 00 00 00 00 00 00 00 00 00 02 90 40 00 01 02 4A E0 18 00 00 00 00 00 00 00 02 90 C0 00 01 02 4C E0 1A 00 00 00 00 00 00 00 00 00 00 00 00 00 00 00 00 00 00 00 00 00 00 00 00 00 00 00 00 00 00 00 00 00 00 00 00 00 00 00
DAMAGE_AFTER_WALK_C800 C800 00 00 00 48 00 B8 01 00 00 E0 FF 94 00 01 18 00 00 00 00 00 00 00 00 00 00 00 00 00 00 00 00 00 08 00 39 99 40 02 01 39 99 50 4C 02 39 A9 44 02 03 39 A9 54 4C 04 39 B8 48 02 05 39 B8 58 4C 06 39 C7 4C 02 07 39 C7 5C 4C 00 00 00 00 00 00 00 00 00 00 00 00 00 00 00 00 00 00 00 00 00 00 00 00 00 00 00 00 00 00 00 00 00 00 00 00 00 00 00 00 00 00 00 00 00 00 00 00 00 00 00 00 00 01 01
KD row=8 mask=1 SPACE_ACTION
KU row=8 mask=1 SPACE_ACTION
DAMAGE_AFTER_SPACE PC=5F11 SP=F0CE AF=0080 BC=0004 DE=85CD HL=85A7 IX=C460 IY=0120
SHOT damage_29_after_space.png
DAMAGE_AFTER_SPACE PC=5F11 SP=F0CE AF=0080 BC=0004 DE=85CD HL=85A7 IX=C460 IY=0120
DAMAGE_AFTER_SPACE_C000 C000 05 00 40 40 20 01 00 00 00 00 00 00 00 00 00 10 64 8A 6B 8A 72 8A F1 89 00 00 00 00 B1 94 41 07 0D 07 00 05 00 02 08 00 00 00 01 01 00 00 A8 94 42 A9 01 07 0E 06 04 03 00 02 06 08 00 00 01 01 00 00 19 95 D1 95 01 07 0C 03 01 05 00 02 09 04 0F AB 01 01 00 00 00 00 00 00 01 00 00 00 00 00 00 01 00 00 CA 8E 02 02 00 00 00 00 00 00 00 00 00 00 00 00 00 00 00 00 00 00 00 00 00 00 00 00
DAMAGE_AFTER_SPACE_C400 C400 10 10 00 00 00 00 00 00 00 00 00 00 00 00 00 00 02 00 01 01 00 20 00 00 80 00 00 00 FF FF 00 02 00 00 00 00 00 B0 00 60 00 00 00 00 00 00 00 00 00 00 00 00 00 00 00 00 00 00 00 00 00 00 00 00 00 00 00 00 00 00 00 00 00 00 00 00 00 00 00 00 00 00 00 00 E0 00 00 00 00 00 00 00 00 00 00 00 00 00 00 00 E0 00 00 00 00 00 00 00 00 00 00 00 02 90 40 00 01 02 68 E0 18 00 00 00 00 00 00 00 02 90 C0 00 01 02 6A E0 1A 00 00 00 00 00 00 00 00 00 00 00 00 00 00 00 00 00 00 00 00 00 00 00 00 00 00 00 00 00 00 00 00 00 00 00 00 00 00 00
DAMAGE_AFTER_SPACE_C800 C800 00 00 00 48 00 B8 01 00 00 E0 FF 94 00 01 18 00 00 00 00 00 00 00 00 00 00 00 00 00 00 00 00 00 08 00 39 99 40 02 01 39 99 50 4C 02 39 A9 44 02 03 39 A9 54 4C 04 39 B8 48 02 05 39 B8 58 4C 06 39 C7 4C 02 07 39 C7 5C 4C 00 00 00 00 00 00 00 00 00 00 00 00 00 00 00 00 00 00 00 00 00 00 00 00 00 00 00 00 00 00 00 00 00 00 00 00 00 00 00 00 00 00 00 00 00 00 00 00 00 00 00 00 00 01 01
COUNTS hud_cmd=1 c0w=8521 c4w=2435
