ROM Vampire Killer SHA1 5EF7D03B138A2023F6DEF241B671C666F97ED83B
MACHINE C-BIOS_MSX2+
EXTENSIONS ERROR wrong # args: should be "ext extension"
DEBUG_LIST {VDP palette} ioports joystickports {Printer Port} {PSG regs} {VDP status regs} {VDP register latch status} {C-BIOS Main ROM romblocks} {C-BIOS MSX-MUSIC regs} {slotted memory} keymatrix {physical VRAM} {Main RAM regs} {C-BIOS Logo ROM romblocks} MapperIO {VDP palette latch status} {Vampire Killer - Akumaj? Dracula} {VDP regs} memory VRAM {C-BIOS Main ROM} {C-BIOS Sub ROM} {C-BIOS Logo ROM} {C-BIOS Sub ROM romblocks} {VDP data latch value} {CPU regs} {Vampire Killer - Akumaj? Dracula romblocks} {VRAM access status} {C-BIOS MSX-MUSIC ROM} {Main RAM} {VRAM pointer} {Real time clock SRAM}
MAP_WRITE_001_ADDR_B000_VAL_0F PC=0D42 SP=FFFF AF=0FA2 BC=F0A0 DE=FFFF HL=B000
MAP_WRITE_002_ADDR_B000_VAL_F0 PC=0D47 SP=FFFF AF=F072 BC=F0A0 DE=FFFF HL=B000
MAP_WRITE_003_ADDR_A000_VAL_0F PC=0D42 SP=FFFF AF=0FA2 BC=F0A0 DE=FFFF HL=A000
MAP_WRITE_004_ADDR_A000_VAL_F0 PC=0D47 SP=FFFF AF=F072 BC=F0A0 DE=FFFF HL=A000
MAP_WRITE_005_ADDR_9000_VAL_0F PC=0D42 SP=FFFF AF=0F82 BC=F0A0 DE=FFFF HL=9000
MAP_WRITE_006_ADDR_9000_VAL_F0 PC=0D47 SP=FFFF AF=F072 BC=F0A0 DE=FFFF HL=9000
MAP_WRITE_007_ADDR_8000_VAL_0F PC=0D42 SP=FFFF AF=0F82 BC=F0A0 DE=FFFF HL=8000
MAP_WRITE_008_ADDR_8000_VAL_F0 PC=0D47 SP=FFFF AF=F072 BC=F0A0 DE=FFFF HL=8000
VDP_CTRL_001_VAL_00 PC=0232 SP=F2FC AF=0041 BC=0000 DE=83A0 HL=FCC4
VDP_CTRL_002_VAL_80 PC=0237 SP=F2FC AF=8080 BC=0000 DE=83A0 HL=FCC4
VDP_CTRL_003_VAL_E0 PC=0232 SP=F2FC AF=E0A0 BC=E001 DE=83A0 HL=FCC4
VDP_CTRL_004_VAL_81 PC=0237 SP=F2FC AF=8184 BC=E001 DE=83A0 HL=FCC4
VDP_CTRL_005_VAL_00 PC=0232 SP=F2FC AF=00A0 BC=0002 DE=83A0 HL=FCC4
VDP_CTRL_006_VAL_82 PC=0237 SP=F2FC AF=8284 BC=0002 DE=83A0 HL=FCC4
VDP_CTRL_007_VAL_80 PC=0232 SP=F2FC AF=80A0 BC=8003 DE=83A0 HL=FCC4
VDP_CTRL_008_VAL_83 PC=0237 SP=F2FC AF=8380 BC=8003 DE=83A0 HL=FCC4
VDP_CTRL_009_VAL_01 PC=0232 SP=F2FC AF=01A0 BC=0104 DE=83A0 HL=FCC4
VDP_CTRL_010_VAL_84 PC=0237 SP=F2FC AF=8484 BC=0104 DE=83A0 HL=FCC4
VDP_CTRL_011_VAL_08 PC=0232 SP=F2FC AF=08A0 BC=0808 DE=83A0 HL=FCC4
VDP_CTRL_012_VAL_88 PC=0237 SP=F2FC AF=888C BC=0808 DE=83A0 HL=FCC4
VDP_CTRL_013_VAL_00 PC=027C SP=F2F6 AF=0044 BC=0300 DE=83A0 HL=0000
VDP_CTRL_014_VAL_8E PC=0280 SP=F2F6 AF=8E44 BC=0300 DE=83A0 HL=0000
VDP_CTRL_015_VAL_00 PC=0283 SP=F2F6 AF=0044 BC=0300 DE=83A0 HL=0000
VDP_CTRL_016_VAL_40 PC=028A SP=F2F6 AF=4000 BC=0300 DE=83A0 HL=0000
VDP_DATA_001_VAL_20 PC=02A5 SP=F2FA AF=20A8 BC=0003 DE=83A0 HL=0000
VDP_DATA_002_VAL_20 PC=02A5 SP=F2FA AF=20A8 BC=FF03 DE=83A0 HL=0000
VDP_DATA_003_VAL_20 PC=02A5 SP=F2FA AF=20A8 BC=FE03 DE=83A0 HL=0000
VDP_DATA_004_VAL_20 PC=02A5 SP=F2FA AF=20A8 BC=FD03 DE=83A0 HL=0000
VDP_DATA_005_VAL_20 PC=02A5 SP=F2FA AF=20A8 BC=FC03 DE=83A0 HL=0000
VDP_DATA_006_VAL_20 PC=02A5 SP=F2FA AF=20A8 BC=FB03 DE=83A0 HL=0000
VDP_DATA_007_VAL_20 PC=02A5 SP=F2FA AF=20A8 BC=FA03 DE=83A0 HL=0000
VDP_DATA_008_VAL_20 PC=02A5 SP=F2FA AF=20A8 BC=F903 DE=83A0 HL=0000
VDP_DATA_009_VAL_20 PC=02A5 SP=F2FA AF=20A8 BC=F803 DE=83A0 HL=0000
VDP_DATA_010_VAL_20 PC=02A5 SP=F2FA AF=20A8 BC=F703 DE=83A0 HL=0000
VDP_DATA_011_VAL_20 PC=02A5 SP=F2FA AF=20A8 BC=F603 DE=83A0 HL=0000
VDP_DATA_012_VAL_20 PC=02A5 SP=F2FA AF=20A8 BC=F503 DE=83A0 HL=0000
VDP_DATA_013_VAL_20 PC=02A5 SP=F2FA AF=20A8 BC=F403 DE=83A0 HL=0000
VDP_DATA_014_VAL_20 PC=02A5 SP=F2FA AF=20A8 BC=F303 DE=83A0 HL=0000
VDP_DATA_015_VAL_20 PC=02A5 SP=F2FA AF=20A8 BC=F203 DE=83A0 HL=0000
VDP_DATA_016_VAL_20 PC=02A5 SP=F2FA AF=20A8 BC=F103 DE=83A0 HL=0000
VDP_DATA_017_VAL_20 PC=02A5 SP=F2FA AF=20A8 BC=F003 DE=83A0 HL=0000
VDP_DATA_018_VAL_20 PC=02A5 SP=F2FA AF=20A8 BC=EF03 DE=83A0 HL=0000
VDP_DATA_019_VAL_20 PC=02A5 SP=F2FA AF=20A8 BC=EE03 DE=83A0 HL=0000
VDP_DATA_020_VAL_20 PC=02A5 SP=F2FA AF=20A8 BC=ED03 DE=83A0 HL=0000
VDP_DATA_021_VAL_20 PC=02A5 SP=F2FA AF=20A8 BC=EC03 DE=83A0 HL=0000
VDP_DATA_022_VAL_20 PC=02A5 SP=F2FA AF=20A8 BC=EB03 DE=83A0 HL=0000
VDP_DATA_023_VAL_20 PC=02A5 SP=F2FA AF=20A8 BC=EA03 DE=83A0 HL=0000
VDP_DATA_024_VAL_20 PC=02A5 SP=F2FA AF=20A8 BC=E903 DE=83A0 HL=0000
VDP_DATA_025_VAL_20 PC=02A5 SP=F2FA AF=20A8 BC=E803 DE=83A0 HL=0000
VDP_DATA_026_VAL_20 PC=02A5 SP=F2FA AF=20A8 BC=E703 DE=83A0 HL=0000
VDP_DATA_027_VAL_20 PC=02A5 SP=F2FA AF=20A8 BC=E603 DE=83A0 HL=0000
VDP_DATA_028_VAL_20 PC=02A5 SP=F2FA AF=20A8 BC=E503 DE=83A0 HL=0000
VDP_DATA_029_VAL_20 PC=02A5 SP=F2FA AF=20A8 BC=E403 DE=83A0 HL=0000
VDP_DATA_030_VAL_20 PC=02A5 SP=F2FA AF=20A8 BC=E303 DE=83A0 HL=0000
VDP_DATA_031_VAL_20 PC=02A5 SP=F2FA AF=20A8 BC=E203 DE=83A0 HL=0000
VDP_DATA_032_VAL_20 PC=02A5 SP=F2FA AF=20A8 BC=E103 DE=83A0 HL=0000
VDP_DATA_033_VAL_20 PC=02A5 SP=F2FA AF=20A8 BC=E003 DE=83A0 HL=0000
VDP_DATA_034_VAL_20 PC=02A5 SP=F2FA AF=20A8 BC=DF03 DE=83A0 HL=0000
VDP_DATA_035_VAL_20 PC=02A5 SP=F2FA AF=20A8 BC=DE03 DE=83A0 HL=0000
VDP_DATA_036_VAL_20 PC=02A5 SP=F2FA AF=20A8 BC=DD03 DE=83A0 HL=0000
VDP_DATA_037_VAL_20 PC=02A5 SP=F2FA AF=20A8 BC=DC03 DE=83A0 HL=0000
VDP_DATA_038_VAL_20 PC=02A5 SP=F2FA AF=20A8 BC=DB03 DE=83A0 HL=0000
VDP_DATA_039_VAL_20 PC=02A5 SP=F2FA AF=20A8 BC=DA03 DE=83A0 HL=0000
VDP_DATA_040_VAL_20 PC=02A5 SP=F2FA AF=20A8 BC=D903 DE=83A0 HL=0000
VDP_DATA_041_VAL_20 PC=02A5 SP=F2FA AF=20A8 BC=D803 DE=83A0 HL=0000
VDP_DATA_042_VAL_20 PC=02A5 SP=F2FA AF=20A8 BC=D703 DE=83A0 HL=0000
VDP_DATA_043_VAL_20 PC=02A5 SP=F2FA AF=20A8 BC=D603 DE=83A0 HL=0000
VDP_DATA_044_VAL_20 PC=02A5 SP=F2FA AF=20A8 BC=D503 DE=83A0 HL=0000
VDP_DATA_045_VAL_20 PC=02A5 SP=F2FA AF=20A8 BC=D403 DE=83A0 HL=0000
VDP_DATA_046_VAL_20 PC=02A5 SP=F2FA AF=20A8 BC=D303 DE=83A0 HL=0000
VDP_DATA_047_VAL_20 PC=02A5 SP=F2FA AF=20A8 BC=D203 DE=83A0 HL=0000
VDP_DATA_048_VAL_20 PC=02A5 SP=F2FA AF=20A8 BC=D103 DE=83A0 HL=0000
VDP_DATA_049_VAL_20 PC=02A5 SP=F2FA AF=20A8 BC=D003 DE=83A0 HL=0000
VDP_DATA_050_VAL_20 PC=02A5 SP=F2FA AF=20A8 BC=CF03 DE=83A0 HL=0000
VDP_DATA_051_VAL_20 PC=02A5 SP=F2FA AF=20A8 BC=CE03 DE=83A0 HL=0000
VDP_DATA_052_VAL_20 PC=02A5 SP=F2FA AF=20A8 BC=CD03 DE=83A0 HL=0000
VDP_DATA_053_VAL_20 PC=02A5 SP=F2FA AF=20A8 BC=CC03 DE=83A0 HL=0000
VDP_DATA_054_VAL_20 PC=02A5 SP=F2FA AF=20A8 BC=CB03 DE=83A0 HL=0000
VDP_DATA_055_VAL_20 PC=02A5 SP=F2FA AF=20A8 BC=CA03 DE=83A0 HL=0000
VDP_DATA_056_VAL_20 PC=02A5 SP=F2FA AF=20A8 BC=C903 DE=83A0 HL=0000
VDP_DATA_057_VAL_20 PC=02A5 SP=F2FA AF=20A8 BC=C803 DE=83A0 HL=0000
VDP_DATA_058_VAL_20 PC=02A5 SP=F2FA AF=20A8 BC=C703 DE=83A0 HL=0000
VDP_DATA_059_VAL_20 PC=02A5 SP=F2FA AF=20A8 BC=C603 DE=83A0 HL=0000
VDP_DATA_060_VAL_20 PC=02A5 SP=F2FA AF=20A8 BC=C503 DE=83A0 HL=0000
VDP_DATA_061_VAL_20 PC=02A5 SP=F2FA AF=20A8 BC=C403 DE=83A0 HL=0000
VDP_DATA_062_VAL_20 PC=02A5 SP=F2FA AF=20A8 BC=C303 DE=83A0 HL=0000
VDP_DATA_063_VAL_20 PC=02A5 SP=F2FA AF=20A8 BC=C203 DE=83A0 HL=0000
VDP_DATA_064_VAL_20 PC=02A5 SP=F2FA AF=20A8 BC=C103 DE=83A0 HL=0000
VDP_DATA_065_VAL_20 PC=02A5 SP=F2FA AF=20A8 BC=C003 DE=83A0 HL=0000
VDP_DATA_066_VAL_20 PC=02A5 SP=F2FA AF=20A8 BC=BF03 DE=83A0 HL=0000
VDP_DATA_067_VAL_20 PC=02A5 SP=F2FA AF=20A8 BC=BE03 DE=83A0 HL=0000
VDP_DATA_068_VAL_20 PC=02A5 SP=F2FA AF=20A8 BC=BD03 DE=83A0 HL=0000
VDP_DATA_069_VAL_20 PC=02A5 SP=F2FA AF=20A8 BC=BC03 DE=83A0 HL=0000
VDP_DATA_070_VAL_20 PC=02A5 SP=F2FA AF=20A8 BC=BB03 DE=83A0 HL=0000
VDP_DATA_071_VAL_20 PC=02A5 SP=F2FA AF=20A8 BC=BA03 DE=83A0 HL=0000
VDP_DATA_072_VAL_20 PC=02A5 SP=F2FA AF=20A8 BC=B903 DE=83A0 HL=0000
VDP_DATA_073_VAL_20 PC=02A5 SP=F2FA AF=20A8 BC=B803 DE=83A0 HL=0000
VDP_DATA_074_VAL_20 PC=02A5 SP=F2FA AF=20A8 BC=B703 DE=83A0 HL=0000
VDP_DATA_075_VAL_20 PC=02A5 SP=F2FA AF=20A8 BC=B603 DE=83A0 HL=0000
VDP_DATA_076_VAL_20 PC=02A5 SP=F2FA AF=20A8 BC=B503 DE=83A0 HL=0000
VDP_DATA_077_VAL_20 PC=02A5 SP=F2FA AF=20A8 BC=B403 DE=83A0 HL=0000
VDP_DATA_078_VAL_20 PC=02A5 SP=F2FA AF=20A8 BC=B303 DE=83A0 HL=0000
VDP_DATA_079_VAL_20 PC=02A5 SP=F2FA AF=20A8 BC=B203 DE=83A0 HL=0000
VDP_DATA_080_VAL_20 PC=02A5 SP=F2FA AF=20A8 BC=B103 DE=83A0 HL=0000
VDP_CTRL_017_VAL_00 PC=027C SP=F2F8 AF=0044 BC=0800 DE=FBCA HL=0800
VDP_CTRL_018_VAL_8E PC=0280 SP=F2F8 AF=8E44 BC=0800 DE=FBCA HL=0800
VDP_CTRL_019_VAL_00 PC=0283 SP=F2F8 AF=0044 BC=0800 DE=FBCA HL=0800
VDP_CTRL_020_VAL_48 PC=028A SP=F2F8 AF=480C BC=0800 DE=FBCA HL=0800
VDP_CTRL_021_VAL_00 PC=027C SP=F2F8 AF=0044 BC=0020 DE=FBCA HL=2000
VDP_CTRL_022_VAL_8E PC=0280 SP=F2F8 AF=8E44 BC=0020 DE=FBCA HL=2000
VDP_CTRL_023_VAL_00 PC=0283 SP=F2F8 AF=0044 BC=0020 DE=FBCA HL=2000
VDP_CTRL_024_VAL_60 PC=028A SP=F2F8 AF=6024 BC=0020 DE=FBCA HL=2000
VDP_CTRL_025_VAL_F5 PC=0232 SP=F2FC AF=F542 BC=F507 DE=FBCA HL=2000
VDP_CTRL_026_VAL_87 PC=0237 SP=F2FC AF=8784 BC=F507 DE=FBCA HL=2000
VDP_CTRL_027_VAL_00 PC=027C SP=F2FA AF=0044 BC=0800 DE=1BBF HL=0800
VDP_CTRL_028_VAL_8E PC=0280 SP=F2FA AF=8E44 BC=0800 DE=1BBF HL=0800
VDP_CTRL_029_VAL_00 PC=0283 SP=F2FA AF=0044 BC=0800 DE=1BBF HL=0800
VDP_CTRL_030_VAL_48 PC=028A SP=F2FA AF=480C BC=0800 DE=1BBF HL=0800
PSG_IDX_001_VAL_0F PC=1807 SP=F2FC AF=0F43 BC=0098 DE=238F HL=0800
PSG_DAT_002_VAL_8F PC=180B SP=F2FA AF=8F43 BC=0098 DE=238F HL=0800
PSG_IDX_003_VAL_08 PC=1807 SP=F2FC AF=0843 BC=0098 DE=2300 HL=0800
PSG_DAT_004_VAL_00 PC=180B SP=F2FA AF=0043 BC=0098 DE=2300 HL=0800
PSG_IDX_005_VAL_09 PC=1807 SP=F2FC AF=0909 BC=0098 DE=2300 HL=0800
PSG_DAT_006_VAL_00 PC=180B SP=F2FA AF=0009 BC=0098 DE=2300 HL=0800
PSG_IDX_007_VAL_0A PC=1807 SP=F2FC AF=0A09 BC=0098 DE=2300 HL=0800
PSG_DAT_008_VAL_00 PC=180B SP=F2FA AF=0009 BC=0098 DE=2300 HL=0800
PSG_IDX_009_VAL_07 PC=1807 SP=F2FC AF=0709 BC=0098 DE=23B8 HL=0800
PSG_DAT_010_VAL_B8 PC=180B SP=F2FA AF=B809 BC=0098 DE=23B8 HL=0800
VDP_CTRL_031_VAL_A0 PC=0403 SP=F2D6 AF=A0B4 BC=A001 DE=EA80 HL=0AFD
VDP_CTRL_032_VAL_81 PC=0408 SP=F2D6 AF=8184 BC=A001 DE=EA80 HL=0AFD
VDP_CTRL_033_VAL_F0 PC=0403 SP=F2D4 AF=F0A4 BC=F007 DE=EA80 HL=0AF0
VDP_CTRL_034_VAL_87 PC=0408 SP=F2D4 AF=8784 BC=F007 DE=EA80 HL=0AF0
VDP_CTRL_035_VAL_06 PC=0403 SP=F2D8 AF=0604 BC=0600 DE=EA80 HL=0AF0
VDP_CTRL_036_VAL_80 PC=0408 SP=F2D8 AF=8080 BC=0600 DE=EA80 HL=0AF0
VDP_CTRL_037_VAL_A0 PC=0403 SP=F2D8 AF=A000 BC=A001 DE=EA80 HL=0AF0
VDP_CTRL_038_VAL_81 PC=0408 SP=F2D8 AF=8184 BC=A001 DE=EA80 HL=0AF0
VDP_CTRL_039_VAL_1F PC=0403 SP=F2D8 AF=1F44 BC=1F02 DE=EA80 HL=7600
VDP_CTRL_040_VAL_82 PC=0408 SP=F2D8 AF=8284 BC=1F02 DE=EA80 HL=7600
VDP_CTRL_041_VAL_EF PC=0403 SP=F2D8 AF=EFA0 BC=EF05 DE=EA80 HL=7600
VDP_CTRL_042_VAL_85 PC=0408 SP=F2D8 AF=8580 BC=EF05 DE=EA80 HL=7600
VDP_CTRL_043_VAL_00 PC=0403 SP=F2D8 AF=00A0 BC=000B DE=EA80 HL=7600
VDP_CTRL_044_VAL_8B PC=0408 SP=F2D8 AF=8B8C BC=000B DE=EA80 HL=7600
VDP_CTRL_045_VAL_0F PC=0403 SP=F2D8 AF=0FA8 BC=0F06 DE=EA80 HL=7600
VDP_CTRL_046_VAL_86 PC=0408 SP=F2D8 AF=8680 BC=0F06 DE=EA80 HL=7600
VDP_CTRL_047_VAL_01 PC=09B9 SP=F2D2 AF=0144 BC=0006 DE=EAD9 HL=7600
VDP_CTRL_048_VAL_8E PC=09BD SP=F2D2 AF=8E44 BC=0006 DE=EAD9 HL=7600
VDP_CTRL_049_VAL_00 PC=09C1 SP=F2D4 AF=0044 BC=0006 DE=EAD9 HL=7600
VDP_CTRL_050_VAL_76 PC=0990 SP=F2D6 AF=7620 BC=0006 DE=EAD9 HL=7600
VDP_CTRL_051_VAL_02 PC=09D3 SP=F2D2 AF=0244 BC=0020 DE=0FD9 HL=0100
VDP_CTRL_052_VAL_8F PC=09D7 SP=F2D2 AF=8F44 BC=0020 DE=0FD9 HL=0100
VDP_CTRL_053_VAL_00 PC=09DD SP=F2D0 AF=0044 BC=0020 DE=0FD9 HL=0100
VDP_CTRL_054_VAL_8F PC=09E1 SP=F2D0 AF=8F44 BC=0020 DE=0FD9 HL=0100
VDP_CTRL_055_VAL_00 PC=0D63 SP=F2D6 AF=0044 BC=002C DE=0FD9 HL=0100
VDP_CTRL_056_VAL_AC PC=0D68 SP=F2D6 AF=ACAC BC=002C DE=0FD9 HL=0100
VDP_CTRL_057_VAL_00 PC=0D63 SP=F2D4 AF=00AC BC=0028 DE=0FD9 HL=0100
VDP_CTRL_058_VAL_A8 PC=0D68 SP=F2D4 AF=A8A8 BC=0028 DE=0FD9 HL=0100
VDP_CTRL_059_VAL_01 PC=0D63 SP=F2D6 AF=0128 BC=0029 DE=0FD9 HL=0100
VDP_CTRL_060_VAL_A9 PC=0D68 SP=F2D6 AF=A9AC BC=0029 DE=0FD9 HL=0100
VDP_CTRL_061_VAL_D4 PC=0D63 SP=F2D4 AF=D4AC BC=002A DE=0FD9 HL=00D4
VDP_CTRL_062_VAL_AA PC=0D68 SP=F2D4 AF=AAAC BC=002A DE=0FD9 HL=00D4
VDP_CTRL_063_VAL_00 PC=0D63 SP=F2D6 AF=0028 BC=002B DE=0FD9 HL=00D4
VDP_CTRL_064_VAL_AB PC=0D68 SP=F2D6 AF=ABA8 BC=002B DE=0FD9 HL=00D4
VDP_CTRL_065_VAL_00 PC=0D63 SP=F2D4 AF=00A8 BC=0024 DE=0FD9 HL=0000
VDP_CTRL_066_VAL_A4 PC=0D68 SP=F2D4 AF=A4A0 BC=0024 DE=0FD9 HL=0000
VDP_CTRL_067_VAL_00 PC=0D63 SP=F2D6 AF=0020 BC=0025 DE=0FD9 HL=0000
VDP_CTRL_068_VAL_A5 PC=0D68 SP=F2D6 AF=A5A4 BC=0025 DE=0FD9 HL=0000
VDP_CTRL_069_VAL_00 PC=0D63 SP=F2D4 AF=00A4 BC=0026 DE=0FD9 HL=0000
VDP_CTRL_070_VAL_A6 PC=0D68 SP=F2D4 AF=A6A4 BC=0026 DE=0FD9 HL=0000
VDP_CTRL_071_VAL_00 PC=0D63 SP=F2D6 AF=0020 BC=0027 DE=0FD9 HL=0000
VDP_CTRL_072_VAL_A7 PC=0D68 SP=F2D6 AF=A7A0 BC=0027 DE=0FD9 HL=0000
VDP_CTRL_073_VAL_00 PC=0D63 SP=F2D6 AF=00A0 BC=002D DE=0FD9 HL=0000
VDP_CTRL_074_VAL_AD PC=0D68 SP=F2D6 AF=ADA8 BC=002D DE=0FD9 HL=0000
VDP_CTRL_075_VAL_C0 PC=0D63 SP=F2D6 AF=C0A8 BC=002E DE=0FD9 HL=0000
VDP_CTRL_076_VAL_AE PC=0D68 SP=F2D6 AF=AEA8 BC=002E DE=0FD9 HL=0000
VDP_CTRL_077_VAL_02 PC=09D3 SP=F2D4 AF=02A8 BC=002E DE=0FD9 HL=0000
VDP_CTRL_078_VAL_8F PC=09D7 SP=F2D4 AF=8FA8 BC=002E DE=0FD9 HL=0000
VDP_CTRL_079_VAL_00 PC=09DD SP=F2D2 AF=0044 BC=002E DE=0FD9 HL=0000
VDP_CTRL_080_VAL_8F PC=09E1 SP=F2D2 AF=8F44 BC=002E DE=0FD9 HL=0000
VDP_CTRL_081_VAL_02 PC=09D3 SP=F2D4 AF=0281 BC=002E DE=0FD9 HL=0000
VDP_CTRL_082_VAL_8F PC=09D7 SP=F2D4 AF=8F81 BC=002E DE=0FD9 HL=0000
VDP_CTRL_083_VAL_00 PC=09DD SP=F2D2 AF=0044 BC=002E DE=0FD9 HL=0000
VDP_CTRL_084_VAL_8F PC=09E1 SP=F2D2 AF=8F44 BC=002E DE=0FD9 HL=0000
VDP_CTRL_085_VAL_02 PC=09D3 SP=F2D4 AF=0281 BC=002E DE=0FD9 HL=0000
VDP_CTRL_086_VAL_8F PC=09D7 SP=F2D4 AF=8F81 BC=002E DE=0FD9 HL=0000
VDP_CTRL_087_VAL_00 PC=09DD SP=F2D2 AF=0044 BC=002E DE=0FD9 HL=0000
VDP_CTRL_088_VAL_8F PC=09E1 SP=F2D2 AF=8F44 BC=002E DE=0FD9 HL=0000
VDP_CTRL_089_VAL_02 PC=09D3 SP=F2D4 AF=0281 BC=002E DE=0FD9 HL=0000
VDP_CTRL_090_VAL_8F PC=09D7 SP=F2D4 AF=8F81 BC=002E DE=0FD9 HL=0000
VDP_CTRL_091_VAL_00 PC=09DD SP=F2D2 AF=0044 BC=002E DE=0FD9 HL=0000
VDP_CTRL_092_VAL_8F PC=09E1 SP=F2D2 AF=8F44 BC=002E DE=0FD9 HL=0000
VDP_CTRL_093_VAL_02 PC=09D3 SP=F2D4 AF=0281 BC=002E DE=0FD9 HL=0000
VDP_CTRL_094_VAL_8F PC=09D7 SP=F2D4 AF=8F81 BC=002E DE=0FD9 HL=0000
VDP_CTRL_095_VAL_00 PC=09DD SP=F2D2 AF=0044 BC=002E DE=0FD9 HL=0000
VDP_CTRL_096_VAL_8F PC=09E1 SP=F2D2 AF=8F44 BC=002E DE=0FD9 HL=0000
VDP_CTRL_097_VAL_02 PC=09D3 SP=F2D4 AF=0281 BC=002E DE=0FD9 HL=0000
VDP_CTRL_098_VAL_8F PC=09D7 SP=F2D4 AF=8F81 BC=002E DE=0FD9 HL=0000
VDP_CTRL_099_VAL_00 PC=09DD SP=F2D2 AF=0044 BC=002E DE=0FD9 HL=0000
VDP_CTRL_100_VAL_8F PC=09E1 SP=F2D2 AF=8F44 BC=002E DE=0FD9 HL=0000
VDP_CTRL_101_VAL_02 PC=09D3 SP=F2D4 AF=0281 BC=002E DE=0FD9 HL=0000
VDP_CTRL_102_VAL_8F PC=09D7 SP=F2D4 AF=8F81 BC=002E DE=0FD9 HL=0000
VDP_CTRL_103_VAL_00 PC=09DD SP=F2D2 AF=0044 BC=002E DE=0FD9 HL=0000
VDP_CTRL_104_VAL_8F PC=09E1 SP=F2D2 AF=8F44 BC=002E DE=0FD9 HL=0000
VDP_CTRL_105_VAL_02 PC=09D3 SP=F2D4 AF=0281 BC=002E DE=0FD9 HL=0000
VDP_CTRL_106_VAL_8F PC=09D7 SP=F2D4 AF=8F81 BC=002E DE=0FD9 HL=0000
VDP_CTRL_107_VAL_00 PC=09DD SP=F2D2 AF=0044 BC=002E DE=0FD9 HL=0000
VDP_CTRL_108_VAL_8F PC=09E1 SP=F2D2 AF=8F44 BC=002E DE=0FD9 HL=0000
VDP_CTRL_109_VAL_02 PC=09D3 SP=F2D4 AF=02A1 BC=002E DE=0FD9 HL=0000
VDP_CTRL_110_VAL_8F PC=09D7 SP=F2D4 AF=8FA1 BC=002E DE=0FD9 HL=0000
VDP_CTRL_111_VAL_00 PC=09DD SP=F2D2 AF=0044 BC=002E DE=0FD9 HL=0000
VDP_CTRL_112_VAL_8F PC=09E1 SP=F2D2 AF=8F44 BC=002E DE=0FD9 HL=0000
VDP_CTRL_113_VAL_02 PC=09D3 SP=F2D4 AF=02A1 BC=002E DE=0FD9 HL=0000
VDP_CTRL_114_VAL_8F PC=09D7 SP=F2D4 AF=8FA1 BC=002E DE=0FD9 HL=0000
VDP_CTRL_115_VAL_00 PC=09DD SP=F2D2 AF=0044 BC=002E DE=0FD9 HL=0000
VDP_CTRL_116_VAL_8F PC=09E1 SP=F2D2 AF=8F44 BC=002E DE=0FD9 HL=0000
VDP_CTRL_117_VAL_02 PC=09D3 SP=F2D4 AF=02A1 BC=002E DE=0FD9 HL=0000
VDP_CTRL_118_VAL_8F PC=09D7 SP=F2D4 AF=8FA1 BC=002E DE=0FD9 HL=0000
VDP_CTRL_119_VAL_00 PC=09DD SP=F2D2 AF=0044 BC=002E DE=0FD9 HL=0000
VDP_CTRL_120_VAL_8F PC=09E1 SP=F2D2 AF=8F44 BC=002E DE=0FD9 HL=0000
SHOT_02S PC=1130 SP=F2FE AF=8E44 BC=599A DE=82D2 HL=FAFC
SHOT boot_02s.png
MAP_WRITE_009_ADDR_6000_VAL_01 PC=533D SP=F0EC AF=0180 BC=0000 DE=F0F0 HL=F0F1
MAP_WRITE_010_ADDR_8000_VAL_02 PC=5342 SP=F0EC AF=0200 BC=0000 DE=F0F0 HL=F0F1
MAP_WRITE_011_ADDR_A000_VAL_03 PC=5348 SP=F0EC AF=0300 BC=0000 DE=F0F0 HL=F0F2
MAP_WRITE_012_ADDR_6000_VAL_01 PC=533D SP=F0EC AF=0144 BC=0004 DE=5CE9 HL=F0F1
MAP_WRITE_013_ADDR_8000_VAL_02 PC=5342 SP=F0EC AF=0200 BC=0004 DE=5CE9 HL=F0F1
MAP_WRITE_014_ADDR_A000_VAL_03 PC=5348 SP=F0EC AF=0300 BC=0004 DE=5CE9 HL=F0F2
INPUT SPACE DOWN
MAP_WRITE_015_ADDR_8000_VAL_0E PC=4033 SP=F0D8 AF=0E44 BC=04F3 DE=01FF HL=247A
MAP_WRITE_016_ADDR_A000_VAL_0F PC=4038 SP=F0D8 AF=0F44 BC=04F3 DE=01FF HL=247A
PSG_IDX_011_VAL_07 PC=1807 SP=F0D4 AF=0744 BC=04F3 DE=01BC HL=247A
PSG_DAT_012_VAL_BC PC=180B SP=F0D2 AF=BC44 BC=04F3 DE=01BC HL=247A
PSG_IDX_013_VAL_08 PC=1807 SP=F0D4 AF=0808 BC=00F3 DE=8900 HL=C011
PSG_DAT_014_VAL_00 PC=180B SP=F0D2 AF=0008 BC=00F3 DE=8900 HL=C011
PSG_IDX_015_VAL_09 PC=1807 SP=F0D4 AF=0908 BC=01F3 DE=8900 HL=C013
PSG_DAT_016_VAL_00 PC=180B SP=F0D2 AF=0008 BC=01F3 DE=8900 HL=C013
PSG_IDX_017_VAL_0A PC=1807 SP=F0D4 AF=0A08 BC=02F3 DE=8900 HL=C015
PSG_DAT_018_VAL_00 PC=180B SP=F0D2 AF=0008 BC=02F3 DE=8900 HL=C015
PSG_IDX_019_VAL_0A PC=1807 SP=F0D6 AF=0A08 BC=03F3 DE=8900 HL=C017
PSG_DAT_020_VAL_00 PC=180B SP=F0D4 AF=0008 BC=03F3 DE=8900 HL=C017
MAP_WRITE_017_ADDR_8000_VAL_02 PC=4042 SP=F0D8 AF=0208 BC=03F3 DE=8900 HL=C017
MAP_WRITE_018_ADDR_A000_VAL_03 PC=4048 SP=F0D8 AF=0308 BC=03F3 DE=8900 HL=C017
MAP_WRITE_019_ADDR_8000_VAL_09 PC=5380 SP=F0CE AF=09A8 BC=0008 DE=0062 HL=F0F2
MAP_WRITE_020_ADDR_A000_VAL_0A PC=5386 SP=F0CE AF=0A08 BC=0008 DE=0062 HL=F0F3
MAP_WRITE_021_ADDR_6000_VAL_01 PC=533D SP=F0CE AF=0150 BC=0008 DE=0700 HL=F0F1
MAP_WRITE_022_ADDR_8000_VAL_02 PC=5342 SP=F0CE AF=0200 BC=0008 DE=0700 HL=F0F1
MAP_WRITE_023_ADDR_A000_VAL_03 PC=5348 SP=F0CE AF=0300 BC=0008 DE=0700 HL=F0F2
MAP_WRITE_024_ADDR_8000_VAL_0E PC=4033 SP=F0B6 AF=0E44 BC=0008 DE=01D9 HL=4028
MAP_WRITE_025_ADDR_A000_VAL_0F PC=4038 SP=F0B6 AF=0F44 BC=0008 DE=01D9 HL=4028
PSG_IDX_021_VAL_07 PC=1807 SP=F0B2 AF=0744 BC=0008 DE=01BC HL=4028
PSG_DAT_022_VAL_BC PC=180B SP=F0B0 AF=BC44 BC=0008 DE=01BC HL=4028
MAP_WRITE_026_ADDR_8000_VAL_02 PC=4042 SP=F0B6 AF=0244 BC=0308 DE=01BC HL=89F1
MAP_WRITE_027_ADDR_A000_VAL_03 PC=4048 SP=F0B6 AF=0344 BC=0308 DE=01BC HL=89F1
MAP_WRITE_028_ADDR_8000_VAL_0E PC=4033 SP=F0B0 AF=0E44 BC=0008 DE=01D9 HL=4028
MAP_WRITE_029_ADDR_A000_VAL_0F PC=4038 SP=F0B0 AF=0F44 BC=0008 DE=01D9 HL=4028
PSG_IDX_023_VAL_07 PC=1807 SP=F0AC AF=0744 BC=0008 DE=01BC HL=4028
PSG_DAT_024_VAL_BC PC=180B SP=F0AA AF=BC44 BC=0008 DE=01BC HL=4028
MAP_WRITE_030_ADDR_8000_VAL_02 PC=4042 SP=F0B0 AF=0244 BC=0308 DE=01BC HL=89F1
MAP_WRITE_031_ADDR_A000_VAL_03 PC=4048 SP=F0B0 AF=0344 BC=0308 DE=01BC HL=89F1
MAP_WRITE_032_ADDR_8000_VAL_0E PC=4033 SP=F0B4 AF=0E44 BC=0008 DE=01D9 HL=4028
MAP_WRITE_033_ADDR_A000_VAL_0F PC=4038 SP=F0B4 AF=0F44 BC=0008 DE=01D9 HL=4028
PSG_IDX_025_VAL_07 PC=1807 SP=F0B0 AF=0744 BC=0008 DE=01BC HL=4028
PSG_DAT_026_VAL_BC PC=180B SP=F0AE AF=BC44 BC=0008 DE=01BC HL=4028
MAP_WRITE_034_ADDR_8000_VAL_02 PC=4042 SP=F0B4 AF=0244 BC=0308 DE=01BC HL=89F1
MAP_WRITE_035_ADDR_A000_VAL_03 PC=4048 SP=F0B4 AF=0344 BC=0308 DE=01BC HL=89F1
MAP_WRITE_036_ADDR_6000_VAL_0B PC=5368 SP=F0CE AF=0B44 BC=A89B DE=0107 HL=F0F1
MAP_WRITE_037_ADDR_8000_VAL_0C PC=536E SP=F0CE AF=0C08 BC=A89B DE=0107 HL=F0F2
MAP_WRITE_038_ADDR_A000_VAL_0D PC=5374 SP=F0CE AF=0D08 BC=A89B DE=0107 HL=F0F3
MAP_WRITE_039_ADDR_8000_VAL_0E PC=4033 SP=F0A6 AF=0E44 BC=0008 DE=01D9 HL=4028
MAP_WRITE_040_ADDR_A000_VAL_0F PC=4038 SP=F0A6 AF=0F44 BC=0008 DE=01D9 HL=4028
PSG_IDX_027_VAL_07 PC=1807 SP=F0A2 AF=0744 BC=0008 DE=01BC HL=4028
PSG_DAT_028_VAL_BC PC=180B SP=F0A0 AF=BC44 BC=0008 DE=01BC HL=4028
MAP_WRITE_041_ADDR_8000_VAL_0C PC=4042 SP=F0A6 AF=0C44 BC=0308 DE=01BC HL=89F1
MAP_WRITE_042_ADDR_A000_VAL_0D PC=4048 SP=F0A6 AF=0D44 BC=0308 DE=01BC HL=89F1
MAP_WRITE_043_ADDR_8000_VAL_0E PC=4033 SP=F0A6 AF=0E44 BC=0008 DE=01D9 HL=4028
MAP_WRITE_044_ADDR_A000_VAL_0F PC=4038 SP=F0A6 AF=0F44 BC=0008 DE=01D9 HL=4028
PSG_IDX_029_VAL_07 PC=1807 SP=F0A2 AF=0744 BC=0008 DE=01BC HL=4028
PSG_DAT_030_VAL_BC PC=180B SP=F0A0 AF=BC44 BC=0008 DE=01BC HL=4028
MAP_WRITE_045_ADDR_8000_VAL_0C PC=4042 SP=F0A6 AF=0C44 BC=0308 DE=01BC HL=89F1
MAP_WRITE_046_ADDR_A000_VAL_0D PC=4048 SP=F0A6 AF=0D44 BC=0308 DE=01BC HL=89F1
MAP_WRITE_047_ADDR_8000_VAL_0E PC=4033 SP=F0A2 AF=0E44 BC=0008 DE=01D9 HL=4028
MAP_WRITE_048_ADDR_A000_VAL_0F PC=4038 SP=F0A2 AF=0F44 BC=0008 DE=01D9 HL=4028
PSG_IDX_031_VAL_07 PC=1807 SP=F09E AF=0744 BC=0008 DE=01BC HL=4028
PSG_DAT_032_VAL_BC PC=180B SP=F09C AF=BC44 BC=0008 DE=01BC HL=4028
MAP_WRITE_049_ADDR_8000_VAL_0C PC=4042 SP=F0A2 AF=0C44 BC=0308 DE=01BC HL=89F1
MAP_WRITE_050_ADDR_A000_VAL_0D PC=4048 SP=F0A2 AF=0D44 BC=0308 DE=01BC HL=89F1
MAP_WRITE_051_ADDR_8000_VAL_0E PC=4033 SP=F0A6 AF=0E44 BC=0008 DE=01D9 HL=4028
MAP_WRITE_052_ADDR_A000_VAL_0F PC=4038 SP=F0A6 AF=0F44 BC=0008 DE=01D9 HL=4028
PSG_IDX_033_VAL_07 PC=1807 SP=F0A2 AF=0744 BC=0008 DE=01BC HL=4028
PSG_DAT_034_VAL_BC PC=180B SP=F0A0 AF=BC44 BC=0008 DE=01BC HL=4028
MAP_WRITE_053_ADDR_8000_VAL_0C PC=4042 SP=F0A6 AF=0C44 BC=0308 DE=01BC HL=89F1
MAP_WRITE_054_ADDR_A000_VAL_0D PC=4048 SP=F0A6 AF=0D44 BC=0308 DE=01BC HL=89F1
INPUT SPACE UP
MAP_WRITE_055_ADDR_8000_VAL_0E PC=4033 SP=F0A6 AF=0E44 BC=0008 DE=01D9 HL=4028
MAP_WRITE_056_ADDR_A000_VAL_0F PC=4038 SP=F0A6 AF=0F44 BC=0008 DE=01D9 HL=4028
PSG_IDX_035_VAL_07 PC=1807 SP=F0A2 AF=0744 BC=0008 DE=01BC HL=4028
PSG_DAT_036_VAL_BC PC=180B SP=F0A0 AF=BC44 BC=0008 DE=01BC HL=4028
MAP_WRITE_057_ADDR_8000_VAL_0C PC=4042 SP=F0A6 AF=0C44 BC=0308 DE=01BC HL=89F1
MAP_WRITE_058_ADDR_A000_VAL_0D PC=4048 SP=F0A6 AF=0D44 BC=0308 DE=01BC HL=89F1
MAP_WRITE_059_ADDR_8000_VAL_0E PC=4033 SP=F0A6 AF=0E44 BC=0008 DE=01D9 HL=4028
MAP_WRITE_060_ADDR_A000_VAL_0F PC=4038 SP=F0A6 AF=0F44 BC=0008 DE=01D9 HL=4028
PSG_IDX_037_VAL_07 PC=1807 SP=F0A2 AF=0744 BC=0008 DE=01BC HL=4028
PSG_DAT_038_VAL_BC PC=180B SP=F0A0 AF=BC44 BC=0008 DE=01BC HL=4028
MAP_WRITE_061_ADDR_8000_VAL_0C PC=4042 SP=F0A6 AF=0C44 BC=0308 DE=01BC HL=89F1
MAP_WRITE_062_ADDR_A000_VAL_0D PC=4048 SP=F0A6 AF=0D44 BC=0308 DE=01BC HL=89F1
MAP_WRITE_063_ADDR_8000_VAL_0E PC=4033 SP=F0A4 AF=0E44 BC=0008 DE=01D9 HL=4028
MAP_WRITE_064_ADDR_A000_VAL_0F PC=4038 SP=F0A4 AF=0F44 BC=0008 DE=01D9 HL=4028
PSG_IDX_039_VAL_07 PC=1807 SP=F0A0 AF=0744 BC=0008 DE=01BC HL=4028
PSG_DAT_040_VAL_BC PC=180B SP=F09E AF=BC44 BC=0008 DE=01BC HL=4028
MAP_WRITE_065_ADDR_8000_VAL_0C PC=4042 SP=F0A4 AF=0C44 BC=0308 DE=01BC HL=89F1
MAP_WRITE_066_ADDR_A000_VAL_0D PC=4048 SP=F0A4 AF=0D44 BC=0308 DE=01BC HL=89F1
MAP_WRITE_067_ADDR_8000_VAL_0E PC=4033 SP=F0A6 AF=0E44 BC=0008 DE=01D9 HL=4028
MAP_WRITE_068_ADDR_A000_VAL_0F PC=4038 SP=F0A6 AF=0F44 BC=0008 DE=01D9 HL=4028
PSG_IDX_041_VAL_07 PC=1807 SP=F0A2 AF=0744 BC=0008 DE=01BC HL=4028
PSG_DAT_042_VAL_BC PC=180B SP=F0A0 AF=BC44 BC=0008 DE=01BC HL=4028
MAP_WRITE_069_ADDR_8000_VAL_0C PC=4042 SP=F0A6 AF=0C44 BC=0308 DE=01BC HL=89F1
MAP_WRITE_070_ADDR_A000_VAL_0D PC=4048 SP=F0A6 AF=0D44 BC=0308 DE=01BC HL=89F1
MAP_WRITE_071_ADDR_6000_VAL_01 PC=533D SP=F0CE AF=01A8 BC=0003 DE=A808 HL=F0F1
MAP_WRITE_072_ADDR_8000_VAL_02 PC=5342 SP=F0CE AF=0200 BC=0003 DE=A808 HL=F0F1
MAP_WRITE_073_ADDR_A000_VAL_03 PC=5348 SP=F0CE AF=0300 BC=0003 DE=A808 HL=F0F2
MAP_WRITE_074_ADDR_8000_VAL_0E PC=4033 SP=F0AA AF=0E44 BC=0008 DE=01D9 HL=4028
MAP_WRITE_075_ADDR_A000_VAL_0F PC=4038 SP=F0AA AF=0F44 BC=0008 DE=01D9 HL=4028
PSG_IDX_043_VAL_07 PC=1807 SP=F0A6 AF=0744 BC=0008 DE=01BC HL=4028
PSG_DAT_044_VAL_BC PC=180B SP=F0A4 AF=BC44 BC=0008 DE=01BC HL=4028
MAP_WRITE_076_ADDR_8000_VAL_02 PC=4042 SP=F0AA AF=0244 BC=0308 DE=01BC HL=89F1
MAP_WRITE_077_ADDR_A000_VAL_03 PC=4048 SP=F0AA AF=0344 BC=0308 DE=01BC HL=89F1
MAP_WRITE_078_ADDR_8000_VAL_0E PC=4033 SP=F0AE AF=0E44 BC=0008 DE=01D9 HL=4028
MAP_WRITE_079_ADDR_A000_VAL_0F PC=4038 SP=F0AE AF=0F44 BC=0008 DE=01D9 HL=4028
PSG_IDX_045_VAL_07 PC=1807 SP=F0AA AF=0744 BC=0008 DE=01BC HL=4028
PSG_DAT_046_VAL_BC PC=180B SP=F0A8 AF=BC44 BC=0008 DE=01BC HL=4028
MAP_WRITE_080_ADDR_8000_VAL_02 PC=4042 SP=F0AE AF=0244 BC=0308 DE=01BC HL=89F1
PSG_IDX_047_VAL_0F PC=1807 SP=F0D2 AF=0F00 BC=0008 DE=308F HL=C001
PSG_DAT_048_VAL_8F PC=180B SP=F0D0 AF=8F00 BC=0008 DE=308F HL=C001
PSG_IDX_049_VAL_0E PC=1810 SP=F0D2 AF=0E00 BC=0008 DE=308F HL=C001
PSG_IDX_050_VAL_07 PC=1807 SP=F0D4 AF=0744 BC=04F3 DE=01BC HL=247A
PSG_DAT_051_VAL_BC PC=180B SP=F0D2 AF=BC44 BC=04F3 DE=01BC HL=247A
PSG_IDX_052_VAL_0F PC=1807 SP=F0D2 AF=0F44 BC=0000 DE=418F HL=C420
PSG_DAT_053_VAL_8F PC=180B SP=F0D0 AF=8F44 BC=0000 DE=418F HL=C420
PSG_IDX_054_VAL_0E PC=1810 SP=F0D2 AF=0E44 BC=0000 DE=418F HL=C420
PSG_IDX_055_VAL_07 PC=1807 SP=F0D4 AF=0744 BC=04F3 DE=01BC HL=247A
PSG_DAT_056_VAL_BC PC=180B SP=F0D2 AF=BC44 BC=04F3 DE=01BC HL=247A
PSG_IDX_057_VAL_0F PC=1807 SP=F0D2 AF=0F44 BC=A89B DE=288F HL=A801
PSG_DAT_058_VAL_8F PC=180B SP=F0D0 AF=8F44 BC=A89B DE=288F HL=A801
PSG_IDX_059_VAL_0E PC=1810 SP=F0D2 AF=0E44 BC=A89B DE=288F HL=A801
PSG_IDX_060_VAL_07 PC=1807 SP=F0D4 AF=0744 BC=04F3 DE=01BC HL=247A
PSG_DAT_061_VAL_BC PC=180B SP=F0D2 AF=BC44 BC=04F3 DE=01BC HL=247A
PSG_IDX_062_VAL_0F PC=1807 SP=F0D2 AF=0F44 BC=0000 DE=418F HL=C420
PSG_DAT_063_VAL_8F PC=180B SP=F0D0 AF=8F44 BC=0000 DE=418F HL=C420
PSG_IDX_064_VAL_0E PC=1810 SP=F0D2 AF=0E44 BC=0000 DE=418F HL=C420
PSG_IDX_065_VAL_07 PC=1807 SP=F0D4 AF=0744 BC=04F3 DE=01BC HL=247A
PSG_DAT_066_VAL_BC PC=180B SP=F0D2 AF=BC44 BC=04F3 DE=01BC HL=247A
PSG_IDX_067_VAL_0F PC=1807 SP=F0D2 AF=0F44 BC=A89B DE=288F HL=A802
PSG_DAT_068_VAL_8F PC=180B SP=F0D0 AF=8F44 BC=A89B DE=288F HL=A802
PSG_IDX_069_VAL_0E PC=1810 SP=F0D2 AF=0E44 BC=A89B DE=288F HL=A802
PSG_IDX_070_VAL_07 PC=1807 SP=F0D4 AF=0744 BC=04F3 DE=01BC HL=247A
PSG_DAT_071_VAL_BC PC=180B SP=F0D2 AF=BC44 BC=04F3 DE=01BC HL=247A
PSG_IDX_072_VAL_0F PC=1807 SP=F0D2 AF=0F44 BC=0000 DE=418F HL=C420
PSG_DAT_073_VAL_8F PC=180B SP=F0D0 AF=8F44 BC=0000 DE=418F HL=C420
PSG_IDX_074_VAL_0E PC=1810 SP=F0D2 AF=0E44 BC=0000 DE=418F HL=C420
PSG_IDX_075_VAL_07 PC=1807 SP=F0D4 AF=0744 BC=04F3 DE=01BC HL=247A
PSG_DAT_076_VAL_BC PC=180B SP=F0D2 AF=BC44 BC=04F3 DE=01BC HL=247A
PSG_IDX_077_VAL_0F PC=1807 SP=F0D2 AF=0F44 BC=A89B DE=288F HL=A803
PSG_DAT_078_VAL_8F PC=180B SP=F0D0 AF=8F44 BC=A89B DE=288F HL=A803
PSG_IDX_079_VAL_0E PC=1810 SP=F0D2 AF=0E44 BC=A89B DE=288F HL=A803
PSG_IDX_080_VAL_07 PC=1807 SP=F0D4 AF=0744 BC=04F3 DE=01BC HL=247A
SHOT_06S PC=40C3 SP=F0F0 AF=0044 BC=0008 DE=01D9 HL=4028
SHOT boot_06s.png
INPUT SPACE2 DOWN
INPUT SPACE2 UP
SHOT_10S PC=40C3 SP=F0F0 AF=0044 BC=0008 DE=01D9 HL=4028
SHOT boot_10s.png
COUNTS vdp_ctrl=38604 vdp_data=31746 psg=2274 mapper=1949
