RUN focused door transition
KD row=8 mask=1 SPACE1
KU row=8 mask=1 SPACE1
KD row=8 mask=1 SPACE2
KU row=8 mask=1 SPACE2
T22_START PC=40C3 SP=F0F0 AF=0044 BC=0008 DE=01D9 HL=4028 IX=4075 IY=0120
SHOT doorfocus_22_start.png
T22_START C000=05 C001=00 C002=40 C003=76 C004=20 C005=00 C00F=68 C410=02:00:01:01 C426=1000 C42E=00 C42F=00
KD row=8 mask=128 RIGHT_LONG
T31_BEFORE PC=7936 SP=F0D0 AF=0054 BC=3E27 DE=C425 HL=D442 IX=C460 IY=0120
SHOT doorfocus_31_before_door.png
T31_BEFORE C000=05 C001=00 C002=40 C003=74 C004=20 C005=01 C00F=48 C410=02:00:01:01 C426=2C00 C42E=01 C42F=01
DUMP doorfocus_31_ram_c000_cfff.bin memory:C000 len=4096
MAP_001 8000=0E PC=5ED1
MAP_002 8000=02 PC=5EEC
MAP_003 8000=0E PC=4033
MAP_004 A000=0F PC=4038
C0W_001 C094=00 PC=89C6 IX=C4E0 HL=8A64
C0W_002 C095=00 PC=89CA IX=C4E0 HL=8A64
C0W_003 C025=00 PC=8A8A IX=C01C HL=8A64
C0W_004 C020=0B PC=8BEF IX=C01C HL=94C6
C0W_005 C021=03 PC=8BFA IX=C01C HL=94C6
C0W_006 C022=00 PC=8C01 IX=C01C HL=94C7
C0W_007 C01C=C8 PC=8AD9 IX=C01C HL=94C8
C0W_008 C01D=94 PC=8ADC IX=C01C HL=94C8
C0W_009 C025=07 PC=8AEF IX=C01C HL=94C8
C0W_010 C027=04 PC=8B12 IX=C01C HL=94C8
C0W_011 C026=0B PC=8B4A IX=C01C HL=8B8C
C0W_012 C097=9C PC=8A3B IX=C01C HL=8A46
C0W_013 C094=01 PC=89C6 IX=C01C HL=8A6B
C0W_014 C095=01 PC=89CA IX=C01C HL=8A6B
C0W_015 C039=07 PC=8A8A IX=C030 HL=8A6B
C0W_016 C094=02 PC=89C6 IX=C030 HL=8A72
C0W_017 C095=02 PC=89CA IX=C030 HL=8A72
C0W_018 C04D=00 PC=8A8A IX=C044 HL=8A72
C0W_019 C044=E5 PC=8AD9 IX=C044 HL=95E5
C0W_020 C045=95 PC=8ADC IX=C044 HL=95E5
C0W_021 C04D=07 PC=8AEF IX=C044 HL=95E5
C0W_022 C046=80 PC=8B01 IX=C044 HL=95E5
C0W_023 C050=32 PC=8B6A IX=C044 HL=AADF
C0W_024 C051=AB PC=8B6F IX=C044 HL=AAE0
C0W_025 C046=00 PC=8B72 IX=C044 HL=AAE0
C0W_026 C052=01 PC=8B78 IX=C044 HL=AAE0
C0W_027 C094=02 PC=89C6 IX=C044 HL=509E
C0W_028 C095=03 PC=89CA IX=C044 HL=509E
MAP_005 8000=02 PC=4042
MAP_006 A000=03 PC=4048
C0W_029 C005=00 PC=405C IX=DB00 HL=DB00
MAP_007 8000=0E PC=4033
MAP_008 A000=0F PC=4038
C0W_030 C094=00 PC=89C6 IX=4075 HL=8A64
C0W_031 C095=00 PC=89CA IX=4075 HL=8A64
C0W_032 C025=06 PC=8A8A IX=C01C HL=8A64
C0W_033 C026=0A PC=8AA9 IX=C01C HL=8A64
C0W_034 C094=01 PC=89C6 IX=C01C HL=8A6B
C0W_035 C095=01 PC=89CA IX=C01C HL=8A6B
C0W_036 C039=06 PC=8A8A IX=C030 HL=8A6B
C0W_037 C094=02 PC=89C6 IX=C030 HL=8A72
C0W_038 C095=02 PC=89CA IX=C030 HL=8A72
C0W_039 C04D=06 PC=8A8A IX=C044 HL=8A72
C0W_040 C052=00 PC=8CA8 IX=C044 HL=8A72
C0W_041 C052=01 PC=8CB1 IX=C044 HL=8A72
C0W_042 C097=9C PC=8A3B IX=C044 HL=8A50
C0W_043 C04E=00 PC=8D61 IX=C044 HL=AB33
C0W_044 C052=01 PC=8D6A IX=C044 HL=AB34
C0W_045 C053=01 PC=8D6D IX=C044 HL=AB34
C0W_046 C050=37 PC=8D10 IX=C044 HL=AB37
C0W_047 C051=AB PC=8D13 IX=C044 HL=AB37
C0W_048 C094=02 PC=89C6 IX=C044 HL=509E
C0W_049 C095=03 PC=89CA IX=C044 HL=509E
MAP_009 8000=02 PC=4042
MAP_010 A000=03 PC=4048
C0W_050 C005=01 PC=4053 IX=C044 HL=C005
C0W_051 C00C=00 PC=4BB5 IX=C044 HL=C00C
C0W_052 C00B=00 PC=4BB9 IX=C044 HL=C00B
C0W_053 C007=08 PC=4BB5 IX=C044 HL=C007
C0W_054 C006=00 PC=4BB9 IX=C044 HL=C006
C0W_055 C003=75 PC=4150 IX=C044 HL=C003
C0W_056 C00F=30 PC=6568 IX=C044 HL=C00F
MAP_011 6000=0B PC=5368
MAP_012 8000=0C PC=536E
MAP_013 A000=0D PC=5374
MAP_014 6000=01 PC=533D
MAP_015 8000=02 PC=5342
MAP_016 A000=03 PC=5348
MAP_017 8000=0E PC=5ED1
MAP_018 8000=02 PC=5EEC
MAP_019 8000=0E PC=4033
MAP_020 A000=0F PC=4038
C0W_057 C094=00 PC=89C6 IX=C4A0 HL=8A64
C0W_058 C095=00 PC=89CA IX=C4A0 HL=8A64
C0W_059 C025=05 PC=8A8A IX=C01C HL=8A64
C0W_060 C026=09 PC=8AA9 IX=C01C HL=8A64
C0W_061 C094=01 PC=89C6 IX=C01C HL=8A6B
C0W_062 C095=01 PC=89CA IX=C01C HL=8A6B
C0W_063 C039=05 PC=8A8A IX=C030 HL=8A6B
C0W_064 C094=02 PC=89C6 IX=C030 HL=8A72
C0W_065 C095=02 PC=89CA IX=C030 HL=8A72
C0W_066 C04D=05 PC=8A8A IX=C044 HL=8A72
C0W_067 C052=00 PC=8CA8 IX=C044 HL=8A72
C0W_068 C052=01 PC=8CB1 IX=C044 HL=8A72
C0W_069 C097=B8 PC=8A3B IX=C044 HL=8A4A
C0W_070 C04E=00 PC=8D61 IX=C044 HL=AB38
C0W_071 C052=01 PC=8D6A IX=C044 HL=AB39
C0W_072 C053=01 PC=8D6D IX=C044 HL=AB39
C0W_073 C050=3B PC=8D10 IX=C044 HL=AB3B
C0W_074 C051=AB PC=8D13 IX=C044 HL=AB3B
C0W_075 C094=02 PC=89C6 IX=C044 HL=509E
C0W_076 C095=03 PC=89CA IX=C044 HL=509E
MAP_021 8000=02 PC=4042
MAP_022 A000=03 PC=4048
SCRCMD_001 sx=032 sy=368 dx=064 dy=144 nx=016 ny=016 col=00 cmd=98 PC=4A24
C0W_077 C005=00 PC=405C IX=DB00 HL=DB00
MAP_023 8000=0E PC=4033
MAP_024 A000=0F PC=4038
C0W_078 C094=00 PC=89C6 IX=4075 HL=8A64
C0W_079 C095=00 PC=89CA IX=4075 HL=8A64
C0W_080 C025=04 PC=8A8A IX=C01C HL=8A64
C0W_081 C026=08 PC=8AA9 IX=C01C HL=8A64
C0W_082 C094=01 PC=89C6 IX=C01C HL=8A6B
C0W_083 C095=01 PC=89CA IX=C01C HL=8A6B
C0W_084 C039=04 PC=8A8A IX=C030 HL=8A6B
C0W_085 C094=02 PC=89C6 IX=C030 HL=8A72
C0W_086 C095=02 PC=89CA IX=C030 HL=8A72
C0W_087 C04D=04 PC=8A8A IX=C044 HL=8A72
C0W_088 C052=00 PC=8CA8 IX=C044 HL=8A72
C0W_089 C052=01 PC=8CB1 IX=C044 HL=8A72
C0W_090 C097=9C PC=8A3B IX=C044 HL=8A50
C0W_091 C04E=00 PC=8D61 IX=C044 HL=AB3C
C0W_092 C052=02 PC=8D6A IX=C044 HL=AB3D
C0W_093 C053=02 PC=8D6D IX=C044 HL=AB3D
C0W_094 C050=40 PC=8D10 IX=C044 HL=AB40
C0W_095 C051=AB PC=8D13 IX=C044 HL=AB40
C0W_096 C094=02 PC=89C6 IX=C044 HL=509E
C0W_097 C095=03 PC=89CA IX=C044 HL=509E
MAP_025 8000=02 PC=4042
MAP_026 A000=03 PC=4048
C0W_098 C005=01 PC=4053 IX=C044 HL=C005
C0W_099 C00C=00 PC=4BB5 IX=C044 HL=C00C
C0W_100 C00B=00 PC=4BB9 IX=C044 HL=C00B
C0W_101 C007=08 PC=4BB5 IX=C044 HL=C007
C0W_102 C006=00 PC=4BB9 IX=C044 HL=C006
C0W_103 C003=76 PC=4150 IX=C044 HL=C003
C0W_104 C00F=18 PC=6568 IX=C044 HL=C00F
MAP_027 6000=0B PC=5368
MAP_028 8000=0C PC=536E
MAP_029 A000=0D PC=5374
MAP_030 6000=01 PC=533D
MAP_031 8000=02 PC=5342
MAP_032 A000=03 PC=5348
MAP_033 8000=0E PC=5ED1
MAP_034 8000=02 PC=5EEC
MAP_035 8000=0E PC=4033
MAP_036 A000=0F PC=4038
C0W_105 C094=00 PC=89C6 IX=C4A0 HL=8A64
C0W_106 C095=00 PC=89CA IX=C4A0 HL=8A64
C0W_107 C025=03 PC=8A8A IX=C01C HL=8A64
C0W_108 C094=01 PC=89C6 IX=C01C HL=8A6B
C0W_109 C095=01 PC=89CA IX=C01C HL=8A6B
C0W_110 C039=03 PC=8A8A IX=C030 HL=8A6B
C0W_111 C03A=07 PC=8AA9 IX=C030 HL=8A6B
C0W_112 C094=02 PC=89C6 IX=C030 HL=8A72
C0W_113 C095=02 PC=89CA IX=C030 HL=8A72
C0W_114 C04D=03 PC=8A8A IX=C044 HL=8A72
C0W_115 C052=01 PC=8CA8 IX=C044 HL=8A72
C0W_116 C094=02 PC=89C6 IX=C044 HL=509E
C0W_117 C095=03 PC=89CA IX=C044 HL=509E
MAP_037 8000=02 PC=4042
MAP_038 A000=03 PC=4048
C0W_118 C005=00 PC=405C IX=DB00 HL=DB00
MAP_039 8000=0E PC=4033
MAP_040 A000=0F PC=4038
C0W_119 C094=00 PC=89C6 IX=4075 HL=8A64
C0W_120 C095=00 PC=89CA IX=4075 HL=8A64
C0W_121 C025=02 PC=8A8A IX=C01C HL=8A64
C0W_122 C094=01 PC=89C6 IX=C01C HL=8A6B
C0W_123 C095=01 PC=89CA IX=C01C HL=8A6B
C0W_124 C039=02 PC=8A8A IX=C030 HL=8A6B
C0W_125 C03A=06 PC=8AA9 IX=C030 HL=8A6B
C0W_126 C094=02 PC=89C6 IX=C030 HL=8A72
C0W_127 C095=02 PC=89CA IX=C030 HL=8A72
C0W_128 C04D=02 PC=8A8A IX=C044 HL=8A72
C0W_129 C052=00 PC=8CA8 IX=C044 HL=8A72
C0W_130 C052=02 PC=8CB1 IX=C044 HL=8A72
C0W_131 C050=42 PC=8D10 IX=C044 HL=AB42
C0W_132 C051=AB PC=8D13 IX=C044 HL=AB42
C0W_133 C094=02 PC=89C6 IX=C044 HL=509E
C0W_134 C095=03 PC=89CA IX=C044 HL=509E
MAP_041 8000=02 PC=4042
MAP_042 A000=03 PC=4048
C0W_135 C005=01 PC=4053 IX=C044 HL=C005
C0W_136 C00C=00 PC=4BB5 IX=C044 HL=C00C
C0W_137 C00B=00 PC=4BB9 IX=C044 HL=C00B
C0W_138 C007=08 PC=4BB5 IX=C044 HL=C007
C0W_139 C006=00 PC=4BB9 IX=C044 HL=C006
C0W_140 C003=77 PC=4150 IX=C044 HL=C003
C0W_141 C00F=00 PC=6568 IX=C044 HL=C00F
MAP_043 6000=0B PC=5368
MAP_044 8000=0C PC=536E
MAP_045 A000=0D PC=5374
MAP_046 6000=01 PC=533D
MAP_047 8000=02 PC=5342
MAP_048 A000=03 PC=5348
MAP_049 8000=0E PC=5ED1
MAP_050 8000=02 PC=5EEC
MAP_051 8000=0E PC=4033
MAP_052 A000=0F PC=4038
C0W_142 C094=00 PC=89C6 IX=C4F0 HL=8A64
C0W_143 C095=00 PC=89CA IX=C4F0 HL=8A64
C0W_144 C025=01 PC=8A8A IX=C01C HL=8A64
C0W_145 C094=01 PC=89C6 IX=C01C HL=8A6B
C0W_146 C095=01 PC=89CA IX=C01C HL=8A6B
C0W_147 C039=01 PC=8A8A IX=C030 HL=8A6B
C0W_148 C03A=05 PC=8AA9 IX=C030 HL=8A6B
C0W_149 C094=02 PC=89C6 IX=C030 HL=8A72
C0W_150 C095=02 PC=89CA IX=C030 HL=8A72
C0W_151 C04D=01 PC=8A8A IX=C044 HL=8A72
C0W_152 C052=01 PC=8CA8 IX=C044 HL=8A72
C0W_153 C094=02 PC=89C6 IX=C044 HL=509E
C0W_154 C095=03 PC=89CA IX=C044 HL=509E
MAP_053 8000=02 PC=4042
MAP_054 A000=03 PC=4048
C0W_155 C005=00 PC=405C IX=DB00 HL=DB00
MAP_055 8000=0E PC=4033
MAP_056 A000=0F PC=4038
C0W_156 C094=00 PC=89C6 IX=4075 HL=8A64
C0W_157 C095=00 PC=89CA IX=4075 HL=8A64
C0W_158 C025=00 PC=8A8A IX=C01C HL=8A64
C0W_159 C01C=C9 PC=8AD9 IX=C01C HL=94C9
C0W_160 C01D=94 PC=8ADC IX=C01C HL=94C9
C0W_161 C025=07 PC=8AEF IX=C01C HL=94C9
C0W_162 C027=04 PC=8B12 IX=C01C HL=94C9
C0W_163 C026=0B PC=8B4A IX=C01C HL=8B86
C0W_164 C097=9C PC=8A3B IX=C01C HL=8A46
C0W_165 C094=01 PC=89C6 IX=C01C HL=8A6B
C0W_166 C095=01 PC=89CA IX=C01C HL=8A6B
C0W_167 C039=00 PC=8A8A IX=C030 HL=8A6B
C0W_168 C030=23 PC=8AD9 IX=C030 HL=9523
C0W_169 C031=95 PC=8ADC IX=C030 HL=9523
C0W_170 C039=0E PC=8AEF IX=C030 HL=9523
C0W_171 C03B=08 PC=8B12 IX=C030 HL=9523
C0W_172 C03A=0E PC=8B4A IX=C030 HL=8B96
C0W_173 C097=9C PC=8A3B IX=C030 HL=8A48
C0W_174 C094=02 PC=89C6 IX=C030 HL=8A72
C0W_175 C095=02 PC=89CA IX=C030 HL=8A72
C0W_176 C04D=00 PC=8A8A IX=C044 HL=8A72
C0W_177 C044=E6 PC=8AD9 IX=C044 HL=95E6
C0W_178 C045=95 PC=8ADC IX=C044 HL=95E6
C0W_179 C04D=07 PC=8AEF IX=C044 HL=95E6
C0W_180 C046=00 PC=8B01 IX=C044 HL=95E6
C0W_181 C050=09 PC=8B6A IX=C044 HL=AAD9
C0W_182 C051=AB PC=8B6F IX=C044 HL=AADA
C0W_183 C046=00 PC=8B72 IX=C044 HL=AADA
C0W_184 C052=01 PC=8B78 IX=C044 HL=AADA
C0W_185 C094=02 PC=89C6 IX=C044 HL=509E
C0W_186 C095=03 PC=89CA IX=C044 HL=509E
MAP_057 8000=02 PC=4042
MAP_058 A000=03 PC=4048
C0W_187 C005=01 PC=4053 IX=C044 HL=C005
C0W_188 C00C=00 PC=4BB5 IX=C044 HL=C00C
C0W_189 C00B=00 PC=4BB9 IX=C044 HL=C00B
C0W_190 C007=08 PC=4BB5 IX=C044 HL=C007
C0W_191 C006=00 PC=4BB9 IX=C044 HL=C006
C0W_192 C003=78 PC=4150 IX=C044 HL=C003
C0W_193 C00F=68 PC=6568 IX=C044 HL=C00F
MAP_059 6000=0B PC=5368
MAP_060 8000=0C PC=536E
MAP_061 A000=0D PC=5374
MAP_062 6000=01 PC=533D
MAP_063 8000=02 PC=5342
MAP_064 A000=03 PC=5348
MAP_065 8000=0E PC=5ED1
MAP_066 8000=02 PC=5EEC
MAP_067 8000=0E PC=4033
MAP_068 A000=0F PC=4038
C0W_194 C094=00 PC=89C6 IX=DB00 HL=8A64
C0W_195 C095=00 PC=89CA IX=DB00 HL=8A64
C0W_196 C025=06 PC=8A8A IX=C01C HL=8A64
C0W_197 C026=0A PC=8AA9 IX=C01C HL=8A64
C0W_198 C094=01 PC=89C6 IX=C01C HL=8A6B
C0W_199 C095=01 PC=89CA IX=C01C HL=8A6B
C0W_200 C039=0D PC=8A8A IX=C030 HL=8A6B
C0W_201 C03A=0D PC=8AA9 IX=C030 HL=8A6B
C0W_202 C094=02 PC=89C6 IX=C030 HL=8A72
C0W_203 C095=02 PC=89CA IX=C030 HL=8A72
C0W_204 C04D=06 PC=8A8A IX=C044 HL=8A72
C0W_205 C052=00 PC=8CA8 IX=C044 HL=8A72
C0W_206 C052=02 PC=8CB1 IX=C044 HL=8A72
C0W_207 C097=9C PC=8A3B IX=C044 HL=8A50
C0W_208 C04E=00 PC=8D61 IX=C044 HL=AB0A
C0W_209 C052=01 PC=8D6A IX=C044 HL=AB0B
C0W_210 C053=01 PC=8D6D IX=C044 HL=AB0B
C0W_211 C050=0E PC=8D10 IX=C044 HL=AB0E
C0W_212 C051=AB PC=8D13 IX=C044 HL=AB0E
C0W_213 C094=02 PC=89C6 IX=C044 HL=509E
C0W_214 C095=03 PC=89CA IX=C044 HL=509E
MAP_069 8000=02 PC=4042
MAP_070 A000=03 PC=4048
C0W_215 C005=00 PC=405C IX=DB00 HL=DB00
MAP_071 8000=0E PC=4033
MAP_072 A000=0F PC=4038
C0W_216 C094=00 PC=89C6 IX=4075 HL=8A64
C0W_217 C095=00 PC=89CA IX=4075 HL=8A64
C0W_218 C025=05 PC=8A8A IX=C01C HL=8A64
C0W_219 C026=09 PC=8AA9 IX=C01C HL=8A64
C0W_220 C094=01 PC=89C6 IX=C01C HL=8A6B
MAP_073 8000=02 PC=4042
MAP_074 A000=03 PC=4048
MAP_075 6000=0B PC=5368
MAP_076 8000=0C PC=536E
MAP_077 A000=0D PC=5374
MAP_078 6000=01 PC=533D
MAP_079 8000=02 PC=5342
MAP_080 A000=03 PC=5348
MAP_081 8000=0E PC=5ED1
MAP_082 8000=02 PC=5EEC
MAP_083 8000=0E PC=4033
MAP_084 A000=0F PC=4038
MAP_085 8000=02 PC=4042
MAP_086 A000=03 PC=4048
SCRCMD_002 sx=048 sy=368 dx=064 dy=144 nx=016 ny=016 col=00 cmd=98 PC=4A24
MAP_087 8000=0E PC=4033
MAP_088 A000=0F PC=4038
MAP_089 8000=02 PC=4042
MAP_090 A000=03 PC=4048
MAP_091 6000=0B PC=5368
MAP_092 8000=0C PC=536E
MAP_093 A000=0D PC=5374
MAP_094 6000=01 PC=533D
MAP_095 8000=02 PC=5342
MAP_096 A000=03 PC=5348
MAP_097 8000=0E PC=5ED1
MAP_098 8000=02 PC=5EEC
MAP_099 8000=0E PC=4033
MAP_100 A000=0F PC=4038
MAP_101 8000=02 PC=4042
MAP_102 A000=03 PC=4048
MAP_103 8000=0E PC=4033
MAP_104 A000=0F PC=4038
MAP_105 8000=02 PC=4042
MAP_106 A000=03 PC=4048
MAP_107 6000=0B PC=5368
MAP_108 8000=0C PC=536E
MAP_109 A000=0D PC=5374
MAP_110 6000=01 PC=533D
MAP_111 8000=02 PC=5342
MAP_112 A000=03 PC=5348
MAP_113 8000=0E PC=5ED1
MAP_114 8000=02 PC=5EEC
MAP_115 8000=0E PC=4033
MAP_116 A000=0F PC=4038
MAP_117 8000=02 PC=4042
MAP_118 A000=03 PC=4048
MAP_119 8000=0E PC=4033
MAP_120 A000=0F PC=4038
MAP_121 8000=02 PC=4042
MAP_122 A000=03 PC=4048
MAP_123 6000=0B PC=5368
MAP_124 8000=0C PC=536E
MAP_125 A000=0D PC=5374
MAP_126 6000=01 PC=533D
MAP_127 8000=02 PC=5342
MAP_128 A000=03 PC=5348
MAP_129 8000=0E PC=5ED1
MAP_130 8000=02 PC=5EEC
MAP_131 8000=0E PC=4033
MAP_132 A000=0F PC=4038
MAP_133 8000=02 PC=4042
MAP_134 A000=03 PC=4048
MAP_135 8000=0E PC=4033
MAP_136 A000=0F PC=4038
MAP_137 8000=02 PC=4042
MAP_138 A000=03 PC=4048
MAP_139 6000=0B PC=5368
MAP_140 8000=0C PC=536E
MAP_141 A000=0D PC=5374
MAP_142 6000=01 PC=533D
MAP_143 8000=02 PC=5342
MAP_144 A000=03 PC=5348
MAP_145 8000=0E PC=5ED1
MAP_146 8000=02 PC=5EEC
MAP_147 8000=0E PC=4033
MAP_148 A000=0F PC=4038
MAP_149 8000=02 PC=4042
MAP_150 A000=03 PC=4048
SCRCMD_003 sx=048 sy=368 dx=064 dy=144 nx=016 ny=016 col=00 cmd=98 PC=4A24
MAP_151 8000=0E PC=4033
MAP_152 A000=0F PC=4038
MAP_153 8000=02 PC=4042
MAP_154 A000=03 PC=4048
MAP_155 6000=0B PC=5368
MAP_156 8000=0C PC=536E
MAP_157 A000=0D PC=5374
MAP_158 6000=01 PC=533D
MAP_159 8000=02 PC=5342
MAP_160 A000=03 PC=5348
SCRCMD_004 sx=032 sy=368 dx=064 dy=144 nx=016 ny=016 col=00 cmd=98 PC=4A24
SCRCMD_005 sx=032 sy=368 dx=064 dy=144 nx=016 ny=016 col=00 cmd=98 PC=4A24
SCRCMD_006 sx=048 sy=368 dx=064 dy=144 nx=016 ny=016 col=00 cmd=98 PC=4A24
SCRCMD_007 sx=048 sy=368 dx=064 dy=144 nx=016 ny=016 col=00 cmd=98 PC=4A24
SCRCMD_008 sx=032 sy=368 dx=064 dy=144 nx=016 ny=016 col=00 cmd=98 PC=4A24
SCRCMD_009 sx=032 sy=368 dx=064 dy=144 nx=016 ny=016 col=00 cmd=98 PC=4A24
SCRCMD_010 sx=048 sy=368 dx=064 dy=144 nx=016 ny=016 col=00 cmd=98 PC=4A24
SCRCMD_011 sx=048 sy=368 dx=064 dy=144 nx=016 ny=016 col=00 cmd=98 PC=4A24
SCRCMD_012 sx=032 sy=368 dx=064 dy=144 nx=016 ny=016 col=00 cmd=98 PC=4A24
SCRCMD_013 sx=032 sy=368 dx=064 dy=144 nx=016 ny=016 col=00 cmd=98 PC=4A24
SCRCMD_014 sx=048 sy=368 dx=064 dy=144 nx=016 ny=016 col=00 cmd=98 PC=4A24
SCRCMD_015 sx=048 sy=368 dx=064 dy=144 nx=016 ny=016 col=00 cmd=98 PC=4A24
SCRCMD_016 sx=032 sy=368 dx=064 dy=144 nx=016 ny=016 col=00 cmd=98 PC=4A24
SCRCMD_017 sx=032 sy=368 dx=064 dy=144 nx=016 ny=016 col=00 cmd=98 PC=4A24
SCRCMD_018 sx=048 sy=368 dx=064 dy=144 nx=016 ny=016 col=00 cmd=98 PC=4A24
SCRCMD_019 sx=048 sy=368 dx=064 dy=144 nx=016 ny=016 col=00 cmd=98 PC=4A24
SCRCMD_020 sx=032 sy=368 dx=064 dy=144 nx=016 ny=016 col=00 cmd=98 PC=4A24
SCRCMD_021 sx=032 sy=368 dx=064 dy=144 nx=016 ny=016 col=00 cmd=98 PC=4A24
SCRCMD_022 sx=048 sy=368 dx=064 dy=144 nx=016 ny=016 col=00 cmd=98 PC=4A24
HUDCMD_001 sx=080 sy=368 dx=164 dy=012 nx=016 ny=016 col=00 cmd=D0 PC=4987
SCRCMD_023 sx=048 sy=368 dx=064 dy=144 nx=016 ny=016 col=00 cmd=98 PC=4A24
SCRCMD_024 sx=032 sy=368 dx=064 dy=144 nx=016 ny=016 col=00 cmd=98 PC=4A24
SCRCMD_025 sx=032 sy=368 dx=064 dy=144 nx=016 ny=016 col=00 cmd=98 PC=4A24
SCRCMD_026 sx=048 sy=368 dx=064 dy=144 nx=016 ny=016 col=00 cmd=98 PC=4A24
SCRCMD_027 sx=048 sy=368 dx=064 dy=144 nx=016 ny=016 col=00 cmd=98 PC=4A24
SCRCMD_028 sx=032 sy=368 dx=064 dy=144 nx=016 ny=016 col=00 cmd=98 PC=4A24
SCRCMD_029 sx=032 sy=368 dx=064 dy=144 nx=016 ny=016 col=00 cmd=98 PC=4A24
SCRCMD_030 sx=048 sy=368 dx=064 dy=144 nx=016 ny=016 col=00 cmd=98 PC=4A24
T35_IN_DOOR PC=40C3 SP=F0F0 AF=0044 BC=0008 DE=01D9 HL=4028 IX=4075 IY=0120
SHOT doorfocus_35_in_door.png
T35_IN_DOOR C000=04 C001=00 C002=40 C003=EC C004=20 C005=00 C00F=20 C410=03:01:01:01 C426=E800 C42E=00 C42F=00
HUDCMD_002 sx=024 sy=328 dx=008 dy=000 nx=008 ny=008 col=00 cmd=D0 PC=4987
HUDCMD_003 sx=152 sy=320 dx=016 dy=000 nx=008 ny=008 col=00 cmd=D0 PC=4987
HUDCMD_004 sx=248 sy=320 dx=024 dy=000 nx=008 ny=008 col=00 cmd=D0 PC=4987
HUDCMD_005 sx=016 sy=328 dx=032 dy=000 nx=008 ny=008 col=00 cmd=D0 PC=4987
HUDCMD_006 sx=168 sy=320 dx=040 dy=000 nx=008 ny=008 col=00 cmd=D0 PC=4987
HUDCMD_007 sx=128 sy=320 dx=048 dy=000 nx=008 ny=008 col=00 cmd=D0 PC=4987
HUDCMD_008 sx=000 sy=328 dx=008 dy=012 nx=008 ny=008 col=00 cmd=D0 PC=4987
HUDCMD_009 sx=224 sy=320 dx=016 dy=012 nx=008 ny=008 col=00 cmd=D0 PC=4987
HUDCMD_010 sx=136 sy=320 dx=024 dy=012 nx=008 ny=008 col=00 cmd=D0 PC=4987
HUDCMD_011 sx=072 sy=328 dx=032 dy=012 nx=008 ny=008 col=00 cmd=D0 PC=4987
HUDCMD_012 sx=168 sy=320 dx=040 dy=012 nx=008 ny=008 col=00 cmd=D0 PC=4987
HUDCMD_013 sx=016 sy=328 dx=048 dy=012 nx=008 ny=008 col=00 cmd=D0 PC=4987
HUDCMD_014 sx=168 sy=320 dx=008 dy=020 nx=008 ny=008 col=00 cmd=D0 PC=4987
HUDCMD_015 sx=240 sy=320 dx=016 dy=020 nx=008 ny=008 col=00 cmd=D0 PC=4987
HUDCMD_016 sx=168 sy=320 dx=024 dy=020 nx=008 ny=008 col=00 cmd=D0 PC=4987
HUDCMD_017 sx=232 sy=320 dx=032 dy=020 nx=008 ny=008 col=00 cmd=D0 PC=4987
HUDCMD_018 sx=072 sy=328 dx=040 dy=020 nx=008 ny=008 col=00 cmd=D0 PC=4987
HUDCMD_019 sx=128 sy=328 dx=176 dy=000 nx=008 ny=008 col=00 cmd=D0 PC=4987
HUDCMD_020 sx=128 sy=320 dx=184 dy=000 nx=008 ny=008 col=00 cmd=D0 PC=4987
HUDCMD_021 sx=000 sy=328 dx=212 dy=000 nx=008 ny=008 col=00 cmd=D0 PC=4987
HUDCMD_022 sx=128 sy=320 dx=220 dy=000 nx=008 ny=008 col=00 cmd=D0 PC=4987
HUDCMD_023 sx=024 sy=328 dx=108 dy=000 nx=008 ny=008 col=00 cmd=D0 PC=4987
HUDCMD_024 sx=032 sy=328 dx=116 dy=000 nx=008 ny=008 col=00 cmd=D0 PC=4987
HUDCMD_025 sx=136 sy=320 dx=124 dy=000 nx=008 ny=008 col=00 cmd=D0 PC=4987
HUDCMD_026 sx=184 sy=320 dx=132 dy=000 nx=008 ny=008 col=00 cmd=D0 PC=4987
HUDCMD_027 sx=168 sy=320 dx=140 dy=000 nx=008 ny=008 col=00 cmd=D0 PC=4987
HUDCMD_028 sx=128 sy=320 dx=148 dy=000 nx=008 ny=008 col=00 cmd=D0 PC=4987
HUDCMD_029 sx=000 sy=320 dx=156 dy=000 nx=008 ny=008 col=00 cmd=D0 PC=4987
HUDCMD_030 sx=008 sy=320 dx=164 dy=000 nx=008 ny=008 col=00 cmd=D0 PC=4987
HUDCMD_031 sx=000 sy=320 dx=192 dy=000 nx=008 ny=008 col=00 cmd=D0 PC=4987
HUDCMD_032 sx=000 sy=320 dx=200 dy=000 nx=008 ny=008 col=00 cmd=D0 PC=4987
HUDCMD_033 sx=000 sy=320 dx=228 dy=000 nx=008 ny=008 col=00 cmd=D0 PC=4987
HUDCMD_034 sx=016 sy=320 dx=236 dy=000 nx=008 ny=008 col=00 cmd=D0 PC=4987
HUDCMD_035 sx=016 sy=320 dx=059 dy=013 nx=066 ny=006 col=00 cmd=C0 PC=4943
HUDCMD_036 sx=016 sy=320 dx=059 dy=013 nx=005 ny=000 col=0E cmd=70 PC=48D9
HUDCMD_037 sx=016 sy=320 dx=059 dy=013 nx=065 ny=000 col=0E cmd=70 PC=48A5
HUDCMD_038 sx=016 sy=320 dx=059 dy=018 nx=065 ny=000 col=0E cmd=70 PC=48A5
HUDCMD_039 sx=016 sy=320 dx=124 dy=013 nx=005 ny=000 col=0E cmd=70 PC=48D9
HUDCMD_040 sx=016 sy=320 dx=060 dy=014 nx=064 ny=004 col=11 cmd=C0 PC=4943
HUDCMD_041 sx=016 sy=320 dx=059 dy=022 nx=066 ny=006 col=00 cmd=C0 PC=4943
HUDCMD_042 sx=016 sy=320 dx=059 dy=022 nx=005 ny=000 col=0E cmd=70 PC=48D9
HUDCMD_043 sx=016 sy=320 dx=059 dy=022 nx=065 ny=000 col=0E cmd=70 PC=48A5
HUDCMD_044 sx=016 sy=320 dx=059 dy=027 nx=065 ny=000 col=0E cmd=70 PC=48A5
HUDCMD_045 sx=016 sy=320 dx=124 dy=022 nx=005 ny=000 col=0E cmd=70 PC=48D9
HUDCMD_046 sx=016 sy=320 dx=060 dy=023 nx=064 ny=004 col=88 cmd=C0 PC=4943
HUDCMD_047 sx=016 sy=320 dx=127 dy=011 nx=017 ny=000 col=08 cmd=70 PC=48D9
HUDCMD_048 sx=016 sy=320 dx=127 dy=011 nx=017 ny=000 col=08 cmd=70 PC=48A5
HUDCMD_049 sx=016 sy=320 dx=127 dy=028 nx=017 ny=000 col=08 cmd=70 PC=48A5
HUDCMD_050 sx=016 sy=320 dx=144 dy=011 nx=017 ny=000 col=08 cmd=70 PC=48D9
HUDCMD_051 sx=016 sy=320 dx=147 dy=011 nx=017 ny=000 col=0E cmd=70 PC=48D9
HUDCMD_052 sx=016 sy=320 dx=147 dy=011 nx=033 ny=000 col=0E cmd=70 PC=48A5
HUDCMD_053 sx=016 sy=320 dx=147 dy=028 nx=033 ny=000 col=0E cmd=70 PC=48A5
HUDCMD_054 sx=016 sy=320 dx=180 dy=011 nx=017 ny=000 col=0E cmd=70 PC=48D9
HUDCMD_055 sx=016 sy=320 dx=183 dy=011 nx=017 ny=000 col=0E cmd=70 PC=48D9
HUDCMD_056 sx=016 sy=320 dx=183 dy=011 nx=065 ny=000 col=0E cmd=70 PC=48A5
HUDCMD_057 sx=016 sy=320 dx=183 dy=028 nx=065 ny=000 col=0E cmd=70 PC=48A5
HUDCMD_058 sx=016 sy=320 dx=248 dy=011 nx=017 ny=000 col=0E cmd=70 PC=48D9
HUDCMD_059 sx=080 sy=368 dx=128 dy=012 nx=016 ny=016 col=00 cmd=D0 PC=4987
HUDCMD_060 sx=080 sy=368 dx=148 dy=012 nx=016 ny=016 col=00 cmd=D0 PC=4987
HUDCMD_061 sx=080 sy=368 dx=164 dy=012 nx=016 ny=016 col=00 cmd=D0 PC=4987
HUDCMD_062 sx=080 sy=368 dx=184 dy=012 nx=064 ny=016 col=00 cmd=C0 PC=4943
HUDCMD_063 sx=000 sy=320 dx=056 dy=000 nx=008 ny=008 col=00 cmd=D0 PC=4987
HUDCMD_064 sx=000 sy=320 dx=064 dy=000 nx=008 ny=008 col=00 cmd=D0 PC=4987
HUDCMD_065 sx=000 sy=320 dx=072 dy=000 nx=008 ny=008 col=00 cmd=D0 PC=4987
HUDCMD_066 sx=000 sy=320 dx=080 dy=000 nx=008 ny=008 col=00 cmd=D0 PC=4987
HUDCMD_067 sx=000 sy=320 dx=088 dy=000 nx=008 ny=008 col=00 cmd=D0 PC=4987
HUDCMD_068 sx=000 sy=320 dx=096 dy=000 nx=008 ny=008 col=00 cmd=D0 PC=4987
SCRCMD_031 sx=096 sy=264 dx=000 dy=032 nx=008 ny=008 col=00 cmd=D0 PC=4987
SCRCMD_032 sx=104 sy=264 dx=008 dy=032 nx=008 ny=008 col=00 cmd=D0 PC=4987
SCRCMD_033 sx=112 sy=264 dx=016 dy=032 nx=008 ny=008 col=00 cmd=D0 PC=4987
SCRCMD_034 sx=120 sy=264 dx=024 dy=032 nx=008 ny=008 col=00 cmd=D0 PC=4987
SCRCMD_035 sx=064 sy=280 dx=032 dy=032 nx=008 ny=008 col=00 cmd=D0 PC=4987
SCRCMD_036 sx=072 sy=280 dx=040 dy=032 nx=008 ny=008 col=00 cmd=D0 PC=4987
SCRCMD_037 sx=080 sy=280 dx=048 dy=032 nx=008 ny=008 col=00 cmd=D0 PC=4987
SCRCMD_038 sx=088 sy=280 dx=056 dy=032 nx=008 ny=008 col=00 cmd=D0 PC=4987
SCRCMD_039 sx=112 sy=256 dx=064 dy=032 nx=008 ny=008 col=00 cmd=D0 PC=4987
SCRCMD_040 sx=120 sy=256 dx=072 dy=032 nx=008 ny=008 col=00 cmd=D0 PC=4987
SCRCMD_041 sx=112 sy=256 dx=080 dy=032 nx=008 ny=008 col=00 cmd=D0 PC=4987
SCRCMD_042 sx=120 sy=256 dx=088 dy=032 nx=008 ny=008 col=00 cmd=D0 PC=4987
SCRCMD_043 sx=160 sy=256 dx=096 dy=032 nx=008 ny=008 col=00 cmd=D0 PC=4987
SCRCMD_044 sx=152 sy=256 dx=104 dy=032 nx=008 ny=008 col=00 cmd=D0 PC=4987
SCRCMD_045 sx=152 sy=256 dx=112 dy=032 nx=008 ny=008 col=00 cmd=D0 PC=4987
SCRCMD_046 sx=176 sy=256 dx=120 dy=032 nx=008 ny=008 col=00 cmd=D0 PC=4987
SCRCMD_047 sx=096 sy=264 dx=128 dy=032 nx=008 ny=008 col=00 cmd=D0 PC=4987
SCRCMD_048 sx=104 sy=264 dx=136 dy=032 nx=008 ny=008 col=00 cmd=D0 PC=4987
SCRCMD_049 sx=112 sy=264 dx=144 dy=032 nx=008 ny=008 col=00 cmd=D0 PC=4987
SCRCMD_050 sx=120 sy=264 dx=152 dy=032 nx=008 ny=008 col=00 cmd=D0 PC=4987
SCRCMD_051 sx=192 sy=280 dx=160 dy=032 nx=008 ny=008 col=00 cmd=D0 PC=4987
SCRCMD_052 sx=200 sy=280 dx=168 dy=032 nx=008 ny=008 col=00 cmd=D0 PC=4987
SCRCMD_053 sx=208 sy=280 dx=176 dy=032 nx=008 ny=008 col=00 cmd=D0 PC=4987
SCRCMD_054 sx=216 sy=280 dx=184 dy=032 nx=008 ny=008 col=00 cmd=D0 PC=4987
SCRCMD_055 sx=112 sy=256 dx=192 dy=032 nx=008 ny=008 col=00 cmd=D0 PC=4987
SCRCMD_056 sx=120 sy=256 dx=200 dy=032 nx=008 ny=008 col=00 cmd=D0 PC=4987
SCRCMD_057 sx=112 sy=256 dx=208 dy=032 nx=008 ny=008 col=00 cmd=D0 PC=4987
SCRCMD_058 sx=120 sy=256 dx=216 dy=032 nx=008 ny=008 col=00 cmd=D0 PC=4987
SCRCMD_059 sx=168 sy=256 dx=224 dy=032 nx=008 ny=008 col=00 cmd=D0 PC=4987
SCRCMD_060 sx=144 sy=256 dx=232 dy=032 nx=008 ny=008 col=00 cmd=D0 PC=4987
SCRCMD_061 sx=184 sy=256 dx=240 dy=032 nx=008 ny=008 col=00 cmd=D0 PC=4987
SCRCMD_062 sx=120 sy=256 dx=248 dy=032 nx=008 ny=008 col=00 cmd=D0 PC=4987
SCRCMD_063 sx=128 sy=264 dx=000 dy=040 nx=008 ny=008 col=00 cmd=D0 PC=4987
SCRCMD_064 sx=136 sy=264 dx=008 dy=040 nx=008 ny=008 col=00 cmd=D0 PC=4987
SCRCMD_065 sx=144 sy=264 dx=016 dy=040 nx=008 ny=008 col=00 cmd=D0 PC=4987
SCRCMD_066 sx=152 sy=264 dx=024 dy=040 nx=008 ny=008 col=00 cmd=D0 PC=4987
SCRCMD_067 sx=096 sy=280 dx=032 dy=040 nx=008 ny=008 col=00 cmd=D0 PC=4987
SCRCMD_068 sx=104 sy=280 dx=040 dy=040 nx=008 ny=008 col=00 cmd=D0 PC=4987
SCRCMD_069 sx=112 sy=280 dx=048 dy=040 nx=008 ny=008 col=00 cmd=D0 PC=4987
SCRCMD_070 sx=120 sy=280 dx=056 dy=040 nx=008 ny=008 col=00 cmd=D0 PC=4987
SCRCMD_071 sx=128 sy=256 dx=064 dy=040 nx=008 ny=008 col=00 cmd=D0 PC=4987
SCRCMD_072 sx=136 sy=256 dx=072 dy=040 nx=008 ny=008 col=00 cmd=D0 PC=4987
SCRCMD_073 sx=128 sy=256 dx=080 dy=040 nx=008 ny=008 col=00 cmd=D0 PC=4987
SCRCMD_074 sx=136 sy=256 dx=088 dy=040 nx=008 ny=008 col=00 cmd=D0 PC=4987
SCRCMD_075 sx=168 sy=256 dx=096 dy=040 nx=008 ny=008 col=00 cmd=D0 PC=4987
SCRCMD_076 sx=152 sy=256 dx=104 dy=040 nx=008 ny=008 col=00 cmd=D0 PC=4987
SCRCMD_077 sx=152 sy=256 dx=112 dy=040 nx=008 ny=008 col=00 cmd=D0 PC=4987
SCRCMD_078 sx=176 sy=256 dx=120 dy=040 nx=008 ny=008 col=00 cmd=D0 PC=4987
SCRCMD_079 sx=128 sy=264 dx=128 dy=040 nx=008 ny=008 col=00 cmd=D0 PC=4987
SCRCMD_080 sx=136 sy=264 dx=136 dy=040 nx=008 ny=008 col=00 cmd=D0 PC=4987
HUDCMD_069 sx=016 sy=368 dx=184 dy=012 nx=064 ny=016 col=00 cmd=C0 PC=4943
HUDCMD_070 sx=016 sy=368 dx=059 dy=013 nx=066 ny=006 col=00 cmd=C0 PC=4943
HUDCMD_071 sx=016 sy=368 dx=059 dy=013 nx=005 ny=000 col=0E cmd=70 PC=48D9
HUDCMD_072 sx=016 sy=368 dx=059 dy=013 nx=065 ny=000 col=0E cmd=70 PC=48A5
HUDCMD_073 sx=016 sy=368 dx=059 dy=018 nx=065 ny=000 col=0E cmd=70 PC=48A5
HUDCMD_074 sx=016 sy=368 dx=124 dy=013 nx=005 ny=000 col=0E cmd=70 PC=48D9
HUDCMD_075 sx=016 sy=368 dx=060 dy=014 nx=060 ny=004 col=11 cmd=C0 PC=4943
T39_INSIDE PC=8698 SP=F0CC AF=0044 BC=0200 DE=7090 HL=C473 IX=C470 IY=C460
SHOT doorfocus_39_inside.png
T39_INSIDE C000=05 C001=00 C002=40 C003=52 C004=20 C005=01 C00F=28 C410=02:01:01:01 C426=7800 C42E=02 C42F=02
DUMP doorfocus_39_ram_c000_cfff.bin memory:C000 len=4096
DUMP doorfocus_39_vram_top.bin physical VRAM:0000 len=8192
KU row=8 mask=128 RIGHT_LONG
COUNTS hud=75 screen=801 c0=10574 map=4658
