INPUT SPACE DOWN
TRACE_ACTIVE_AFTER_SPACE
HUDCMD_001 all=0032 op=C0 lop=0 sx=072 sy=328 dx=000 dy=000 nx=256 ny=212 col=00 arg=00 cmd=C0 PC=4943 AF=C044 BC=009B DE=0066 HL=00D4
HUDCMD_002 all=0043 op=D0 lop=0 sx=096 sy=264 dx=000 dy=032 nx=008 ny=008 col=00 arg=00 cmd=D0 PC=4987 AF=D044 BC=089B DE=0020 HL=0808
HUDCMD_003 all=0044 op=D0 lop=0 sx=104 sy=264 dx=008 dy=032 nx=008 ny=008 col=00 arg=00 cmd=D0 PC=4987 AF=D044 BC=089B DE=0820 HL=0808
HUDCMD_004 all=0045 op=D0 lop=0 sx=112 sy=264 dx=016 dy=032 nx=008 ny=008 col=00 arg=00 cmd=D0 PC=4987 AF=D044 BC=089B DE=1020 HL=0808
HUDCMD_005 all=0046 op=D0 lop=0 sx=120 sy=264 dx=024 dy=032 nx=008 ny=008 col=00 arg=00 cmd=D0 PC=4987 AF=D044 BC=089B DE=1820 HL=0808
HUDCMD_006 all=0047 op=D0 lop=0 sx=064 sy=280 dx=032 dy=032 nx=008 ny=008 col=00 arg=00 cmd=D0 PC=4987 AF=D044 BC=089B DE=2020 HL=0808
HUDCMD_007 all=0048 op=D0 lop=0 sx=072 sy=280 dx=040 dy=032 nx=008 ny=008 col=00 arg=00 cmd=D0 PC=4987 AF=D044 BC=089B DE=2820 HL=0808
HUDCMD_008 all=0049 op=D0 lop=0 sx=080 sy=280 dx=048 dy=032 nx=008 ny=008 col=00 arg=00 cmd=D0 PC=4987 AF=D044 BC=089B DE=3020 HL=0808
HUDCMD_009 all=0050 op=D0 lop=0 sx=088 sy=280 dx=056 dy=032 nx=008 ny=008 col=00 arg=00 cmd=D0 PC=4987 AF=D044 BC=089B DE=3820 HL=0808
HUDCMD_010 all=0051 op=D0 lop=0 sx=112 sy=256 dx=064 dy=032 nx=008 ny=008 col=00 arg=00 cmd=D0 PC=4987 AF=D044 BC=089B DE=4020 HL=0808
HUDCMD_011 all=0052 op=D0 lop=0 sx=120 sy=256 dx=072 dy=032 nx=008 ny=008 col=00 arg=00 cmd=D0 PC=4987 AF=D044 BC=089B DE=4820 HL=0808
HUDCMD_012 all=0053 op=D0 lop=0 sx=112 sy=256 dx=080 dy=032 nx=008 ny=008 col=00 arg=00 cmd=D0 PC=4987 AF=D044 BC=089B DE=5020 HL=0808
HUDCMD_013 all=0054 op=D0 lop=0 sx=120 sy=256 dx=088 dy=032 nx=008 ny=008 col=00 arg=00 cmd=D0 PC=4987 AF=D044 BC=089B DE=5820 HL=0808
HUDCMD_014 all=0055 op=D0 lop=0 sx=160 sy=256 dx=096 dy=032 nx=008 ny=008 col=00 arg=00 cmd=D0 PC=4987 AF=D044 BC=089B DE=6020 HL=0808
HUDCMD_015 all=0056 op=D0 lop=0 sx=152 sy=256 dx=104 dy=032 nx=008 ny=008 col=00 arg=00 cmd=D0 PC=4987 AF=D044 BC=089B DE=6820 HL=0808
HUDCMD_016 all=0057 op=D0 lop=0 sx=152 sy=256 dx=112 dy=032 nx=008 ny=008 col=00 arg=00 cmd=D0 PC=4987 AF=D044 BC=089B DE=7020 HL=0808
HUDCMD_017 all=0058 op=D0 lop=0 sx=176 sy=256 dx=120 dy=032 nx=008 ny=008 col=00 arg=00 cmd=D0 PC=4987 AF=D044 BC=089B DE=7820 HL=0808
HUDCMD_018 all=0059 op=D0 lop=0 sx=096 sy=264 dx=128 dy=032 nx=008 ny=008 col=00 arg=00 cmd=D0 PC=4987 AF=D044 BC=089B DE=8020 HL=0808
HUDCMD_019 all=0060 op=D0 lop=0 sx=104 sy=264 dx=136 dy=032 nx=008 ny=008 col=00 arg=00 cmd=D0 PC=4987 AF=D044 BC=089B DE=8820 HL=0808
HUDCMD_020 all=0061 op=D0 lop=0 sx=112 sy=264 dx=144 dy=032 nx=008 ny=008 col=00 arg=00 cmd=D0 PC=4987 AF=D044 BC=089B DE=9020 HL=0808
HUDCMD_021 all=0062 op=D0 lop=0 sx=120 sy=264 dx=152 dy=032 nx=008 ny=008 col=00 arg=00 cmd=D0 PC=4987 AF=D044 BC=089B DE=9820 HL=0808
HUDCMD_022 all=0063 op=D0 lop=0 sx=192 sy=280 dx=160 dy=032 nx=008 ny=008 col=00 arg=00 cmd=D0 PC=4987 AF=D044 BC=089B DE=A020 HL=0808
HUDCMD_023 all=0064 op=D0 lop=0 sx=200 sy=280 dx=168 dy=032 nx=008 ny=008 col=00 arg=00 cmd=D0 PC=4987 AF=D044 BC=089B DE=A820 HL=0808
HUDCMD_024 all=0065 op=D0 lop=0 sx=208 sy=280 dx=176 dy=032 nx=008 ny=008 col=00 arg=00 cmd=D0 PC=4987 AF=D044 BC=089B DE=B020 HL=0808
HUDCMD_025 all=0066 op=D0 lop=0 sx=216 sy=280 dx=184 dy=032 nx=008 ny=008 col=00 arg=00 cmd=D0 PC=4987 AF=D044 BC=089B DE=B820 HL=0808
HUDCMD_026 all=0067 op=D0 lop=0 sx=112 sy=256 dx=192 dy=032 nx=008 ny=008 col=00 arg=00 cmd=D0 PC=4987 AF=D044 BC=089B DE=C020 HL=0808
HUDCMD_027 all=0068 op=D0 lop=0 sx=120 sy=256 dx=200 dy=032 nx=008 ny=008 col=00 arg=00 cmd=D0 PC=4987 AF=D044 BC=089B DE=C820 HL=0808
HUDCMD_028 all=0069 op=D0 lop=0 sx=112 sy=256 dx=208 dy=032 nx=008 ny=008 col=00 arg=00 cmd=D0 PC=4987 AF=D044 BC=089B DE=D020 HL=0808
HUDCMD_029 all=0070 op=D0 lop=0 sx=120 sy=256 dx=216 dy=032 nx=008 ny=008 col=00 arg=00 cmd=D0 PC=4987 AF=D044 BC=089B DE=D820 HL=0808
HUDCMD_030 all=0071 op=D0 lop=0 sx=168 sy=256 dx=224 dy=032 nx=008 ny=008 col=00 arg=00 cmd=D0 PC=4987 AF=D044 BC=089B DE=E020 HL=0808
HUDCMD_031 all=0072 op=D0 lop=0 sx=144 sy=256 dx=232 dy=032 nx=008 ny=008 col=00 arg=00 cmd=D0 PC=4987 AF=D044 BC=089B DE=E820 HL=0808
HUDCMD_032 all=0073 op=D0 lop=0 sx=184 sy=256 dx=240 dy=032 nx=008 ny=008 col=00 arg=00 cmd=D0 PC=4987 AF=D044 BC=089B DE=F020 HL=0808
HUDCMD_033 all=0074 op=D0 lop=0 sx=120 sy=256 dx=248 dy=032 nx=008 ny=008 col=00 arg=00 cmd=D0 PC=4987 AF=D044 BC=089B DE=F820 HL=0808
HUDCMD_034 all=0075 op=D0 lop=0 sx=128 sy=264 dx=000 dy=040 nx=008 ny=008 col=00 arg=00 cmd=D0 PC=4987 AF=D044 BC=089B DE=0028 HL=0808
HUDCMD_035 all=0076 op=D0 lop=0 sx=136 sy=264 dx=008 dy=040 nx=008 ny=008 col=00 arg=00 cmd=D0 PC=4987 AF=D044 BC=089B DE=0828 HL=0808
HUDCMD_036 all=0077 op=D0 lop=0 sx=144 sy=264 dx=016 dy=040 nx=008 ny=008 col=00 arg=00 cmd=D0 PC=4987 AF=D044 BC=089B DE=1028 HL=0808
HUDCMD_037 all=0078 op=D0 lop=0 sx=152 sy=264 dx=024 dy=040 nx=008 ny=008 col=00 arg=00 cmd=D0 PC=4987 AF=D044 BC=089B DE=1828 HL=0808
HUDCMD_038 all=0079 op=D0 lop=0 sx=096 sy=280 dx=032 dy=040 nx=008 ny=008 col=00 arg=00 cmd=D0 PC=4987 AF=D044 BC=089B DE=2028 HL=0808
HUDCMD_039 all=0080 op=D0 lop=0 sx=104 sy=280 dx=040 dy=040 nx=008 ny=008 col=00 arg=00 cmd=D0 PC=4987 AF=D044 BC=089B DE=2828 HL=0808
HUDCMD_040 all=0081 op=D0 lop=0 sx=112 sy=280 dx=048 dy=040 nx=008 ny=008 col=00 arg=00 cmd=D0 PC=4987 AF=D044 BC=089B DE=3028 HL=0808
HUDCMD_041 all=0082 op=D0 lop=0 sx=120 sy=280 dx=056 dy=040 nx=008 ny=008 col=00 arg=00 cmd=D0 PC=4987 AF=D044 BC=089B DE=3828 HL=0808
HUDCMD_042 all=0083 op=D0 lop=0 sx=128 sy=256 dx=064 dy=040 nx=008 ny=008 col=00 arg=00 cmd=D0 PC=4987 AF=D044 BC=089B DE=4028 HL=0808
HUDCMD_043 all=0084 op=D0 lop=0 sx=136 sy=256 dx=072 dy=040 nx=008 ny=008 col=00 arg=00 cmd=D0 PC=4987 AF=D044 BC=089B DE=4828 HL=0808
HUDCMD_044 all=0085 op=D0 lop=0 sx=128 sy=256 dx=080 dy=040 nx=008 ny=008 col=00 arg=00 cmd=D0 PC=4987 AF=D044 BC=089B DE=5028 HL=0808
HUDCMD_045 all=0086 op=D0 lop=0 sx=136 sy=256 dx=088 dy=040 nx=008 ny=008 col=00 arg=00 cmd=D0 PC=4987 AF=D044 BC=089B DE=5828 HL=0808
HUDCMD_046 all=0087 op=D0 lop=0 sx=168 sy=256 dx=096 dy=040 nx=008 ny=008 col=00 arg=00 cmd=D0 PC=4987 AF=D044 BC=089B DE=6028 HL=0808
HUDCMD_047 all=0088 op=D0 lop=0 sx=152 sy=256 dx=104 dy=040 nx=008 ny=008 col=00 arg=00 cmd=D0 PC=4987 AF=D044 BC=089B DE=6828 HL=0808
HUDCMD_048 all=0089 op=D0 lop=0 sx=152 sy=256 dx=112 dy=040 nx=008 ny=008 col=00 arg=00 cmd=D0 PC=4987 AF=D044 BC=089B DE=7028 HL=0808
HUDCMD_049 all=0090 op=D0 lop=0 sx=176 sy=256 dx=120 dy=040 nx=008 ny=008 col=00 arg=00 cmd=D0 PC=4987 AF=D044 BC=089B DE=7828 HL=0808
HUDCMD_050 all=0091 op=D0 lop=0 sx=128 sy=264 dx=128 dy=040 nx=008 ny=008 col=00 arg=00 cmd=D0 PC=4987 AF=D044 BC=089B DE=8028 HL=0808
HUDCMD_051 all=0092 op=D0 lop=0 sx=136 sy=264 dx=136 dy=040 nx=008 ny=008 col=00 arg=00 cmd=D0 PC=4987 AF=D044 BC=089B DE=8828 HL=0808
HUDCMD_052 all=0093 op=D0 lop=0 sx=144 sy=264 dx=144 dy=040 nx=008 ny=008 col=00 arg=00 cmd=D0 PC=4987 AF=D044 BC=089B DE=9028 HL=0808
HUDCMD_053 all=0094 op=D0 lop=0 sx=152 sy=264 dx=152 dy=040 nx=008 ny=008 col=00 arg=00 cmd=D0 PC=4987 AF=D044 BC=089B DE=9828 HL=0808
HUDCMD_054 all=0095 op=D0 lop=0 sx=224 sy=280 dx=160 dy=040 nx=008 ny=008 col=00 arg=00 cmd=D0 PC=4987 AF=D044 BC=089B DE=A028 HL=0808
HUDCMD_055 all=0096 op=D0 lop=0 sx=232 sy=280 dx=168 dy=040 nx=008 ny=008 col=00 arg=00 cmd=D0 PC=4987 AF=D044 BC=089B DE=A828 HL=0808
HUDCMD_056 all=0097 op=D0 lop=0 sx=240 sy=280 dx=176 dy=040 nx=008 ny=008 col=00 arg=00 cmd=D0 PC=4987 AF=D044 BC=089B DE=B028 HL=0808
HUDCMD_057 all=0098 op=D0 lop=0 sx=136 sy=256 dx=184 dy=040 nx=008 ny=008 col=00 arg=00 cmd=D0 PC=4987 AF=D044 BC=089B DE=B828 HL=0808
HUDCMD_058 all=0099 op=D0 lop=0 sx=128 sy=256 dx=192 dy=040 nx=008 ny=008 col=00 arg=00 cmd=D0 PC=4987 AF=D044 BC=089B DE=C028 HL=0808
HUDCMD_059 all=0100 op=D0 lop=0 sx=136 sy=256 dx=200 dy=040 nx=008 ny=008 col=00 arg=00 cmd=D0 PC=4987 AF=D044 BC=089B DE=C828 HL=0808
HUDCMD_060 all=0101 op=D0 lop=0 sx=128 sy=256 dx=208 dy=040 nx=008 ny=008 col=00 arg=00 cmd=D0 PC=4987 AF=D044 BC=089B DE=D028 HL=0808
HUDCMD_061 all=0102 op=D0 lop=0 sx=136 sy=256 dx=216 dy=040 nx=008 ny=008 col=00 arg=00 cmd=D0 PC=4987 AF=D044 BC=089B DE=D828 HL=0808
HUDCMD_062 all=0103 op=D0 lop=0 sx=128 sy=256 dx=224 dy=040 nx=008 ny=008 col=00 arg=00 cmd=D0 PC=4987 AF=D044 BC=089B DE=E028 HL=0808
HUDCMD_063 all=0104 op=D0 lop=0 sx=168 sy=256 dx=232 dy=040 nx=008 ny=008 col=00 arg=00 cmd=D0 PC=4987 AF=D044 BC=089B DE=E828 HL=0808
HUDCMD_064 all=0105 op=D0 lop=0 sx=128 sy=256 dx=240 dy=040 nx=008 ny=008 col=00 arg=00 cmd=D0 PC=4987 AF=D044 BC=089B DE=F028 HL=0808
HUDCMD_065 all=0106 op=D0 lop=0 sx=136 sy=256 dx=248 dy=040 nx=008 ny=008 col=00 arg=00 cmd=D0 PC=4987 AF=D044 BC=089B DE=F828 HL=0808
HUDCMD_066 all=0107 op=D0 lop=0 sx=128 sy=264 dx=000 dy=048 nx=008 ny=008 col=00 arg=00 cmd=D0 PC=4987 AF=D044 BC=089B DE=0030 HL=0808
HUDCMD_067 all=0108 op=D0 lop=0 sx=136 sy=264 dx=008 dy=048 nx=008 ny=008 col=00 arg=00 cmd=D0 PC=4987 AF=D044 BC=089B DE=0830 HL=0808
HUDCMD_068 all=0109 op=D0 lop=0 sx=144 sy=264 dx=016 dy=048 nx=008 ny=008 col=00 arg=00 cmd=D0 PC=4987 AF=D044 BC=089B DE=1030 HL=0808
HUDCMD_069 all=0110 op=D0 lop=0 sx=152 sy=264 dx=024 dy=048 nx=008 ny=008 col=00 arg=00 cmd=D0 PC=4987 AF=D044 BC=089B DE=1830 HL=0808
HUDCMD_070 all=0111 op=D0 lop=0 sx=128 sy=280 dx=032 dy=048 nx=008 ny=008 col=00 arg=00 cmd=D0 PC=4987 AF=D044 BC=089B DE=2030 HL=0808
HUDCMD_071 all=0112 op=D0 lop=0 sx=136 sy=280 dx=040 dy=048 nx=008 ny=008 col=00 arg=00 cmd=D0 PC=4987 AF=D044 BC=089B DE=2830 HL=0808
HUDCMD_072 all=0113 op=D0 lop=0 sx=144 sy=280 dx=048 dy=048 nx=008 ny=008 col=00 arg=00 cmd=D0 PC=4987 AF=D044 BC=089B DE=3030 HL=0808
HUDCMD_073 all=0114 op=D0 lop=0 sx=152 sy=280 dx=056 dy=048 nx=008 ny=008 col=00 arg=00 cmd=D0 PC=4987 AF=D044 BC=089B DE=3830 HL=0808
HUDCMD_074 all=0115 op=D0 lop=0 sx=112 sy=256 dx=064 dy=048 nx=008 ny=008 col=00 arg=00 cmd=D0 PC=4987 AF=D044 BC=089B DE=4030 HL=0808
HUDCMD_075 all=0116 op=D0 lop=0 sx=120 sy=256 dx=072 dy=048 nx=008 ny=008 col=00 arg=00 cmd=D0 PC=4987 AF=D044 BC=089B DE=4830 HL=0808
HUDCMD_076 all=0117 op=D0 lop=0 sx=112 sy=256 dx=080 dy=048 nx=008 ny=008 col=00 arg=00 cmd=D0 PC=4987 AF=D044 BC=089B DE=5030 HL=0808
HUDCMD_077 all=0118 op=D0 lop=0 sx=120 sy=256 dx=088 dy=048 nx=008 ny=008 col=00 arg=00 cmd=D0 PC=4987 AF=D044 BC=089B DE=5830 HL=0808
HUDCMD_078 all=0119 op=D0 lop=0 sx=144 sy=256 dx=096 dy=048 nx=008 ny=008 col=00 arg=00 cmd=D0 PC=4987 AF=D044 BC=089B DE=6030 HL=0808
HUDCMD_079 all=0120 op=D0 lop=0 sx=152 sy=256 dx=104 dy=048 nx=008 ny=008 col=00 arg=00 cmd=D0 PC=4987 AF=D044 BC=089B DE=6830 HL=0808
HUDCMD_080 all=0121 op=D0 lop=0 sx=152 sy=256 dx=112 dy=048 nx=008 ny=008 col=00 arg=00 cmd=D0 PC=4987 AF=D044 BC=089B DE=7030 HL=0808
HUDCMD_081 all=0122 op=D0 lop=0 sx=120 sy=256 dx=120 dy=048 nx=008 ny=008 col=00 arg=00 cmd=D0 PC=4987 AF=D044 BC=089B DE=7830 HL=0808
HUDCMD_082 all=0123 op=D0 lop=0 sx=128 sy=264 dx=128 dy=048 nx=008 ny=008 col=00 arg=00 cmd=D0 PC=4987 AF=D044 BC=089B DE=8030 HL=0808
HUDCMD_083 all=0124 op=D0 lop=0 sx=136 sy=264 dx=136 dy=048 nx=008 ny=008 col=00 arg=00 cmd=D0 PC=4987 AF=D044 BC=089B DE=8830 HL=0808
HUDCMD_084 all=0125 op=D0 lop=0 sx=144 sy=264 dx=144 dy=048 nx=008 ny=008 col=00 arg=00 cmd=D0 PC=4987 AF=D044 BC=089B DE=9030 HL=0808
HUDCMD_085 all=0126 op=D0 lop=0 sx=152 sy=264 dx=152 dy=048 nx=008 ny=008 col=00 arg=00 cmd=D0 PC=4987 AF=D044 BC=089B DE=9830 HL=0808
HUDCMD_086 all=0127 op=D0 lop=0 sx=008 sy=288 dx=160 dy=048 nx=008 ny=008 col=00 arg=00 cmd=D0 PC=4987 AF=D044 BC=089B DE=A030 HL=0808
HUDCMD_087 all=0128 op=D0 lop=0 sx=040 sy=288 dx=168 dy=048 nx=008 ny=008 col=00 arg=00 cmd=D0 PC=4987 AF=D044 BC=089B DE=A830 HL=0808
HUDCMD_088 all=0129 op=D0 lop=0 sx=112 sy=256 dx=176 dy=048 nx=008 ny=008 col=00 arg=00 cmd=D0 PC=4987 AF=D044 BC=089B DE=B030 HL=0808
HUDCMD_089 all=0130 op=D0 lop=0 sx=120 sy=256 dx=184 dy=048 nx=008 ny=008 col=00 arg=00 cmd=D0 PC=4987 AF=D044 BC=089B DE=B830 HL=0808
HUDCMD_090 all=0131 op=D0 lop=0 sx=112 sy=256 dx=192 dy=048 nx=008 ny=008 col=00 arg=00 cmd=D0 PC=4987 AF=D044 BC=089B DE=C030 HL=0808
HUDCMD_091 all=0132 op=D0 lop=0 sx=120 sy=256 dx=200 dy=048 nx=008 ny=008 col=00 arg=00 cmd=D0 PC=4987 AF=D044 BC=089B DE=C830 HL=0808
HUDCMD_092 all=0133 op=D0 lop=0 sx=112 sy=256 dx=208 dy=048 nx=008 ny=008 col=00 arg=00 cmd=D0 PC=4987 AF=D044 BC=089B DE=D030 HL=0808
HUDCMD_093 all=0134 op=D0 lop=0 sx=120 sy=256 dx=216 dy=048 nx=008 ny=008 col=00 arg=00 cmd=D0 PC=4987 AF=D044 BC=089B DE=D830 HL=0808
HUDCMD_094 all=0135 op=D0 lop=0 sx=112 sy=256 dx=224 dy=048 nx=008 ny=008 col=00 arg=00 cmd=D0 PC=4987 AF=D044 BC=089B DE=E030 HL=0808
HUDCMD_095 all=0136 op=D0 lop=0 sx=120 sy=256 dx=232 dy=048 nx=008 ny=008 col=00 arg=00 cmd=D0 PC=4987 AF=D044 BC=089B DE=E830 HL=0808
HUDCMD_096 all=0137 op=D0 lop=0 sx=112 sy=256 dx=240 dy=048 nx=008 ny=008 col=00 arg=00 cmd=D0 PC=4987 AF=D044 BC=089B DE=F030 HL=0808
HUDCMD_097 all=0138 op=D0 lop=0 sx=120 sy=256 dx=248 dy=048 nx=008 ny=008 col=00 arg=00 cmd=D0 PC=4987 AF=D044 BC=089B DE=F830 HL=0808
HUDCMD_098 all=0139 op=D0 lop=0 sx=128 sy=264 dx=000 dy=056 nx=008 ny=008 col=00 arg=00 cmd=D0 PC=4987 AF=D044 BC=089B DE=0038 HL=0808
HUDCMD_099 all=0140 op=D0 lop=0 sx=136 sy=264 dx=008 dy=056 nx=008 ny=008 col=00 arg=00 cmd=D0 PC=4987 AF=D044 BC=089B DE=0838 HL=0808
HUDCMD_100 all=0141 op=D0 lop=0 sx=144 sy=264 dx=016 dy=056 nx=008 ny=008 col=00 arg=00 cmd=D0 PC=4987 AF=D044 BC=089B DE=1038 HL=0808
HUDCMD_101 all=0142 op=D0 lop=0 sx=152 sy=264 dx=024 dy=056 nx=008 ny=008 col=00 arg=00 cmd=D0 PC=4987 AF=D044 BC=089B DE=1838 HL=0808
HUDCMD_102 all=0143 op=D0 lop=0 sx=160 sy=280 dx=032 dy=056 nx=008 ny=008 col=00 arg=00 cmd=D0 PC=4987 AF=D044 BC=089B DE=2038 HL=0808
HUDCMD_103 all=0144 op=D0 lop=0 sx=168 sy=280 dx=040 dy=056 nx=008 ny=008 col=00 arg=00 cmd=D0 PC=4987 AF=D044 BC=089B DE=2838 HL=0808
HUDCMD_104 all=0145 op=D0 lop=0 sx=176 sy=280 dx=048 dy=056 nx=008 ny=008 col=00 arg=00 cmd=D0 PC=4987 AF=D044 BC=089B DE=3038 HL=0808
HUDCMD_105 all=0146 op=D0 lop=0 sx=184 sy=280 dx=056 dy=056 nx=008 ny=008 col=00 arg=00 cmd=D0 PC=4987 AF=D044 BC=089B DE=3838 HL=0808
HUDCMD_106 all=0147 op=D0 lop=0 sx=128 sy=256 dx=064 dy=056 nx=008 ny=008 col=00 arg=00 cmd=D0 PC=4987 AF=D044 BC=089B DE=4038 HL=0808
HUDCMD_107 all=0148 op=D0 lop=0 sx=136 sy=256 dx=072 dy=056 nx=008 ny=008 col=00 arg=00 cmd=D0 PC=4987 AF=D044 BC=089B DE=4838 HL=0808
HUDCMD_108 all=0149 op=D0 lop=0 sx=128 sy=256 dx=080 dy=056 nx=008 ny=008 col=00 arg=00 cmd=D0 PC=4987 AF=D044 BC=089B DE=5038 HL=0808
HUDCMD_109 all=0150 op=D0 lop=0 sx=136 sy=256 dx=088 dy=056 nx=008 ny=008 col=00 arg=00 cmd=D0 PC=4987 AF=D044 BC=089B DE=5838 HL=0808
HUDCMD_110 all=0151 op=D0 lop=0 sx=160 sy=256 dx=096 dy=056 nx=008 ny=008 col=00 arg=00 cmd=D0 PC=4987 AF=D044 BC=089B DE=6038 HL=0808
HUDCMD_111 all=0152 op=D0 lop=0 sx=152 sy=256 dx=104 dy=056 nx=008 ny=008 col=00 arg=00 cmd=D0 PC=4987 AF=D044 BC=089B DE=6838 HL=0808
HUDCMD_112 all=0153 op=D0 lop=0 sx=152 sy=256 dx=112 dy=056 nx=008 ny=008 col=00 arg=00 cmd=D0 PC=4987 AF=D044 BC=089B DE=7038 HL=0808
HUDCMD_113 all=0154 op=D0 lop=0 sx=176 sy=256 dx=120 dy=056 nx=008 ny=008 col=00 arg=00 cmd=D0 PC=4987 AF=D044 BC=089B DE=7838 HL=0808
HUDCMD_114 all=0155 op=D0 lop=0 sx=128 sy=264 dx=128 dy=056 nx=008 ny=008 col=00 arg=00 cmd=D0 PC=4987 AF=D044 BC=089B DE=8038 HL=0808
HUDCMD_115 all=0156 op=D0 lop=0 sx=136 sy=264 dx=136 dy=056 nx=008 ny=008 col=00 arg=00 cmd=D0 PC=4987 AF=D044 BC=089B DE=8838 HL=0808
HUDCMD_116 all=0157 op=D0 lop=0 sx=144 sy=264 dx=144 dy=056 nx=008 ny=008 col=00 arg=00 cmd=D0 PC=4987 AF=D044 BC=089B DE=9038 HL=0808
HUDCMD_117 all=0158 op=D0 lop=0 sx=152 sy=264 dx=152 dy=056 nx=008 ny=008 col=00 arg=00 cmd=D0 PC=4987 AF=D044 BC=089B DE=9838 HL=0808
HUDCMD_118 all=0159 op=D0 lop=0 sx=064 sy=256 dx=160 dy=056 nx=008 ny=008 col=00 arg=00 cmd=D0 PC=4987 AF=D044 BC=089B DE=A038 HL=0808
HUDCMD_119 all=0160 op=D0 lop=0 sx=040 sy=256 dx=168 dy=056 nx=008 ny=008 col=00 arg=00 cmd=D0 PC=4987 AF=D044 BC=089B DE=A838 HL=0808
HUDCMD_120 all=0161 op=D0 lop=0 sx=128 sy=256 dx=176 dy=056 nx=008 ny=008 col=00 arg=00 cmd=D0 PC=4987 AF=D044 BC=089B DE=B038 HL=0808
HUDCMD_121 all=0162 op=D0 lop=0 sx=136 sy=256 dx=184 dy=056 nx=008 ny=008 col=00 arg=00 cmd=D0 PC=4987 AF=D044 BC=089B DE=B838 HL=0808
HUDCMD_122 all=0163 op=D0 lop=0 sx=128 sy=256 dx=192 dy=056 nx=008 ny=008 col=00 arg=00 cmd=D0 PC=4987 AF=D044 BC=089B DE=C038 HL=0808
HUDCMD_123 all=0164 op=D0 lop=0 sx=136 sy=256 dx=200 dy=056 nx=008 ny=008 col=00 arg=00 cmd=D0 PC=4987 AF=D044 BC=089B DE=C838 HL=0808
HUDCMD_124 all=0165 op=D0 lop=0 sx=128 sy=256 dx=208 dy=056 nx=008 ny=008 col=00 arg=00 cmd=D0 PC=4987 AF=D044 BC=089B DE=D038 HL=0808
HUDCMD_125 all=0166 op=D0 lop=0 sx=136 sy=256 dx=216 dy=056 nx=008 ny=008 col=00 arg=00 cmd=D0 PC=4987 AF=D044 BC=089B DE=D838 HL=0808
HUDCMD_126 all=0167 op=D0 lop=0 sx=128 sy=256 dx=224 dy=056 nx=008 ny=008 col=00 arg=00 cmd=D0 PC=4987 AF=D044 BC=089B DE=E038 HL=0808
HUDCMD_127 all=0168 op=D0 lop=0 sx=136 sy=256 dx=232 dy=056 nx=008 ny=008 col=00 arg=00 cmd=D0 PC=4987 AF=D044 BC=089B DE=E838 HL=0808
HUDCMD_128 all=0169 op=D0 lop=0 sx=128 sy=256 dx=240 dy=056 nx=008 ny=008 col=00 arg=00 cmd=D0 PC=4987 AF=D044 BC=089B DE=F038 HL=0808
HUDCMD_129 all=0170 op=D0 lop=0 sx=136 sy=256 dx=248 dy=056 nx=008 ny=008 col=00 arg=00 cmd=D0 PC=4987 AF=D044 BC=089B DE=F838 HL=0808
HUDCMD_130 all=0171 op=D0 lop=0 sx=128 sy=264 dx=000 dy=064 nx=008 ny=008 col=00 arg=00 cmd=D0 PC=4987 AF=D044 BC=089B DE=0040 HL=0808
HUDCMD_131 all=0172 op=D0 lop=0 sx=136 sy=264 dx=008 dy=064 nx=008 ny=008 col=00 arg=00 cmd=D0 PC=4987 AF=D044 BC=089B DE=0840 HL=0808
HUDCMD_132 all=0173 op=D0 lop=0 sx=144 sy=264 dx=016 dy=064 nx=008 ny=008 col=00 arg=00 cmd=D0 PC=4987 AF=D044 BC=089B DE=1040 HL=0808
HUDCMD_133 all=0174 op=D0 lop=0 sx=152 sy=264 dx=024 dy=064 nx=008 ny=008 col=00 arg=00 cmd=D0 PC=4987 AF=D044 BC=089B DE=1840 HL=0808
HUDCMD_134 all=0175 op=D0 lop=0 sx=192 sy=280 dx=032 dy=064 nx=008 ny=008 col=00 arg=00 cmd=D0 PC=4987 AF=D044 BC=089B DE=2040 HL=0808
HUDCMD_135 all=0176 op=D0 lop=0 sx=200 sy=280 dx=040 dy=064 nx=008 ny=008 col=00 arg=00 cmd=D0 PC=4987 AF=D044 BC=089B DE=2840 HL=0808
HUDCMD_136 all=0177 op=D0 lop=0 sx=208 sy=280 dx=048 dy=064 nx=008 ny=008 col=00 arg=00 cmd=D0 PC=4987 AF=D044 BC=089B DE=3040 HL=0808
HUDCMD_137 all=0178 op=D0 lop=0 sx=216 sy=280 dx=056 dy=064 nx=008 ny=008 col=00 arg=00 cmd=D0 PC=4987 AF=D044 BC=089B DE=3840 HL=0808
HUDCMD_138 all=0179 op=D0 lop=0 sx=112 sy=256 dx=064 dy=064 nx=008 ny=008 col=00 arg=00 cmd=D0 PC=4987 AF=D044 BC=089B DE=4040 HL=0808
HUDCMD_139 all=0180 op=D0 lop=0 sx=120 sy=256 dx=072 dy=064 nx=008 ny=008 col=00 arg=00 cmd=D0 PC=4987 AF=D044 BC=089B DE=4840 HL=0808
HUDCMD_140 all=0181 op=D0 lop=0 sx=112 sy=256 dx=080 dy=064 nx=008 ny=008 col=00 arg=00 cmd=D0 PC=4987 AF=D044 BC=089B DE=5040 HL=0808
HUDCMD_141 all=0182 op=D0 lop=0 sx=120 sy=256 dx=088 dy=064 nx=008 ny=008 col=00 arg=00 cmd=D0 PC=4987 AF=D044 BC=089B DE=5840 HL=0808
HUDCMD_142 all=0183 op=D0 lop=0 sx=168 sy=256 dx=096 dy=064 nx=008 ny=008 col=00 arg=00 cmd=D0 PC=4987 AF=D044 BC=089B DE=6040 HL=0808
HUDCMD_143 all=0184 op=D0 lop=0 sx=144 sy=256 dx=104 dy=064 nx=008 ny=008 col=00 arg=00 cmd=D0 PC=4987 AF=D044 BC=089B DE=6840 HL=0808
HUDCMD_144 all=0185 op=D0 lop=0 sx=184 sy=256 dx=112 dy=064 nx=008 ny=008 col=00 arg=00 cmd=D0 PC=4987 AF=D044 BC=089B DE=7040 HL=0808
HUDCMD_145 all=0186 op=D0 lop=0 sx=120 sy=256 dx=120 dy=064 nx=008 ny=008 col=00 arg=00 cmd=D0 PC=4987 AF=D044 BC=089B DE=7840 HL=0808
HUDCMD_146 all=0187 op=D0 lop=0 sx=128 sy=264 dx=128 dy=064 nx=008 ny=008 col=00 arg=00 cmd=D0 PC=4987 AF=D044 BC=089B DE=8040 HL=0808
HUDCMD_147 all=0188 op=D0 lop=0 sx=136 sy=264 dx=136 dy=064 nx=008 ny=008 col=00 arg=00 cmd=D0 PC=4987 AF=D044 BC=089B DE=8840 HL=0808
HUDCMD_148 all=0189 op=D0 lop=0 sx=144 sy=264 dx=144 dy=064 nx=008 ny=008 col=00 arg=00 cmd=D0 PC=4987 AF=D044 BC=089B DE=9040 HL=0808
HUDCMD_149 all=0190 op=D0 lop=0 sx=152 sy=264 dx=152 dy=064 nx=008 ny=008 col=00 arg=00 cmd=D0 PC=4987 AF=D044 BC=089B DE=9840 HL=0808
HUDCMD_150 all=0191 op=D0 lop=0 sx=000 sy=272 dx=160 dy=064 nx=008 ny=008 col=00 arg=00 cmd=D0 PC=4987 AF=D044 BC=089B DE=A040 HL=0808
HUDCMD_151 all=0192 op=D0 lop=0 sx=120 sy=256 dx=168 dy=064 nx=008 ny=008 col=00 arg=00 cmd=D0 PC=4987 AF=D044 BC=089B DE=A840 HL=0808
HUDCMD_152 all=0193 op=D0 lop=0 sx=112 sy=256 dx=176 dy=064 nx=008 ny=008 col=00 arg=00 cmd=D0 PC=4987 AF=D044 BC=089B DE=B040 HL=0808
HUDCMD_153 all=0194 op=D0 lop=0 sx=120 sy=256 dx=184 dy=064 nx=008 ny=008 col=00 arg=00 cmd=D0 PC=4987 AF=D044 BC=089B DE=B840 HL=0808
HUDCMD_154 all=0195 op=D0 lop=0 sx=112 sy=256 dx=192 dy=064 nx=008 ny=008 col=00 arg=00 cmd=D0 PC=4987 AF=D044 BC=089B DE=C040 HL=0808
HUDCMD_155 all=0196 op=D0 lop=0 sx=120 sy=256 dx=200 dy=064 nx=008 ny=008 col=00 arg=00 cmd=D0 PC=4987 AF=D044 BC=089B DE=C840 HL=0808
HUDCMD_156 all=0197 op=D0 lop=0 sx=112 sy=256 dx=208 dy=064 nx=008 ny=008 col=00 arg=00 cmd=D0 PC=4987 AF=D044 BC=089B DE=D040 HL=0808
HUDCMD_157 all=0198 op=D0 lop=0 sx=120 sy=256 dx=216 dy=064 nx=008 ny=008 col=00 arg=00 cmd=D0 PC=4987 AF=D044 BC=089B DE=D840 HL=0808
HUDCMD_158 all=0199 op=D0 lop=0 sx=112 sy=256 dx=224 dy=064 nx=008 ny=008 col=00 arg=00 cmd=D0 PC=4987 AF=D044 BC=089B DE=E040 HL=0808
HUDCMD_159 all=0200 op=D0 lop=0 sx=120 sy=256 dx=232 dy=064 nx=008 ny=008 col=00 arg=00 cmd=D0 PC=4987 AF=D044 BC=089B DE=E840 HL=0808
HUDCMD_160 all=0201 op=D0 lop=0 sx=112 sy=256 dx=240 dy=064 nx=008 ny=008 col=00 arg=00 cmd=D0 PC=4987 AF=D044 BC=089B DE=F040 HL=0808
HUDCMD_161 all=0202 op=D0 lop=0 sx=120 sy=256 dx=248 dy=064 nx=008 ny=008 col=00 arg=00 cmd=D0 PC=4987 AF=D044 BC=089B DE=F840 HL=0808
HUDCMD_162 all=0203 op=D0 lop=0 sx=128 sy=264 dx=000 dy=072 nx=008 ny=008 col=00 arg=00 cmd=D0 PC=4987 AF=D044 BC=089B DE=0048 HL=0808
HUDCMD_163 all=0204 op=D0 lop=0 sx=136 sy=264 dx=008 dy=072 nx=008 ny=008 col=00 arg=00 cmd=D0 PC=4987 AF=D044 BC=089B DE=0848 HL=0808
HUDCMD_164 all=0205 op=D0 lop=0 sx=144 sy=264 dx=016 dy=072 nx=008 ny=008 col=00 arg=00 cmd=D0 PC=4987 AF=D044 BC=089B DE=1048 HL=0808
HUDCMD_165 all=0206 op=D0 lop=0 sx=152 sy=264 dx=024 dy=072 nx=008 ny=008 col=00 arg=00 cmd=D0 PC=4987 AF=D044 BC=089B DE=1848 HL=0808
HUDCMD_166 all=0207 op=D0 lop=0 sx=224 sy=280 dx=032 dy=072 nx=008 ny=008 col=00 arg=00 cmd=D0 PC=4987 AF=D044 BC=089B DE=2048 HL=0808
HUDCMD_167 all=0208 op=D0 lop=0 sx=232 sy=280 dx=040 dy=072 nx=008 ny=008 col=00 arg=00 cmd=D0 PC=4987 AF=D044 BC=089B DE=2848 HL=0808
HUDCMD_168 all=0209 op=D0 lop=0 sx=240 sy=280 dx=048 dy=072 nx=008 ny=008 col=00 arg=00 cmd=D0 PC=4987 AF=D044 BC=089B DE=3048 HL=0808
HUDCMD_169 all=0210 op=D0 lop=0 sx=136 sy=256 dx=056 dy=072 nx=008 ny=008 col=00 arg=00 cmd=D0 PC=4987 AF=D044 BC=089B DE=3848 HL=0808
HUDCMD_170 all=0211 op=D0 lop=0 sx=128 sy=256 dx=064 dy=072 nx=008 ny=008 col=00 arg=00 cmd=D0 PC=4987 AF=D044 BC=089B DE=4048 HL=0808
HUDCMD_171 all=0212 op=D0 lop=0 sx=136 sy=256 dx=072 dy=072 nx=008 ny=008 col=00 arg=00 cmd=D0 PC=4987 AF=D044 BC=089B DE=4848 HL=0808
HUDCMD_172 all=0213 op=D0 lop=0 sx=128 sy=256 dx=080 dy=072 nx=008 ny=008 col=00 arg=00 cmd=D0 PC=4987 AF=D044 BC=089B DE=5048 HL=0808
HUDCMD_173 all=0214 op=D0 lop=0 sx=136 sy=256 dx=088 dy=072 nx=008 ny=008 col=00 arg=00 cmd=D0 PC=4987 AF=D044 BC=089B DE=5848 HL=0808
HUDCMD_174 all=0215 op=D0 lop=0 sx=128 sy=256 dx=096 dy=072 nx=008 ny=008 col=00 arg=00 cmd=D0 PC=4987 AF=D044 BC=089B DE=6048 HL=0808
HUDCMD_175 all=0216 op=D0 lop=0 sx=168 sy=256 dx=104 dy=072 nx=008 ny=008 col=00 arg=00 cmd=D0 PC=4987 AF=D044 BC=089B DE=6848 HL=0808
HUDCMD_176 all=0217 op=D0 lop=0 sx=128 sy=256 dx=112 dy=072 nx=008 ny=008 col=00 arg=00 cmd=D0 PC=4987 AF=D044 BC=089B DE=7048 HL=0808
HUDCMD_177 all=0218 op=D0 lop=0 sx=136 sy=256 dx=120 dy=072 nx=008 ny=008 col=00 arg=00 cmd=D0 PC=4987 AF=D044 BC=089B DE=7848 HL=0808
HUDCMD_178 all=0219 op=D0 lop=0 sx=128 sy=264 dx=128 dy=072 nx=008 ny=008 col=00 arg=00 cmd=D0 PC=4987 AF=D044 BC=089B DE=8048 HL=0808
HUDCMD_179 all=0220 op=D0 lop=0 sx=136 sy=264 dx=136 dy=072 nx=008 ny=008 col=00 arg=00 cmd=D0 PC=4987 AF=D044 BC=089B DE=8848 HL=0808
HUDCMD_180 all=0221 op=D0 lop=0 sx=144 sy=264 dx=144 dy=072 nx=008 ny=008 col=00 arg=00 cmd=D0 PC=4987 AF=D044 BC=089B DE=9048 HL=0808
HUDCMD_181 all=0222 op=D0 lop=0 sx=152 sy=264 dx=152 dy=072 nx=008 ny=008 col=00 arg=00 cmd=D0 PC=4987 AF=D044 BC=089B DE=9848 HL=0808
HUDCMD_182 all=0223 op=D0 lop=0 sx=120 sy=272 dx=160 dy=072 nx=008 ny=008 col=00 arg=00 cmd=D0 PC=4987 AF=D044 BC=089B DE=A048 HL=0808
HUDCMD_183 all=0224 op=D0 lop=0 sx=136 sy=256 dx=168 dy=072 nx=008 ny=008 col=00 arg=00 cmd=D0 PC=4987 AF=D044 BC=089B DE=A848 HL=0808
HUDCMD_184 all=0225 op=D0 lop=0 sx=128 sy=256 dx=176 dy=072 nx=008 ny=008 col=00 arg=00 cmd=D0 PC=4987 AF=D044 BC=089B DE=B048 HL=0808
HUDCMD_185 all=0226 op=D0 lop=0 sx=136 sy=256 dx=184 dy=072 nx=008 ny=008 col=00 arg=00 cmd=D0 PC=4987 AF=D044 BC=089B DE=B848 HL=0808
HUDCMD_186 all=0227 op=D0 lop=0 sx=128 sy=256 dx=192 dy=072 nx=008 ny=008 col=00 arg=00 cmd=D0 PC=4987 AF=D044 BC=089B DE=C048 HL=0808
HUDCMD_187 all=0228 op=D0 lop=0 sx=136 sy=256 dx=200 dy=072 nx=008 ny=008 col=00 arg=00 cmd=D0 PC=4987 AF=D044 BC=089B DE=C848 HL=0808
HUDCMD_188 all=0229 op=D0 lop=0 sx=128 sy=256 dx=208 dy=072 nx=008 ny=008 col=00 arg=00 cmd=D0 PC=4987 AF=D044 BC=089B DE=D048 HL=0808
HUDCMD_189 all=0230 op=D0 lop=0 sx=136 sy=256 dx=216 dy=072 nx=008 ny=008 col=00 arg=00 cmd=D0 PC=4987 AF=D044 BC=089B DE=D848 HL=0808
HUDCMD_190 all=0231 op=D0 lop=0 sx=128 sy=256 dx=224 dy=072 nx=008 ny=008 col=00 arg=00 cmd=D0 PC=4987 AF=D044 BC=089B DE=E048 HL=0808
HUDCMD_191 all=0232 op=D0 lop=0 sx=136 sy=256 dx=232 dy=072 nx=008 ny=008 col=00 arg=00 cmd=D0 PC=4987 AF=D044 BC=089B DE=E848 HL=0808
HUDCMD_192 all=0233 op=D0 lop=0 sx=128 sy=256 dx=240 dy=072 nx=008 ny=008 col=00 arg=00 cmd=D0 PC=4987 AF=D044 BC=089B DE=F048 HL=0808
HUDCMD_193 all=0234 op=D0 lop=0 sx=136 sy=256 dx=248 dy=072 nx=008 ny=008 col=00 arg=00 cmd=D0 PC=4987 AF=D044 BC=089B DE=F848 HL=0808
HUDCMD_194 all=0749 op=C0 lop=0 sx=016 sy=368 dx=184 dy=012 nx=064 ny=016 col=00 arg=00 cmd=C0 PC=4943 AF=C044 BC=409B DE=0021 HL=4010
HUDCMD_195 all=0750 op=D0 lop=0 sx=024 sy=328 dx=008 dy=000 nx=008 ny=008 col=00 arg=00 cmd=D0 PC=4987 AF=D044 BC=089B DE=0800 HL=0808
HUDCMD_196 all=0751 op=D0 lop=0 sx=152 sy=320 dx=016 dy=000 nx=008 ny=008 col=00 arg=00 cmd=D0 PC=4987 AF=D044 BC=089B DE=1000 HL=0808
HUDCMD_197 all=0752 op=D0 lop=0 sx=248 sy=320 dx=024 dy=000 nx=008 ny=008 col=00 arg=00 cmd=D0 PC=4987 AF=D044 BC=089B DE=1800 HL=0808
HUDCMD_198 all=0753 op=D0 lop=0 sx=016 sy=328 dx=032 dy=000 nx=008 ny=008 col=00 arg=00 cmd=D0 PC=4987 AF=D044 BC=089B DE=2000 HL=0808
HUDCMD_199 all=0754 op=D0 lop=0 sx=168 sy=320 dx=040 dy=000 nx=008 ny=008 col=00 arg=00 cmd=D0 PC=4987 AF=D044 BC=089B DE=2800 HL=0808
HUDCMD_200 all=0755 op=D0 lop=0 sx=128 sy=320 dx=048 dy=000 nx=008 ny=008 col=00 arg=00 cmd=D0 PC=4987 AF=D044 BC=089B DE=3000 HL=0808
HUDCMD_201 all=0756 op=D0 lop=0 sx=000 sy=328 dx=008 dy=012 nx=008 ny=008 col=00 arg=00 cmd=D0 PC=4987 AF=D044 BC=089B DE=080C HL=0808
HUDCMD_202 all=0757 op=D0 lop=0 sx=224 sy=320 dx=016 dy=012 nx=008 ny=008 col=00 arg=00 cmd=D0 PC=4987 AF=D044 BC=089B DE=100C HL=0808
HUDCMD_203 all=0758 op=D0 lop=0 sx=136 sy=320 dx=024 dy=012 nx=008 ny=008 col=00 arg=00 cmd=D0 PC=4987 AF=D044 BC=089B DE=180C HL=0808
HUDCMD_204 all=0759 op=D0 lop=0 sx=072 sy=328 dx=032 dy=012 nx=008 ny=008 col=00 arg=00 cmd=D0 PC=4987 AF=D044 BC=089B DE=200C HL=0808
HUDCMD_205 all=0760 op=D0 lop=0 sx=168 sy=320 dx=040 dy=012 nx=008 ny=008 col=00 arg=00 cmd=D0 PC=4987 AF=D044 BC=089B DE=280C HL=0808
HUDCMD_206 all=0761 op=D0 lop=0 sx=016 sy=328 dx=048 dy=012 nx=008 ny=008 col=00 arg=00 cmd=D0 PC=4987 AF=D044 BC=089B DE=300C HL=0808
HUDCMD_207 all=0762 op=D0 lop=0 sx=168 sy=320 dx=008 dy=020 nx=008 ny=008 col=00 arg=00 cmd=D0 PC=4987 AF=D044 BC=089B DE=0814 HL=0808
HUDCMD_208 all=0763 op=D0 lop=0 sx=240 sy=320 dx=016 dy=020 nx=008 ny=008 col=00 arg=00 cmd=D0 PC=4987 AF=D044 BC=089B DE=1014 HL=0808
HUDCMD_209 all=0764 op=D0 lop=0 sx=168 sy=320 dx=024 dy=020 nx=008 ny=008 col=00 arg=00 cmd=D0 PC=4987 AF=D044 BC=089B DE=1814 HL=0808
HUDCMD_210 all=0765 op=D0 lop=0 sx=232 sy=320 dx=032 dy=020 nx=008 ny=008 col=00 arg=00 cmd=D0 PC=4987 AF=D044 BC=089B DE=2014 HL=0808
HUDCMD_211 all=0766 op=D0 lop=0 sx=072 sy=328 dx=040 dy=020 nx=008 ny=008 col=00 arg=00 cmd=D0 PC=4987 AF=D044 BC=089B DE=2814 HL=0808
HUDCMD_212 all=0767 op=D0 lop=0 sx=128 sy=328 dx=176 dy=000 nx=008 ny=008 col=00 arg=00 cmd=D0 PC=4987 AF=D044 BC=089B DE=B000 HL=0808
HUDCMD_213 all=0768 op=D0 lop=0 sx=128 sy=320 dx=184 dy=000 nx=008 ny=008 col=00 arg=00 cmd=D0 PC=4987 AF=D044 BC=089B DE=B800 HL=0808
HUDCMD_214 all=0769 op=D0 lop=0 sx=000 sy=328 dx=212 dy=000 nx=008 ny=008 col=00 arg=00 cmd=D0 PC=4987 AF=D044 BC=089B DE=D400 HL=0808
HUDCMD_215 all=0770 op=D0 lop=0 sx=128 sy=320 dx=220 dy=000 nx=008 ny=008 col=00 arg=00 cmd=D0 PC=4987 AF=D044 BC=089B DE=DC00 HL=0808
HUDCMD_216 all=0771 op=D0 lop=0 sx=024 sy=328 dx=108 dy=000 nx=008 ny=008 col=00 arg=00 cmd=D0 PC=4987 AF=D044 BC=089B DE=6C00 HL=0808
HUDCMD_217 all=0772 op=D0 lop=0 sx=032 sy=328 dx=116 dy=000 nx=008 ny=008 col=00 arg=00 cmd=D0 PC=4987 AF=D044 BC=089B DE=7400 HL=0808
HUDCMD_218 all=0773 op=D0 lop=0 sx=136 sy=320 dx=124 dy=000 nx=008 ny=008 col=00 arg=00 cmd=D0 PC=4987 AF=D044 BC=089B DE=7C00 HL=0808
HUDCMD_219 all=0774 op=D0 lop=0 sx=184 sy=320 dx=132 dy=000 nx=008 ny=008 col=00 arg=00 cmd=D0 PC=4987 AF=D044 BC=089B DE=8400 HL=0808
HUDCMD_220 all=0775 op=D0 lop=0 sx=168 sy=320 dx=140 dy=000 nx=008 ny=008 col=00 arg=00 cmd=D0 PC=4987 AF=D044 BC=089B DE=8C00 HL=0808
HUDCMD_221 all=0776 op=D0 lop=0 sx=128 sy=320 dx=148 dy=000 nx=008 ny=008 col=00 arg=00 cmd=D0 PC=4987 AF=D044 BC=089B DE=9400 HL=0808
HUDCMD_222 all=0777 op=D0 lop=0 sx=000 sy=320 dx=156 dy=000 nx=008 ny=008 col=00 arg=00 cmd=D0 PC=4987 AF=D044 BC=089B DE=9C00 HL=0808
HUDCMD_223 all=0778 op=D0 lop=0 sx=008 sy=320 dx=164 dy=000 nx=008 ny=008 col=00 arg=00 cmd=D0 PC=4987 AF=D044 BC=089B DE=A400 HL=0808
HUDCMD_224 all=0779 op=D0 lop=0 sx=000 sy=320 dx=192 dy=000 nx=008 ny=008 col=00 arg=00 cmd=D0 PC=4987 AF=D044 BC=089B DE=C000 HL=0808
HUDCMD_225 all=0780 op=D0 lop=0 sx=000 sy=320 dx=200 dy=000 nx=008 ny=008 col=00 arg=00 cmd=D0 PC=4987 AF=D044 BC=089B DE=C800 HL=0808
HUDCMD_226 all=0781 op=D0 lop=0 sx=000 sy=320 dx=228 dy=000 nx=008 ny=008 col=00 arg=00 cmd=D0 PC=4987 AF=D044 BC=089B DE=E400 HL=0808
HUDCMD_227 all=0782 op=D0 lop=0 sx=000 sy=320 dx=236 dy=000 nx=008 ny=008 col=00 arg=00 cmd=D0 PC=4987 AF=D044 BC=089B DE=EC00 HL=0808
HUDCMD_228 all=0783 op=C0 lop=0 sx=000 sy=320 dx=059 dy=013 nx=066 ny=006 col=00 arg=00 cmd=C0 PC=4943 AF=C044 BC=429B DE=0000 HL=4206
HUDCMD_229 all=0784 op=70 lop=0 sx=000 sy=320 dx=059 dy=013 nx=005 ny=000 col=0E arg=01 cmd=70 PC=48D9 AF=7000 BC=069B DE=4206 HL=050E
HUDCMD_230 all=0785 op=70 lop=0 sx=000 sy=320 dx=059 dy=013 nx=065 ny=000 col=0E arg=00 cmd=70 PC=48A5 AF=7044 BC=429B DE=4206 HL=410E
HUDCMD_231 all=0786 op=70 lop=0 sx=000 sy=320 dx=059 dy=018 nx=065 ny=000 col=0E arg=00 cmd=70 PC=48A5 AF=7044 BC=429B DE=4206 HL=410E
HUDCMD_232 all=0787 op=70 lop=0 sx=000 sy=320 dx=124 dy=013 nx=005 ny=000 col=0E arg=01 cmd=70 PC=48D9 AF=7000 BC=069B DE=4206 HL=050E
HUDCMD_233 all=0788 op=C0 lop=0 sx=000 sy=320 dx=060 dy=014 nx=064 ny=004 col=11 arg=00 cmd=C0 PC=4943 AF=C044 BC=409B DE=0006 HL=4004
HUDCMD_234 all=0789 op=C0 lop=0 sx=000 sy=320 dx=059 dy=022 nx=066 ny=006 col=00 arg=00 cmd=C0 PC=4943 AF=C044 BC=429B DE=0006 HL=4206
HUDCMD_235 all=0790 op=70 lop=0 sx=000 sy=320 dx=059 dy=022 nx=005 ny=000 col=0E arg=01 cmd=70 PC=48D9 AF=7000 BC=069B DE=4206 HL=050E
HUDCMD_236 all=0791 op=70 lop=0 sx=000 sy=320 dx=059 dy=022 nx=065 ny=000 col=0E arg=00 cmd=70 PC=48A5 AF=7044 BC=429B DE=4206 HL=410E
HUDCMD_237 all=0792 op=70 lop=0 sx=000 sy=320 dx=059 dy=027 nx=065 ny=000 col=0E arg=00 cmd=70 PC=48A5 AF=7044 BC=429B DE=4206 HL=410E
HUDCMD_238 all=0793 op=70 lop=0 sx=000 sy=320 dx=124 dy=022 nx=005 ny=000 col=0E arg=01 cmd=70 PC=48D9 AF=7000 BC=069B DE=4206 HL=050E
HUDCMD_239 all=0794 op=C0 lop=0 sx=000 sy=320 dx=060 dy=023 nx=064 ny=004 col=88 arg=00 cmd=C0 PC=4943 AF=C044 BC=409B DE=0006 HL=4004
HUDCMD_240 all=0795 op=70 lop=0 sx=000 sy=320 dx=127 dy=011 nx=017 ny=000 col=08 arg=01 cmd=70 PC=48D9 AF=7000 BC=129B DE=1212 HL=1108
HUDCMD_241 all=0796 op=70 lop=0 sx=000 sy=320 dx=127 dy=011 nx=017 ny=000 col=08 arg=00 cmd=70 PC=48A5 AF=7044 BC=129B DE=1212 HL=1108
HUDCMD_242 all=0797 op=70 lop=0 sx=000 sy=320 dx=127 dy=028 nx=017 ny=000 col=08 arg=00 cmd=70 PC=48A5 AF=7044 BC=129B DE=1212 HL=1108
HUDCMD_243 all=0798 op=70 lop=0 sx=000 sy=320 dx=144 dy=011 nx=017 ny=000 col=08 arg=01 cmd=70 PC=48D9 AF=7000 BC=129B DE=1212 HL=1108
HUDCMD_244 all=0799 op=70 lop=0 sx=000 sy=320 dx=147 dy=011 nx=017 ny=000 col=0E arg=01 cmd=70 PC=48D9 AF=7000 BC=129B DE=2212 HL=110E
HUDCMD_245 all=0800 op=70 lop=0 sx=000 sy=320 dx=147 dy=011 nx=033 ny=000 col=0E arg=00 cmd=70 PC=48A5 AF=7044 BC=229B DE=2212 HL=210E
HUDCMD_246 all=0801 op=70 lop=0 sx=000 sy=320 dx=147 dy=028 nx=033 ny=000 col=0E arg=00 cmd=70 PC=48A5 AF=7044 BC=229B DE=2212 HL=210E
HUDCMD_247 all=0802 op=70 lop=0 sx=000 sy=320 dx=180 dy=011 nx=017 ny=000 col=0E arg=01 cmd=70 PC=48D9 AF=7000 BC=129B DE=2212 HL=110E
HUDCMD_248 all=0803 op=70 lop=0 sx=000 sy=320 dx=183 dy=011 nx=017 ny=000 col=0E arg=01 cmd=70 PC=48D9 AF=7000 BC=129B DE=4212 HL=110E
HUDCMD_249 all=0804 op=70 lop=0 sx=000 sy=320 dx=183 dy=011 nx=065 ny=000 col=0E arg=00 cmd=70 PC=48A5 AF=7044 BC=429B DE=4212 HL=410E
HUDCMD_250 all=0805 op=70 lop=0 sx=000 sy=320 dx=183 dy=028 nx=065 ny=000 col=0E arg=00 cmd=70 PC=48A5 AF=7044 BC=429B DE=4212 HL=410E
HUDCMD_251 all=0806 op=70 lop=0 sx=000 sy=320 dx=248 dy=011 nx=017 ny=000 col=0E arg=01 cmd=70 PC=48D9 AF=7000 BC=129B DE=4212 HL=110E
HUDCMD_252 all=0807 op=D0 lop=0 sx=080 sy=368 dx=128 dy=012 nx=016 ny=016 col=00 arg=00 cmd=D0 PC=4987 AF=D044 BC=109B DE=800C HL=1010
HUDCMD_253 all=0808 op=D0 lop=0 sx=080 sy=368 dx=148 dy=012 nx=016 ny=016 col=00 arg=00 cmd=D0 PC=4987 AF=D044 BC=109B DE=940C HL=1010
HUDCMD_254 all=0809 op=D0 lop=0 sx=080 sy=368 dx=164 dy=012 nx=016 ny=016 col=00 arg=00 cmd=D0 PC=4987 AF=D044 BC=109B DE=A40C HL=1010
HUDCMD_255 all=0810 op=C0 lop=0 sx=080 sy=368 dx=184 dy=012 nx=064 ny=016 col=00 arg=00 cmd=C0 PC=4943 AF=C044 BC=409B DE=000C HL=4010
HUDCMD_256 all=0811 op=D0 lop=0 sx=000 sy=320 dx=056 dy=000 nx=008 ny=008 col=00 arg=00 cmd=D0 PC=4987 AF=D044 BC=089B DE=3800 HL=0808
HUDCMD_257 all=0812 op=D0 lop=0 sx=000 sy=320 dx=064 dy=000 nx=008 ny=008 col=00 arg=00 cmd=D0 PC=4987 AF=D044 BC=089B DE=4000 HL=0808
HUDCMD_258 all=0813 op=D0 lop=0 sx=000 sy=320 dx=072 dy=000 nx=008 ny=008 col=00 arg=00 cmd=D0 PC=4987 AF=D044 BC=089B DE=4800 HL=0808
HUDCMD_259 all=0814 op=D0 lop=0 sx=000 sy=320 dx=080 dy=000 nx=008 ny=008 col=00 arg=00 cmd=D0 PC=4987 AF=D044 BC=089B DE=5000 HL=0808
HUDCMD_260 all=0815 op=D0 lop=0 sx=000 sy=320 dx=088 dy=000 nx=008 ny=008 col=00 arg=00 cmd=D0 PC=4987 AF=D044 BC=089B DE=5800 HL=0808
HUDCMD_261 all=0816 op=D0 lop=0 sx=000 sy=320 dx=096 dy=000 nx=008 ny=008 col=00 arg=00 cmd=D0 PC=4987 AF=D044 BC=089B DE=6000 HL=0808
COUNTS all_cmd=844 hud_cmd=261 port98=60258
