MAPA000_001_VAL_0F PC=0D42 SP=FFFF AF=0FA2 BC=F0A0 DE=FFFF HL=A000
MAPA000_002_VAL_F0 PC=0D47 SP=FFFF AF=F072 BC=F0A0 DE=FFFF HL=A000
MAP8000_003_VAL_0F PC=0D42 SP=FFFF AF=0F82 BC=F0A0 DE=FFFF HL=8000
MAP8000_004_VAL_F0 PC=0D47 SP=FFFF AF=F072 BC=F0A0 DE=FFFF HL=8000
MAP6000_005_VAL_01 PC=533D SP=F0EC AF=0180 BC=0000 DE=F0F0 HL=F0F1
MAP8000_006_VAL_02 PC=5342 SP=F0EC AF=0200 BC=0000 DE=F0F0 HL=F0F1
MAPA000_007_VAL_03 PC=5348 SP=F0EC AF=0300 BC=0000 DE=F0F0 HL=F0F2
MAP6000_008_VAL_01 PC=533D SP=F0EC AF=0144 BC=0004 DE=5CE9 HL=F0F1
MAP8000_009_VAL_02 PC=5342 SP=F0EC AF=0200 BC=0004 DE=5CE9 HL=F0F1
MAPA000_010_VAL_03 PC=5348 SP=F0EC AF=0300 BC=0004 DE=5CE9 HL=F0F2
MAP8000_011_VAL_0E PC=4033 SP=F0D8 AF=0E44 BC=04F3 DE=01FF HL=247A
MAPA000_012_VAL_0F PC=4038 SP=F0D8 AF=0F44 BC=04F3 DE=01FF HL=247A
MAP8000_013_VAL_02 PC=4042 SP=F0D8 AF=0208 BC=03F3 DE=8900 HL=C017
MAPA000_014_VAL_03 PC=4048 SP=F0D8 AF=0308 BC=03F3 DE=8900 HL=C017
MAP8000_015_VAL_09 PC=5380 SP=F0CE AF=09A8 BC=0008 DE=0062 HL=F0F2
MAPA000_016_VAL_0A PC=5386 SP=F0CE AF=0A08 BC=0008 DE=0062 HL=F0F3
MAP6000_017_VAL_01 PC=533D SP=F0CE AF=0150 BC=0008 DE=0700 HL=F0F1
MAP8000_018_VAL_02 PC=5342 SP=F0CE AF=0200 BC=0008 DE=0700 HL=F0F1
MAPA000_019_VAL_03 PC=5348 SP=F0CE AF=0300 BC=0008 DE=0700 HL=F0F2
MAP8000_020_VAL_0E PC=4033 SP=F0B6 AF=0E44 BC=0008 DE=01D9 HL=4028
MAPA000_021_VAL_0F PC=4038 SP=F0B6 AF=0F44 BC=0008 DE=01D9 HL=4028
MAP8000_022_VAL_02 PC=4042 SP=F0B6 AF=0244 BC=0308 DE=01BC HL=89F1
MAPA000_023_VAL_03 PC=4048 SP=F0B6 AF=0344 BC=0308 DE=01BC HL=89F1
MAP8000_024_VAL_0E PC=4033 SP=F0B0 AF=0E44 BC=0008 DE=01D9 HL=4028
MAPA000_025_VAL_0F PC=4038 SP=F0B0 AF=0F44 BC=0008 DE=01D9 HL=4028
MAP8000_026_VAL_02 PC=4042 SP=F0B0 AF=0244 BC=0308 DE=01BC HL=89F1
MAPA000_027_VAL_03 PC=4048 SP=F0B0 AF=0344 BC=0308 DE=01BC HL=89F1
MAP8000_028_VAL_0E PC=4033 SP=F0B4 AF=0E44 BC=0008 DE=01D9 HL=4028
MAPA000_029_VAL_0F PC=4038 SP=F0B4 AF=0F44 BC=0008 DE=01D9 HL=4028
MAP8000_030_VAL_02 PC=4042 SP=F0B4 AF=0244 BC=0308 DE=01BC HL=89F1
MAPA000_031_VAL_03 PC=4048 SP=F0B4 AF=0344 BC=0308 DE=01BC HL=89F1
MAP6000_032_VAL_0B PC=5368 SP=F0CE AF=0B44 BC=A89B DE=0107 HL=F0F1
MAP8000_033_VAL_0C PC=536E SP=F0CE AF=0C08 BC=A89B DE=0107 HL=F0F2
MAPA000_034_VAL_0D PC=5374 SP=F0CE AF=0D08 BC=A89B DE=0107 HL=F0F3
MAP8000_035_VAL_0E PC=4033 SP=F0A6 AF=0E44 BC=0008 DE=01D9 HL=4028
MAPA000_036_VAL_0F PC=4038 SP=F0A6 AF=0F44 BC=0008 DE=01D9 HL=4028
MAP8000_037_VAL_0C PC=4042 SP=F0A6 AF=0C44 BC=0308 DE=01BC HL=89F1
MAPA000_038_VAL_0D PC=4048 SP=F0A6 AF=0D44 BC=0308 DE=01BC HL=89F1
MAP8000_039_VAL_0E PC=4033 SP=F0A6 AF=0E44 BC=0008 DE=01D9 HL=4028
MAPA000_040_VAL_0F PC=4038 SP=F0A6 AF=0F44 BC=0008 DE=01D9 HL=4028
MAP8000_041_VAL_0C PC=4042 SP=F0A6 AF=0C44 BC=0308 DE=01BC HL=89F1
MAPA000_042_VAL_0D PC=4048 SP=F0A6 AF=0D44 BC=0308 DE=01BC HL=89F1
MAP8000_043_VAL_0E PC=4033 SP=F0A2 AF=0E44 BC=0008 DE=01D9 HL=4028
MAPA000_044_VAL_0F PC=4038 SP=F0A2 AF=0F44 BC=0008 DE=01D9 HL=4028
MAP8000_045_VAL_0C PC=4042 SP=F0A2 AF=0C44 BC=0308 DE=01BC HL=89F1
MAPA000_046_VAL_0D PC=4048 SP=F0A2 AF=0D44 BC=0308 DE=01BC HL=89F1
MAP8000_047_VAL_0E PC=4033 SP=F0A6 AF=0E44 BC=0008 DE=01D9 HL=4028
MAPA000_048_VAL_0F PC=4038 SP=F0A6 AF=0F44 BC=0008 DE=01D9 HL=4028
MAP8000_049_VAL_0C PC=4042 SP=F0A6 AF=0C44 BC=0308 DE=01BC HL=89F1
MAPA000_050_VAL_0D PC=4048 SP=F0A6 AF=0D44 BC=0308 DE=01BC HL=89F1
MAP8000_051_VAL_0E PC=4033 SP=F0A6 AF=0E44 BC=0008 DE=01D9 HL=4028
MAPA000_052_VAL_0F PC=4038 SP=F0A6 AF=0F44 BC=0008 DE=01D9 HL=4028
MAP8000_053_VAL_0C PC=4042 SP=F0A6 AF=0C44 BC=0308 DE=01BC HL=89F1
MAPA000_054_VAL_0D PC=4048 SP=F0A6 AF=0D44 BC=0308 DE=01BC HL=89F1
MAP8000_055_VAL_0E PC=4033 SP=F0A6 AF=0E44 BC=0008 DE=01D9 HL=4028
MAPA000_056_VAL_0F PC=4038 SP=F0A6 AF=0F44 BC=0008 DE=01D9 HL=4028
MAP8000_057_VAL_0C PC=4042 SP=F0A6 AF=0C44 BC=0308 DE=01BC HL=89F1
MAPA000_058_VAL_0D PC=4048 SP=F0A6 AF=0D44 BC=0308 DE=01BC HL=89F1
MAP8000_059_VAL_0E PC=4033 SP=F0A4 AF=0E44 BC=0008 DE=01D9 HL=4028
MAPA000_060_VAL_0F PC=4038 SP=F0A4 AF=0F44 BC=0008 DE=01D9 HL=4028
MAP8000_061_VAL_0C PC=4042 SP=F0A4 AF=0C44 BC=0308 DE=01BC HL=89F1
MAPA000_062_VAL_0D PC=4048 SP=F0A4 AF=0D44 BC=0308 DE=01BC HL=89F1
MAP8000_063_VAL_0E PC=4033 SP=F0A6 AF=0E44 BC=0008 DE=01D9 HL=4028
MAPA000_064_VAL_0F PC=4038 SP=F0A6 AF=0F44 BC=0008 DE=01D9 HL=4028
MAP8000_065_VAL_0C PC=4042 SP=F0A6 AF=0C44 BC=0308 DE=01BC HL=89F1
MAPA000_066_VAL_0D PC=4048 SP=F0A6 AF=0D44 BC=0308 DE=01BC HL=89F1
MAP6000_067_VAL_01 PC=533D SP=F0CE AF=01A8 BC=0003 DE=A808 HL=F0F1
MAP8000_068_VAL_02 PC=5342 SP=F0CE AF=0200 BC=0003 DE=A808 HL=F0F1
MAPA000_069_VAL_03 PC=5348 SP=F0CE AF=0300 BC=0003 DE=A808 HL=F0F2
MAP8000_070_VAL_0E PC=4033 SP=F0AA AF=0E44 BC=0008 DE=01D9 HL=4028
MAPA000_071_VAL_0F PC=4038 SP=F0AA AF=0F44 BC=0008 DE=01D9 HL=4028
MAP8000_072_VAL_02 PC=4042 SP=F0AA AF=0244 BC=0308 DE=01BC HL=89F1
MAPA000_073_VAL_03 PC=4048 SP=F0AA AF=0344 BC=0308 DE=01BC HL=89F1
MAP8000_074_VAL_0E PC=4033 SP=F0AE AF=0E44 BC=0008 DE=01D9 HL=4028
MAPA000_075_VAL_0F PC=4038 SP=F0AE AF=0F44 BC=0008 DE=01D9 HL=4028
MAP8000_076_VAL_02 PC=4042 SP=F0AE AF=0244 BC=0308 DE=01BC HL=89F1
MAPA000_077_VAL_03 PC=4048 SP=F0AE AF=0344 BC=0308 DE=01BC HL=89F1
MAP8000_078_VAL_0E PC=4033 SP=F0D8 AF=0E44 BC=04F3 DE=01FF HL=247A
MAPA000_079_VAL_0F PC=4038 SP=F0D8 AF=0F44 BC=04F3 DE=01FF HL=247A
MAP8000_080_VAL_02 PC=4042 SP=F0D8 AF=0244 BC=03F3 DE=01BC HL=89F1
TITLE_10S PC=40C3 SP=F0F0 AF=0044 BC=0008 DE=01D9 HL=4028
SHOT title_10s.png
VDPREG_TITLE R00=06 R01=62 R02=1F R03=80 R04=00 R05=EF R06=1F R07=0F R08=08 R09=80 R10=00 R11=01 R12=00 R13=00 R14=02 R15=00 R16=00 R17=2F R18=00 R19=00 R20=00 R21=00 R22=00 R23=00 R24=00 R25=00 R26=00 R27=00 R28=00 R29=00 R30=00 R31=00
VRAM_TITLE_0000 VRAM:0000 len=64 00 00 00 00 00 00 00 00 00 00 00 00 00 00 00 00 00 00 00 00 00 00 00 00 00 00 00 00 00 00 00 00 00 00 00 00 00 00 00 00 00 00 00 00 00 00 00 00 00 00 00 00 00 00 00 00 00 00 00 00 00 00 00 00
VRAM_TITLE_1800 VRAM:1800 len=64 00 00 00 00 00 00 00 00 00 00 00 00 00 00 00 00 00 00 00 00 00 00 00 00 00 00 00 00 00 00 00 00 00 00 00 00 00 00 00 00 00 00 00 00 00 00 00 00 00 00 00 00 00 00 00 00 00 00 00 00 00 00 00 00
VRAM_TITLE_1B00 VRAM:1B00 len=64 00 00 00 00 00 00 00 00 00 00 00 00 00 00 00 00 00 00 00 00 00 00 00 00 00 00 00 00 00 00 00 00 00 00 00 00 00 00 00 00 00 00 00 00 00 00 00 00 00 00 00 00 00 00 00 00 00 00 00 00 00 00 00 00
VRAM_TITLE_3800 VRAM:3800 len=64 00 00 00 00 00 00 00 00 00 00 00 00 00 00 00 00 00 00 00 00 00 00 00 00 00 00 00 00 00 00 00 00 00 00 00 00 00 00 00 00 00 00 00 00 00 00 00 00 00 00 00 00 00 00 00 00 00 00 00 00 00 00 00 00
INPUT SPACE TITLE DOWN
INPUT SPACE TITLE UP
AFTER_SPACE_14S PC=40C3 SP=F0F0 AF=0044 BC=0008 DE=01D9 HL=4028
SHOT after_space_14s.png
VDPREG_14S R00=06 R01=62 R02=1F R03=80 R04=00 R05=EF R06=1F R07=00 R08=08 R09=80 R10=00 R11=01 R12=00 R13=00 R14=02 R15=00 R16=00 R17=2F R18=00 R19=00 R20=00 R21=00 R22=00 R23=00 R24=00 R25=00 R26=00 R27=00 R28=00 R29=00 R30=00 R31=00
AFTER_SPACE_18S PC=7924 SP=F0CC AF=0110 BC=3527 DE=C425 HL=D44B
SHOT after_space_18s.png
VDPREG_18S R00=06 R01=62 R02=1F R03=80 R04=00 R05=EF R06=1F R07=00 R08=08 R09=80 R10=00 R11=01 R12=00 R13=00 R14=03 R15=00 R16=07 R17=2F R18=00 R19=00 R20=00 R21=00 R22=00 R23=00 R24=00 R25=00 R26=00 R27=00 R28=00 R29=00 R30=00 R31=00
AFTER_SPACE_22S PC=46FD SP=F0CC AF=0314 BC=0398 DE=AD81 HL=F800
SHOT after_space_22s.png
VDPREG_22S R00=06 R01=62 R02=1F R03=80 R04=00 R05=EF R06=1F R07=00 R08=08 R09=80 R10=00 R11=01 R12=00 R13=00 R14=03 R15=00 R16=07 R17=2F R18=00 R19=00 R20=00 R21=00 R22=00 R23=00 R24=00 R25=00 R26=00 R27=00 R28=00 R29=00 R30=00 R31=00
RAM_C000 memory:C000 len=128 02 01 00 13 20 01 00 08 00 00 00 00 00 00 00 18 F1 89 F1 89 F1 89 F1 89 00 00 00 00 00 00 00 00 00 00 00 00 00 00 00 00 00 00 00 00 00 00 00 00 00 00 00 00 00 00 00 00 00 00 00 00 00 00 00 00 00 00 00 00 00 00 00 00 00 00 00 00 00 00 00 00 00 00 00 00 00 00 00 00 00 00 01 00 00 00 00 00 00 01 00 00 DC 8F 01 01 00 00 00 00 00 00 00 00 00 00 00 00 00 00 00 00 00 00 00 00 00 00 00 00
RAM_E000 memory:E000 len=128 97 29 9B 21 00 00 00 00 00 00 00 00 00 00 00 00 00 00 00 00 00 00 00 00 93 21 97 26 49 21 8B 29 00 00 00 00 00 00 00 00 00 00 00 00 00 00 00 00 46 21 B4 17 A8 78 BB 82 4B 21 9D 21 00 00 00 00 00 00 00 00 00 00 00 00 A2 21 64 3A A8 21 5B 22 73 8D 00 00 00 00 00 00 00 00 00 00 00 00 00 00 23 20 63 21 96 21 4B 22 9A 20 32 8C 72 83 B2 17 00 00 00 00 00 00 00 00 94 20 89 3A 00 00 00 00
VRAM_22_0000 VRAM:0000 len=64 00 00 00 00 00 00 00 00 00 00 00 00 00 00 00 00 00 00 00 00 00 00 00 00 00 00 00 00 00 00 00 00 00 00 00 00 00 00 00 00 00 00 00 00 00 00 00 00 00 00 00 00 00 00 00 00 00 00 00 00 00 00 00 00
VRAM_22_1800 VRAM:1800 len=64 2D 2D DC DC CC ED EE EE EE EE DE CC CD CD D2 D2 AA AA A2 22 22 22 22 22 AA AA 99 AA 89 2A A0 DE 8A AA AA AA AA AA AA AA 8A AA AA AA AA AA AA AA 8A AA AA AA AA AA AA AA 8A AA AA AA AA AA AA AA
VRAM_22_2000 VRAM:2000 len=64 2D 2D DC DC CC ED EE EE EE EE DE CC CD CD D2 D2 92 22 2A AA AA AA A9 22 2A AA AA 99 90 0D EC EE 8A AA AA AA AA AA AA AA 8A AA AA AA AA AA AA AA 8A AA AA AA AA AA AA AA 8A AA AA AA AA AA AA AA
VRAM_22_3800 VRAM:3800 len=64 2D 2D DC DC CC ED EE EE EE EE DE CC CD CD D2 D2 9A 29 AA AA A8 29 AA 90 CE EE EC EE EE EE EC EE C2 C2 2C C2 DD CC CD CC DD CC CD CC EE EE EC EE CE EE EC EE EE EE EC EE CE EE EC EE EE EE EC EE
COUNTS mapper=6159
