RAMW_001_ADDR_EF00_VAL_0F PC=0D42 SP=FFFF AF=0FBA BC=F0B0 DE=FFFF HL=EF00 IX=FFFF IY=FFFF
RAMW_002_ADDR_EF00_VAL_F0 PC=0D47 SP=FFFF AF=F072 BC=F0B0 DE=FFFF HL=EF00 IX=FFFF IY=FFFF
RAMW_003_ADDR_EE00_VAL_0F PC=0D42 SP=FFFF AF=0FAA BC=F0B0 DE=FFFF HL=EE00 IX=FFFF IY=FFFF
RAMW_004_ADDR_EE00_VAL_F0 PC=0D47 SP=FFFF AF=F072 BC=F0B0 DE=FFFF HL=EE00 IX=FFFF IY=FFFF
RAMW_005_ADDR_ED00_VAL_0F PC=0D42 SP=FFFF AF=0FAA BC=F0B0 DE=FFFF HL=ED00 IX=FFFF IY=FFFF
RAMW_006_ADDR_ED00_VAL_F0 PC=0D47 SP=FFFF AF=F072 BC=F0B0 DE=FFFF HL=ED00 IX=FFFF IY=FFFF
RAMW_007_ADDR_EC00_VAL_0F PC=0D42 SP=FFFF AF=0FAA BC=F0B0 DE=FFFF HL=EC00 IX=FFFF IY=FFFF
RAMW_008_ADDR_EC00_VAL_F0 PC=0D47 SP=FFFF AF=F072 BC=F0B0 DE=FFFF HL=EC00 IX=FFFF IY=FFFF
RAMW_009_ADDR_EB00_VAL_0F PC=0D42 SP=FFFF AF=0FAA BC=F0B0 DE=FFFF HL=EB00 IX=FFFF IY=FFFF
RAMW_010_ADDR_EB00_VAL_F0 PC=0D47 SP=FFFF AF=F072 BC=F0B0 DE=FFFF HL=EB00 IX=FFFF IY=FFFF
RAMW_011_ADDR_EA00_VAL_0F PC=0D42 SP=FFFF AF=0FAA BC=F0B0 DE=FFFF HL=EA00 IX=FFFF IY=FFFF
RAMW_012_ADDR_EA00_VAL_F0 PC=0D47 SP=FFFF AF=F072 BC=F0B0 DE=FFFF HL=EA00 IX=FFFF IY=FFFF
RAMW_013_ADDR_E900_VAL_0F PC=0D42 SP=FFFF AF=0FAA BC=F0B0 DE=FFFF HL=E900 IX=FFFF IY=FFFF
RAMW_014_ADDR_E900_VAL_F0 PC=0D47 SP=FFFF AF=F072 BC=F0B0 DE=FFFF HL=E900 IX=FFFF IY=FFFF
RAMW_015_ADDR_E800_VAL_0F PC=0D42 SP=FFFF AF=0FAA BC=F0B0 DE=FFFF HL=E800 IX=FFFF IY=FFFF
RAMW_016_ADDR_E800_VAL_F0 PC=0D47 SP=FFFF AF=F072 BC=F0B0 DE=FFFF HL=E800 IX=FFFF IY=FFFF
RAMW_017_ADDR_E700_VAL_0F PC=0D42 SP=FFFF AF=0FA2 BC=F0B0 DE=FFFF HL=E700 IX=FFFF IY=FFFF
RAMW_018_ADDR_E700_VAL_F0 PC=0D47 SP=FFFF AF=F072 BC=F0B0 DE=FFFF HL=E700 IX=FFFF IY=FFFF
RAMW_019_ADDR_E600_VAL_0F PC=0D42 SP=FFFF AF=0FA2 BC=F0B0 DE=FFFF HL=E600 IX=FFFF IY=FFFF
RAMW_020_ADDR_E600_VAL_F0 PC=0D47 SP=FFFF AF=F072 BC=F0B0 DE=FFFF HL=E600 IX=FFFF IY=FFFF
RAMW_021_ADDR_E500_VAL_0F PC=0D42 SP=FFFF AF=0FA2 BC=F0B0 DE=FFFF HL=E500 IX=FFFF IY=FFFF
RAMW_022_ADDR_E500_VAL_F0 PC=0D47 SP=FFFF AF=F072 BC=F0B0 DE=FFFF HL=E500 IX=FFFF IY=FFFF
RAMW_023_ADDR_E400_VAL_0F PC=0D42 SP=FFFF AF=0FA2 BC=F0B0 DE=FFFF HL=E400 IX=FFFF IY=FFFF
RAMW_024_ADDR_E400_VAL_F0 PC=0D47 SP=FFFF AF=F072 BC=F0B0 DE=FFFF HL=E400 IX=FFFF IY=FFFF
RAMW_025_ADDR_E300_VAL_0F PC=0D42 SP=FFFF AF=0FA2 BC=F0B0 DE=FFFF HL=E300 IX=FFFF IY=FFFF
RAMW_026_ADDR_E300_VAL_F0 PC=0D47 SP=FFFF AF=F072 BC=F0B0 DE=FFFF HL=E300 IX=FFFF IY=FFFF
RAMW_027_ADDR_E200_VAL_0F PC=0D42 SP=FFFF AF=0FA2 BC=F0B0 DE=FFFF HL=E200 IX=FFFF IY=FFFF
RAMW_028_ADDR_E200_VAL_F0 PC=0D47 SP=FFFF AF=F072 BC=F0B0 DE=FFFF HL=E200 IX=FFFF IY=FFFF
RAMW_029_ADDR_E100_VAL_0F PC=0D42 SP=FFFF AF=0FA2 BC=F0B0 DE=FFFF HL=E100 IX=FFFF IY=FFFF
RAMW_030_ADDR_E100_VAL_F0 PC=0D47 SP=FFFF AF=F072 BC=F0B0 DE=FFFF HL=E100 IX=FFFF IY=FFFF
RAMW_031_ADDR_E000_VAL_0F PC=0D42 SP=FFFF AF=0FA2 BC=F0B0 DE=FFFF HL=E000 IX=FFFF IY=FFFF
RAMW_032_ADDR_E000_VAL_F0 PC=0D47 SP=FFFF AF=F072 BC=F0B0 DE=FFFF HL=E000 IX=FFFF IY=FFFF
RAMW_033_ADDR_DF00_VAL_0F PC=0D42 SP=FFFF AF=0F9A BC=F0B0 DE=FFFF HL=DF00 IX=FFFF IY=FFFF
RAMW_034_ADDR_DF00_VAL_F0 PC=0D47 SP=FFFF AF=F072 BC=F0B0 DE=FFFF HL=DF00 IX=FFFF IY=FFFF
RAMW_035_ADDR_DE00_VAL_0F PC=0D42 SP=FFFF AF=0F8A BC=F0B0 DE=FFFF HL=DE00 IX=FFFF IY=FFFF
RAMW_036_ADDR_DE00_VAL_F0 PC=0D47 SP=FFFF AF=F072 BC=F0B0 DE=FFFF HL=DE00 IX=FFFF IY=FFFF
RAMW_037_ADDR_DD00_VAL_0F PC=0D42 SP=FFFF AF=0F8A BC=F0B0 DE=FFFF HL=DD00 IX=FFFF IY=FFFF
RAMW_038_ADDR_DD00_VAL_F0 PC=0D47 SP=FFFF AF=F072 BC=F0B0 DE=FFFF HL=DD00 IX=FFFF IY=FFFF
RAMW_039_ADDR_DC00_VAL_0F PC=0D42 SP=FFFF AF=0F8A BC=F0B0 DE=FFFF HL=DC00 IX=FFFF IY=FFFF
RAMW_040_ADDR_DC00_VAL_F0 PC=0D47 SP=FFFF AF=F072 BC=F0B0 DE=FFFF HL=DC00 IX=FFFF IY=FFFF
RAMW_041_ADDR_DB00_VAL_0F PC=0D42 SP=FFFF AF=0F8A BC=F0B0 DE=FFFF HL=DB00 IX=FFFF IY=FFFF
RAMW_042_ADDR_DB00_VAL_F0 PC=0D47 SP=FFFF AF=F072 BC=F0B0 DE=FFFF HL=DB00 IX=FFFF IY=FFFF
RAMW_043_ADDR_DA00_VAL_0F PC=0D42 SP=FFFF AF=0F8A BC=F0B0 DE=FFFF HL=DA00 IX=FFFF IY=FFFF
RAMW_044_ADDR_DA00_VAL_F0 PC=0D47 SP=FFFF AF=F072 BC=F0B0 DE=FFFF HL=DA00 IX=FFFF IY=FFFF
RAMW_045_ADDR_D900_VAL_0F PC=0D42 SP=FFFF AF=0F8A BC=F0B0 DE=FFFF HL=D900 IX=FFFF IY=FFFF
RAMW_046_ADDR_D900_VAL_F0 PC=0D47 SP=FFFF AF=F072 BC=F0B0 DE=FFFF HL=D900 IX=FFFF IY=FFFF
RAMW_047_ADDR_D800_VAL_0F PC=0D42 SP=FFFF AF=0F8A BC=F0B0 DE=FFFF HL=D800 IX=FFFF IY=FFFF
RAMW_048_ADDR_D800_VAL_F0 PC=0D47 SP=FFFF AF=F072 BC=F0B0 DE=FFFF HL=D800 IX=FFFF IY=FFFF
RAMW_049_ADDR_D700_VAL_0F PC=0D42 SP=FFFF AF=0F82 BC=F0B0 DE=FFFF HL=D700 IX=FFFF IY=FFFF
RAMW_050_ADDR_D700_VAL_F0 PC=0D47 SP=FFFF AF=F072 BC=F0B0 DE=FFFF HL=D700 IX=FFFF IY=FFFF
RAMW_051_ADDR_D600_VAL_0F PC=0D42 SP=FFFF AF=0F82 BC=F0B0 DE=FFFF HL=D600 IX=FFFF IY=FFFF
RAMW_052_ADDR_D600_VAL_F0 PC=0D47 SP=FFFF AF=F072 BC=F0B0 DE=FFFF HL=D600 IX=FFFF IY=FFFF
RAMW_053_ADDR_D500_VAL_0F PC=0D42 SP=FFFF AF=0F82 BC=F0B0 DE=FFFF HL=D500 IX=FFFF IY=FFFF
RAMW_054_ADDR_D500_VAL_F0 PC=0D47 SP=FFFF AF=F072 BC=F0B0 DE=FFFF HL=D500 IX=FFFF IY=FFFF
RAMW_055_ADDR_D400_VAL_0F PC=0D42 SP=FFFF AF=0F82 BC=F0B0 DE=FFFF HL=D400 IX=FFFF IY=FFFF
RAMW_056_ADDR_D400_VAL_F0 PC=0D47 SP=FFFF AF=F072 BC=F0B0 DE=FFFF HL=D400 IX=FFFF IY=FFFF
RAMW_057_ADDR_D300_VAL_0F PC=0D42 SP=FFFF AF=0F82 BC=F0B0 DE=FFFF HL=D300 IX=FFFF IY=FFFF
RAMW_058_ADDR_D300_VAL_F0 PC=0D47 SP=FFFF AF=F072 BC=F0B0 DE=FFFF HL=D300 IX=FFFF IY=FFFF
RAMW_059_ADDR_D200_VAL_0F PC=0D42 SP=FFFF AF=0F82 BC=F0B0 DE=FFFF HL=D200 IX=FFFF IY=FFFF
RAMW_060_ADDR_D200_VAL_F0 PC=0D47 SP=FFFF AF=F072 BC=F0B0 DE=FFFF HL=D200 IX=FFFF IY=FFFF
RAMW_061_ADDR_D100_VAL_0F PC=0D42 SP=FFFF AF=0F82 BC=F0B0 DE=FFFF HL=D100 IX=FFFF IY=FFFF
RAMW_062_ADDR_D100_VAL_F0 PC=0D47 SP=FFFF AF=F072 BC=F0B0 DE=FFFF HL=D100 IX=FFFF IY=FFFF
RAMW_063_ADDR_D000_VAL_0F PC=0D42 SP=FFFF AF=0F82 BC=F0B0 DE=FFFF HL=D000 IX=FFFF IY=FFFF
RAMW_064_ADDR_D000_VAL_F0 PC=0D47 SP=FFFF AF=F072 BC=F0B0 DE=FFFF HL=D000 IX=FFFF IY=FFFF
RAMW_065_ADDR_EF00_VAL_0F PC=0D42 SP=FFFF AF=0FBA BC=F0A0 DE=FFFF HL=EF00 IX=FFFF IY=FFFF
RAMW_066_ADDR_EF00_VAL_F0 PC=0D47 SP=FFFF AF=F072 BC=F0A0 DE=FFFF HL=EF00 IX=FFFF IY=FFFF
RAMW_067_ADDR_EE00_VAL_0F PC=0D42 SP=FFFF AF=0FAA BC=F0A0 DE=FFFF HL=EE00 IX=FFFF IY=FFFF
RAMW_068_ADDR_EE00_VAL_F0 PC=0D47 SP=FFFF AF=F072 BC=F0A0 DE=FFFF HL=EE00 IX=FFFF IY=FFFF
RAMW_069_ADDR_ED00_VAL_0F PC=0D42 SP=FFFF AF=0FAA BC=F0A0 DE=FFFF HL=ED00 IX=FFFF IY=FFFF
RAMW_070_ADDR_ED00_VAL_F0 PC=0D47 SP=FFFF AF=F072 BC=F0A0 DE=FFFF HL=ED00 IX=FFFF IY=FFFF
RAMW_071_ADDR_EC00_VAL_0F PC=0D42 SP=FFFF AF=0FAA BC=F0A0 DE=FFFF HL=EC00 IX=FFFF IY=FFFF
RAMW_072_ADDR_EC00_VAL_F0 PC=0D47 SP=FFFF AF=F072 BC=F0A0 DE=FFFF HL=EC00 IX=FFFF IY=FFFF
RAMW_073_ADDR_EB00_VAL_0F PC=0D42 SP=FFFF AF=0FAA BC=F0A0 DE=FFFF HL=EB00 IX=FFFF IY=FFFF
RAMW_074_ADDR_EB00_VAL_F0 PC=0D47 SP=FFFF AF=F072 BC=F0A0 DE=FFFF HL=EB00 IX=FFFF IY=FFFF
RAMW_075_ADDR_EA00_VAL_0F PC=0D42 SP=FFFF AF=0FAA BC=F0A0 DE=FFFF HL=EA00 IX=FFFF IY=FFFF
RAMW_076_ADDR_EA00_VAL_F0 PC=0D47 SP=FFFF AF=F072 BC=F0A0 DE=FFFF HL=EA00 IX=FFFF IY=FFFF
RAMW_077_ADDR_E900_VAL_0F PC=0D42 SP=FFFF AF=0FAA BC=F0A0 DE=FFFF HL=E900 IX=FFFF IY=FFFF
RAMW_078_ADDR_E900_VAL_F0 PC=0D47 SP=FFFF AF=F072 BC=F0A0 DE=FFFF HL=E900 IX=FFFF IY=FFFF
RAMW_079_ADDR_E800_VAL_0F PC=0D42 SP=FFFF AF=0FAA BC=F0A0 DE=FFFF HL=E800 IX=FFFF IY=FFFF
RAMW_080_ADDR_E800_VAL_F0 PC=0D47 SP=FFFF AF=F072 BC=F0A0 DE=FFFF HL=E800 IX=FFFF IY=FFFF
RAMW_081_ADDR_E700_VAL_0F PC=0D42 SP=FFFF AF=0FA2 BC=F0A0 DE=FFFF HL=E700 IX=FFFF IY=FFFF
RAMW_082_ADDR_E700_VAL_F0 PC=0D47 SP=FFFF AF=F072 BC=F0A0 DE=FFFF HL=E700 IX=FFFF IY=FFFF
RAMW_083_ADDR_E600_VAL_0F PC=0D42 SP=FFFF AF=0FA2 BC=F0A0 DE=FFFF HL=E600 IX=FFFF IY=FFFF
RAMW_084_ADDR_E600_VAL_F0 PC=0D47 SP=FFFF AF=F072 BC=F0A0 DE=FFFF HL=E600 IX=FFFF IY=FFFF
RAMW_085_ADDR_E500_VAL_0F PC=0D42 SP=FFFF AF=0FA2 BC=F0A0 DE=FFFF HL=E500 IX=FFFF IY=FFFF
RAMW_086_ADDR_E500_VAL_F0 PC=0D47 SP=FFFF AF=F072 BC=F0A0 DE=FFFF HL=E500 IX=FFFF IY=FFFF
RAMW_087_ADDR_E400_VAL_0F PC=0D42 SP=FFFF AF=0FA2 BC=F0A0 DE=FFFF HL=E400 IX=FFFF IY=FFFF
RAMW_088_ADDR_E400_VAL_F0 PC=0D47 SP=FFFF AF=F072 BC=F0A0 DE=FFFF HL=E400 IX=FFFF IY=FFFF
RAMW_089_ADDR_E300_VAL_0F PC=0D42 SP=FFFF AF=0FA2 BC=F0A0 DE=FFFF HL=E300 IX=FFFF IY=FFFF
RAMW_090_ADDR_E300_VAL_F0 PC=0D47 SP=FFFF AF=F072 BC=F0A0 DE=FFFF HL=E300 IX=FFFF IY=FFFF
RAMW_091_ADDR_E200_VAL_0F PC=0D42 SP=FFFF AF=0FA2 BC=F0A0 DE=FFFF HL=E200 IX=FFFF IY=FFFF
RAMW_092_ADDR_E200_VAL_F0 PC=0D47 SP=FFFF AF=F072 BC=F0A0 DE=FFFF HL=E200 IX=FFFF IY=FFFF
RAMW_093_ADDR_E100_VAL_0F PC=0D42 SP=FFFF AF=0FA2 BC=F0A0 DE=FFFF HL=E100 IX=FFFF IY=FFFF
RAMW_094_ADDR_E100_VAL_F0 PC=0D47 SP=FFFF AF=F072 BC=F0A0 DE=FFFF HL=E100 IX=FFFF IY=FFFF
RAMW_095_ADDR_E000_VAL_0F PC=0D42 SP=FFFF AF=0FA2 BC=F0A0 DE=FFFF HL=E000 IX=FFFF IY=FFFF
RAMW_096_ADDR_E000_VAL_F0 PC=0D47 SP=FFFF AF=F072 BC=F0A0 DE=FFFF HL=E000 IX=FFFF IY=FFFF
RAMW_097_ADDR_DF00_VAL_0F PC=0D42 SP=FFFF AF=0F9A BC=F0A0 DE=FFFF HL=DF00 IX=FFFF IY=FFFF
RAMW_098_ADDR_DF00_VAL_F0 PC=0D47 SP=FFFF AF=F072 BC=F0A0 DE=FFFF HL=DF00 IX=FFFF IY=FFFF
RAMW_099_ADDR_DE00_VAL_0F PC=0D42 SP=FFFF AF=0F8A BC=F0A0 DE=FFFF HL=DE00 IX=FFFF IY=FFFF
RAMW_100_ADDR_DE00_VAL_F0 PC=0D47 SP=FFFF AF=F072 BC=F0A0 DE=FFFF HL=DE00 IX=FFFF IY=FFFF
RAMW_101_ADDR_DD00_VAL_0F PC=0D42 SP=FFFF AF=0F8A BC=F0A0 DE=FFFF HL=DD00 IX=FFFF IY=FFFF
RAMW_102_ADDR_DD00_VAL_F0 PC=0D47 SP=FFFF AF=F072 BC=F0A0 DE=FFFF HL=DD00 IX=FFFF IY=FFFF
RAMW_103_ADDR_DC00_VAL_0F PC=0D42 SP=FFFF AF=0F8A BC=F0A0 DE=FFFF HL=DC00 IX=FFFF IY=FFFF
RAMW_104_ADDR_DC00_VAL_F0 PC=0D47 SP=FFFF AF=F072 BC=F0A0 DE=FFFF HL=DC00 IX=FFFF IY=FFFF
RAMW_105_ADDR_DB00_VAL_0F PC=0D42 SP=FFFF AF=0F8A BC=F0A0 DE=FFFF HL=DB00 IX=FFFF IY=FFFF
RAMW_106_ADDR_DB00_VAL_F0 PC=0D47 SP=FFFF AF=F072 BC=F0A0 DE=FFFF HL=DB00 IX=FFFF IY=FFFF
RAMW_107_ADDR_DA00_VAL_0F PC=0D42 SP=FFFF AF=0F8A BC=F0A0 DE=FFFF HL=DA00 IX=FFFF IY=FFFF
RAMW_108_ADDR_DA00_VAL_F0 PC=0D47 SP=FFFF AF=F072 BC=F0A0 DE=FFFF HL=DA00 IX=FFFF IY=FFFF
RAMW_109_ADDR_D900_VAL_0F PC=0D42 SP=FFFF AF=0F8A BC=F0A0 DE=FFFF HL=D900 IX=FFFF IY=FFFF
RAMW_110_ADDR_D900_VAL_F0 PC=0D47 SP=FFFF AF=F072 BC=F0A0 DE=FFFF HL=D900 IX=FFFF IY=FFFF
RAMW_111_ADDR_D800_VAL_0F PC=0D42 SP=FFFF AF=0F8A BC=F0A0 DE=FFFF HL=D800 IX=FFFF IY=FFFF
RAMW_112_ADDR_D800_VAL_F0 PC=0D47 SP=FFFF AF=F072 BC=F0A0 DE=FFFF HL=D800 IX=FFFF IY=FFFF
RAMW_113_ADDR_D700_VAL_0F PC=0D42 SP=FFFF AF=0F82 BC=F0A0 DE=FFFF HL=D700 IX=FFFF IY=FFFF
RAMW_114_ADDR_D700_VAL_F0 PC=0D47 SP=FFFF AF=F072 BC=F0A0 DE=FFFF HL=D700 IX=FFFF IY=FFFF
RAMW_115_ADDR_D600_VAL_0F PC=0D42 SP=FFFF AF=0F82 BC=F0A0 DE=FFFF HL=D600 IX=FFFF IY=FFFF
RAMW_116_ADDR_D600_VAL_F0 PC=0D47 SP=FFFF AF=F072 BC=F0A0 DE=FFFF HL=D600 IX=FFFF IY=FFFF
RAMW_117_ADDR_D500_VAL_0F PC=0D42 SP=FFFF AF=0F82 BC=F0A0 DE=FFFF HL=D500 IX=FFFF IY=FFFF
RAMW_118_ADDR_D500_VAL_F0 PC=0D47 SP=FFFF AF=F072 BC=F0A0 DE=FFFF HL=D500 IX=FFFF IY=FFFF
RAMW_119_ADDR_D400_VAL_0F PC=0D42 SP=FFFF AF=0F82 BC=F0A0 DE=FFFF HL=D400 IX=FFFF IY=FFFF
RAMW_120_ADDR_D400_VAL_F0 PC=0D47 SP=FFFF AF=F072 BC=F0A0 DE=FFFF HL=D400 IX=FFFF IY=FFFF
RAMW_121_ADDR_D300_VAL_0F PC=0D42 SP=FFFF AF=0F82 BC=F0A0 DE=FFFF HL=D300 IX=FFFF IY=FFFF
RAMW_122_ADDR_D300_VAL_F0 PC=0D47 SP=FFFF AF=F072 BC=F0A0 DE=FFFF HL=D300 IX=FFFF IY=FFFF
RAMW_123_ADDR_D200_VAL_0F PC=0D42 SP=FFFF AF=0F82 BC=F0A0 DE=FFFF HL=D200 IX=FFFF IY=FFFF
RAMW_124_ADDR_D200_VAL_F0 PC=0D47 SP=FFFF AF=F072 BC=F0A0 DE=FFFF HL=D200 IX=FFFF IY=FFFF
RAMW_125_ADDR_D100_VAL_0F PC=0D42 SP=FFFF AF=0F82 BC=F0A0 DE=FFFF HL=D100 IX=FFFF IY=FFFF
RAMW_126_ADDR_D100_VAL_F0 PC=0D47 SP=FFFF AF=F072 BC=F0A0 DE=FFFF HL=D100 IX=FFFF IY=FFFF
RAMW_127_ADDR_D000_VAL_0F PC=0D42 SP=FFFF AF=0F82 BC=F0A0 DE=FFFF HL=D000 IX=FFFF IY=FFFF
RAMW_128_ADDR_D000_VAL_F0 PC=0D47 SP=FFFF AF=F072 BC=F0A0 DE=FFFF HL=D000 IX=FFFF IY=FFFF
MAP_001_ADDR_A000_VAL_0F PC=0D42 SP=FFFF AF=0FA2 BC=F0A0 DE=FFFF HL=A000 IX=FFFF IY=FFFF
MAP_002_ADDR_A000_VAL_F0 PC=0D47 SP=FFFF AF=F072 BC=F0A0 DE=FFFF HL=A000 IX=FFFF IY=FFFF
MAP_003_ADDR_8000_VAL_0F PC=0D42 SP=FFFF AF=0F82 BC=F0A0 DE=FFFF HL=8000 IX=FFFF IY=FFFF
MAP_004_ADDR_8000_VAL_F0 PC=0D47 SP=FFFF AF=F072 BC=F0A0 DE=FFFF HL=8000 IX=FFFF IY=FFFF
RAMW_129_ADDR_EF00_VAL_0F PC=0D42 SP=FFFF AF=0FBA BC=F090 DE=FFFF HL=EF00 IX=FFFF IY=FFFF
RAMW_130_ADDR_EF00_VAL_F0 PC=0D47 SP=FFFF AF=F072 BC=F090 DE=FFFF HL=EF00 IX=FFFF IY=FFFF
RAMW_131_ADDR_EE00_VAL_0F PC=0D42 SP=FFFF AF=0FAA BC=F090 DE=FFFF HL=EE00 IX=FFFF IY=FFFF
RAMW_132_ADDR_EE00_VAL_F0 PC=0D47 SP=FFFF AF=F072 BC=F090 DE=FFFF HL=EE00 IX=FFFF IY=FFFF
RAMW_133_ADDR_ED00_VAL_0F PC=0D42 SP=FFFF AF=0FAA BC=F090 DE=FFFF HL=ED00 IX=FFFF IY=FFFF
RAMW_134_ADDR_ED00_VAL_F0 PC=0D47 SP=FFFF AF=F072 BC=F090 DE=FFFF HL=ED00 IX=FFFF IY=FFFF
RAMW_135_ADDR_EC00_VAL_0F PC=0D42 SP=FFFF AF=0FAA BC=F090 DE=FFFF HL=EC00 IX=FFFF IY=FFFF
RAMW_136_ADDR_EC00_VAL_F0 PC=0D47 SP=FFFF AF=F072 BC=F090 DE=FFFF HL=EC00 IX=FFFF IY=FFFF
RAMW_137_ADDR_EB00_VAL_0F PC=0D42 SP=FFFF AF=0FAA BC=F090 DE=FFFF HL=EB00 IX=FFFF IY=FFFF
RAMW_138_ADDR_EB00_VAL_F0 PC=0D47 SP=FFFF AF=F072 BC=F090 DE=FFFF HL=EB00 IX=FFFF IY=FFFF
RAMW_139_ADDR_EA00_VAL_0F PC=0D42 SP=FFFF AF=0FAA BC=F090 DE=FFFF HL=EA00 IX=FFFF IY=FFFF
RAMW_140_ADDR_EA00_VAL_F0 PC=0D47 SP=FFFF AF=F072 BC=F090 DE=FFFF HL=EA00 IX=FFFF IY=FFFF
RAMW_141_ADDR_E900_VAL_0F PC=0D42 SP=FFFF AF=0FAA BC=F090 DE=FFFF HL=E900 IX=FFFF IY=FFFF
RAMW_142_ADDR_E900_VAL_F0 PC=0D47 SP=FFFF AF=F072 BC=F090 DE=FFFF HL=E900 IX=FFFF IY=FFFF
RAMW_143_ADDR_E800_VAL_0F PC=0D42 SP=FFFF AF=0FAA BC=F090 DE=FFFF HL=E800 IX=FFFF IY=FFFF
RAMW_144_ADDR_E800_VAL_F0 PC=0D47 SP=FFFF AF=F072 BC=F090 DE=FFFF HL=E800 IX=FFFF IY=FFFF
RAMW_145_ADDR_E700_VAL_0F PC=0D42 SP=FFFF AF=0FA2 BC=F090 DE=FFFF HL=E700 IX=FFFF IY=FFFF
RAMW_146_ADDR_E700_VAL_F0 PC=0D47 SP=FFFF AF=F072 BC=F090 DE=FFFF HL=E700 IX=FFFF IY=FFFF
RAMW_147_ADDR_E600_VAL_0F PC=0D42 SP=FFFF AF=0FA2 BC=F090 DE=FFFF HL=E600 IX=FFFF IY=FFFF
RAMW_148_ADDR_E600_VAL_F0 PC=0D47 SP=FFFF AF=F072 BC=F090 DE=FFFF HL=E600 IX=FFFF IY=FFFF
RAMW_149_ADDR_E500_VAL_0F PC=0D42 SP=FFFF AF=0FA2 BC=F090 DE=FFFF HL=E500 IX=FFFF IY=FFFF
RAMW_150_ADDR_E500_VAL_F0 PC=0D47 SP=FFFF AF=F072 BC=F090 DE=FFFF HL=E500 IX=FFFF IY=FFFF
RAMW_151_ADDR_E400_VAL_0F PC=0D42 SP=FFFF AF=0FA2 BC=F090 DE=FFFF HL=E400 IX=FFFF IY=FFFF
RAMW_152_ADDR_E400_VAL_F0 PC=0D47 SP=FFFF AF=F072 BC=F090 DE=FFFF HL=E400 IX=FFFF IY=FFFF
RAMW_153_ADDR_E300_VAL_0F PC=0D42 SP=FFFF AF=0FA2 BC=F090 DE=FFFF HL=E300 IX=FFFF IY=FFFF
RAMW_154_ADDR_E300_VAL_F0 PC=0D47 SP=FFFF AF=F072 BC=F090 DE=FFFF HL=E300 IX=FFFF IY=FFFF
RAMW_155_ADDR_E200_VAL_0F PC=0D42 SP=FFFF AF=0FA2 BC=F090 DE=FFFF HL=E200 IX=FFFF IY=FFFF
RAMW_156_ADDR_E200_VAL_F0 PC=0D47 SP=FFFF AF=F072 BC=F090 DE=FFFF HL=E200 IX=FFFF IY=FFFF
RAMW_157_ADDR_E100_VAL_0F PC=0D42 SP=FFFF AF=0FA2 BC=F090 DE=FFFF HL=E100 IX=FFFF IY=FFFF
RAMW_158_ADDR_E100_VAL_F0 PC=0D47 SP=FFFF AF=F072 BC=F090 DE=FFFF HL=E100 IX=FFFF IY=FFFF
RAMW_159_ADDR_E000_VAL_0F PC=0D42 SP=FFFF AF=0FA2 BC=F090 DE=FFFF HL=E000 IX=FFFF IY=FFFF
RAMW_160_ADDR_E000_VAL_F0 PC=0D47 SP=FFFF AF=F072 BC=F090 DE=FFFF HL=E000 IX=FFFF IY=FFFF
RAMW_161_ADDR_DF00_VAL_0F PC=0D42 SP=FFFF AF=0F9A BC=F090 DE=FFFF HL=DF00 IX=FFFF IY=FFFF
RAMW_162_ADDR_DF00_VAL_F0 PC=0D47 SP=FFFF AF=F072 BC=F090 DE=FFFF HL=DF00 IX=FFFF IY=FFFF
RAMW_163_ADDR_DE00_VAL_0F PC=0D42 SP=FFFF AF=0F8A BC=F090 DE=FFFF HL=DE00 IX=FFFF IY=FFFF
RAMW_164_ADDR_DE00_VAL_F0 PC=0D47 SP=FFFF AF=F072 BC=F090 DE=FFFF HL=DE00 IX=FFFF IY=FFFF
RAMW_165_ADDR_DD00_VAL_0F PC=0D42 SP=FFFF AF=0F8A BC=F090 DE=FFFF HL=DD00 IX=FFFF IY=FFFF
RAMW_166_ADDR_DD00_VAL_F0 PC=0D47 SP=FFFF AF=F072 BC=F090 DE=FFFF HL=DD00 IX=FFFF IY=FFFF
RAMW_167_ADDR_DC00_VAL_0F PC=0D42 SP=FFFF AF=0F8A BC=F090 DE=FFFF HL=DC00 IX=FFFF IY=FFFF
RAMW_168_ADDR_DC00_VAL_F0 PC=0D47 SP=FFFF AF=F072 BC=F090 DE=FFFF HL=DC00 IX=FFFF IY=FFFF
RAMW_169_ADDR_DB00_VAL_0F PC=0D42 SP=FFFF AF=0F8A BC=F090 DE=FFFF HL=DB00 IX=FFFF IY=FFFF
RAMW_170_ADDR_DB00_VAL_F0 PC=0D47 SP=FFFF AF=F072 BC=F090 DE=FFFF HL=DB00 IX=FFFF IY=FFFF
RAMW_171_ADDR_DA00_VAL_0F PC=0D42 SP=FFFF AF=0F8A BC=F090 DE=FFFF HL=DA00 IX=FFFF IY=FFFF
RAMW_172_ADDR_DA00_VAL_F0 PC=0D47 SP=FFFF AF=F072 BC=F090 DE=FFFF HL=DA00 IX=FFFF IY=FFFF
RAMW_173_ADDR_D900_VAL_0F PC=0D42 SP=FFFF AF=0F8A BC=F090 DE=FFFF HL=D900 IX=FFFF IY=FFFF
RAMW_174_ADDR_D900_VAL_F0 PC=0D47 SP=FFFF AF=F072 BC=F090 DE=FFFF HL=D900 IX=FFFF IY=FFFF
RAMW_175_ADDR_D800_VAL_0F PC=0D42 SP=FFFF AF=0F8A BC=F090 DE=FFFF HL=D800 IX=FFFF IY=FFFF
RAMW_176_ADDR_D800_VAL_F0 PC=0D47 SP=FFFF AF=F072 BC=F090 DE=FFFF HL=D800 IX=FFFF IY=FFFF
RAMW_177_ADDR_D700_VAL_0F PC=0D42 SP=FFFF AF=0F82 BC=F090 DE=FFFF HL=D700 IX=FFFF IY=FFFF
RAMW_178_ADDR_D700_VAL_F0 PC=0D47 SP=FFFF AF=F072 BC=F090 DE=FFFF HL=D700 IX=FFFF IY=FFFF
RAMW_179_ADDR_D600_VAL_0F PC=0D42 SP=FFFF AF=0F82 BC=F090 DE=FFFF HL=D600 IX=FFFF IY=FFFF
RAMW_180_ADDR_D600_VAL_F0 PC=0D47 SP=FFFF AF=F072 BC=F090 DE=FFFF HL=D600 IX=FFFF IY=FFFF
VDP99_001_VAL_00 PC=0232 SP=F2FC AF=0041 BC=0000 DE=83A0 HL=FCC4 IX=FFFF IY=FFFF
VDP99_002_VAL_80 PC=0237 SP=F2FC AF=8080 BC=0000 DE=83A0 HL=FCC4 IX=FFFF IY=FFFF
VDP99_003_VAL_E0 PC=0232 SP=F2FC AF=E0A0 BC=E001 DE=83A0 HL=FCC4 IX=FFFF IY=FFFF
VDP99_004_VAL_81 PC=0237 SP=F2FC AF=8184 BC=E001 DE=83A0 HL=FCC4 IX=FFFF IY=FFFF
VDP99_005_VAL_00 PC=0232 SP=F2FC AF=00A0 BC=0002 DE=83A0 HL=FCC4 IX=FFFF IY=FFFF
VDP99_006_VAL_82 PC=0237 SP=F2FC AF=8284 BC=0002 DE=83A0 HL=FCC4 IX=FFFF IY=FFFF
VDP99_007_VAL_80 PC=0232 SP=F2FC AF=80A0 BC=8003 DE=83A0 HL=FCC4 IX=FFFF IY=FFFF
VDP99_008_VAL_83 PC=0237 SP=F2FC AF=8380 BC=8003 DE=83A0 HL=FCC4 IX=FFFF IY=FFFF
VDP99_009_VAL_01 PC=0232 SP=F2FC AF=01A0 BC=0104 DE=83A0 HL=FCC4 IX=FFFF IY=FFFF
VDP99_010_VAL_84 PC=0237 SP=F2FC AF=8484 BC=0104 DE=83A0 HL=FCC4 IX=FFFF IY=FFFF
VDP99_011_VAL_08 PC=0232 SP=F2FC AF=08A0 BC=0808 DE=83A0 HL=FCC4 IX=FFFF IY=FFFF
VDP99_012_VAL_88 PC=0237 SP=F2FC AF=888C BC=0808 DE=83A0 HL=FCC4 IX=FFFF IY=FFFF
VDP99_013_VAL_00 PC=027C SP=F2F6 AF=0044 BC=0300 DE=83A0 HL=0000 IX=FFFF IY=FFFF
VDP99_014_VAL_8E PC=0280 SP=F2F6 AF=8E44 BC=0300 DE=83A0 HL=0000 IX=FFFF IY=FFFF
VDP99_015_VAL_00 PC=0283 SP=F2F6 AF=0044 BC=0300 DE=83A0 HL=0000 IX=FFFF IY=FFFF
VDP99_016_VAL_40 PC=028A SP=F2F6 AF=4000 BC=0300 DE=83A0 HL=0000 IX=FFFF IY=FFFF
VDP99_017_VAL_00 PC=027C SP=F2F8 AF=0044 BC=0800 DE=FBCA HL=0800 IX=FFFF IY=FFFF
VDP99_018_VAL_8E PC=0280 SP=F2F8 AF=8E44 BC=0800 DE=FBCA HL=0800 IX=FFFF IY=FFFF
VDP99_019_VAL_00 PC=0283 SP=F2F8 AF=0044 BC=0800 DE=FBCA HL=0800 IX=FFFF IY=FFFF
VDP99_020_VAL_48 PC=028A SP=F2F8 AF=480C BC=0800 DE=FBCA HL=0800 IX=FFFF IY=FFFF
VDP99_021_VAL_00 PC=027C SP=F2F8 AF=0044 BC=0020 DE=FBCA HL=2000 IX=FFFF IY=FFFF
VDP99_022_VAL_8E PC=0280 SP=F2F8 AF=8E44 BC=0020 DE=FBCA HL=2000 IX=FFFF IY=FFFF
VDP99_023_VAL_00 PC=0283 SP=F2F8 AF=0044 BC=0020 DE=FBCA HL=2000 IX=FFFF IY=FFFF
VDP99_024_VAL_60 PC=028A SP=F2F8 AF=6024 BC=0020 DE=FBCA HL=2000 IX=FFFF IY=FFFF
VDP99_025_VAL_F5 PC=0232 SP=F2FC AF=F542 BC=F507 DE=FBCA HL=2000 IX=FFFF IY=FFFF
VDP99_026_VAL_87 PC=0237 SP=F2FC AF=8784 BC=F507 DE=FBCA HL=2000 IX=FFFF IY=FFFF
VDP99_027_VAL_00 PC=027C SP=F2FA AF=0044 BC=0800 DE=1BBF HL=0800 IX=FFFF IY=FFFF
VDP99_028_VAL_8E PC=0280 SP=F2FA AF=8E44 BC=0800 DE=1BBF HL=0800 IX=FFFF IY=FFFF
VDP99_029_VAL_00 PC=0283 SP=F2FA AF=0044 BC=0800 DE=1BBF HL=0800 IX=FFFF IY=FFFF
VDP99_030_VAL_48 PC=028A SP=F2FA AF=480C BC=0800 DE=1BBF HL=0800 IX=FFFF IY=FFFF
VDP99_031_VAL_A0 PC=0403 SP=F2D6 AF=A0B4 BC=A001 DE=EA80 HL=0AFD IX=00D1 IY=8340
VDP99_032_VAL_81 PC=0408 SP=F2D6 AF=8184 BC=A001 DE=EA80 HL=0AFD IX=00D1 IY=8340
VDP99_033_VAL_F0 PC=0403 SP=F2D4 AF=F0A4 BC=F007 DE=EA80 HL=0AF0 IX=00D1 IY=8340
VDP99_034_VAL_87 PC=0408 SP=F2D4 AF=8784 BC=F007 DE=EA80 HL=0AF0 IX=00D1 IY=8340
VDP99_035_VAL_06 PC=0403 SP=F2D8 AF=0604 BC=0600 DE=EA80 HL=0AF0 IX=00D1 IY=8340
VDP99_036_VAL_80 PC=0408 SP=F2D8 AF=8080 BC=0600 DE=EA80 HL=0AF0 IX=00D1 IY=8340
VDP99_037_VAL_A0 PC=0403 SP=F2D8 AF=A000 BC=A001 DE=EA80 HL=0AF0 IX=00D1 IY=8340
VDP99_038_VAL_81 PC=0408 SP=F2D8 AF=8184 BC=A001 DE=EA80 HL=0AF0 IX=00D1 IY=8340
VDP99_039_VAL_1F PC=0403 SP=F2D8 AF=1F44 BC=1F02 DE=EA80 HL=7600 IX=00D1 IY=8340
VDP99_040_VAL_82 PC=0408 SP=F2D8 AF=8284 BC=1F02 DE=EA80 HL=7600 IX=00D1 IY=8340
VDP99_041_VAL_EF PC=0403 SP=F2D8 AF=EFA0 BC=EF05 DE=EA80 HL=7600 IX=00D1 IY=8340
VDP99_042_VAL_85 PC=0408 SP=F2D8 AF=8580 BC=EF05 DE=EA80 HL=7600 IX=00D1 IY=8340
VDP99_043_VAL_00 PC=0403 SP=F2D8 AF=00A0 BC=000B DE=EA80 HL=7600 IX=00D1 IY=8340
VDP99_044_VAL_8B PC=0408 SP=F2D8 AF=8B8C BC=000B DE=EA80 HL=7600 IX=00D1 IY=8340
VDP99_045_VAL_0F PC=0403 SP=F2D8 AF=0FA8 BC=0F06 DE=EA80 HL=7600 IX=00D1 IY=8340
VDP99_046_VAL_86 PC=0408 SP=F2D8 AF=8680 BC=0F06 DE=EA80 HL=7600 IX=00D1 IY=8340
VDP99_047_VAL_01 PC=09B9 SP=F2D2 AF=0144 BC=0006 DE=EAD9 HL=7600 IX=00D1 IY=8340
VDP99_048_VAL_8E PC=09BD SP=F2D2 AF=8E44 BC=0006 DE=EAD9 HL=7600 IX=00D1 IY=8340
VDP99_049_VAL_00 PC=09C1 SP=F2D4 AF=0044 BC=0006 DE=EAD9 HL=7600 IX=00D1 IY=8340
VDP99_050_VAL_76 PC=0990 SP=F2D6 AF=7620 BC=0006 DE=EAD9 HL=7600 IX=00D1 IY=8340
VDP99_051_VAL_02 PC=09D3 SP=F2D2 AF=0244 BC=0020 DE=0FD9 HL=0100 IX=00D1 IY=8340
VDP99_052_VAL_8F PC=09D7 SP=F2D2 AF=8F44 BC=0020 DE=0FD9 HL=0100 IX=00D1 IY=8340
VDP99_053_VAL_00 PC=09DD SP=F2D0 AF=0044 BC=0020 DE=0FD9 HL=0100 IX=00D1 IY=8340
VDP99_054_VAL_8F PC=09E1 SP=F2D0 AF=8F44 BC=0020 DE=0FD9 HL=0100 IX=00D1 IY=8340
VDP99_055_VAL_00 PC=0D63 SP=F2D6 AF=0044 BC=002C DE=0FD9 HL=0100 IX=00D1 IY=8340
VDP99_056_VAL_AC PC=0D68 SP=F2D6 AF=ACAC BC=002C DE=0FD9 HL=0100 IX=00D1 IY=8340
VDP99_057_VAL_00 PC=0D63 SP=F2D4 AF=00AC BC=0028 DE=0FD9 HL=0100 IX=00D1 IY=8340
VDP99_058_VAL_A8 PC=0D68 SP=F2D4 AF=A8A8 BC=0028 DE=0FD9 HL=0100 IX=00D1 IY=8340
VDP99_059_VAL_01 PC=0D63 SP=F2D6 AF=0128 BC=0029 DE=0FD9 HL=0100 IX=00D1 IY=8340
VDP99_060_VAL_A9 PC=0D68 SP=F2D6 AF=A9AC BC=0029 DE=0FD9 HL=0100 IX=00D1 IY=8340
VDP99_061_VAL_D4 PC=0D63 SP=F2D4 AF=D4AC BC=002A DE=0FD9 HL=00D4 IX=00D1 IY=8340
VDP99_062_VAL_AA PC=0D68 SP=F2D4 AF=AAAC BC=002A DE=0FD9 HL=00D4 IX=00D1 IY=8340
VDP99_063_VAL_00 PC=0D63 SP=F2D6 AF=0028 BC=002B DE=0FD9 HL=00D4 IX=00D1 IY=8340
VDP99_064_VAL_AB PC=0D68 SP=F2D6 AF=ABA8 BC=002B DE=0FD9 HL=00D4 IX=00D1 IY=8340
VDP99_065_VAL_00 PC=0D63 SP=F2D4 AF=00A8 BC=0024 DE=0FD9 HL=0000 IX=00D1 IY=8340
VDP99_066_VAL_A4 PC=0D68 SP=F2D4 AF=A4A0 BC=0024 DE=0FD9 HL=0000 IX=00D1 IY=8340
VDP99_067_VAL_00 PC=0D63 SP=F2D6 AF=0020 BC=0025 DE=0FD9 HL=0000 IX=00D1 IY=8340
VDP99_068_VAL_A5 PC=0D68 SP=F2D6 AF=A5A4 BC=0025 DE=0FD9 HL=0000 IX=00D1 IY=8340
VDP99_069_VAL_00 PC=0D63 SP=F2D4 AF=00A4 BC=0026 DE=0FD9 HL=0000 IX=00D1 IY=8340
VDP99_070_VAL_A6 PC=0D68 SP=F2D4 AF=A6A4 BC=0026 DE=0FD9 HL=0000 IX=00D1 IY=8340
VDP99_071_VAL_00 PC=0D63 SP=F2D6 AF=0020 BC=0027 DE=0FD9 HL=0000 IX=00D1 IY=8340
VDP99_072_VAL_A7 PC=0D68 SP=F2D6 AF=A7A0 BC=0027 DE=0FD9 HL=0000 IX=00D1 IY=8340
VDP99_073_VAL_00 PC=0D63 SP=F2D6 AF=00A0 BC=002D DE=0FD9 HL=0000 IX=00D1 IY=8340
VDP99_074_VAL_AD PC=0D68 SP=F2D6 AF=ADA8 BC=002D DE=0FD9 HL=0000 IX=00D1 IY=8340
VDP99_075_VAL_C0 PC=0D63 SP=F2D6 AF=C0A8 BC=002E DE=0FD9 HL=0000 IX=00D1 IY=8340
VDP99_076_VAL_AE PC=0D68 SP=F2D6 AF=AEA8 BC=002E DE=0FD9 HL=0000 IX=00D1 IY=8340
VDP99_077_VAL_02 PC=09D3 SP=F2D4 AF=02A8 BC=002E DE=0FD9 HL=0000 IX=00D1 IY=8340
VDP99_078_VAL_8F PC=09D7 SP=F2D4 AF=8FA8 BC=002E DE=0FD9 HL=0000 IX=00D1 IY=8340
VDP99_079_VAL_00 PC=09DD SP=F2D2 AF=0044 BC=002E DE=0FD9 HL=0000 IX=00D1 IY=8340
VDP99_080_VAL_8F PC=09E1 SP=F2D2 AF=8F44 BC=002E DE=0FD9 HL=0000 IX=00D1 IY=8340
VDP99_081_VAL_02 PC=09D3 SP=F2D4 AF=0281 BC=002E DE=0FD9 HL=0000 IX=00D1 IY=8340
VDP99_082_VAL_8F PC=09D7 SP=F2D4 AF=8F81 BC=002E DE=0FD9 HL=0000 IX=00D1 IY=8340
VDP99_083_VAL_00 PC=09DD SP=F2D2 AF=0044 BC=002E DE=0FD9 HL=0000 IX=00D1 IY=8340
VDP99_084_VAL_8F PC=09E1 SP=F2D2 AF=8F44 BC=002E DE=0FD9 HL=0000 IX=00D1 IY=8340
VDP99_085_VAL_02 PC=09D3 SP=F2D4 AF=0281 BC=002E DE=0FD9 HL=0000 IX=00D1 IY=8340
VDP99_086_VAL_8F PC=09D7 SP=F2D4 AF=8F81 BC=002E DE=0FD9 HL=0000 IX=00D1 IY=8340
VDP99_087_VAL_00 PC=09DD SP=F2D2 AF=0044 BC=002E DE=0FD9 HL=0000 IX=00D1 IY=8340
VDP99_088_VAL_8F PC=09E1 SP=F2D2 AF=8F44 BC=002E DE=0FD9 HL=0000 IX=00D1 IY=8340
VDP99_089_VAL_02 PC=09D3 SP=F2D4 AF=0281 BC=002E DE=0FD9 HL=0000 IX=00D1 IY=8340
VDP99_090_VAL_8F PC=09D7 SP=F2D4 AF=8F81 BC=002E DE=0FD9 HL=0000 IX=00D1 IY=8340
VDP99_091_VAL_00 PC=09DD SP=F2D2 AF=0044 BC=002E DE=0FD9 HL=0000 IX=00D1 IY=8340
VDP99_092_VAL_8F PC=09E1 SP=F2D2 AF=8F44 BC=002E DE=0FD9 HL=0000 IX=00D1 IY=8340
VDP99_093_VAL_02 PC=09D3 SP=F2D4 AF=0281 BC=002E DE=0FD9 HL=0000 IX=00D1 IY=8340
VDP99_094_VAL_8F PC=09D7 SP=F2D4 AF=8F81 BC=002E DE=0FD9 HL=0000 IX=00D1 IY=8340
VDP99_095_VAL_00 PC=09DD SP=F2D2 AF=0044 BC=002E DE=0FD9 HL=0000 IX=00D1 IY=8340
VDP99_096_VAL_8F PC=09E1 SP=F2D2 AF=8F44 BC=002E DE=0FD9 HL=0000 IX=00D1 IY=8340
VDP99_097_VAL_02 PC=09D3 SP=F2D4 AF=0281 BC=002E DE=0FD9 HL=0000 IX=00D1 IY=8340
VDP99_098_VAL_8F PC=09D7 SP=F2D4 AF=8F81 BC=002E DE=0FD9 HL=0000 IX=00D1 IY=8340
VDP99_099_VAL_00 PC=09DD SP=F2D2 AF=0044 BC=002E DE=0FD9 HL=0000 IX=00D1 IY=8340
VDP99_100_VAL_8F PC=09E1 SP=F2D2 AF=8F44 BC=002E DE=0FD9 HL=0000 IX=00D1 IY=8340
VDP99_101_VAL_02 PC=09D3 SP=F2D4 AF=0281 BC=002E DE=0FD9 HL=0000 IX=00D1 IY=8340
VDP99_102_VAL_8F PC=09D7 SP=F2D4 AF=8F81 BC=002E DE=0FD9 HL=0000 IX=00D1 IY=8340
VDP99_103_VAL_00 PC=09DD SP=F2D2 AF=0044 BC=002E DE=0FD9 HL=0000 IX=00D1 IY=8340
VDP99_104_VAL_8F PC=09E1 SP=F2D2 AF=8F44 BC=002E DE=0FD9 HL=0000 IX=00D1 IY=8340
VDP99_105_VAL_02 PC=09D3 SP=F2D4 AF=0281 BC=002E DE=0FD9 HL=0000 IX=00D1 IY=8340
VDP99_106_VAL_8F PC=09D7 SP=F2D4 AF=8F81 BC=002E DE=0FD9 HL=0000 IX=00D1 IY=8340
VDP99_107_VAL_00 PC=09DD SP=F2D2 AF=0044 BC=002E DE=0FD9 HL=0000 IX=00D1 IY=8340
VDP99_108_VAL_8F PC=09E1 SP=F2D2 AF=8F44 BC=002E DE=0FD9 HL=0000 IX=00D1 IY=8340
VDP99_109_VAL_02 PC=09D3 SP=F2D4 AF=02A1 BC=002E DE=0FD9 HL=0000 IX=00D1 IY=8340
VDP99_110_VAL_8F PC=09D7 SP=F2D4 AF=8FA1 BC=002E DE=0FD9 HL=0000 IX=00D1 IY=8340
VDP99_111_VAL_00 PC=09DD SP=F2D2 AF=0044 BC=002E DE=0FD9 HL=0000 IX=00D1 IY=8340
VDP99_112_VAL_8F PC=09E1 SP=F2D2 AF=8F44 BC=002E DE=0FD9 HL=0000 IX=00D1 IY=8340
VDP99_113_VAL_02 PC=09D3 SP=F2D4 AF=02A1 BC=002E DE=0FD9 HL=0000 IX=00D1 IY=8340
VDP99_114_VAL_8F PC=09D7 SP=F2D4 AF=8FA1 BC=002E DE=0FD9 HL=0000 IX=00D1 IY=8340
VDP99_115_VAL_00 PC=09DD SP=F2D2 AF=0044 BC=002E DE=0FD9 HL=0000 IX=00D1 IY=8340
VDP99_116_VAL_8F PC=09E1 SP=F2D2 AF=8F44 BC=002E DE=0FD9 HL=0000 IX=00D1 IY=8340
VDP99_117_VAL_02 PC=09D3 SP=F2D4 AF=02A1 BC=002E DE=0FD9 HL=0000 IX=00D1 IY=8340
VDP99_118_VAL_8F PC=09D7 SP=F2D4 AF=8FA1 BC=002E DE=0FD9 HL=0000 IX=00D1 IY=8340
VDP99_119_VAL_00 PC=09DD SP=F2D2 AF=0044 BC=002E DE=0FD9 HL=0000 IX=00D1 IY=8340
VDP99_120_VAL_8F PC=09E1 SP=F2D2 AF=8F44 BC=002E DE=0FD9 HL=0000 IX=00D1 IY=8340
VDP99_121_VAL_02 PC=09D3 SP=F2D4 AF=02A1 BC=002E DE=0FD9 HL=0000 IX=00D1 IY=8340
VDP99_122_VAL_8F PC=09D7 SP=F2D4 AF=8FA1 BC=002E DE=0FD9 HL=0000 IX=00D1 IY=8340
VDP99_123_VAL_00 PC=09DD SP=F2D2 AF=0044 BC=002E DE=0FD9 HL=0000 IX=00D1 IY=8340
VDP99_124_VAL_8F PC=09E1 SP=F2D2 AF=8F44 BC=002E DE=0FD9 HL=0000 IX=00D1 IY=8340
VDP99_125_VAL_02 PC=09D3 SP=F2D4 AF=02A1 BC=002E DE=0FD9 HL=0000 IX=00D1 IY=8340
VDP99_126_VAL_8F PC=09D7 SP=F2D4 AF=8FA1 BC=002E DE=0FD9 HL=0000 IX=00D1 IY=8340
VDP99_127_VAL_00 PC=09DD SP=F2D2 AF=0044 BC=002E DE=0FD9 HL=0000 IX=00D1 IY=8340
VDP99_128_VAL_8F PC=09E1 SP=F2D2 AF=8F44 BC=002E DE=0FD9 HL=0000 IX=00D1 IY=8340
VDP99_129_VAL_02 PC=09D3 SP=F2D4 AF=02A1 BC=002E DE=0FD9 HL=0000 IX=00D1 IY=8340
VDP99_130_VAL_8F PC=09D7 SP=F2D4 AF=8FA1 BC=002E DE=0FD9 HL=0000 IX=00D1 IY=8340
VDP99_131_VAL_00 PC=09DD SP=F2D2 AF=0044 BC=002E DE=0FD9 HL=0000 IX=00D1 IY=8340
VDP99_132_VAL_8F PC=09E1 SP=F2D2 AF=8F44 BC=002E DE=0FD9 HL=0000 IX=00D1 IY=8340
VDP99_133_VAL_02 PC=09D3 SP=F2D4 AF=02A1 BC=002E DE=0FD9 HL=0000 IX=00D1 IY=8340
VDP99_134_VAL_8F PC=09D7 SP=F2D4 AF=8FA1 BC=002E DE=0FD9 HL=0000 IX=00D1 IY=8340
VDP99_135_VAL_00 PC=09DD SP=F2D2 AF=0044 BC=002E DE=0FD9 HL=0000 IX=00D1 IY=8340
VDP99_136_VAL_8F PC=09E1 SP=F2D2 AF=8F44 BC=002E DE=0FD9 HL=0000 IX=00D1 IY=8340
VDP99_137_VAL_02 PC=09D3 SP=F2D4 AF=02A1 BC=002E DE=0FD9 HL=0000 IX=00D1 IY=8340
VDP99_138_VAL_8F PC=09D7 SP=F2D4 AF=8FA1 BC=002E DE=0FD9 HL=0000 IX=00D1 IY=8340
VDP99_139_VAL_00 PC=09DD SP=F2D2 AF=0044 BC=002E DE=0FD9 HL=0000 IX=00D1 IY=8340
VDP99_140_VAL_8F PC=09E1 SP=F2D2 AF=8F44 BC=002E DE=0FD9 HL=0000 IX=00D1 IY=8340
VDP99_141_VAL_02 PC=09D3 SP=F2D4 AF=02A1 BC=002E DE=0FD9 HL=0000 IX=00D1 IY=8340
VDP99_142_VAL_8F PC=09D7 SP=F2D4 AF=8FA1 BC=002E DE=0FD9 HL=0000 IX=00D1 IY=8340
VDP99_143_VAL_00 PC=09DD SP=F2D2 AF=0044 BC=002E DE=0FD9 HL=0000 IX=00D1 IY=8340
VDP99_144_VAL_8F PC=09E1 SP=F2D2 AF=8F44 BC=002E DE=0FD9 HL=0000 IX=00D1 IY=8340
VDP99_145_VAL_02 PC=09D3 SP=F2D4 AF=02A1 BC=002E DE=0FD9 HL=0000 IX=00D1 IY=8340
VDP99_146_VAL_8F PC=09D7 SP=F2D4 AF=8FA1 BC=002E DE=0FD9 HL=0000 IX=00D1 IY=8340
VDP99_147_VAL_00 PC=09DD SP=F2D2 AF=0044 BC=002E DE=0FD9 HL=0000 IX=00D1 IY=8340
VDP99_148_VAL_8F PC=09E1 SP=F2D2 AF=8F44 BC=002E DE=0FD9 HL=0000 IX=00D1 IY=8340
VDP99_149_VAL_02 PC=09D3 SP=F2D4 AF=02A1 BC=002E DE=0FD9 HL=0000 IX=00D1 IY=8340
VDP99_150_VAL_8F PC=09D7 SP=F2D4 AF=8FA1 BC=002E DE=0FD9 HL=0000 IX=00D1 IY=8340
VDP99_151_VAL_00 PC=09DD SP=F2D2 AF=0044 BC=002E DE=0FD9 HL=0000 IX=00D1 IY=8340
VDP99_152_VAL_8F PC=09E1 SP=F2D2 AF=8F44 BC=002E DE=0FD9 HL=0000 IX=00D1 IY=8340
VDP99_153_VAL_02 PC=09D3 SP=F2D4 AF=02A1 BC=002E DE=0FD9 HL=0000 IX=00D1 IY=8340
VDP99_154_VAL_8F PC=09D7 SP=F2D4 AF=8FA1 BC=002E DE=0FD9 HL=0000 IX=00D1 IY=8340
VDP99_155_VAL_00 PC=09DD SP=F2D2 AF=0044 BC=002E DE=0FD9 HL=0000 IX=00D1 IY=8340
VDP99_156_VAL_8F PC=09E1 SP=F2D2 AF=8F44 BC=002E DE=0FD9 HL=0000 IX=00D1 IY=8340
VDP99_157_VAL_02 PC=09D3 SP=F2D4 AF=02A1 BC=002E DE=0FD9 HL=0000 IX=00D1 IY=8340
VDP99_158_VAL_8F PC=09D7 SP=F2D4 AF=8FA1 BC=002E DE=0FD9 HL=0000 IX=00D1 IY=8340
VDP99_159_VAL_00 PC=09DD SP=F2D2 AF=0044 BC=002E DE=0FD9 HL=0000 IX=00D1 IY=8340
VDP99_160_VAL_8F PC=09E1 SP=F2D2 AF=8F44 BC=002E DE=0FD9 HL=0000 IX=00D1 IY=8340
MAP_005_ADDR_6000_VAL_01 PC=533D SP=F0EC AF=0180 BC=0000 DE=F0F0 HL=F0F1 IX=4075 IY=0120
MAP_006_ADDR_8000_VAL_02 PC=5342 SP=F0EC AF=0200 BC=0000 DE=F0F0 HL=F0F1 IX=4075 IY=0120
MAP_007_ADDR_A000_VAL_03 PC=5348 SP=F0EC AF=0300 BC=0000 DE=F0F0 HL=F0F2 IX=4075 IY=0120
MAP_008_ADDR_6000_VAL_01 PC=533D SP=F0EC AF=0144 BC=0004 DE=5CE9 HL=F0F1 IX=4075 IY=0120
MAP_009_ADDR_8000_VAL_02 PC=5342 SP=F0EC AF=0200 BC=0004 DE=5CE9 HL=F0F1 IX=4075 IY=0120
MAP_010_ADDR_A000_VAL_03 PC=5348 SP=F0EC AF=0300 BC=0004 DE=5CE9 HL=F0F2 IX=4075 IY=0120
MAP_011_ADDR_8000_VAL_0E PC=4033 SP=F0D8 AF=0E44 BC=04F3 DE=01FF HL=247A IX=4075 IY=0120
MAP_012_ADDR_A000_VAL_0F PC=4038 SP=F0D8 AF=0F44 BC=04F3 DE=01FF HL=247A IX=4075 IY=0120
MAP_013_ADDR_8000_VAL_02 PC=4042 SP=F0D8 AF=0208 BC=03F3 DE=8900 HL=C017 IX=4075 IY=0120
MAP_014_ADDR_A000_VAL_03 PC=4048 SP=F0D8 AF=0308 BC=03F3 DE=8900 HL=C017 IX=4075 IY=0120
MAP_015_ADDR_8000_VAL_09 PC=5380 SP=F0CE AF=09A8 BC=0008 DE=0062 HL=F0F2 IX=4075 IY=0120
MAP_016_ADDR_A000_VAL_0A PC=5386 SP=F0CE AF=0A08 BC=0008 DE=0062 HL=F0F3 IX=4075 IY=0120
MAP_017_ADDR_6000_VAL_01 PC=533D SP=F0CE AF=0150 BC=0008 DE=0700 HL=F0F1 IX=4075 IY=0120
MAP_018_ADDR_8000_VAL_02 PC=5342 SP=F0CE AF=0200 BC=0008 DE=0700 HL=F0F1 IX=4075 IY=0120
MAP_019_ADDR_A000_VAL_03 PC=5348 SP=F0CE AF=0300 BC=0008 DE=0700 HL=F0F2 IX=4075 IY=0120
MAP_020_ADDR_8000_VAL_0E PC=4033 SP=F0B6 AF=0E44 BC=0008 DE=01D9 HL=4028 IX=4075 IY=0120
MAP_021_ADDR_A000_VAL_0F PC=4038 SP=F0B6 AF=0F44 BC=0008 DE=01D9 HL=4028 IX=4075 IY=0120
MAP_022_ADDR_8000_VAL_02 PC=4042 SP=F0B6 AF=0244 BC=0308 DE=01BC HL=89F1 IX=4075 IY=0120
MAP_023_ADDR_A000_VAL_03 PC=4048 SP=F0B6 AF=0344 BC=0308 DE=01BC HL=89F1 IX=4075 IY=0120
MAP_024_ADDR_8000_VAL_0E PC=4033 SP=F0B0 AF=0E44 BC=0008 DE=01D9 HL=4028 IX=4075 IY=0120
MAP_025_ADDR_A000_VAL_0F PC=4038 SP=F0B0 AF=0F44 BC=0008 DE=01D9 HL=4028 IX=4075 IY=0120
MAP_026_ADDR_8000_VAL_02 PC=4042 SP=F0B0 AF=0244 BC=0308 DE=01BC HL=89F1 IX=4075 IY=0120
MAP_027_ADDR_A000_VAL_03 PC=4048 SP=F0B0 AF=0344 BC=0308 DE=01BC HL=89F1 IX=4075 IY=0120
MAP_028_ADDR_8000_VAL_0E PC=4033 SP=F0B4 AF=0E44 BC=0008 DE=01D9 HL=4028 IX=4075 IY=0120
MAP_029_ADDR_A000_VAL_0F PC=4038 SP=F0B4 AF=0F44 BC=0008 DE=01D9 HL=4028 IX=4075 IY=0120
MAP_030_ADDR_8000_VAL_02 PC=4042 SP=F0B4 AF=0244 BC=0308 DE=01BC HL=89F1 IX=4075 IY=0120
MAP_031_ADDR_A000_VAL_03 PC=4048 SP=F0B4 AF=0344 BC=0308 DE=01BC HL=89F1 IX=4075 IY=0120
MAP_032_ADDR_6000_VAL_0B PC=5368 SP=F0CE AF=0B44 BC=A89B DE=0107 HL=F0F1 IX=4075 IY=0120
MAP_033_ADDR_8000_VAL_0C PC=536E SP=F0CE AF=0C08 BC=A89B DE=0107 HL=F0F2 IX=4075 IY=0120
MAP_034_ADDR_A000_VAL_0D PC=5374 SP=F0CE AF=0D08 BC=A89B DE=0107 HL=F0F3 IX=4075 IY=0120
MAP_035_ADDR_8000_VAL_0E PC=4033 SP=F0A6 AF=0E44 BC=0008 DE=01D9 HL=4028 IX=4075 IY=0120
MAP_036_ADDR_A000_VAL_0F PC=4038 SP=F0A6 AF=0F44 BC=0008 DE=01D9 HL=4028 IX=4075 IY=0120
MAP_037_ADDR_8000_VAL_0C PC=4042 SP=F0A6 AF=0C44 BC=0308 DE=01BC HL=89F1 IX=4075 IY=0120
MAP_038_ADDR_A000_VAL_0D PC=4048 SP=F0A6 AF=0D44 BC=0308 DE=01BC HL=89F1 IX=4075 IY=0120
MAP_039_ADDR_8000_VAL_0E PC=4033 SP=F0A6 AF=0E44 BC=0008 DE=01D9 HL=4028 IX=4075 IY=0120
MAP_040_ADDR_A000_VAL_0F PC=4038 SP=F0A6 AF=0F44 BC=0008 DE=01D9 HL=4028 IX=4075 IY=0120
MAP_041_ADDR_8000_VAL_0C PC=4042 SP=F0A6 AF=0C44 BC=0308 DE=01BC HL=89F1 IX=4075 IY=0120
MAP_042_ADDR_A000_VAL_0D PC=4048 SP=F0A6 AF=0D44 BC=0308 DE=01BC HL=89F1 IX=4075 IY=0120
MAP_043_ADDR_8000_VAL_0E PC=4033 SP=F0A2 AF=0E44 BC=0008 DE=01D9 HL=4028 IX=4075 IY=0120
MAP_044_ADDR_A000_VAL_0F PC=4038 SP=F0A2 AF=0F44 BC=0008 DE=01D9 HL=4028 IX=4075 IY=0120
MAP_045_ADDR_8000_VAL_0C PC=4042 SP=F0A2 AF=0C44 BC=0308 DE=01BC HL=89F1 IX=4075 IY=0120
MAP_046_ADDR_A000_VAL_0D PC=4048 SP=F0A2 AF=0D44 BC=0308 DE=01BC HL=89F1 IX=4075 IY=0120
MAP_047_ADDR_8000_VAL_0E PC=4033 SP=F0A6 AF=0E44 BC=0008 DE=01D9 HL=4028 IX=4075 IY=0120
MAP_048_ADDR_A000_VAL_0F PC=4038 SP=F0A6 AF=0F44 BC=0008 DE=01D9 HL=4028 IX=4075 IY=0120
MAP_049_ADDR_8000_VAL_0C PC=4042 SP=F0A6 AF=0C44 BC=0308 DE=01BC HL=89F1 IX=4075 IY=0120
MAP_050_ADDR_A000_VAL_0D PC=4048 SP=F0A6 AF=0D44 BC=0308 DE=01BC HL=89F1 IX=4075 IY=0120
MAP_051_ADDR_8000_VAL_0E PC=4033 SP=F0A6 AF=0E44 BC=0008 DE=01D9 HL=4028 IX=4075 IY=0120
MAP_052_ADDR_A000_VAL_0F PC=4038 SP=F0A6 AF=0F44 BC=0008 DE=01D9 HL=4028 IX=4075 IY=0120
MAP_053_ADDR_8000_VAL_0C PC=4042 SP=F0A6 AF=0C44 BC=0308 DE=01BC HL=89F1 IX=4075 IY=0120
MAP_054_ADDR_A000_VAL_0D PC=4048 SP=F0A6 AF=0D44 BC=0308 DE=01BC HL=89F1 IX=4075 IY=0120
MAP_055_ADDR_8000_VAL_0E PC=4033 SP=F0A6 AF=0E44 BC=0008 DE=01D9 HL=4028 IX=4075 IY=0120
MAP_056_ADDR_A000_VAL_0F PC=4038 SP=F0A6 AF=0F44 BC=0008 DE=01D9 HL=4028 IX=4075 IY=0120
MAP_057_ADDR_8000_VAL_0C PC=4042 SP=F0A6 AF=0C44 BC=0308 DE=01BC HL=89F1 IX=4075 IY=0120
MAP_058_ADDR_A000_VAL_0D PC=4048 SP=F0A6 AF=0D44 BC=0308 DE=01BC HL=89F1 IX=4075 IY=0120
MAP_059_ADDR_8000_VAL_0E PC=4033 SP=F0A4 AF=0E44 BC=0008 DE=01D9 HL=4028 IX=4075 IY=0120
MAP_060_ADDR_A000_VAL_0F PC=4038 SP=F0A4 AF=0F44 BC=0008 DE=01D9 HL=4028 IX=4075 IY=0120
MAP_061_ADDR_8000_VAL_0C PC=4042 SP=F0A4 AF=0C44 BC=0308 DE=01BC HL=89F1 IX=4075 IY=0120
MAP_062_ADDR_A000_VAL_0D PC=4048 SP=F0A4 AF=0D44 BC=0308 DE=01BC HL=89F1 IX=4075 IY=0120
MAP_063_ADDR_8000_VAL_0E PC=4033 SP=F0A6 AF=0E44 BC=0008 DE=01D9 HL=4028 IX=4075 IY=0120
MAP_064_ADDR_A000_VAL_0F PC=4038 SP=F0A6 AF=0F44 BC=0008 DE=01D9 HL=4028 IX=4075 IY=0120
MAP_065_ADDR_8000_VAL_0C PC=4042 SP=F0A6 AF=0C44 BC=0308 DE=01BC HL=89F1 IX=4075 IY=0120
MAP_066_ADDR_A000_VAL_0D PC=4048 SP=F0A6 AF=0D44 BC=0308 DE=01BC HL=89F1 IX=4075 IY=0120
MAP_067_ADDR_6000_VAL_01 PC=533D SP=F0CE AF=01A8 BC=0003 DE=A808 HL=F0F1 IX=4075 IY=0120
MAP_068_ADDR_8000_VAL_02 PC=5342 SP=F0CE AF=0200 BC=0003 DE=A808 HL=F0F1 IX=4075 IY=0120
MAP_069_ADDR_A000_VAL_03 PC=5348 SP=F0CE AF=0300 BC=0003 DE=A808 HL=F0F2 IX=4075 IY=0120
MAP_070_ADDR_8000_VAL_0E PC=4033 SP=F0AA AF=0E44 BC=0008 DE=01D9 HL=4028 IX=4075 IY=0120
MAP_071_ADDR_A000_VAL_0F PC=4038 SP=F0AA AF=0F44 BC=0008 DE=01D9 HL=4028 IX=4075 IY=0120
MAP_072_ADDR_8000_VAL_02 PC=4042 SP=F0AA AF=0244 BC=0308 DE=01BC HL=89F1 IX=4075 IY=0120
MAP_073_ADDR_A000_VAL_03 PC=4048 SP=F0AA AF=0344 BC=0308 DE=01BC HL=89F1 IX=4075 IY=0120
MAP_074_ADDR_8000_VAL_0E PC=4033 SP=F0AE AF=0E44 BC=0008 DE=01D9 HL=4028 IX=4075 IY=0120
MAP_075_ADDR_A000_VAL_0F PC=4038 SP=F0AE AF=0F44 BC=0008 DE=01D9 HL=4028 IX=4075 IY=0120
MAP_076_ADDR_8000_VAL_02 PC=4042 SP=F0AE AF=0244 BC=0308 DE=01BC HL=89F1 IX=4075 IY=0120
MAP_077_ADDR_A000_VAL_03 PC=4048 SP=F0AE AF=0344 BC=0308 DE=01BC HL=89F1 IX=4075 IY=0120
MAP_078_ADDR_8000_VAL_0E PC=4033 SP=F0D8 AF=0E44 BC=04F3 DE=01FF HL=247A IX=4075 IY=0120
MAP_079_ADDR_A000_VAL_0F PC=4038 SP=F0D8 AF=0F44 BC=04F3 DE=01FF HL=247A IX=4075 IY=0120
MAP_080_ADDR_8000_VAL_02 PC=4042 SP=F0D8 AF=0244 BC=03F3 DE=01BC HL=89F1 IX=4075 IY=0120
MAP_081_ADDR_A000_VAL_03 PC=4048 SP=F0D8 AF=0344 BC=03F3 DE=01BC HL=89F1 IX=4075 IY=0120
MAP_082_ADDR_8000_VAL_0E PC=4033 SP=F0D8 AF=0E44 BC=04F3 DE=01FF HL=247A IX=4075 IY=0120
MAP_083_ADDR_A000_VAL_0F PC=4038 SP=F0D8 AF=0F44 BC=04F3 DE=01FF HL=247A IX=4075 IY=0120
MAP_084_ADDR_8000_VAL_02 PC=4042 SP=F0D8 AF=0244 BC=03F3 DE=01BC HL=89F1 IX=4075 IY=0120
MAP_085_ADDR_A000_VAL_03 PC=4048 SP=F0D8 AF=0344 BC=03F3 DE=01BC HL=89F1 IX=4075 IY=0120
MAP_086_ADDR_8000_VAL_0E PC=4033 SP=F0D8 AF=0E44 BC=04F3 DE=01FF HL=247A IX=4075 IY=0120
MAP_087_ADDR_A000_VAL_0F PC=4038 SP=F0D8 AF=0F44 BC=04F3 DE=01FF HL=247A IX=4075 IY=0120
MAP_088_ADDR_8000_VAL_02 PC=4042 SP=F0D8 AF=0244 BC=03F3 DE=01BC HL=89F1 IX=4075 IY=0120
MAP_089_ADDR_A000_VAL_03 PC=4048 SP=F0D8 AF=0344 BC=03F3 DE=01BC HL=89F1 IX=4075 IY=0120
MAP_090_ADDR_8000_VAL_0E PC=4033 SP=F0D8 AF=0E44 BC=04F3 DE=01FF HL=247A IX=4075 IY=0120
MAP_091_ADDR_A000_VAL_0F PC=4038 SP=F0D8 AF=0F44 BC=04F3 DE=01FF HL=247A IX=4075 IY=0120
MAP_092_ADDR_8000_VAL_02 PC=4042 SP=F0D8 AF=0244 BC=03F3 DE=01BC HL=89F1 IX=4075 IY=0120
MAP_093_ADDR_A000_VAL_03 PC=4048 SP=F0D8 AF=0344 BC=03F3 DE=01BC HL=89F1 IX=4075 IY=0120
MAP_094_ADDR_8000_VAL_0E PC=4033 SP=F0D8 AF=0E44 BC=04F3 DE=01FF HL=247A IX=4075 IY=0120
MAP_095_ADDR_A000_VAL_0F PC=4038 SP=F0D8 AF=0F44 BC=04F3 DE=01FF HL=247A IX=4075 IY=0120
MAP_096_ADDR_8000_VAL_02 PC=4042 SP=F0D8 AF=0244 BC=03F3 DE=01BC HL=89F1 IX=4075 IY=0120
MAP_097_ADDR_A000_VAL_03 PC=4048 SP=F0D8 AF=0344 BC=03F3 DE=01BC HL=89F1 IX=4075 IY=0120
MAP_098_ADDR_8000_VAL_0E PC=4033 SP=F0D8 AF=0E44 BC=04F3 DE=01FF HL=247A IX=4075 IY=0120
MAP_099_ADDR_A000_VAL_0F PC=4038 SP=F0D8 AF=0F44 BC=04F3 DE=01FF HL=247A IX=4075 IY=0120
MAP_100_ADDR_8000_VAL_02 PC=4042 SP=F0D8 AF=0244 BC=03F3 DE=01BC HL=89F1 IX=4075 IY=0120
MAP_101_ADDR_A000_VAL_03 PC=4048 SP=F0D8 AF=0344 BC=03F3 DE=01BC HL=89F1 IX=4075 IY=0120
MAP_102_ADDR_8000_VAL_0E PC=4033 SP=F0D8 AF=0E44 BC=04F3 DE=01FF HL=247A IX=4075 IY=0120
MAP_103_ADDR_A000_VAL_0F PC=4038 SP=F0D8 AF=0F44 BC=04F3 DE=01FF HL=247A IX=4075 IY=0120
MAP_104_ADDR_8000_VAL_02 PC=4042 SP=F0D8 AF=0244 BC=03F3 DE=01BC HL=89F1 IX=4075 IY=0120
MAP_105_ADDR_A000_VAL_03 PC=4048 SP=F0D8 AF=0344 BC=03F3 DE=01BC HL=89F1 IX=4075 IY=0120
MAP_106_ADDR_8000_VAL_0E PC=4033 SP=F0D8 AF=0E44 BC=04F3 DE=01FF HL=247A IX=4075 IY=0120
MAP_107_ADDR_A000_VAL_0F PC=4038 SP=F0D8 AF=0F44 BC=04F3 DE=01FF HL=247A IX=4075 IY=0120
MAP_108_ADDR_8000_VAL_02 PC=4042 SP=F0D8 AF=0244 BC=03F3 DE=01BC HL=89F1 IX=4075 IY=0120
MAP_109_ADDR_A000_VAL_03 PC=4048 SP=F0D8 AF=0344 BC=03F3 DE=01BC HL=89F1 IX=4075 IY=0120
MAP_110_ADDR_8000_VAL_0E PC=4033 SP=F0D8 AF=0E44 BC=04F3 DE=01FF HL=247A IX=4075 IY=0120
MAP_111_ADDR_A000_VAL_0F PC=4038 SP=F0D8 AF=0F44 BC=04F3 DE=01FF HL=247A IX=4075 IY=0120
MAP_112_ADDR_8000_VAL_02 PC=4042 SP=F0D8 AF=0244 BC=03F3 DE=01BC HL=89F1 IX=4075 IY=0120
MAP_113_ADDR_A000_VAL_03 PC=4048 SP=F0D8 AF=0344 BC=03F3 DE=01BC HL=89F1 IX=4075 IY=0120
MAP_114_ADDR_8000_VAL_0E PC=4033 SP=F0D8 AF=0E44 BC=04F3 DE=01FF HL=247A IX=4075 IY=0120
MAP_115_ADDR_A000_VAL_0F PC=4038 SP=F0D8 AF=0F44 BC=04F3 DE=01FF HL=247A IX=4075 IY=0120
MAP_116_ADDR_8000_VAL_02 PC=4042 SP=F0D8 AF=0244 BC=03F3 DE=01BC HL=89F1 IX=4075 IY=0120
MAP_117_ADDR_A000_VAL_03 PC=4048 SP=F0D8 AF=0344 BC=03F3 DE=01BC HL=89F1 IX=4075 IY=0120
MAP_118_ADDR_8000_VAL_0E PC=4033 SP=F0D8 AF=0E44 BC=04F3 DE=01FF HL=247A IX=4075 IY=0120
MAP_119_ADDR_A000_VAL_0F PC=4038 SP=F0D8 AF=0F44 BC=04F3 DE=01FF HL=247A IX=4075 IY=0120
MAP_120_ADDR_8000_VAL_02 PC=4042 SP=F0D8 AF=0244 BC=03F3 DE=01BC HL=89F1 IX=4075 IY=0120
MAP_121_ADDR_A000_VAL_03 PC=4048 SP=F0D8 AF=0344 BC=03F3 DE=01BC HL=89F1 IX=4075 IY=0120
MAP_122_ADDR_8000_VAL_0E PC=4033 SP=F0D8 AF=0E44 BC=04F3 DE=01FF HL=247A IX=4075 IY=0120
MAP_123_ADDR_A000_VAL_0F PC=4038 SP=F0D8 AF=0F44 BC=04F3 DE=01FF HL=247A IX=4075 IY=0120
MAP_124_ADDR_8000_VAL_02 PC=4042 SP=F0D8 AF=0244 BC=03F3 DE=01BC HL=89F1 IX=4075 IY=0120
MAP_125_ADDR_A000_VAL_03 PC=4048 SP=F0D8 AF=0344 BC=03F3 DE=01BC HL=89F1 IX=4075 IY=0120
MAP_126_ADDR_8000_VAL_0E PC=4033 SP=F0D8 AF=0E44 BC=04F3 DE=01FF HL=247A IX=4075 IY=0120
MAP_127_ADDR_A000_VAL_0F PC=4038 SP=F0D8 AF=0F44 BC=04F3 DE=01FF HL=247A IX=4075 IY=0120
MAP_128_ADDR_8000_VAL_02 PC=4042 SP=F0D8 AF=0244 BC=03F3 DE=01BC HL=89F1 IX=4075 IY=0120
MAP_129_ADDR_A000_VAL_03 PC=4048 SP=F0D8 AF=0344 BC=03F3 DE=01BC HL=89F1 IX=4075 IY=0120
MAP_130_ADDR_8000_VAL_0E PC=4033 SP=F0D8 AF=0E44 BC=04F3 DE=01FF HL=247A IX=4075 IY=0120
MAP_131_ADDR_A000_VAL_0F PC=4038 SP=F0D8 AF=0F44 BC=04F3 DE=01FF HL=247A IX=4075 IY=0120
MAP_132_ADDR_8000_VAL_02 PC=4042 SP=F0D8 AF=0244 BC=03F3 DE=01BC HL=89F1 IX=4075 IY=0120
MAP_133_ADDR_A000_VAL_03 PC=4048 SP=F0D8 AF=0344 BC=03F3 DE=01BC HL=89F1 IX=4075 IY=0120
MAP_134_ADDR_8000_VAL_0E PC=4033 SP=F0D8 AF=0E44 BC=04F3 DE=01FF HL=247A IX=4075 IY=0120
MAP_135_ADDR_A000_VAL_0F PC=4038 SP=F0D8 AF=0F44 BC=04F3 DE=01FF HL=247A IX=4075 IY=0120
MAP_136_ADDR_8000_VAL_02 PC=4042 SP=F0D8 AF=0244 BC=03F3 DE=01BC HL=89F1 IX=4075 IY=0120
MAP_137_ADDR_A000_VAL_03 PC=4048 SP=F0D8 AF=0344 BC=03F3 DE=01BC HL=89F1 IX=4075 IY=0120
MAP_138_ADDR_8000_VAL_0E PC=4033 SP=F0D8 AF=0E44 BC=04F3 DE=01FF HL=247A IX=4075 IY=0120
MAP_139_ADDR_A000_VAL_0F PC=4038 SP=F0D8 AF=0F44 BC=04F3 DE=01FF HL=247A IX=4075 IY=0120
MAP_140_ADDR_8000_VAL_02 PC=4042 SP=F0D8 AF=0244 BC=03F3 DE=01BC HL=89F1 IX=4075 IY=0120
MAP_141_ADDR_A000_VAL_03 PC=4048 SP=F0D8 AF=0344 BC=03F3 DE=01BC HL=89F1 IX=4075 IY=0120
MAP_142_ADDR_8000_VAL_0E PC=4033 SP=F0D8 AF=0E44 BC=04F3 DE=01FF HL=247A IX=4075 IY=0120
MAP_143_ADDR_A000_VAL_0F PC=4038 SP=F0D8 AF=0F44 BC=04F3 DE=01FF HL=247A IX=4075 IY=0120
MAP_144_ADDR_8000_VAL_02 PC=4042 SP=F0D8 AF=0244 BC=03F3 DE=01BC HL=89F1 IX=4075 IY=0120
MAP_145_ADDR_A000_VAL_03 PC=4048 SP=F0D8 AF=0344 BC=03F3 DE=01BC HL=89F1 IX=4075 IY=0120
MAP_146_ADDR_8000_VAL_0E PC=4033 SP=F0D8 AF=0E44 BC=04F3 DE=01FF HL=247A IX=4075 IY=0120
MAP_147_ADDR_A000_VAL_0F PC=4038 SP=F0D8 AF=0F44 BC=04F3 DE=01FF HL=247A IX=4075 IY=0120
MAP_148_ADDR_8000_VAL_02 PC=4042 SP=F0D8 AF=0244 BC=03F3 DE=01BC HL=89F1 IX=4075 IY=0120
MAP_149_ADDR_A000_VAL_03 PC=4048 SP=F0D8 AF=0344 BC=03F3 DE=01BC HL=89F1 IX=4075 IY=0120
MAP_150_ADDR_8000_VAL_0E PC=4033 SP=F0D8 AF=0E44 BC=04F3 DE=01FF HL=247A IX=4075 IY=0120
MAP_151_ADDR_A000_VAL_0F PC=4038 SP=F0D8 AF=0F44 BC=04F3 DE=01FF HL=247A IX=4075 IY=0120
MAP_152_ADDR_8000_VAL_02 PC=4042 SP=F0D8 AF=0244 BC=03F3 DE=01BC HL=89F1 IX=4075 IY=0120
MAP_153_ADDR_A000_VAL_03 PC=4048 SP=F0D8 AF=0344 BC=03F3 DE=01BC HL=89F1 IX=4075 IY=0120
MAP_154_ADDR_8000_VAL_0E PC=4033 SP=F0D8 AF=0E44 BC=04F3 DE=01FF HL=247A IX=4075 IY=0120
MAP_155_ADDR_A000_VAL_0F PC=4038 SP=F0D8 AF=0F44 BC=04F3 DE=01FF HL=247A IX=4075 IY=0120
MAP_156_ADDR_8000_VAL_02 PC=4042 SP=F0D8 AF=0244 BC=03F3 DE=01BC HL=89F1 IX=4075 IY=0120
MAP_157_ADDR_A000_VAL_03 PC=4048 SP=F0D8 AF=0344 BC=03F3 DE=01BC HL=89F1 IX=4075 IY=0120
MAP_158_ADDR_8000_VAL_0E PC=4033 SP=F0D8 AF=0E44 BC=04F3 DE=01FF HL=247A IX=4075 IY=0120
MAP_159_ADDR_A000_VAL_0F PC=4038 SP=F0D8 AF=0F44 BC=04F3 DE=01FF HL=247A IX=4075 IY=0120
MAP_160_ADDR_8000_VAL_02 PC=4042 SP=F0D8 AF=0244 BC=03F3 DE=01BC HL=89F1 IX=4075 IY=0120
INPUT SPACE DOWN
INPUT SPACE UP
GAME_18S PC=7924 SP=F0CC AF=0110 BC=3527 DE=C425 HL=D44B IX=C460 IY=0120
SHOT game_probe_18s.png
RAM_D000_18 memory:D000 01 00 00 00 00 00 00 00 00 00 00 00 00 00 00 00 00 00 00 00 00 00 00 00 00 00 00 00 00 00 00 00 00 00 00 00 00 00 00 00 00 00 00 00 00 00 00 00 00 00 00 00 00 00 00 00 00 00 00 00 00 00 00 00 00 00 00 00 00 00 00 00 00 00 00 00 00 00 00 00 00 00 00 00 00 00 00 00 00 00 00 00 00 00 00 00 00 00 00 00 00 00 00 00 00 00 00 00 00 00 00 00 00 00 00 00 00 00 00 00 00 00 00 00 00 00 00 00 00 00 00 00 00 00 00 00 00 00 00 00 00 00 00 00 00 00 00 00 00 00 00 00 00 00 00 00 00 00 00 00 00 00 00 00 00 00 00 00 00 00 00 00 00 00 00 00 00 00 00 00 00 00 00 00 00 00 00 00 00 00 00 00 00 00 00 00 00 00 00 00 00 00 00 00 00 00 00 00 00 00 00 00 00 00 00 00 00 00 00 00 00 00 00 00 00 00 00 00 00 00 00 00 00 00 00 00 00 00 00 00 00 00 00 00 00 00 00 00 00 00 00 00 00 00 00 00
RAM_E000_18 memory:E000 97 29 9B 21 00 00 00 00 00 00 00 00 00 00 00 00 00 00 00 00 00 00 00 00 93 21 97 26 49 21 8B 29 00 00 00 00 00 00 00 00 00 00 00 00 00 00 00 00 46 21 B4 17 A8 78 BB 82 4B 21 9D 21 00 00 00 00 00 00 00 00 00 00 00 00 A2 21 64 3A A8 21 5B 22 73 8D 00 00 00 00 00 00 00 00 00 00 00 00 00 00 23 20 63 21 96 21 4B 22 9A 20 32 8C 72 83 B2 17 00 00 00 00 00 00 00 00 94 20 89 3A 00 00 00 00 00 00 00 00 00 00 00 00 00 00 00 00 00 00 00 00 87 30 5D 21 00 00 00 00 00 00 00 00 00 00 00 00 00 00 00 00 00 00 00 00 A6 22 AA 20 78 17 AC 7F E1 00 00 00 00 00 00 00 00 00 00 00 00 00 00 00 00 00 00 00 00 00 00 00 00 00 00 00 00 00 00 00 00 00 00 00 00 00 00 00 00 00 00 00 00 00 00 00 00 00 00 00 00 00 00 00 00 00 00 00 00 00 00 00 00 00 00 00 00 00 00 00 00 00 00 00 00 00 00 00
GAME_22S PC=46FD SP=F0CC AF=0314 BC=0398 DE=AD81 HL=F800 IX=4075 IY=0120
SHOT game_probe_22s.png
DUMP game_22s_vram.bin VRAM:0000 len=65536
DUMP game_22s_ram_c000_efff.bin memory:C000 len=12288
RAM_D000_22 memory:D000 01 01 00 00 00 00 00 00 00 00 00 00 00 00 00 00 00 00 00 00 00 00 00 00 00 00 00 00 00 00 00 00 00 00 00 00 00 00 00 00 00 00 00 00 00 00 00 00 00 00 00 00 00 00 00 00 00 00 00 00 00 00 00 00 00 00 00 00 00 00 00 00 00 00 00 00 00 00 00 00 00 00 00 00 00 00 00 00 00 00 00 00 00 00 00 00 00 00 00 00 00 00 00 00 00 00 00 00 00 00 00 00 00 00 00 00 00 00 00 00 00 00 00 00 00 00 00 00 00 00 00 00 00 00 00 00 00 00 00 00 00 00 00 00 00 00 00 00 00 00 00 00 00 00 00 00 00 00 00 00 00 00 00 00 00 00 00 00 00 00 00 00 00 00 00 00 00 00 00 00 00 00 00 00 00 00 00 00 00 00 00 00 00 00 00 00 00 00 00 00 00 00 00 00 00 00 00 00 00 00 00 00 00 00 00 00 00 00 00 00 00 00 00 00 00 00 00 00 00 00 00 00 00 00 00 00 00 00 00 00 00 00 00 00 00 00 00 00 00 00 00 00 00 00 00 00
RAM_E000_22 memory:E000 97 29 9B 21 00 00 00 00 00 00 00 00 00 00 00 00 00 00 00 00 00 00 00 00 93 21 97 26 49 21 8B 29 00 00 00 00 00 00 00 00 00 00 00 00 00 00 00 00 46 21 B4 17 A8 78 BB 82 4B 21 9D 21 00 00 00 00 00 00 00 00 00 00 00 00 A2 21 64 3A A8 21 5B 22 73 8D 00 00 00 00 00 00 00 00 00 00 00 00 00 00 23 20 63 21 96 21 4B 22 9A 20 32 8C 72 83 B2 17 00 00 00 00 00 00 00 00 94 20 89 3A 00 00 00 00 00 00 00 00 00 00 00 00 00 00 00 00 00 00 00 00 87 30 5D 21 00 00 00 00 00 00 00 00 00 00 00 00 00 00 00 00 00 00 00 00 A6 22 AA 20 78 17 AC 7F E1 00 00 00 00 00 00 00 00 00 00 00 00 00 00 00 00 00 00 00 00 00 00 00 00 00 00 00 00 00 00 00 00 00 00 00 00 00 00 00 00 00 00 00 00 00 00 00 00 00 00 00 00 00 00 00 00 00 00 00 00 00 00 00 00 00 00 00 00 00 00 00 00 00 00 00 00 00 00 00
COUNTS ram=58480 vdp99=71014 mapper=6051
