INPUT SPACE DOWN
INPUT SPACE UP
SET_RUNTIME_WATCHPOINTS
C4W_001_ADDR_C470_VAL_02 PC=868C SP=F0C8 AF=0200 BC=0200 DE=0010 HL=C470 IX=C470 IY=C460
C4W_002_ADDR_C476_VAL_3C PC=869D SP=F0C8 AF=0028 BC=0200 DE=7090 HL=C476 IX=C470 IY=C460
C4W_003_ADDR_C480_VAL_02 PC=868C SP=F0C8 AF=0200 BC=0201 DE=7021 HL=C480 IX=C480 IY=C460
C4W_004_ADDR_C486_VAL_3E PC=869D SP=F0C8 AF=0028 BC=0201 DE=B090 HL=C486 IX=C480 IY=C460
C4W_005_ADDR_C401_VAL_00 PC=4BB5 SP=F0D4 AF=0044 BC=0000 DE=0000 HL=C401 IX=DB00 IY=C460
C4W_006_ADDR_C400_VAL_00 PC=4BB9 SP=F0D4 AF=0054 BC=0000 DE=0000 HL=C400 IX=DB00 IY=C460
C4W_007_ADDR_C439_VAL_00 PC=854B SP=F0CA AF=0044 BC=0098 DE=0000 HL=C5A6 IX=4075 IY=0120
C4W_008_ADDR_C42E_VAL_00 PC=6B77 SP=F0CC AF=0054 BC=0002 DE=0000 HL=7C79 IX=4075 IY=0120
C4W_009_ADDR_C42F_VAL_00 PC=6B77 SP=F0CC AF=0054 BC=0002 DE=0000 HL=7C79 IX=4075 IY=0120
C4W_010_ADDR_C42C_VAL_00 PC=6C54 SP=F0CA AF=0044 BC=0002 DE=0000 HL=7C79 IX=4075 IY=0120
C4W_011_ADDR_C42E_VAL_01 PC=6CBC SP=F0C8 AF=F380 BC=0200 DE=0101 HL=0101 IX=4075 IY=0120
C4W_012_ADDR_C42F_VAL_01 PC=6CBC SP=F0C8 AF=F380 BC=0200 DE=0101 HL=0101 IX=4075 IY=0120
C4W_013_ADDR_C426_VAL_00 PC=6C98 SP=F0CA AF=F388 BC=0200 DE=0101 HL=5A00 IX=4075 IY=0120
C4W_014_ADDR_C427_VAL_5A PC=6C98 SP=F0CA AF=F388 BC=0200 DE=0101 HL=5A00 IX=4075 IY=0120
C4W_015_ADDR_C470_VAL_02 PC=868C SP=F0C8 AF=0200 BC=0200 DE=0010 HL=C470 IX=C470 IY=C460
C4W_016_ADDR_C476_VAL_3D PC=869D SP=F0C8 AF=0028 BC=0200 DE=7090 HL=C476 IX=C470 IY=C460
C4W_017_ADDR_C480_VAL_02 PC=868C SP=F0C8 AF=0200 BC=0201 DE=7090 HL=C480 IX=C480 IY=C460
C4W_018_ADDR_C486_VAL_3F PC=869D SP=F0C8 AF=0028 BC=0201 DE=B090 HL=C486 IX=C480 IY=C460
C4W_019_ADDR_C401_VAL_00 PC=4BB5 SP=F0D4 AF=0044 BC=0000 DE=0000 HL=C401 IX=DB00 IY=C460
C4W_020_ADDR_C400_VAL_00 PC=4BB9 SP=F0D4 AF=0054 BC=0000 DE=0000 HL=C400 IX=DB00 IY=C460
C4W_021_ADDR_C439_VAL_00 PC=854B SP=F0CA AF=0044 BC=0098 DE=0000 HL=C5A6 IX=4075 IY=0120
C4W_022_ADDR_C42E_VAL_00 PC=6B77 SP=F0CC AF=0054 BC=0002 DE=0000 HL=7C79 IX=4075 IY=0120
C4W_023_ADDR_C42F_VAL_00 PC=6B77 SP=F0CC AF=0054 BC=0002 DE=0000 HL=7C79 IX=4075 IY=0120
C4W_024_ADDR_C42C_VAL_00 PC=6C54 SP=F0CA AF=0044 BC=0002 DE=0000 HL=7C79 IX=4075 IY=0120
C4W_025_ADDR_C42E_VAL_02 PC=6CBC SP=F0C8 AF=1A80 BC=0200 DE=0202 HL=0202 IX=4075 IY=0120
C4W_026_ADDR_C42F_VAL_02 PC=6CBC SP=F0C8 AF=1A80 BC=0200 DE=0202 HL=0202 IX=4075 IY=0120
C4W_027_ADDR_C426_VAL_00 PC=6C98 SP=F0CA AF=1A88 BC=0200 DE=0202 HL=5C00 IX=4075 IY=0120
C4W_028_ADDR_C427_VAL_5C PC=6C98 SP=F0CA AF=1A88 BC=0200 DE=0202 HL=5C00 IX=4075 IY=0120
C4W_029_ADDR_C470_VAL_02 PC=868C SP=F0C8 AF=0200 BC=0200 DE=0010 HL=C470 IX=C470 IY=C460
C4W_030_ADDR_C476_VAL_3E PC=869D SP=F0C8 AF=0028 BC=0200 DE=7090 HL=C476 IX=C470 IY=C460
C4W_031_ADDR_C480_VAL_02 PC=868C SP=F0C8 AF=0200 BC=0201 DE=7090 HL=C480 IX=C480 IY=C460
C4W_032_ADDR_C486_VAL_40 PC=869D SP=F0C8 AF=0010 BC=0201 DE=B090 HL=C486 IX=C480 IY=C460
C4W_033_ADDR_C401_VAL_00 PC=4BB5 SP=F0D4 AF=0044 BC=0000 DE=0000 HL=C401 IX=DB00 IY=C460
C4W_034_ADDR_C400_VAL_00 PC=4BB9 SP=F0D4 AF=0054 BC=0000 DE=0000 HL=C400 IX=DB00 IY=C460
C4W_035_ADDR_C439_VAL_00 PC=854B SP=F0CA AF=0044 BC=0098 DE=0000 HL=C5A6 IX=4075 IY=0120
C4W_036_ADDR_C42E_VAL_00 PC=6B77 SP=F0CC AF=0054 BC=0001 DE=0000 HL=7C79 IX=4075 IY=0120
C4W_037_ADDR_C42F_VAL_00 PC=6B77 SP=F0CC AF=0054 BC=0001 DE=0000 HL=7C79 IX=4075 IY=0120
C4W_038_ADDR_C42C_VAL_00 PC=6C54 SP=F0CA AF=0044 BC=0001 DE=0000 HL=7C79 IX=4075 IY=0120
C4W_039_ADDR_C42E_VAL_02 PC=6CBC SP=F0C8 AF=3A80 BC=0200 DE=0202 HL=0202 IX=4075 IY=0120
C4W_040_ADDR_C42F_VAL_02 PC=6CBC SP=F0C8 AF=3A80 BC=0200 DE=0202 HL=0202 IX=4075 IY=0120
C4W_041_ADDR_C426_VAL_00 PC=6C98 SP=F0CA AF=3A88 BC=0200 DE=0202 HL=5E00 IX=4075 IY=0120
C4W_042_ADDR_C427_VAL_5E PC=6C98 SP=F0CA AF=3A88 BC=0200 DE=0202 HL=5E00 IX=4075 IY=0120
C4W_043_ADDR_C470_VAL_02 PC=868C SP=F0C8 AF=0200 BC=0200 DE=0010 HL=C470 IX=C470 IY=C460
C4W_044_ADDR_C476_VAL_3F PC=869D SP=F0C8 AF=0028 BC=0200 DE=7090 HL=C476 IX=C470 IY=C460
C4W_045_ADDR_C480_VAL_02 PC=868C SP=F0C8 AF=0200 BC=0201 DE=7090 HL=C480 IX=C480 IY=C460
C4W_046_ADDR_C486_VAL_41 PC=869D SP=F0C8 AF=0000 BC=0201 DE=B090 HL=C486 IX=C480 IY=C460
C4W_047_ADDR_C401_VAL_00 PC=4BB5 SP=F0D4 AF=0044 BC=0000 DE=0000 HL=C401 IX=DB00 IY=C460
C4W_048_ADDR_C400_VAL_00 PC=4BB9 SP=F0D4 AF=0054 BC=0000 DE=0000 HL=C400 IX=DB00 IY=C460
C4W_049_ADDR_C439_VAL_00 PC=854B SP=F0CA AF=0044 BC=0098 DE=0000 HL=C5A6 IX=4075 IY=0120
C4W_050_ADDR_C42E_VAL_00 PC=6B77 SP=F0CC AF=0054 BC=0001 DE=0000 HL=7C79 IX=4075 IY=0120
C4W_051_ADDR_C42F_VAL_00 PC=6B77 SP=F0CC AF=0054 BC=0001 DE=0000 HL=7C79 IX=4075 IY=0120
C4W_052_ADDR_C42C_VAL_00 PC=6C54 SP=F0CA AF=0044 BC=0001 DE=0000 HL=7C79 IX=4075 IY=0120
C4W_053_ADDR_C42E_VAL_02 PC=6CBC SP=F0C8 AF=5A80 BC=0200 DE=0202 HL=0202 IX=4075 IY=0120
C4W_054_ADDR_C42F_VAL_02 PC=6CBC SP=F0C8 AF=5A80 BC=0200 DE=0202 HL=0202 IX=4075 IY=0120
C4W_055_ADDR_C426_VAL_00 PC=6C98 SP=F0CA AF=5AB0 BC=0200 DE=0202 HL=6000 IX=4075 IY=0120
C4W_056_ADDR_C427_VAL_60 PC=6C98 SP=F0CA AF=5AB0 BC=0200 DE=0202 HL=6000 IX=4075 IY=0120
C4W_057_ADDR_C470_VAL_02 PC=868C SP=F0C8 AF=0200 BC=0200 DE=0010 HL=C470 IX=C470 IY=C460
C4W_058_ADDR_C476_VAL_40 PC=869D SP=F0C8 AF=0010 BC=0200 DE=7090 HL=C476 IX=C470 IY=C460
C4W_059_ADDR_C480_VAL_02 PC=868C SP=F0C8 AF=0200 BC=0201 DE=7021 HL=C480 IX=C480 IY=C460
C4W_060_ADDR_C486_VAL_42 PC=869D SP=F0C8 AF=0000 BC=0201 DE=B090 HL=C486 IX=C480 IY=C460
C4W_061_ADDR_C401_VAL_00 PC=4BB5 SP=F0D4 AF=0044 BC=0000 DE=0000 HL=C401 IX=DB00 IY=C460
C4W_062_ADDR_C400_VAL_00 PC=4BB9 SP=F0D4 AF=0054 BC=0000 DE=0000 HL=C400 IX=DB00 IY=C460
C4W_063_ADDR_C439_VAL_00 PC=854B SP=F0CA AF=0044 BC=0098 DE=0000 HL=C5A6 IX=4075 IY=0120
C4W_064_ADDR_C42E_VAL_00 PC=6B77 SP=F0CC AF=0054 BC=0001 DE=0000 HL=7C79 IX=4075 IY=0120
C4W_065_ADDR_C42F_VAL_00 PC=6B77 SP=F0CC AF=0054 BC=0001 DE=0000 HL=7C79 IX=4075 IY=0120
C4W_066_ADDR_C42C_VAL_00 PC=6C54 SP=F0CA AF=0044 BC=0001 DE=0000 HL=7C79 IX=4075 IY=0120
C4W_067_ADDR_C42E_VAL_02 PC=6CBC SP=F0C8 AF=7A80 BC=0200 DE=0202 HL=0202 IX=4075 IY=0120
C4W_068_ADDR_C42F_VAL_02 PC=6CBC SP=F0C8 AF=7A80 BC=0200 DE=0202 HL=0202 IX=4075 IY=0120
C4W_069_ADDR_C426_VAL_00 PC=6C98 SP=F0CA AF=7AA0 BC=0200 DE=0202 HL=6200 IX=4075 IY=0120
C4W_070_ADDR_C427_VAL_62 PC=6C98 SP=F0CA AF=7AA0 BC=0200 DE=0202 HL=6200 IX=4075 IY=0120
C4W_071_ADDR_C470_VAL_02 PC=868C SP=F0C8 AF=0200 BC=0200 DE=0010 HL=C470 IX=C470 IY=C460
C4W_072_ADDR_C476_VAL_41 PC=869D SP=F0C8 AF=0000 BC=0200 DE=7090 HL=C476 IX=C470 IY=C460
C4W_073_ADDR_C480_VAL_02 PC=868C SP=F0C8 AF=0200 BC=0201 DE=7090 HL=C480 IX=C480 IY=C460
C4W_074_ADDR_C486_VAL_43 PC=869D SP=F0C8 AF=0000 BC=0201 DE=B090 HL=C486 IX=C480 IY=C460
C4W_075_ADDR_C401_VAL_00 PC=4BB5 SP=F0D4 AF=0044 BC=0000 DE=0000 HL=C401 IX=DB00 IY=C460
C4W_076_ADDR_C400_VAL_00 PC=4BB9 SP=F0D4 AF=0054 BC=0000 DE=0000 HL=C400 IX=DB00 IY=C460
C4W_077_ADDR_C439_VAL_00 PC=854B SP=F0CA AF=0044 BC=0098 DE=0000 HL=C5A6 IX=4075 IY=0120
C4W_078_ADDR_C42E_VAL_00 PC=6B77 SP=F0CC AF=0054 BC=0001 DE=0000 HL=7C79 IX=4075 IY=0120
C4W_079_ADDR_C42F_VAL_00 PC=6B77 SP=F0CC AF=0054 BC=0001 DE=0000 HL=7C79 IX=4075 IY=0120
C4W_080_ADDR_C42C_VAL_00 PC=6C54 SP=F0CA AF=0044 BC=0001 DE=0000 HL=7C79 IX=4075 IY=0120
C4W_081_ADDR_C42E_VAL_01 PC=6CBC SP=F0C8 AF=3480 BC=0200 DE=0101 HL=0101 IX=4075 IY=0120
C4W_082_ADDR_C42F_VAL_01 PC=6CBC SP=F0C8 AF=3480 BC=0200 DE=0101 HL=0101 IX=4075 IY=0120
C4W_083_ADDR_C426_VAL_00 PC=6C98 SP=F0CA AF=34A0 BC=0200 DE=0101 HL=6400 IX=4075 IY=0120
C4W_084_ADDR_C427_VAL_64 PC=6C98 SP=F0CA AF=34A0 BC=0200 DE=0101 HL=6400 IX=4075 IY=0120
C4W_085_ADDR_C470_VAL_02 PC=868C SP=F0C8 AF=0200 BC=0200 DE=0010 HL=C470 IX=C470 IY=C460
C4W_086_ADDR_C476_VAL_42 PC=869D SP=F0C8 AF=0000 BC=0200 DE=7090 HL=C476 IX=C470 IY=C460
C4W_087_ADDR_C480_VAL_02 PC=868C SP=F0C8 AF=0200 BC=0201 DE=7090 HL=C480 IX=C480 IY=C460
C4W_088_ADDR_C486_VAL_44 PC=869D SP=F0C8 AF=0000 BC=0201 DE=B090 HL=C486 IX=C480 IY=C460
C4W_089_ADDR_C401_VAL_00 PC=4BB5 SP=F0D4 AF=0044 BC=0000 DE=0000 HL=C401 IX=DB00 IY=C460
C4W_090_ADDR_C400_VAL_00 PC=4BB9 SP=F0D4 AF=0054 BC=0000 DE=0000 HL=C400 IX=DB00 IY=C460
C4W_091_ADDR_C439_VAL_00 PC=854B SP=F0CA AF=0044 BC=0098 DE=0000 HL=C5A6 IX=4075 IY=0120
C4W_092_ADDR_C42E_VAL_00 PC=6B77 SP=F0CC AF=0054 BC=0002 DE=0000 HL=7C79 IX=4075 IY=0120
C4W_093_ADDR_C42F_VAL_00 PC=6B77 SP=F0CC AF=0054 BC=0002 DE=0000 HL=7C79 IX=4075 IY=0120
C4W_094_ADDR_C42C_VAL_00 PC=6C54 SP=F0CA AF=0044 BC=0002 DE=0000 HL=7C79 IX=4075 IY=0120
C4W_095_ADDR_C42E_VAL_01 PC=6CBC SP=F0C8 AF=7480 BC=0200 DE=0101 HL=0101 IX=4075 IY=0120
C4W_096_ADDR_C42F_VAL_01 PC=6CBC SP=F0C8 AF=7480 BC=0200 DE=0101 HL=0101 IX=4075 IY=0120
C4W_097_ADDR_C426_VAL_00 PC=6C98 SP=F0CA AF=74A0 BC=0200 DE=0101 HL=6600 IX=4075 IY=0120
C4W_098_ADDR_C427_VAL_66 PC=6C98 SP=F0CA AF=74A0 BC=0200 DE=0101 HL=6600 IX=4075 IY=0120
C4W_099_ADDR_C470_VAL_02 PC=868C SP=F0C8 AF=0200 BC=0200 DE=0010 HL=C470 IX=C470 IY=C460
C4W_100_ADDR_C476_VAL_43 PC=869D SP=F0C8 AF=0000 BC=0200 DE=7090 HL=C476 IX=C470 IY=C460
C4W_101_ADDR_C480_VAL_02 PC=868C SP=F0C8 AF=0200 BC=0201 DE=7090 HL=C480 IX=C480 IY=C460
C4W_102_ADDR_C486_VAL_45 PC=869D SP=F0C8 AF=0000 BC=0201 DE=B090 HL=C486 IX=C480 IY=C460
C4W_103_ADDR_C401_VAL_00 PC=4BB5 SP=F0D4 AF=0044 BC=0000 DE=0000 HL=C401 IX=DB00 IY=C460
C4W_104_ADDR_C400_VAL_00 PC=4BB9 SP=F0D4 AF=0054 BC=0000 DE=0000 HL=C400 IX=DB00 IY=C460
C4W_105_ADDR_C439_VAL_00 PC=854B SP=F0CA AF=0044 BC=0098 DE=0000 HL=C5A6 IX=4075 IY=0120
C4W_106_ADDR_C42E_VAL_00 PC=6B77 SP=F0CC AF=0054 BC=0002 DE=0000 HL=7C79 IX=4075 IY=0120
C4W_107_ADDR_C42F_VAL_00 PC=6B77 SP=F0CC AF=0054 BC=0002 DE=0000 HL=7C79 IX=4075 IY=0120
C4W_108_ADDR_C42C_VAL_00 PC=6C54 SP=F0CA AF=0044 BC=0002 DE=0000 HL=7C79 IX=4075 IY=0120
C4W_109_ADDR_C42E_VAL_01 PC=6CBC SP=F0C8 AF=B480 BC=0200 DE=0101 HL=0101 IX=4075 IY=0120
C4W_110_ADDR_C42F_VAL_01 PC=6CBC SP=F0C8 AF=B480 BC=0200 DE=0101 HL=0101 IX=4075 IY=0120
C4W_111_ADDR_C426_VAL_00 PC=6C98 SP=F0CA AF=B4A8 BC=0200 DE=0101 HL=6800 IX=4075 IY=0120
C4W_112_ADDR_C427_VAL_68 PC=6C98 SP=F0CA AF=B4A8 BC=0200 DE=0101 HL=6800 IX=4075 IY=0120
C4W_113_ADDR_C436_VAL_00 PC=7126 SP=F0CA AF=0054 BC=0200 DE=0101 HL=C422 IX=4075 IY=0120
C4W_114_ADDR_C422_VAL_01 PC=7133 SP=F0CA AF=0093 BC=0200 DE=0101 HL=C422 IX=4075 IY=0120
C4W_115_ADDR_C42E_VAL_00 PC=7209 SP=F0CA AF=0093 BC=0200 DE=71F3 HL=71FA IX=4075 IY=0120
C4W_116_ADDR_C42F_VAL_06 PC=721D SP=F0CA AF=06BB BC=0200 DE=71F3 HL=71FA IX=4075 IY=0120
C4W_117_ADDR_C422_VAL_02 PC=723E SP=F0CA AF=0300 BC=0200 DE=71F3 HL=C422 IX=4075 IY=0120
C4W_118_ADDR_C470_VAL_02 PC=868C SP=F0C8 AF=0200 BC=0200 DE=0010 HL=C470 IX=C470 IY=C460
C4W_119_ADDR_C476_VAL_44 PC=869D SP=F0C8 AF=0000 BC=0200 DE=7090 HL=C476 IX=C470 IY=C460
C4W_120_ADDR_C480_VAL_02 PC=868C SP=F0C8 AF=0200 BC=0201 DE=7021 HL=C480 IX=C480 IY=C460
C4W_121_ADDR_C486_VAL_46 PC=869D SP=F0C8 AF=0000 BC=0201 DE=B090 HL=C486 IX=C480 IY=C460
C4W_122_ADDR_C401_VAL_00 PC=4BB5 SP=F0D4 AF=0044 BC=0000 DE=0000 HL=C401 IX=DB00 IY=C460
C4W_123_ADDR_C400_VAL_00 PC=4BB9 SP=F0D4 AF=0054 BC=0000 DE=0000 HL=C400 IX=DB00 IY=C460
C4W_124_ADDR_C439_VAL_00 PC=854B SP=F0CA AF=0044 BC=0098 DE=0000 HL=C5A6 IX=C058 IY=0120
C4W_125_ADDR_C42F_VAL_07 PC=7243 SP=F0CA AF=F400 BC=0002 DE=71F5 HL=C42F IX=C058 IY=0120
C4W_126_ADDR_C422_VAL_03 PC=723E SP=F0C8 AF=F400 BC=0002 DE=71F5 HL=C422 IX=C058 IY=0120
C4W_127_ADDR_C470_VAL_02 PC=868C SP=F0C8 AF=0200 BC=0200 DE=0010 HL=C470 IX=C470 IY=C460
C4W_128_ADDR_C476_VAL_45 PC=869D SP=F0C8 AF=0000 BC=0200 DE=7090 HL=C476 IX=C470 IY=C460
C4W_129_ADDR_C480_VAL_02 PC=868C SP=F0C8 AF=0200 BC=0201 DE=7090 HL=C480 IX=C480 IY=C460
C4W_130_ADDR_C486_VAL_47 PC=869D SP=F0C8 AF=0000 BC=0201 DE=B090 HL=C486 IX=C480 IY=C460
C4W_131_ADDR_C401_VAL_00 PC=4BB5 SP=F0D4 AF=0044 BC=0000 DE=0000 HL=C401 IX=DB00 IY=C460
C4W_132_ADDR_C400_VAL_00 PC=4BB9 SP=F0D4 AF=0054 BC=0000 DE=0000 HL=C400 IX=DB00 IY=C460
C4W_133_ADDR_C439_VAL_00 PC=854B SP=F0CA AF=0044 BC=0098 DE=0000 HL=C5A6 IX=C058 IY=0120
C4W_134_ADDR_C42F_VAL_08 PC=725D SP=F0CA AF=0008 BC=0002 DE=0080 HL=C42F IX=C058 IY=0120
C4W_135_ADDR_C429_VAL_04 PC=7238 SP=F0CA AF=0408 BC=0002 DE=0080 HL=C42F IX=C058 IY=0120
C4W_136_ADDR_C422_VAL_04 PC=723E SP=F0CA AF=0400 BC=0002 DE=0080 HL=C422 IX=C058 IY=0120
C4W_137_ADDR_C470_VAL_02 PC=868C SP=F0C8 AF=0200 BC=0200 DE=0010 HL=C470 IX=C470 IY=C460
C4W_138_ADDR_C476_VAL_46 PC=869D SP=F0C8 AF=0000 BC=0200 DE=7090 HL=C476 IX=C470 IY=C460
C4W_139_ADDR_C480_VAL_02 PC=868C SP=F0C8 AF=0200 BC=0201 DE=7090 HL=C480 IX=C480 IY=C460
C4W_140_ADDR_C486_VAL_48 PC=869D SP=F0C8 AF=0008 BC=0201 DE=B090 HL=C486 IX=C480 IY=C460
C4W_141_ADDR_C401_VAL_00 PC=4BB5 SP=F0D4 AF=0044 BC=0000 DE=0000 HL=C401 IX=DB00 IY=C460
C4W_142_ADDR_C400_VAL_00 PC=4BB9 SP=F0D4 AF=0054 BC=0000 DE=0000 HL=C400 IX=DB00 IY=C460
C4W_143_ADDR_C439_VAL_00 PC=854B SP=F0CA AF=0044 BC=0098 DE=0000 HL=C5A6 IX=C058 IY=0120
C4W_144_ADDR_C429_VAL_03 PC=726C SP=F0CA AF=0003 BC=0002 DE=71F9 HL=C429 IX=C058 IY=0120
C4W_145_ADDR_C470_VAL_02 PC=868C SP=F0C8 AF=0200 BC=0200 DE=0010 HL=C470 IX=C470 IY=C460
C4W_146_ADDR_C476_VAL_47 PC=869D SP=F0C8 AF=0000 BC=0200 DE=7090 HL=C476 IX=C470 IY=C460
C4W_147_ADDR_C480_VAL_02 PC=868C SP=F0C8 AF=0200 BC=0201 DE=7090 HL=C480 IX=C480 IY=C460
C4W_148_ADDR_C486_VAL_49 PC=869D SP=F0C8 AF=0008 BC=0201 DE=B090 HL=C486 IX=C480 IY=C460
C4W_149_ADDR_C401_VAL_00 PC=4BB5 SP=F0D4 AF=0044 BC=0000 DE=0000 HL=C401 IX=DB00 IY=C460
C4W_150_ADDR_C400_VAL_00 PC=4BB9 SP=F0D4 AF=0054 BC=0000 DE=0000 HL=C400 IX=DB00 IY=C460
C4W_151_ADDR_C439_VAL_00 PC=854B SP=F0CA AF=0044 BC=0098 DE=0000 HL=C5A6 IX=C058 IY=0120
C4W_152_ADDR_C429_VAL_02 PC=726C SP=F0CA AF=0003 BC=0002 DE=71F9 HL=C429 IX=C058 IY=0120
C4W_153_ADDR_C470_VAL_02 PC=868C SP=F0C8 AF=0200 BC=0200 DE=0010 HL=C470 IX=C470 IY=C460
C4W_154_ADDR_C476_VAL_48 PC=869D SP=F0C8 AF=0008 BC=0200 DE=7090 HL=C476 IX=C470 IY=C460
C4W_155_ADDR_C480_VAL_02 PC=868C SP=F0C8 AF=0200 BC=0201 DE=7021 HL=C480 IX=C480 IY=C460
C4W_156_ADDR_C486_VAL_4A PC=869D SP=F0C8 AF=0008 BC=0201 DE=B090 HL=C486 IX=C480 IY=C460
C4W_157_ADDR_C401_VAL_00 PC=4BB5 SP=F0D4 AF=0044 BC=0000 DE=0000 HL=C401 IX=DB00 IY=C460
C4W_158_ADDR_C400_VAL_00 PC=4BB9 SP=F0D4 AF=0054 BC=0000 DE=0000 HL=C400 IX=DB00 IY=C460
C4W_159_ADDR_C439_VAL_00 PC=854B SP=F0CA AF=0044 BC=0098 DE=0000 HL=C5A6 IX=C058 IY=0120
C4W_160_ADDR_C429_VAL_01 PC=726C SP=F0CA AF=0003 BC=0002 DE=71F9 HL=C429 IX=C058 IY=0120
INPUT RIGHT DOWN
INPUT RIGHT UP
COUNTS c4=819 e0=0
