t0 pc=0001 sp=FFFF bank=FF/FF/FF/FF flow=FF screen=FF irq=FFFF inirq=FF pos=65535,65535
t1 pc=8318 sp=F2F2 bank=00/04/33/3A flow=00 screen=FF irq=FFFF inirq=FF pos=65535,65535
t2 pc=811D sp=F2F6 bank=00/04/33/3A flow=00 screen=33 irq=0000 inirq=00 pos=0,0
t3 pc=811D sp=F2F6 bank=00/04/33/3A flow=00 screen=33 irq=0000 inirq=00 pos=0,0
t4 pc=811D sp=F2F6 bank=00/04/33/3A flow=00 screen=33 irq=0000 inirq=00 pos=0,0
t5 pc=8142 sp=F2F6 bank=00/04/33/3A flow=00 screen=33 irq=0000 inirq=00 pos=0,0
t6 pc=1130 sp=F2FE bank=00/04/33/3A flow=00 screen=33 irq=0000 inirq=00 pos=0,0
t7 pc=1130 sp=F2FE bank=00/04/33/3A flow=00 screen=33 irq=0000 inirq=00 pos=0,0
t8 pc=1130 sp=F2FE bank=00/04/33/3A flow=00 screen=33 irq=0000 inirq=00 pos=0,0
t9 pc=1130 sp=F2FE bank=00/04/33/3A flow=00 screen=33 irq=0000 inirq=00 pos=0,0
t10 pc=1130 sp=F2FE bank=00/04/33/3A flow=00 screen=33 irq=0000 inirq=00 pos=0,0
t11 pc=1130 sp=F2FE bank=00/04/33/3A flow=00 screen=33 irq=0000 inirq=00 pos=0,0
t12 pc=1130 sp=F2FE bank=00/04/33/3A flow=00 screen=33 irq=0000 inirq=00 pos=0,0
t13 pc=1130 sp=F2FE bank=00/04/33/3A flow=00 screen=33 irq=0000 inirq=00 pos=0,0
t14 pc=23CE sp=F2FE bank=00/04/33/3A flow=00 screen=33 irq=0000 inirq=00 pos=0,0
t15 pc=0E99 sp=F2F6 bank=00/04/33/3A flow=00 screen=33 irq=0000 inirq=00 pos=0,0
t16 pc=1A04 sp=F244 bank=06/00/01/01 flow=00 screen=33 irq=0000 inirq=00 pos=0,0
t17 pc=1A02 sp=EF90 bank=06/00/01/01 flow=00 screen=33 irq=0000 inirq=00 pos=0,0
t18 pc=19B1 sp=ECDE bank=06/00/01/01 flow=00 screen=33 irq=0000 inirq=00 pos=0,0
t19 pc=19AD sp=EA2C bank=06/00/01/01 flow=00 screen=33 irq=0000 inirq=00 pos=0,0
t20 pc=19AB sp=E77A bank=06/00/01/01 flow=00 screen=33 irq=0660 inirq=68 pos=0,0
t21 pc=FD9A sp=E4C6 bank=06/00/01/01 flow=00 screen=33 irq=0660 inirq=68 pos=0,0
t22 pc=19A8 sp=E216 bank=06/00/01/01 flow=00 screen=33 irq=0660 inirq=68 pos=0,0
t23 pc=19A6 sp=DF66 bank=06/00/01/01 flow=00 screen=64 irq=0660 inirq=68 pos=40844,1632
t24 pc=19A4 sp=DCB6 bank=06/00/01/01 flow=00 screen=64 irq=0660 inirq=68 pos=40844,1632
t25 pc=19A3 sp=DA06 bank=06/00/01/01 flow=00 screen=64 irq=0660 inirq=68 pos=40844,1632
t26 pc=19A2 sp=D756 bank=06/00/01/01 flow=00 screen=64 irq=0660 inirq=68 pos=40844,1632
t27 pc=19A1 sp=D4A6 bank=06/00/01/01 flow=00 screen=64 irq=0660 inirq=68 pos=40844,1632
t28 pc=199F sp=D1F6 bank=06/00/01/01 flow=00 screen=64 irq=0660 inirq=68 pos=40844,1632
t29 pc=199D sp=CF46 bank=06/00/01/01 flow=00 screen=64 irq=0660 inirq=68 pos=40844,1632
t30 pc=199C sp=CC96 bank=06/00/01/01 flow=00 screen=64 irq=0660 inirq=68 pos=40844,1632
t31 pc=199B sp=C9E6 bank=06/00/01/01 flow=00 screen=64 irq=0660 inirq=68 pos=40844,1632
t32 pc=199A sp=C736 bank=06/00/01/01 flow=00 screen=64 irq=0660 inirq=68 pos=40844,1632
t33 pc=0038 sp=C484 bank=06/00/01/01 flow=00 screen=64 irq=0660 inirq=68 pos=40844,1632
t34 pc=4A09 sp=C1D4 bank=06/00/01/01 flow=00 screen=64 irq=0660 inirq=68 pos=40844,1632
t35 pc=02E4 sp=F2FC bank=19/10/40/04 flow=AB screen=64 irq=0660 inirq=68 pos=40844,1632
t36 pc=1130 sp=F2FE bank=19/10/40/04 flow=AB screen=64 irq=0660 inirq=68 pos=40844,1632
t37 pc=1130 sp=F2FE bank=19/10/40/04 flow=AB screen=64 irq=0660 inirq=68 pos=40844,1632
t38 pc=1130 sp=F2FE bank=19/10/40/04 flow=AB screen=64 irq=0660 inirq=68 pos=40844,1632
t39 pc=1130 sp=F2FE bank=19/10/40/04 flow=AB screen=64 irq=0660 inirq=68 pos=40844,1632
t40 pc=1130 sp=F2FE bank=19/10/40/04 flow=AB screen=64 irq=0660 inirq=68 pos=40844,1632
t41 pc=1130 sp=F2FE bank=19/10/40/04 flow=AB screen=64 irq=0660 inirq=68 pos=40844,1632
t42 pc=1130 sp=F2FE bank=19/10/40/04 flow=AB screen=64 irq=0660 inirq=68 pos=40844,1632
t43 pc=1130 sp=F2FE bank=19/10/40/04 flow=AB screen=64 irq=0660 inirq=68 pos=40844,1632
t44 pc=046D sp=F2E0 bank=19/10/40/04 flow=AB screen=64 irq=0660 inirq=68 pos=40844,1632
t45 pc=1B19 sp=F300 bank=19/10/40/04 flow=AB screen=64 irq=0660 inirq=68 pos=40844,1632
t46 pc=1B19 sp=F300 bank=19/10/40/04 flow=AB screen=64 irq=0660 inirq=68 pos=40844,1632
t47 pc=1B19 sp=F300 bank=19/10/40/04 flow=AB screen=64 irq=0660 inirq=68 pos=40844,1632
t48 pc=1B19 sp=F300 bank=19/10/40/04 flow=AB screen=64 irq=0660 inirq=68 pos=40844,1632
t49 pc=1B19 sp=F300 bank=19/10/40/04 flow=AB screen=64 irq=0660 inirq=68 pos=40844,1632
t50 pc=1B19 sp=F300 bank=19/10/40/04 flow=AB screen=64 irq=0660 inirq=68 pos=40844,1632
t51 pc=1B19 sp=F300 bank=19/10/40/04 flow=AB screen=64 irq=0660 inirq=68 pos=40844,1632
t52 pc=1B19 sp=F300 bank=19/10/40/04 flow=AB screen=64 irq=0660 inirq=68 pos=40844,1632
t53 pc=1B19 sp=F300 bank=19/10/40/04 flow=AB screen=64 irq=0660 inirq=68 pos=40844,1632
t54 pc=1B19 sp=F300 bank=19/10/40/04 flow=AB screen=64 irq=0660 inirq=68 pos=40844,1632
t55 pc=1B19 sp=F300 bank=19/10/40/04 flow=AB screen=64 irq=0660 inirq=68 pos=40844,1632
t56 pc=1B19 sp=F300 bank=19/10/40/04 flow=AB screen=64 irq=0660 inirq=68 pos=40844,1632
t57 pc=19C2 sp=F2EA bank=19/10/40/04 flow=AB screen=64 irq=0660 inirq=68 pos=40844,1632
t58 pc=1B19 sp=F300 bank=19/10/40/04 flow=AB screen=64 irq=0660 inirq=68 pos=40844,1632
t59 pc=1B19 sp=F300 bank=19/10/40/04 flow=AB screen=64 irq=0660 inirq=68 pos=40844,1632
t60 pc=1B19 sp=F300 bank=19/10/40/04 flow=AB screen=64 irq=0660 inirq=68 pos=40844,1632
t61 pc=1B19 sp=F300 bank=19/10/40/04 flow=AB screen=64 irq=0660 inirq=68 pos=40844,1632
t62 pc=1B19 sp=F300 bank=19/10/40/04 flow=AB screen=64 irq=0660 inirq=68 pos=40844,1632
t63 pc=1B19 sp=F300 bank=19/10/40/04 flow=AB screen=64 irq=0660 inirq=68 pos=40844,1632
t64 pc=1B19 sp=F300 bank=19/10/40/04 flow=AB screen=64 irq=0660 inirq=68 pos=40844,1632
t65 pc=1B19 sp=F300 bank=19/10/40/04 flow=AB screen=64 irq=0660 inirq=68 pos=40844,1632
t66 pc=1B19 sp=F300 bank=19/10/40/04 flow=AB screen=64 irq=0660 inirq=68 pos=40844,1632
t67 pc=1B19 sp=F300 bank=19/10/40/04 flow=AB screen=64 irq=0660 inirq=68 pos=40844,1632
t68 pc=1B19 sp=F300 bank=19/10/40/04 flow=AB screen=64 irq=0660 inirq=68 pos=40844,1632
t69 pc=1B19 sp=F300 bank=19/10/40/04 flow=AB screen=64 irq=0660 inirq=68 pos=40844,1632
t70 pc=1B19 sp=F300 bank=19/10/40/04 flow=AB screen=64 irq=0660 inirq=68 pos=40844,1632
t71 pc=1B19 sp=F300 bank=19/10/40/04 flow=AB screen=64 irq=0660 inirq=68 pos=40844,1632
t72 pc=1B19 sp=F300 bank=19/10/40/04 flow=AB screen=64 irq=0660 inirq=68 pos=40844,1632
t73 pc=1B19 sp=F300 bank=19/10/40/04 flow=AB screen=64 irq=0660 inirq=68 pos=40844,1632
t74 pc=1B19 sp=F300 bank=19/10/40/04 flow=AB screen=64 irq=0660 inirq=68 pos=40844,1632
t75 pc=1B19 sp=F300 bank=19/10/40/04 flow=AB screen=64 irq=0660 inirq=68 pos=40844,1632
t76 pc=1B19 sp=F300 bank=19/10/40/04 flow=AB screen=64 irq=0660 inirq=68 pos=40844,1632
t77 pc=1B19 sp=F300 bank=19/10/40/04 flow=AB screen=64 irq=0660 inirq=68 pos=40844,1632
t78 pc=1B19 sp=F300 bank=19/10/40/04 flow=AB screen=64 irq=0660 inirq=68 pos=40844,1632
t79 pc=1B19 sp=F300 bank=19/10/40/04 flow=AB screen=64 irq=0660 inirq=68 pos=40844,1632
t80 pc=1B19 sp=F300 bank=19/10/40/04 flow=AB screen=64 irq=0660 inirq=68 pos=40844,1632
