RESIDENT_RET pc=C1F5 sp=F35E a=00 hl=EC30 de=0400 p1=10 p3=01 irq=1 player=FF screen=00
RESIDENT_RET pc=C1F5 sp=F35E a=00 hl=EC30 de=0C00 p1=10 p3=01 irq=2 player=FF screen=00
RESIDENT_RET pc=C1F5 sp=F35E a=00 hl=EC30 de=1400 p1=10 p3=01 irq=3 player=FF screen=00
RESIDENT_RET pc=C1F5 sp=F35E a=00 hl=EC30 de=2400 p1=11 p3=01 irq=4 player=FF screen=00
RESIDENT_RET pc=C1F5 sp=F35E a=00 hl=EC30 de=2C00 p1=11 p3=01 irq=5 player=FF screen=00
RESIDENT_RET pc=C1F5 sp=F35E a=00 hl=EC30 de=3400 p1=11 p3=01 irq=5 player=FF screen=00
RESIDENT_RET pc=C1F5 sp=F33A a=00 hl=612C de=0430 p1=0D p3=01 irq=5 player=FF screen=00
RESIDENT_RET pc=C1F5 sp=F33A a=00 hl=612C de=0C30 p1=0D p3=01 irq=5 player=FF screen=00
RESIDENT_RET pc=C1F5 sp=F33C a=00 hl=612C de=1430 p1=0D p3=01 irq=5 player=FF screen=00
RESIDENT_RET pc=C1F5 sp=F33A a=00 hl=6134 de=2430 p1=0D p3=01 irq=5 player=FF screen=00
RESIDENT_RET pc=C1F5 sp=F33A a=00 hl=6134 de=2C30 p1=0D p3=01 irq=5 player=FF screen=00
RESIDENT_RET pc=C1F5 sp=F33C a=00 hl=6134 de=3430 p1=0D p3=01 irq=5 player=FF screen=00
RESIDENT_RET pc=C1F5 sp=F33A a=00 hl=614C de=0468 p1=0D p3=01 irq=6 player=FF screen=00
RESIDENT_RET pc=C1F5 sp=F33A a=00 hl=614C de=0C68 p1=0D p3=01 irq=6 player=FF screen=00
RESIDENT_RET pc=C1F5 sp=F33C a=00 hl=614C de=1468 p1=0D p3=01 irq=6 player=FF screen=00
RESIDENT_RET pc=C1F5 sp=F33A a=00 hl=6154 de=2468 p1=0D p3=01 irq=6 player=FF screen=00
RESIDENT_RET pc=C1F5 sp=F33A a=00 hl=6154 de=2C68 p1=0D p3=01 irq=6 player=FF screen=00
RESIDENT_RET pc=C1F5 sp=F33C a=00 hl=6154 de=3468 p1=0D p3=01 irq=6 player=FF screen=00
RESIDENT_RET pc=C1F5 sp=F33A a=00 hl=616C de=0428 p1=0D p3=01 irq=6 player=FF screen=00
RESIDENT_RET pc=C1F5 sp=F33A a=00 hl=616C de=0C28 p1=0D p3=01 irq=6 player=FF screen=00
RESIDENT_RET pc=C1F5 sp=F33C a=00 hl=616C de=1428 p1=0D p3=01 irq=6 player=FF screen=00
RESIDENT_RET pc=C1F5 sp=F33A a=00 hl=6174 de=2428 p1=0D p3=01 irq=6 player=FF screen=00
RESIDENT_RET pc=C1F5 sp=F33A a=00 hl=6174 de=2C28 p1=0D p3=01 irq=6 player=FF screen=00
RESIDENT_RET pc=C1F5 sp=F33C a=00 hl=6174 de=3428 p1=0D p3=01 irq=6 player=FF screen=00
RESIDENT_RET pc=C1F5 sp=F33A a=00 hl=61EC de=0470 p1=0D p3=01 irq=6 player=FF screen=00
RESIDENT_RET pc=C1F5 sp=F33A a=00 hl=61EC de=0C70 p1=0D p3=01 irq=6 player=FF screen=00
RESIDENT_RET pc=C1F5 sp=F33C a=00 hl=61EC de=1470 p1=0D p3=01 irq=6 player=FF screen=00
RESIDENT_RET pc=C1F5 sp=F33A a=00 hl=61F4 de=2470 p1=0D p3=01 irq=6 player=FF screen=00
RESIDENT_RET pc=C1F5 sp=F33A a=00 hl=61F4 de=2C70 p1=0D p3=01 irq=6 player=FF screen=00
RESIDENT_RET pc=C1F5 sp=F33C a=00 hl=61F4 de=3470 p1=0D p3=01 irq=6 player=FF screen=00
RESIDENT_RET pc=C1F5 sp=F360 a=00 hl=6122 de=C158 p1=0D p3=01 irq=6 player=FF screen=00
RESIDENT_RET pc=C1F5 sp=F34E a=00 hl=E187 de=E0F3 p1=08 p3=01 irq=6 player=FF screen=00
RESIDENT_RET pc=C1F5 sp=F360 a=00 hl=E104 de=C158 p1=07 p3=01 irq=6 player=FF screen=00
RESIDENT_RET pc=C1F5 sp=F35E a=00 hl=E093 de=0000 p1=07 p3=01 irq=6 player=00 screen=00
RESIDENT_RET pc=C1F5 sp=F35E a=00 hl=DBEA de=0000 p1=07 p3=01 irq=6 player=00 screen=00
RESIDENT_RET pc=C1F5 sp=F35E a=00 hl=E187 de=0000 p1=07 p3=01 irq=6 player=00 screen=00
RESIDENT_RET pc=C1F5 sp=F35E a=00 hl=E094 de=0001 p1=07 p3=01 irq=6 player=00 screen=00
RESIDENT_RET pc=C1F5 sp=F35E a=00 hl=DBEB de=0001 p1=07 p3=01 irq=6 player=00 screen=00
RESIDENT_RET pc=C1F5 sp=F35E a=00 hl=E187 de=0001 p1=07 p3=01 irq=6 player=00 screen=00
RESIDENT_RET pc=C1F5 sp=F35E a=00 hl=DB0C de=0002 p1=07 p3=01 irq=6 player=00 screen=00
RESIDENT_RET pc=C1F5 sp=F35E a=00 hl=DBEC de=0002 p1=07 p3=01 irq=7 player=00 screen=00
RESIDENT_RET pc=C1F5 sp=F35E a=00 hl=E096 de=0003 p1=07 p3=01 irq=7 player=00 screen=00
RESIDENT_RET pc=C1F5 sp=F35E a=00 hl=DBED de=0003 p1=07 p3=01 irq=7 player=00 screen=00
RESIDENT_RET pc=C1F5 sp=F35E a=00 hl=E097 de=0004 p1=07 p3=01 irq=7 player=00 screen=00
RESIDENT_RET pc=C1F5 sp=F35E a=00 hl=DBEE de=0004 p1=07 p3=01 irq=7 player=00 screen=00
RESIDENT_RET pc=C1F5 sp=F35E a=00 hl=E098 de=0005 p1=07 p3=01 irq=7 player=00 screen=00
RESIDENT_RET pc=C1F5 sp=F35E a=00 hl=DBEF de=0005 p1=07 p3=01 irq=7 player=00 screen=00
RESIDENT_RET pc=C1F5 sp=F356 a=00 hl=6008 de=0100 p1=0E p3=01 irq=7 player=01 screen=00
RESIDENT_RET pc=C1F5 sp=F356 a=00 hl=6010 de=0158 p1=0E p3=01 irq=7 player=01 screen=00
RESIDENT_RET pc=C1F5 sp=F356 a=00 hl=6018 de=0160 p1=0E p3=01 irq=7 player=01 screen=00
RESIDENT_RET pc=C1F5 sp=F356 a=00 hl=6020 de=0168 p1=0E p3=01 irq=7 player=01 screen=00
RESIDENT_RET pc=C1F5 sp=F356 a=00 hl=6028 de=0170 p1=0E p3=01 irq=7 player=01 screen=00
RESIDENT_RET pc=C1F5 sp=F356 a=00 hl=6030 de=0180 p1=0E p3=01 irq=7 player=01 screen=00
RESIDENT_RET pc=C1F5 sp=F356 a=00 hl=6038 de=0188 p1=0E p3=01 irq=7 player=01 screen=00
RESIDENT_RET pc=C1F5 sp=F356 a=00 hl=6040 de=0190 p1=0E p3=01 irq=7 player=01 screen=00
RESIDENT_RET pc=C1F5 sp=F356 a=00 hl=6048 de=0198 p1=0E p3=01 irq=7 player=01 screen=00
RESIDENT_RET pc=C1F5 sp=F356 a=00 hl=6050 de=01A0 p1=0E p3=01 irq=7 player=01 screen=00
RESIDENT_RET pc=C1F5 sp=F356 a=00 hl=6058 de=01A8 p1=0E p3=01 irq=7 player=01 screen=00
RESIDENT_RET pc=C1F5 sp=F356 a=00 hl=6060 de=01B0 p1=0E p3=01 irq=7 player=01 screen=00
RESIDENT_RET pc=C1F5 sp=F356 a=00 hl=6068 de=01B8 p1=0E p3=01 irq=7 player=01 screen=00
RESIDENT_RET pc=C1F5 sp=F356 a=00 hl=6070 de=01C0 p1=0E p3=01 irq=7 player=01 screen=00
RESIDENT_RET pc=C1F5 sp=F356 a=00 hl=6078 de=01C8 p1=0E p3=01 irq=7 player=01 screen=00
RESIDENT_RET pc=C1F5 sp=F356 a=00 hl=6080 de=01D0 p1=0E p3=01 irq=7 player=01 screen=00
RESIDENT_RET pc=C1F5 sp=F356 a=00 hl=6088 de=01F0 p1=0E p3=01 irq=7 player=01 screen=00
RESIDENT_RET pc=C1F5 sp=F356 a=00 hl=6090 de=01F8 p1=0E p3=01 irq=7 player=01 screen=00
RESIDENT_RET pc=C1F5 sp=F356 a=00 hl=6098 de=0208 p1=0E p3=01 irq=7 player=01 screen=00
RESIDENT_RET pc=C1F5 sp=F356 a=00 hl=60A0 de=0210 p1=0E p3=01 irq=7 player=01 screen=00
RESIDENT_RET pc=C1F5 sp=F356 a=00 hl=60A8 de=0218 p1=0E p3=01 irq=7 player=01 screen=00
RESIDENT_RET pc=C1F5 sp=F356 a=00 hl=60B0 de=0220 p1=0E p3=01 irq=7 player=01 screen=00
RESIDENT_RET pc=C1F5 sp=F356 a=00 hl=60B8 de=0228 p1=0E p3=01 irq=7 player=01 screen=00
RESIDENT_RET pc=C1F5 sp=F356 a=00 hl=60C0 de=0230 p1=0E p3=01 irq=7 player=01 screen=00
RESIDENT_RET pc=C1F5 sp=F356 a=00 hl=60C8 de=0238 p1=0E p3=01 irq=7 player=01 screen=00
RESIDENT_RET pc=C1F5 sp=F356 a=00 hl=60D0 de=0240 p1=0E p3=01 irq=7 player=01 screen=00
RESIDENT_RET pc=C1F5 sp=F356 a=00 hl=60D8 de=0248 p1=0E p3=01 irq=7 player=01 screen=00
RESIDENT_RET pc=C1F5 sp=F356 a=00 hl=60E0 de=0250 p1=0E p3=01 irq=7 player=01 screen=00
RESIDENT_RET pc=C1F5 sp=F356 a=00 hl=60E8 de=0258 p1=0E p3=01 irq=8 player=01 screen=00
RESIDENT_RET pc=C1F5 sp=F356 a=00 hl=60F0 de=0260 p1=0E p3=01 irq=8 player=01 screen=00
RESIDENT_RET pc=C1F5 sp=F356 a=00 hl=60F8 de=0268 p1=0E p3=01 irq=8 player=01 screen=00
RESIDENT_RET pc=C1F5 sp=F356 a=00 hl=6100 de=0270 p1=0E p3=01 irq=8 player=01 screen=00
RESIDENT_RET pc=C1F5 sp=F356 a=00 hl=6108 de=0278 p1=0E p3=01 irq=8 player=01 screen=00
SPC1_before pc=65AF sp=F37C a=00 hl=98CC de=6723 p1=06 p3=01 irq=182 player=01 screen=00
SPC1_after pc=40DC sp=F360 a=87 hl=EBA9 de=3400 p1=00 p3=01 irq=201 player=01 screen=00
a16r8_6_call_upd pc=6B79 sp=F35E a=E4 hl=E177 de=E507 p1=06 p3=01 irq=209 player=01 screen=00
a16r8_6_call_upd pc=6B79 sp=F35E a=E4 hl=E177 de=E507 p1=06 p3=01 irq=216 player=01 screen=00
SPC2_before pc=6140 sp=F376 a=00 hl=63AE de=0000 p1=06 p3=01 irq=482 player=01 screen=00
a16r8_6_call_upd pc=6B79 sp=F36E a=E4 hl=E177 de=E507 p1=06 p3=01 irq=496 player=01 screen=00
a16r8_6_call_upd pc=6B79 sp=F374 a=01 hl=E187 de=0000 p1=06 p3=01 irq=496 player=01 screen=00
HANDLE_WORLDLINK pc=65D9 sp=F380 a=01 hl=699C de=699D p1=06 p3=01 irq=496 player=01 screen=00
SPC2_after pc=4678 sp=F340 a=20 hl=A67C de=EB09 p1=00 p3=01 irq=501 player=01 screen=00
a16r8_15_update_s pc=6C09 sp=F37C a=01 hl=69A7 de=69A7 p1=06 p3=01 irq=523 player=01 screen=00
a16r8_6_call_upd pc=6B79 sp=F37C a=74 hl=E76C de=7401 p1=06 p3=01 irq=523 player=01 screen=00
a16r8_16_call_ren pc=6C19 sp=F37C a=01 hl=E133 de=1B00 p1=06 p3=01 irq=523 player=01 screen=00
LOOP_START pc=6732 sp=F37C a=01 hl=6097 de=1B00 p1=06 p3=01 irq=523 player=01 screen=00
a16r8_18_task_upd pc=6C39 sp=F37A a=00 hl=6097 de=1B00 p1=06 p3=01 irq=524 player=01 screen=00
a16r8_19_update_p pc=6C49 sp=F37A a=00 hl=413F de=1B00 p1=06 p3=01 irq=524 player=01 screen=00
FINAL pc=6A75 sp=E06C a=01 hl=DB8B de=0021 p1=00 p3=01 irq=43370 player=6A screen=6A
COUNT HANDLE_WORLDLINK 1
COUNT LOOP_START 1
COUNT RESIDENT_RET 2250
COUNT a16r8_15_update_s 1
COUNT a16r8_16_call_ren 1
COUNT a16r8_18_task_upd 1
COUNT a16r8_19_update_p 1
COUNT a16r8_6_call_upd 5
