BP_4010_RESET_OR_INIT pc=4010 sp=F2EC banks=00/04/33/3A flow=00 screen=00 input=00 player=FF xy=17220,40761 irq=0
intro_spc_before pc=65AF sp=F37C banks=06/06/01/01 flow=00 screen=00 input=00 player=01 xy=8,80 irq=182
intro_spc_after pc=65B6 sp=F37C banks=06/06/01/01 flow=00 screen=00 input=00 player=01 xy=8,80 irq=195
intro_spc_during pc=4658 sp=F354 banks=00/00/01/01 flow=00 screen=00 input=00 player=01 xy=8,80 irq=200
start_spc_before pc=6140 sp=F376 banks=06/06/01/01 flow=00 screen=00 input=00 player=01 xy=8,80 irq=482
start_spc_after pc=617A sp=F376 banks=06/06/01/01 flow=00 screen=00 input=00 player=01 xy=8,80 irq=495
start_spc_during pc=1A48 sp=F336 banks=00/00/01/01 flow=00 screen=00 input=00 player=01 xy=8,80 irq=500
gameplay_start pc=6A71 sp=DC58 banks=00/00/01/01 flow=01 screen=6A input=00 player=6A xy=43370,43370 irq=43370
SHOTOK patoantic248_ascii16_gameplay_start_clean.png
RIGHT_before pc=6A67 sp=DE14 banks=00/00/01/01 flow=01 screen=6A input=00 player=6A xy=43370,43370 irq=43370
RIGHT_during pc=6A65 sp=DEF8 banks=00/00/01/01 flow=01 screen=6A input=00 player=6A xy=43370,43370 irq=43370
RIGHT_after pc=6A66 sp=E102 banks=00/00/01/01 flow=01 screen=6A input=00 player=6A xy=43370,43370 irq=43370
after_right pc=6A6D sp=E1E2 banks=00/00/01/01 flow=01 screen=6B input=00 player=6A xy=4715,43371 irq=43370
SHOTOK patoantic248_ascii16_after_right_clean.png
LEFT_before pc=6A89 sp=E358 banks=00/00/01/01 flow=01 screen=6B input=00 player=6A xy=4715,43371 irq=43370
LEFT_during pc=6A6D sp=E43A banks=00/00/01/01 flow=01 screen=6B input=00 player=6A xy=4715,43371 irq=43370
LEFT_after pc=6A54 sp=E648 banks=00/00/01/01 flow=01 screen=6B input=00 player=6A xy=4715,43371 irq=43370
after_left pc=6A4E sp=E6D0 banks=00/00/01/01 flow=01 screen=6B input=00 player=6A xy=4715,43371 irq=43370
SHOTOK patoantic248_ascii16_after_left_clean.png
FINAL pc=6A67 sp=E716 banks=00/00/01/01 flow=01 screen=6B input=00 player=6A xy=4715,43371 irq=43370
