t1 pc=108B bank=FF/FF/FF flow=FF exit=FF reveal=FF dialog=FF text=FF screen=FF engine=FF world=FF idx=FF playerRun=FF pidx=FF pxy=65535,65535
t2 pc=108B bank=FF/FF/FF flow=FF exit=FF reveal=FF dialog=FF text=FF screen=FF engine=FF world=FF idx=FF playerRun=FF pidx=FF pxy=65535,65535
spc2_before pc=108B bank=FF/FF/FF flow=FF exit=FF reveal=FF dialog=FF text=FF screen=FF engine=FF world=FF idx=FF playerRun=FF pidx=FF pxy=65535,65535
spc2_after pc=108B bank=FF/FF/FF flow=FF exit=FF reveal=FF dialog=FF text=FF screen=FF engine=FF world=FF idx=FF playerRun=FF pidx=FF pxy=65535,65535
t3 pc=40DC bank=FF/FF/FF flow=00 exit=00 reveal=00 dialog=FF text=FF screen=00 engine=FF world=00 idx=00 playerRun=FF pidx=FF pxy=65535,65535
t4 pc=96C4 bank=FF/FF/FF flow=00 exit=00 reveal=00 dialog=FF text=FF screen=00 engine=FF world=00 idx=00 playerRun=01 pidx=00 pxy=56,160
spc4_before pc=96C4 bank=FF/FF/FF flow=00 exit=00 reveal=00 dialog=FF text=FF screen=00 engine=FF world=00 idx=00 playerRun=01 pidx=00 pxy=56,160
spc4_after pc=45C5 bank=FF/FF/FF flow=00 exit=00 reveal=00 dialog=FF text=FF screen=00 engine=FF world=00 idx=00 playerRun=01 pidx=00 pxy=56,160
t5 pc=9E23 bank=FF/FF/FF flow=00 exit=00 reveal=00 dialog=FF text=FF screen=00 engine=FF world=00 idx=00 playerRun=01 pidx=00 pxy=56,160
t6 pc=52D3 bank=FF/FF/FF flow=00 exit=00 reveal=00 dialog=FF text=FF screen=00 engine=FF world=00 idx=00 playerRun=01 pidx=00 pxy=56,160
spc6_before pc=52D3 bank=FF/FF/FF flow=00 exit=00 reveal=00 dialog=FF text=FF screen=00 engine=FF world=00 idx=00 playerRun=01 pidx=00 pxy=56,160
shot_t06 pc=52D3 bank=FF/FF/FF flow=00 exit=00 reveal=00 dialog=FF text=FF screen=00 engine=FF world=00 idx=00 playerRun=01 pidx=00 pxy=56,160
SHOT t06.png C:/Users/salam/Documents/Programacion/Mideas/server/temp/atenas116_dialog_probe_shots/t06.png
spc6_after pc=9E5D bank=FF/FF/FF flow=00 exit=00 reveal=00 dialog=FF text=FF screen=00 engine=FF world=00 idx=00 playerRun=01 pidx=00 pxy=56,160
t7 pc=9E5D bank=FF/FF/FF flow=00 exit=00 reveal=00 dialog=FF text=FF screen=00 engine=FF world=00 idx=00 playerRun=01 pidx=00 pxy=56,160
t8 pc=9E5D bank=FF/FF/FF flow=00 exit=00 reveal=00 dialog=FF text=FF screen=00 engine=FF world=00 idx=00 playerRun=01 pidx=00 pxy=56,160
spc8_before pc=9E5D bank=FF/FF/FF flow=00 exit=00 reveal=00 dialog=FF text=FF screen=00 engine=FF world=00 idx=00 playerRun=01 pidx=00 pxy=56,160
spc8_after pc=9E5D bank=FF/FF/FF flow=00 exit=00 reveal=00 dialog=FF text=FF screen=00 engine=FF world=00 idx=00 playerRun=01 pidx=00 pxy=56,160
t9 pc=9E5D bank=FF/FF/FF flow=00 exit=00 reveal=00 dialog=FF text=FF screen=00 engine=FF world=00 idx=00 playerRun=01 pidx=00 pxy=56,160
t10 pc=9E5D bank=FF/FF/FF flow=00 exit=00 reveal=00 dialog=FF text=FF screen=00 engine=FF world=00 idx=00 playerRun=01 pidx=00 pxy=56,160
spc10_before pc=9E5D bank=FF/FF/FF flow=00 exit=00 reveal=00 dialog=FF text=FF screen=00 engine=FF world=00 idx=00 playerRun=01 pidx=00 pxy=56,160
spc10_after pc=9E5D bank=FF/FF/FF flow=00 exit=00 reveal=00 dialog=FF text=FF screen=00 engine=FF world=00 idx=00 playerRun=01 pidx=00 pxy=56,160
t11 pc=9E5D bank=FF/FF/FF flow=00 exit=00 reveal=00 dialog=FF text=FF screen=00 engine=FF world=00 idx=00 playerRun=01 pidx=00 pxy=56,160
t12 pc=9E5D bank=FF/FF/FF flow=00 exit=00 reveal=00 dialog=FF text=FF screen=00 engine=FF world=00 idx=00 playerRun=01 pidx=00 pxy=56,160
spc12_before pc=9E5D bank=FF/FF/FF flow=00 exit=00 reveal=00 dialog=FF text=FF screen=00 engine=FF world=00 idx=00 playerRun=01 pidx=00 pxy=56,160
spc12_after pc=9E5D bank=FF/FF/FF flow=00 exit=00 reveal=00 dialog=FF text=FF screen=00 engine=FF world=00 idx=00 playerRun=01 pidx=00 pxy=56,160
t13 pc=9E5D bank=FF/FF/FF flow=00 exit=00 reveal=00 dialog=FF text=FF screen=00 engine=FF world=00 idx=00 playerRun=01 pidx=00 pxy=56,160
t14 pc=9E5D bank=FF/FF/FF flow=00 exit=00 reveal=00 dialog=FF text=FF screen=00 engine=FF world=00 idx=00 playerRun=01 pidx=00 pxy=56,160
spc14_before pc=9E5D bank=FF/FF/FF flow=00 exit=00 reveal=00 dialog=FF text=FF screen=00 engine=FF world=00 idx=00 playerRun=01 pidx=00 pxy=56,160
shot_t14 pc=9E5D bank=FF/FF/FF flow=00 exit=00 reveal=00 dialog=FF text=FF screen=00 engine=FF world=00 idx=00 playerRun=01 pidx=00 pxy=56,160
SHOT t14.png C:/Users/salam/Documents/Programacion/Mideas/server/temp/atenas116_dialog_probe_shots/t14.png
spc14_after pc=9E5D bank=FF/FF/FF flow=00 exit=00 reveal=00 dialog=FF text=FF screen=00 engine=FF world=00 idx=00 playerRun=01 pidx=00 pxy=56,160
t15 pc=9E5D bank=FF/FF/FF flow=00 exit=00 reveal=00 dialog=FF text=FF screen=00 engine=FF world=00 idx=00 playerRun=01 pidx=00 pxy=56,160
t16 pc=9E5D bank=FF/FF/FF flow=00 exit=00 reveal=00 dialog=FF text=FF screen=00 engine=FF world=00 idx=00 playerRun=01 pidx=00 pxy=56,160
spc16_before pc=9E5D bank=FF/FF/FF flow=00 exit=00 reveal=00 dialog=FF text=FF screen=00 engine=FF world=00 idx=00 playerRun=01 pidx=00 pxy=56,160
spc16_after pc=9E5D bank=FF/FF/FF flow=00 exit=00 reveal=00 dialog=FF text=FF screen=00 engine=FF world=00 idx=00 playerRun=01 pidx=00 pxy=56,160
t17 pc=9E5D bank=FF/FF/FF flow=00 exit=00 reveal=00 dialog=FF text=FF screen=00 engine=FF world=00 idx=00 playerRun=01 pidx=00 pxy=56,160
t18 pc=41BA bank=FF/FF/FF flow=00 exit=00 reveal=00 dialog=FF text=FF screen=00 engine=FF world=00 idx=00 playerRun=01 pidx=00 pxy=56,160
spc18_before pc=41BA bank=FF/FF/FF flow=00 exit=00 reveal=00 dialog=FF text=FF screen=00 engine=FF world=00 idx=00 playerRun=01 pidx=00 pxy=56,160
spc18_after pc=9E5D bank=FF/FF/FF flow=00 exit=00 reveal=00 dialog=FF text=FF screen=00 engine=FF world=00 idx=00 playerRun=01 pidx=00 pxy=56,160
t19 pc=9E5D bank=FF/FF/FF flow=00 exit=00 reveal=00 dialog=FF text=FF screen=00 engine=FF world=00 idx=00 playerRun=01 pidx=00 pxy=56,160
t20 pc=9E5D bank=FF/FF/FF flow=00 exit=00 reveal=00 dialog=FF text=FF screen=00 engine=FF world=00 idx=00 playerRun=01 pidx=00 pxy=56,160
spc20_before pc=9E5D bank=FF/FF/FF flow=00 exit=00 reveal=00 dialog=FF text=FF screen=00 engine=FF world=00 idx=00 playerRun=01 pidx=00 pxy=56,160
spc20_after pc=9E5D bank=FF/FF/FF flow=00 exit=00 reveal=00 dialog=FF text=FF screen=00 engine=FF world=00 idx=00 playerRun=01 pidx=00 pxy=56,160
t21 pc=9E5D bank=FF/FF/FF flow=00 exit=00 reveal=00 dialog=FF text=FF screen=00 engine=FF world=00 idx=00 playerRun=01 pidx=00 pxy=56,160
t22 pc=9E5D bank=FF/FF/FF flow=00 exit=00 reveal=00 dialog=FF text=FF screen=00 engine=FF world=00 idx=00 playerRun=01 pidx=00 pxy=56,160
spc22_before pc=9E5D bank=FF/FF/FF flow=00 exit=00 reveal=00 dialog=FF text=FF screen=00 engine=FF world=00 idx=00 playerRun=01 pidx=00 pxy=56,160
spc22_after pc=9E5D bank=FF/FF/FF flow=00 exit=00 reveal=00 dialog=FF text=FF screen=00 engine=FF world=00 idx=00 playerRun=01 pidx=00 pxy=56,160
t23 pc=9E5D bank=FF/FF/FF flow=00 exit=00 reveal=00 dialog=FF text=FF screen=00 engine=FF world=00 idx=00 playerRun=01 pidx=00 pxy=56,160
t24 pc=9E5D bank=FF/FF/FF flow=00 exit=00 reveal=00 dialog=FF text=FF screen=00 engine=FF world=00 idx=00 playerRun=01 pidx=00 pxy=56,160
spc24_before pc=9E5D bank=FF/FF/FF flow=00 exit=00 reveal=00 dialog=FF text=FF screen=00 engine=FF world=00 idx=00 playerRun=01 pidx=00 pxy=56,160
shot_t24 pc=9E5D bank=FF/FF/FF flow=00 exit=00 reveal=00 dialog=FF text=FF screen=00 engine=FF world=00 idx=00 playerRun=01 pidx=00 pxy=56,160
SHOT t24.png C:/Users/salam/Documents/Programacion/Mideas/server/temp/atenas116_dialog_probe_shots/t24.png
spc24_after pc=9E5D bank=FF/FF/FF flow=00 exit=00 reveal=00 dialog=FF text=FF screen=00 engine=FF world=00 idx=00 playerRun=01 pidx=00 pxy=56,160
t25 pc=9E5D bank=FF/FF/FF flow=00 exit=00 reveal=00 dialog=FF text=FF screen=00 engine=FF world=00 idx=00 playerRun=01 pidx=00 pxy=56,160
t26 pc=9E5D bank=FF/FF/FF flow=00 exit=00 reveal=00 dialog=FF text=FF screen=00 engine=FF world=00 idx=00 playerRun=01 pidx=00 pxy=56,160
spc26_before pc=9E5D bank=FF/FF/FF flow=00 exit=00 reveal=00 dialog=FF text=FF screen=00 engine=FF world=00 idx=00 playerRun=01 pidx=00 pxy=56,160
spc26_after pc=9E5D bank=FF/FF/FF flow=00 exit=00 reveal=00 dialog=FF text=FF screen=00 engine=FF world=00 idx=00 playerRun=01 pidx=00 pxy=56,160
t27 pc=9E5D bank=FF/FF/FF flow=00 exit=00 reveal=00 dialog=FF text=FF screen=00 engine=FF world=00 idx=00 playerRun=01 pidx=00 pxy=56,160
t28 pc=9E5D bank=FF/FF/FF flow=00 exit=00 reveal=00 dialog=FF text=FF screen=00 engine=FF world=00 idx=00 playerRun=01 pidx=00 pxy=56,160
spc28_before pc=9E5D bank=FF/FF/FF flow=00 exit=00 reveal=00 dialog=FF text=FF screen=00 engine=FF world=00 idx=00 playerRun=01 pidx=00 pxy=56,160
spc28_after pc=9E5D bank=FF/FF/FF flow=00 exit=00 reveal=00 dialog=FF text=FF screen=00 engine=FF world=00 idx=00 playerRun=01 pidx=00 pxy=56,160
t29 pc=9E5D bank=FF/FF/FF flow=00 exit=00 reveal=00 dialog=FF text=FF screen=00 engine=FF world=00 idx=00 playerRun=01 pidx=00 pxy=56,160
t30 pc=9E5D bank=FF/FF/FF flow=00 exit=00 reveal=00 dialog=FF text=FF screen=00 engine=FF world=00 idx=00 playerRun=01 pidx=00 pxy=56,160
spc30_before pc=9E5D bank=FF/FF/FF flow=00 exit=00 reveal=00 dialog=FF text=FF screen=00 engine=FF world=00 idx=00 playerRun=01 pidx=00 pxy=56,160
spc30_after pc=9E5D bank=FF/FF/FF flow=00 exit=00 reveal=00 dialog=FF text=FF screen=00 engine=FF world=00 idx=00 playerRun=01 pidx=00 pxy=56,160
t31 pc=199F bank=FF/FF/FF flow=00 exit=00 reveal=00 dialog=FF text=FF screen=00 engine=FF world=00 idx=00 playerRun=01 pidx=00 pxy=56,160
t32 pc=9E5D bank=FF/FF/FF flow=00 exit=00 reveal=00 dialog=FF text=FF screen=00 engine=FF world=00 idx=00 playerRun=01 pidx=00 pxy=56,160
spc32_before pc=9E5D bank=FF/FF/FF flow=00 exit=00 reveal=00 dialog=FF text=FF screen=00 engine=FF world=00 idx=00 playerRun=01 pidx=00 pxy=56,160
spc32_after pc=9E5D bank=FF/FF/FF flow=00 exit=00 reveal=00 dialog=FF text=FF screen=00 engine=FF world=00 idx=00 playerRun=01 pidx=00 pxy=56,160
t33 pc=9E5D bank=FF/FF/FF flow=00 exit=00 reveal=00 dialog=FF text=FF screen=00 engine=FF world=00 idx=00 playerRun=01 pidx=00 pxy=56,160
t34 pc=9E5D bank=FF/FF/FF flow=00 exit=00 reveal=00 dialog=FF text=FF screen=00 engine=FF world=00 idx=00 playerRun=01 pidx=00 pxy=56,160
spc34_before pc=9E5D bank=FF/FF/FF flow=00 exit=00 reveal=00 dialog=FF text=FF screen=00 engine=FF world=00 idx=00 playerRun=01 pidx=00 pxy=56,160
shot_t34 pc=9E5D bank=FF/FF/FF flow=00 exit=00 reveal=00 dialog=FF text=FF screen=00 engine=FF world=00 idx=00 playerRun=01 pidx=00 pxy=56,160
SHOT t34.png C:/Users/salam/Documents/Programacion/Mideas/server/temp/atenas116_dialog_probe_shots/t34.png
spc34_after pc=9E5D bank=FF/FF/FF flow=00 exit=00 reveal=00 dialog=FF text=FF screen=00 engine=FF world=00 idx=00 playerRun=01 pidx=00 pxy=56,160
t35 pc=9E5D bank=FF/FF/FF flow=00 exit=00 reveal=00 dialog=FF text=FF screen=00 engine=FF world=00 idx=00 playerRun=01 pidx=00 pxy=56,160
t36 pc=9E5D bank=FF/FF/FF flow=00 exit=00 reveal=00 dialog=FF text=FF screen=00 engine=FF world=00 idx=00 playerRun=01 pidx=00 pxy=56,160
spc36_before pc=9E5D bank=FF/FF/FF flow=00 exit=00 reveal=00 dialog=FF text=FF screen=00 engine=FF world=00 idx=00 playerRun=01 pidx=00 pxy=56,160
spc36_after pc=9E5D bank=FF/FF/FF flow=00 exit=00 reveal=00 dialog=FF text=FF screen=00 engine=FF world=00 idx=00 playerRun=01 pidx=00 pxy=56,160
t37 pc=51AA bank=FF/FF/FF flow=00 exit=00 reveal=00 dialog=FF text=FF screen=00 engine=FF world=00 idx=00 playerRun=01 pidx=00 pxy=56,160
t38 pc=9E5D bank=FF/FF/FF flow=00 exit=00 reveal=00 dialog=FF text=FF screen=00 engine=FF world=00 idx=00 playerRun=01 pidx=00 pxy=56,160
spc38_before pc=9E5D bank=FF/FF/FF flow=00 exit=00 reveal=00 dialog=FF text=FF screen=00 engine=FF world=00 idx=00 playerRun=01 pidx=00 pxy=56,160
spc38_after pc=9E5D bank=FF/FF/FF flow=00 exit=00 reveal=00 dialog=FF text=FF screen=00 engine=FF world=00 idx=00 playerRun=01 pidx=00 pxy=56,160
t39 pc=9E5D bank=FF/FF/FF flow=00 exit=00 reveal=00 dialog=FF text=FF screen=00 engine=FF world=00 idx=00 playerRun=01 pidx=00 pxy=56,160
t40 pc=9E5D bank=FF/FF/FF flow=00 exit=00 reveal=00 dialog=FF text=FF screen=00 engine=FF world=00 idx=00 playerRun=01 pidx=00 pxy=56,160
spc40_before pc=9E5D bank=FF/FF/FF flow=00 exit=00 reveal=00 dialog=FF text=FF screen=00 engine=FF world=00 idx=00 playerRun=01 pidx=00 pxy=56,160
spc40_after pc=9E5D bank=FF/FF/FF flow=00 exit=00 reveal=00 dialog=FF text=FF screen=00 engine=FF world=00 idx=00 playerRun=01 pidx=00 pxy=56,160
t41 pc=9E5D bank=FF/FF/FF flow=00 exit=00 reveal=00 dialog=FF text=FF screen=00 engine=FF world=00 idx=00 playerRun=01 pidx=00 pxy=56,160
t42 pc=9E5D bank=FF/FF/FF flow=00 exit=00 reveal=00 dialog=FF text=FF screen=00 engine=FF world=00 idx=00 playerRun=01 pidx=00 pxy=56,160
spc42_before pc=9E5D bank=FF/FF/FF flow=00 exit=00 reveal=00 dialog=FF text=FF screen=00 engine=FF world=00 idx=00 playerRun=01 pidx=00 pxy=56,160
spc42_after pc=9E5D bank=FF/FF/FF flow=00 exit=00 reveal=00 dialog=FF text=FF screen=00 engine=FF world=00 idx=00 playerRun=01 pidx=00 pxy=56,160
t43 pc=18EF bank=FF/FF/FF flow=00 exit=00 reveal=00 dialog=FF text=FF screen=00 engine=FF world=00 idx=00 playerRun=01 pidx=00 pxy=56,160
t44 pc=9E5D bank=FF/FF/FF flow=00 exit=00 reveal=00 dialog=FF text=FF screen=00 engine=FF world=00 idx=00 playerRun=01 pidx=00 pxy=56,160
spc44_before pc=9E5D bank=FF/FF/FF flow=00 exit=00 reveal=00 dialog=FF text=FF screen=00 engine=FF world=00 idx=00 playerRun=01 pidx=00 pxy=56,160
spc44_after pc=9E5D bank=FF/FF/FF flow=00 exit=00 reveal=00 dialog=FF text=FF screen=00 engine=FF world=00 idx=00 playerRun=01 pidx=00 pxy=56,160
t45 pc=9E5D bank=FF/FF/FF flow=00 exit=00 reveal=00 dialog=FF text=FF screen=00 engine=FF world=00 idx=00 playerRun=01 pidx=00 pxy=56,160
t46 pc=9E5D bank=FF/FF/FF flow=00 exit=00 reveal=00 dialog=FF text=FF screen=00 engine=FF world=00 idx=00 playerRun=01 pidx=00 pxy=56,160
spc46_before pc=9E5D bank=FF/FF/FF flow=00 exit=00 reveal=00 dialog=FF text=FF screen=00 engine=FF world=00 idx=00 playerRun=01 pidx=00 pxy=56,160
shot_t46 pc=9E5D bank=FF/FF/FF flow=00 exit=00 reveal=00 dialog=FF text=FF screen=00 engine=FF world=00 idx=00 playerRun=01 pidx=00 pxy=56,160
SHOT t46.png C:/Users/salam/Documents/Programacion/Mideas/server/temp/atenas116_dialog_probe_shots/t46.png
spc46_after pc=499F bank=FF/FF/FF flow=00 exit=00 reveal=00 dialog=FF text=FF screen=00 engine=FF world=00 idx=00 playerRun=01 pidx=00 pxy=56,160
t47 pc=9E5D bank=FF/FF/FF flow=00 exit=00 reveal=00 dialog=FF text=FF screen=00 engine=FF world=00 idx=00 playerRun=01 pidx=00 pxy=56,160
t48 pc=9E5D bank=FF/FF/FF flow=00 exit=00 reveal=00 dialog=FF text=FF screen=00 engine=FF world=00 idx=00 playerRun=01 pidx=00 pxy=56,160
spc48_before pc=9E5D bank=FF/FF/FF flow=00 exit=00 reveal=00 dialog=FF text=FF screen=00 engine=FF world=00 idx=00 playerRun=01 pidx=00 pxy=56,160
spc48_after pc=9E5D bank=FF/FF/FF flow=00 exit=00 reveal=00 dialog=FF text=FF screen=00 engine=FF world=00 idx=00 playerRun=01 pidx=00 pxy=56,160
t49 pc=9E5D bank=FF/FF/FF flow=00 exit=00 reveal=00 dialog=FF text=FF screen=00 engine=FF world=00 idx=00 playerRun=01 pidx=00 pxy=56,160
t50 pc=9E5D bank=FF/FF/FF flow=00 exit=00 reveal=00 dialog=FF text=FF screen=00 engine=FF world=00 idx=00 playerRun=01 pidx=00 pxy=56,160
spc50_before pc=9E5D bank=FF/FF/FF flow=00 exit=00 reveal=00 dialog=FF text=FF screen=00 engine=FF world=00 idx=00 playerRun=01 pidx=00 pxy=56,160
spc50_after pc=9E5D bank=FF/FF/FF flow=00 exit=00 reveal=00 dialog=FF text=FF screen=00 engine=FF world=00 idx=00 playerRun=01 pidx=00 pxy=56,160
t51 pc=9E5D bank=FF/FF/FF flow=00 exit=00 reveal=00 dialog=FF text=FF screen=00 engine=FF world=00 idx=00 playerRun=01 pidx=00 pxy=56,160
t52 pc=9E5D bank=FF/FF/FF flow=00 exit=00 reveal=00 dialog=FF text=FF screen=00 engine=FF world=00 idx=00 playerRun=01 pidx=00 pxy=56,160
t53 pc=9E5D bank=FF/FF/FF flow=00 exit=00 reveal=00 dialog=FF text=FF screen=00 engine=FF world=00 idx=00 playerRun=01 pidx=00 pxy=56,160
t54 pc=9E5D bank=FF/FF/FF flow=00 exit=00 reveal=00 dialog=FF text=FF screen=00 engine=FF world=00 idx=00 playerRun=01 pidx=00 pxy=56,160
t55 pc=9E5D bank=FF/FF/FF flow=00 exit=00 reveal=00 dialog=FF text=FF screen=00 engine=FF world=00 idx=00 playerRun=01 pidx=00 pxy=56,160
shot_t55 pc=9E5D bank=FF/FF/FF flow=00 exit=00 reveal=00 dialog=FF text=FF screen=00 engine=FF world=00 idx=00 playerRun=01 pidx=00 pxy=56,160
SHOT t55.png C:/Users/salam/Documents/Programacion/Mideas/server/temp/atenas116_dialog_probe_shots/t55.png
