t1 pc=108B exit=FF activeN=FF list0=FF list1=FF profExec=FFFF profSM=FFFF ac=FF ae=FF aew=FF dialog=FF text=FF screen=FF eng=FF smptr=FFFF smt=FFFF
t2 pc=108B exit=FF activeN=FF list0=FF list1=FF profExec=FFFF profSM=FFFF ac=FF ae=FF aew=FF dialog=FF text=FF screen=FF eng=FF smptr=FFFF smt=FFFF
t3 pc=40DC exit=00 activeN=00 list0=00 list1=00 profExec=FFFF profSM=FFFF ac=FF ae=FF aew=FF dialog=FF text=FF screen=00 eng=FF smptr=FFFF smt=FFFF
t4 pc=96C4 exit=00 activeN=F0 list0=00 list1=00 profExec=FFFF profSM=FFFF ac=FF ae=FF aew=FF dialog=FF text=FF screen=00 eng=FF smptr=95A8 smt=0000
t5 pc=96C4 exit=00 activeN=F0 list0=00 list1=00 profExec=FFFF profSM=FFFF ac=FF ae=FF aew=FF dialog=FF text=FF screen=00 eng=FF smptr=95A8 smt=0000
t6 pc=6715 exit=00 activeN=F0 list0=00 list1=00 profExec=FFFF profSM=FFFF ac=FF ae=FF aew=FF dialog=FF text=FF screen=00 eng=FF smptr=95A8 smt=0000
controls_done1_forced_done pc=6715 exit=00 activeN=F0 list0=00 list1=00 profExec=FFFF profSM=FFFF ac=FF ae=FF aew=FF dialog=FF text=FF screen=00 eng=FF smptr=95A8 smt=0000
controls_done1_before pc=6715 exit=00 activeN=F0 list0=00 list1=00 profExec=FFFF profSM=FFFF ac=FF ae=FF aew=FF dialog=FF text=FF screen=00 eng=FF smptr=95A8 smt=0000
controls_done1_after pc=40DB exit=00 activeN=00 list0=00 list1=00 profExec=FFFF profSM=FFFF ac=FF ae=FF aew=FF dialog=FF text=FF screen=00 eng=FF smptr=95A8 smt=0000
t7 pc=9E23 exit=00 activeN=F0 list0=00 list1=00 profExec=FFFF profSM=FFFF ac=FF ae=FF aew=FF dialog=FF text=FF screen=00 eng=FF smptr=95A8 smt=0000
t8 pc=9E5D exit=00 activeN=F0 list0=00 list1=00 profExec=FFFF profSM=FFFF ac=FF ae=FF aew=FF dialog=FF text=FF screen=00 eng=FF smptr=95A8 smt=0000
controls_done2_forced_done pc=9E5D exit=00 activeN=F0 list0=00 list1=00 profExec=FFFF profSM=FFFF ac=FF ae=FF aew=FF dialog=FF text=FF screen=00 eng=FF smptr=95A8 smt=0000
controls_done2_before pc=9E5D exit=00 activeN=F0 list0=00 list1=00 profExec=FFFF profSM=FFFF ac=FF ae=FF aew=FF dialog=FF text=FF screen=00 eng=FF smptr=95A8 smt=0000
controls_done2_after pc=4BBE exit=00 activeN=F0 list0=00 list1=00 profExec=FFFF profSM=FFFF ac=FF ae=FF aew=FF dialog=FF text=FF screen=00 eng=FF smptr=95A8 smt=0000
t9 pc=9E23 exit=00 activeN=F0 list0=00 list1=00 profExec=FFFF profSM=FFFF ac=FF ae=FF aew=FF dialog=FF text=FF screen=00 eng=FF smptr=95A8 smt=0000
t10 pc=47C7 exit=00 activeN=F0 list0=00 list1=00 profExec=FFFF profSM=FFFF ac=FF ae=FF aew=FF dialog=FF text=FF screen=00 eng=01 smptr=95A8 smt=0000
t11 pc=9E23 exit=00 activeN=F0 list0=00 list1=00 profExec=FFFF profSM=FFFF ac=FF ae=FF aew=FF dialog=FF text=FF screen=03 eng=01 smptr=95A8 smt=0000
t12 pc=1997 exit=00 activeN=07 list0=00 list1=00 profExec=FFFF profSM=0016 ac=01 ae=FF aew=FF dialog=FF text=FF screen=03 eng=01 smptr=95A8 smt=0000
t13 pc=40DF exit=00 activeN=1E list0=00 list1=00 profExec=FFFF profSM=0049 ac=01 ae=FF aew=FF dialog=FF text=FF screen=03 eng=01 smptr=95A8 smt=0000
t14 pc=9F0E exit=00 activeN=1E list0=00 list1=00 profExec=FFFF profSM=007B ac=01 ae=FF aew=FF dialog=01 text=01 screen=03 eng=01 smptr=95A8 smt=0000
t15 pc=9F0E exit=00 activeN=1E list0=00 list1=00 profExec=FFFF profSM=00AD ac=01 ae=FF aew=FF dialog=01 text=01 screen=03 eng=01 smptr=95A8 smt=0000
t16 pc=9F0E exit=00 activeN=1E list0=00 list1=00 profExec=FFFF profSM=00DF ac=01 ae=FF aew=FF dialog=01 text=01 screen=03 eng=01 smptr=95A8 smt=0000
t17 pc=9F0E exit=00 activeN=1E list0=00 list1=00 profExec=FFFF profSM=0111 ac=01 ae=FF aew=FF dialog=01 text=00 screen=03 eng=01 smptr=95A8 smt=0000
t18 pc=41BE exit=00 activeN=1E list0=00 list1=00 profExec=FFFF profSM=0143 ac=01 ae=FF aew=FF dialog=01 text=00 screen=03 eng=01 smptr=95A8 smt=0000
t19 pc=6169 exit=00 activeN=1E list0=00 list1=00 profExec=FFFF profSM=0175 ac=01 ae=FF aew=FF dialog=01 text=00 screen=03 eng=01 smptr=95A8 smt=0000
t20 pc=9F0E exit=00 activeN=1E list0=00 list1=00 profExec=FFFF profSM=01A8 ac=01 ae=FF aew=FF dialog=01 text=00 screen=03 eng=01 smptr=95A8 smt=0000
dialog_space20_before pc=9F0E exit=00 activeN=1E list0=00 list1=00 profExec=FFFF profSM=01A8 ac=01 ae=FF aew=FF dialog=01 text=00 screen=03 eng=01 smptr=95A8 smt=0000
dialog_space20_after pc=9F0E exit=00 activeN=1E list0=00 list1=00 profExec=FFFF profSM=01C3 ac=01 ae=FF aew=FF dialog=01 text=01 screen=03 eng=01 smptr=95A8 smt=0000
t21 pc=9F0E exit=00 activeN=1E list0=00 list1=00 profExec=FFFF profSM=01DA ac=01 ae=FF aew=FF dialog=01 text=01 screen=03 eng=01 smptr=95A8 smt=0000
t22 pc=9F0E exit=00 activeN=1E list0=00 list1=00 profExec=FFFF profSM=020C ac=01 ae=FF aew=FF dialog=01 text=01 screen=03 eng=01 smptr=95A8 smt=0000
t23 pc=9F0E exit=00 activeN=1E list0=00 list1=00 profExec=FFFF profSM=023E ac=01 ae=FF aew=FF dialog=01 text=01 screen=03 eng=01 smptr=95A8 smt=0000
t24 pc=9F0E exit=00 activeN=1E list0=00 list1=00 profExec=FFFF profSM=0270 ac=01 ae=FF aew=FF dialog=01 text=01 screen=03 eng=01 smptr=95A8 smt=0000
dialog_space24_before pc=9F0E exit=00 activeN=1E list0=00 list1=00 profExec=FFFF profSM=0270 ac=01 ae=FF aew=FF dialog=01 text=01 screen=03 eng=01 smptr=95A8 smt=0000
dialog_space24_after pc=9F0E exit=00 activeN=1E list0=00 list1=00 profExec=FFFF profSM=028C ac=01 ae=FF aew=FF dialog=01 text=01 screen=03 eng=01 smptr=95A8 smt=0000
t25 pc=56CE exit=00 activeN=1E list0=00 list1=00 profExec=FFFF profSM=02A3 ac=01 ae=FF aew=FF dialog=01 text=01 screen=03 eng=01 smptr=95A8 smt=0000
t26 pc=40DB exit=00 activeN=1E list0=00 list1=00 profExec=FFFF profSM=02D5 ac=01 ae=FF aew=FF dialog=01 text=01 screen=03 eng=01 smptr=95A8 smt=0000
t27 pc=9F0E exit=00 activeN=1E list0=00 list1=00 profExec=FFFF profSM=0307 ac=01 ae=FF aew=FF dialog=01 text=01 screen=03 eng=01 smptr=95A8 smt=0000
t28 pc=9F0E exit=00 activeN=1E list0=00 list1=00 profExec=FFFF profSM=0339 ac=01 ae=FF aew=FF dialog=01 text=00 screen=03 eng=01 smptr=95A8 smt=0000
dialog_space28_before pc=9F0E exit=00 activeN=1E list0=00 list1=00 profExec=FFFF profSM=0339 ac=01 ae=FF aew=FF dialog=01 text=00 screen=03 eng=01 smptr=95A8 smt=0000
dialog_space28_after pc=40DE exit=00 activeN=1E list0=00 list1=00 profExec=FFFF profSM=0355 ac=01 ae=FF aew=FF dialog=01 text=01 screen=03 eng=01 smptr=95A8 smt=0000
t29 pc=9F0E exit=00 activeN=1E list0=00 list1=00 profExec=FFFF profSM=036B ac=01 ae=FF aew=FF dialog=01 text=01 screen=03 eng=01 smptr=95A8 smt=0000
t30 pc=9F0E exit=00 activeN=1E list0=00 list1=00 profExec=FFFF profSM=039D ac=01 ae=FF aew=FF dialog=01 text=01 screen=03 eng=01 smptr=95A8 smt=0000
t31 pc=6168 exit=00 activeN=1E list0=00 list1=00 profExec=FFFF profSM=03CF ac=01 ae=FF aew=FF dialog=01 text=00 screen=03 eng=01 smptr=95A8 smt=0000
t32 pc=9F0E exit=00 activeN=1E list0=00 list1=00 profExec=FFFF profSM=0402 ac=01 ae=FF aew=FF dialog=01 text=00 screen=03 eng=01 smptr=95A8 smt=0000
dialog_space32_before pc=9F0E exit=00 activeN=1E list0=00 list1=00 profExec=FFFF profSM=0402 ac=01 ae=FF aew=FF dialog=01 text=00 screen=03 eng=01 smptr=95A8 smt=0000
dialog_space32_after pc=9F0E exit=00 activeN=1E list0=00 list1=00 profExec=FFFF profSM=041D ac=01 ae=FF aew=FF dialog=01 text=01 screen=03 eng=01 smptr=95A8 smt=0000
t33 pc=9F0E exit=00 activeN=1E list0=00 list1=00 profExec=FFFF profSM=0434 ac=01 ae=FF aew=FF dialog=01 text=01 screen=03 eng=01 smptr=95A8 smt=0000
t34 pc=9F0E exit=00 activeN=1E list0=00 list1=00 profExec=FFFF profSM=0466 ac=01 ae=FF aew=FF dialog=01 text=01 screen=03 eng=01 smptr=95A8 smt=0000
t35 pc=9F0E exit=00 activeN=1E list0=00 list1=00 profExec=FFFF profSM=0498 ac=01 ae=FF aew=FF dialog=01 text=00 screen=03 eng=01 smptr=95A8 smt=0000
t36 pc=9F0E exit=00 activeN=1E list0=00 list1=00 profExec=FFFF profSM=04CA ac=01 ae=FF aew=FF dialog=01 text=00 screen=03 eng=01 smptr=95A8 smt=0000
dialog_space36_before pc=9F0E exit=00 activeN=1E list0=00 list1=00 profExec=FFFF profSM=04CA ac=01 ae=FF aew=FF dialog=01 text=00 screen=03 eng=01 smptr=95A8 smt=0000
dialog_space36_after pc=9F0E exit=00 activeN=1E list0=00 list1=00 profExec=FFFF profSM=04E6 ac=00 ae=FF aew=FF dialog=00 text=00 screen=03 eng=01 smptr=95A8 smt=0000
t37 pc=198C exit=00 activeN=1E list0=00 list1=00 profExec=FFFF profSM=04FC ac=00 ae=FF aew=FF dialog=00 text=00 screen=03 eng=01 smptr=95A8 smt=0000
t38 pc=40DF exit=00 activeN=1E list0=00 list1=00 profExec=FFFF profSM=052F ac=00 ae=FF aew=FF dialog=00 text=00 screen=03 eng=01 smptr=95A8 smt=0000
t39 pc=9F0E exit=00 activeN=1E list0=00 list1=00 profExec=FFFF profSM=0561 ac=00 ae=FF aew=FF dialog=00 text=00 screen=03 eng=01 smptr=95A8 smt=0000
t40 pc=9F0E exit=00 activeN=1E list0=00 list1=00 profExec=FFFF profSM=0593 ac=00 ae=FF aew=FF dialog=00 text=00 screen=03 eng=01 smptr=95A8 smt=0000
dialog_space40_before pc=9F0E exit=00 activeN=1E list0=00 list1=00 profExec=FFFF profSM=0593 ac=00 ae=FF aew=FF dialog=00 text=00 screen=03 eng=01 smptr=95A8 smt=0000
dialog_space40_after pc=8E16 exit=00 activeN=1E list0=00 list1=00 profExec=FFFF profSM=05AE ac=00 ae=FF aew=FF dialog=00 text=00 screen=03 eng=01 smptr=95A8 smt=0000
t41 pc=9F0E exit=00 activeN=1E list0=00 list1=00 profExec=FFFF profSM=05C5 ac=00 ae=FF aew=FF dialog=00 text=00 screen=03 eng=01 smptr=95A8 smt=0000
t42 pc=9F0E exit=00 activeN=1E list0=00 list1=00 profExec=FFFF profSM=05F7 ac=00 ae=FF aew=FF dialog=00 text=00 screen=03 eng=01 smptr=95A8 smt=0000
t43 pc=18EF exit=00 activeN=1E list0=00 list1=00 profExec=FFFF profSM=0629 ac=00 ae=FF aew=FF dialog=00 text=00 screen=03 eng=01 smptr=95A8 smt=0000
t44 pc=68DC exit=00 activeN=1E list0=00 list1=00 profExec=FFFF profSM=065B ac=00 ae=FF aew=FF dialog=00 text=00 screen=03 eng=01 smptr=95A8 smt=0000
t45 pc=9F0E exit=00 activeN=1E list0=00 list1=00 profExec=FFFF profSM=068E ac=00 ae=FF aew=FF dialog=00 text=00 screen=03 eng=01 smptr=95A8 smt=0000
t46 pc=9F0E exit=00 activeN=1E list0=00 list1=00 profExec=FFFF profSM=06C0 ac=00 ae=FF aew=FF dialog=00 text=00 screen=03 eng=01 smptr=95A8 smt=0000
t47 pc=9F0E exit=00 activeN=1E list0=00 list1=00 profExec=FFFF profSM=06F2 ac=00 ae=FF aew=FF dialog=00 text=00 screen=03 eng=01 smptr=95A8 smt=0000
t48 pc=9F0E exit=00 activeN=1E list0=00 list1=00 profExec=FFFF profSM=0724 ac=00 ae=FF aew=FF dialog=00 text=00 screen=03 eng=01 smptr=95A8 smt=0000
t49 pc=9F0E exit=00 activeN=1E list0=00 list1=00 profExec=FFFF profSM=0756 ac=00 ae=FF aew=FF dialog=00 text=00 screen=03 eng=01 smptr=95A8 smt=0000
t50 pc=8E83 exit=00 activeN=1E list0=00 list1=00 profExec=FFFF profSM=0789 ac=00 ae=FF aew=FF dialog=00 text=00 screen=03 eng=01 smptr=95A8 smt=0000
t51 pc=40DC exit=00 activeN=1E list0=00 list1=00 profExec=FFFF profSM=07BB ac=00 ae=FF aew=FF dialog=00 text=00 screen=03 eng=01 smptr=95A8 smt=0000
t52 pc=9F0E exit=00 activeN=1E list0=00 list1=00 profExec=FFFF profSM=07ED ac=00 ae=FF aew=FF dialog=00 text=00 screen=03 eng=01 smptr=95A8 smt=0000
t53 pc=9F0E exit=00 activeN=1E list0=00 list1=00 profExec=FFFF profSM=081F ac=00 ae=FF aew=FF dialog=00 text=00 screen=03 eng=01 smptr=95A8 smt=0000
t54 pc=9F0E exit=00 activeN=1E list0=00 list1=00 profExec=FFFF profSM=0851 ac=00 ae=FF aew=FF dialog=00 text=00 screen=03 eng=01 smptr=95A8 smt=0000
