t1 pc=108B sp=F2FE exit=FF sel=FF ac=FF ae=FF aew=FF dialog=FF text=FF screen=FF engine=FF world=FF smptr=FFFF smtim=FFFF pxy=65535,65535
t2 pc=108B sp=F2FE exit=FF sel=FF ac=FF ae=FF aew=FF dialog=FF text=FF screen=FF engine=FF world=FF smptr=FFFF smtim=FFFF pxy=65535,65535
t3 pc=40DD sp=F36A exit=00 sel=FF ac=FF ae=FF aew=FF dialog=FF text=FF screen=FF engine=FF world=FF smptr=FFFF smtim=FFFF pxy=65535,65535
t4 pc=96CB sp=F37C exit=00 sel=FF ac=FF ae=FF aew=FF dialog=FF text=FF screen=00 engine=00 world=00 smptr=95AF smtim=0000 pxy=0,0
t5 pc=96CB sp=F37C exit=00 sel=FF ac=FF ae=FF aew=FF dialog=FF text=FF screen=00 engine=00 world=00 smptr=95AF smtim=0000 pxy=0,0
shot_t05 pc=96CB sp=F37C exit=00 sel=FF ac=FF ae=FF aew=FF dialog=FF text=FF screen=00 engine=00 world=00 smptr=95AF smtim=0000 pxy=0,0
SHOTOK t05_controls.png
t6 pc=6715 sp=F35C exit=00 sel=FF ac=FF ae=FF aew=FF dialog=FF text=FF screen=00 engine=00 world=00 smptr=95AF smtim=0000 pxy=0,0
controls_done1_forced_done pc=6715 sp=F35C exit=00 sel=04 ac=FF ae=FF aew=FF dialog=FF text=FF screen=00 engine=00 world=00 smptr=95AF smtim=0000 pxy=0,0
controls_done1_before pc=6715 sp=F35C exit=00 sel=04 ac=FF ae=FF aew=FF dialog=FF text=FF screen=00 engine=00 world=00 smptr=95AF smtim=0000 pxy=0,0
controls_done1_after pc=40E0 sp=F370 exit=00 sel=04 ac=FF ae=FF aew=FF dialog=FF text=FF screen=00 engine=00 world=00 smptr=95AF smtim=0000 pxy=0,0
t7 pc=9E2A sp=F378 exit=00 sel=04 ac=FF ae=FF aew=FF dialog=FF text=FF screen=00 engine=00 world=00 smptr=95AF smtim=0000 pxy=0,0
t8 pc=9E64 sp=F376 exit=00 sel=00 ac=FF ae=FF aew=FF dialog=FF text=FF screen=00 engine=00 world=00 smptr=95AF smtim=0000 pxy=0,0
controls_done2_forced_done pc=9E64 sp=F376 exit=00 sel=04 ac=FF ae=FF aew=FF dialog=FF text=FF screen=00 engine=00 world=00 smptr=95AF smtim=0000 pxy=0,0
controls_done2_before pc=9E64 sp=F376 exit=00 sel=04 ac=FF ae=FF aew=FF dialog=FF text=FF screen=00 engine=00 world=00 smptr=95AF smtim=0000 pxy=0,0
controls_done2_after pc=196E sp=F360 exit=00 sel=04 ac=FF ae=FF aew=FF dialog=FF text=FF screen=00 engine=00 world=00 smptr=95AF smtim=0000 pxy=0,0
t9 pc=9E2A sp=F378 exit=00 sel=04 ac=FF ae=FF aew=FF dialog=FF text=FF screen=00 engine=00 world=00 smptr=95AF smtim=0000 pxy=0,0
t10 pc=47FF sp=F358 exit=00 sel=04 ac=FF ae=FF aew=FF dialog=FF text=FF screen=00 engine=00 world=00 smptr=95AF smtim=0000 pxy=0,0
shot_t10 pc=47FF sp=F358 exit=00 sel=04 ac=FF ae=FF aew=FF dialog=FF text=FF screen=00 engine=00 world=00 smptr=95AF smtim=0000 pxy=0,0
SHOTOK t10_after_done.png
t11 pc=9E2A sp=F378 exit=00 sel=04 ac=FF ae=FF aew=FF dialog=FF text=FF screen=00 engine=00 world=00 smptr=95AF smtim=0000 pxy=0,0
t12 pc=8497 sp=F376 exit=00 sel=04 ac=01 ae=00 aew=00 dialog=FF text=FF screen=00 engine=00 world=00 smptr=95AF smtim=0000 pxy=0,0
t13 pc=40DD sp=F378 exit=00 sel=04 ac=01 ae=00 aew=00 dialog=FF text=FF screen=00 engine=00 world=00 smptr=95AF smtim=0000 pxy=0,0
t14 pc=9F15 sp=F37C exit=00 sel=04 ac=01 ae=00 aew=00 dialog=01 text=01 screen=00 engine=00 world=00 smptr=95AF smtim=0000 pxy=0,0
t15 pc=9F15 sp=F37C exit=00 sel=04 ac=01 ae=00 aew=00 dialog=01 text=01 screen=00 engine=00 world=00 smptr=95AF smtim=0000 pxy=0,0
t16 pc=9F15 sp=F37C exit=00 sel=04 ac=01 ae=00 aew=00 dialog=01 text=01 screen=00 engine=00 world=00 smptr=95AF smtim=0000 pxy=0,0
shot_t16 pc=9F15 sp=F37C exit=00 sel=04 ac=01 ae=00 aew=00 dialog=01 text=01 screen=00 engine=00 world=00 smptr=95AF smtim=0000 pxy=0,0
SHOTOK t16_dialog_or_world.png
t17 pc=9F15 sp=F37C exit=00 sel=04 ac=01 ae=00 aew=00 dialog=01 text=00 screen=00 engine=00 world=00 smptr=95AF smtim=0000 pxy=0,0
t18 pc=41C5 sp=F36C exit=00 sel=04 ac=01 ae=00 aew=00 dialog=01 text=00 screen=00 engine=00 world=00 smptr=95AF smtim=0000 pxy=0,0
t19 pc=40E0 sp=F378 exit=00 sel=04 ac=01 ae=00 aew=00 dialog=01 text=00 screen=00 engine=00 world=00 smptr=95AF smtim=0000 pxy=0,0
t20 pc=9F15 sp=F37C exit=00 sel=04 ac=01 ae=00 aew=00 dialog=01 text=00 screen=00 engine=00 world=00 smptr=95AF smtim=0000 pxy=0,0
dialog_space20_before pc=9F15 sp=F37C exit=00 sel=04 ac=01 ae=00 aew=00 dialog=01 text=00 screen=00 engine=00 world=00 smptr=95AF smtim=0000 pxy=0,0
dialog_space20_after pc=9F15 sp=F37C exit=00 sel=04 ac=01 ae=00 aew=00 dialog=01 text=01 screen=00 engine=00 world=00 smptr=95AF smtim=0000 pxy=0,0
t21 pc=9F15 sp=F37C exit=00 sel=04 ac=01 ae=00 aew=00 dialog=01 text=01 screen=00 engine=00 world=00 smptr=95AF smtim=0000 pxy=0,0
t22 pc=9F15 sp=F37C exit=00 sel=04 ac=01 ae=00 aew=00 dialog=01 text=01 screen=00 engine=00 world=00 smptr=95AF smtim=0000 pxy=0,0
t23 pc=9F15 sp=F37C exit=00 sel=04 ac=01 ae=00 aew=00 dialog=01 text=01 screen=00 engine=00 world=00 smptr=95AF smtim=0000 pxy=0,0
t24 pc=9F15 sp=F37C exit=00 sel=04 ac=01 ae=00 aew=00 dialog=01 text=01 screen=00 engine=00 world=00 smptr=95AF smtim=0000 pxy=0,0
dialog_space24_before pc=9F15 sp=F37C exit=00 sel=04 ac=01 ae=00 aew=00 dialog=01 text=01 screen=00 engine=00 world=00 smptr=95AF smtim=0000 pxy=0,0
dialog_space24_after pc=9F15 sp=F37C exit=00 sel=04 ac=01 ae=00 aew=00 dialog=01 text=01 screen=00 engine=00 world=00 smptr=95AF smtim=0000 pxy=0,0
t25 pc=56CE sp=F37A exit=00 sel=04 ac=01 ae=00 aew=00 dialog=01 text=01 screen=00 engine=00 world=00 smptr=95AF smtim=0000 pxy=0,0
t26 pc=9F15 sp=F37C exit=00 sel=04 ac=01 ae=00 aew=00 dialog=01 text=01 screen=00 engine=00 world=00 smptr=95AF smtim=0000 pxy=0,0
t27 pc=9F15 sp=F37C exit=00 sel=04 ac=01 ae=00 aew=00 dialog=01 text=01 screen=00 engine=00 world=00 smptr=95AF smtim=0000 pxy=0,0
t28 pc=9F15 sp=F37C exit=00 sel=04 ac=01 ae=00 aew=00 dialog=01 text=00 screen=00 engine=00 world=00 smptr=95AF smtim=0000 pxy=0,0
dialog_space28_before pc=9F15 sp=F37C exit=00 sel=04 ac=01 ae=00 aew=00 dialog=01 text=00 screen=00 engine=00 world=00 smptr=95AF smtim=0000 pxy=0,0
dialog_space28_after pc=8EAE sp=F36C exit=00 sel=04 ac=01 ae=00 aew=00 dialog=01 text=01 screen=00 engine=00 world=00 smptr=95AF smtim=0000 pxy=0,0
t29 pc=9F15 sp=F37C exit=00 sel=04 ac=01 ae=00 aew=00 dialog=01 text=01 screen=00 engine=00 world=00 smptr=95AF smtim=0000 pxy=0,0
t30 pc=9F15 sp=F37C exit=00 sel=04 ac=01 ae=00 aew=00 dialog=01 text=01 screen=00 engine=00 world=00 smptr=95AF smtim=0000 pxy=0,0
t31 pc=19A0 sp=F364 exit=00 sel=04 ac=01 ae=00 aew=00 dialog=01 text=00 screen=00 engine=00 world=00 smptr=95AF smtim=0000 pxy=0,0
t32 pc=9F15 sp=F37C exit=00 sel=04 ac=01 ae=00 aew=00 dialog=01 text=00 screen=00 engine=00 world=00 smptr=95AF smtim=0000 pxy=0,0
dialog_space32_before pc=9F15 sp=F37C exit=00 sel=04 ac=01 ae=00 aew=00 dialog=01 text=00 screen=00 engine=00 world=00 smptr=95AF smtim=0000 pxy=0,0
dialog_space32_after pc=9F15 sp=F37C exit=00 sel=04 ac=01 ae=00 aew=00 dialog=01 text=01 screen=00 engine=00 world=00 smptr=95AF smtim=0000 pxy=0,0
t33 pc=9F15 sp=F37C exit=00 sel=04 ac=01 ae=00 aew=00 dialog=01 text=01 screen=00 engine=00 world=00 smptr=95AF smtim=0000 pxy=0,0
t34 pc=9F15 sp=F37C exit=00 sel=04 ac=01 ae=00 aew=00 dialog=01 text=01 screen=00 engine=00 world=00 smptr=95AF smtim=0000 pxy=0,0
t35 pc=9F15 sp=F37C exit=00 sel=04 ac=01 ae=00 aew=00 dialog=01 text=00 screen=00 engine=00 world=00 smptr=95AF smtim=0000 pxy=0,0
shot_t35 pc=9F15 sp=F37C exit=00 sel=04 ac=01 ae=00 aew=00 dialog=01 text=00 screen=00 engine=00 world=00 smptr=95AF smtim=0000 pxy=0,0
SHOTOK t35_mid.png
t36 pc=9F15 sp=F37C exit=00 sel=04 ac=01 ae=00 aew=00 dialog=01 text=00 screen=00 engine=00 world=00 smptr=95AF smtim=0000 pxy=0,0
dialog_space36_before pc=9F15 sp=F37C exit=00 sel=04 ac=01 ae=00 aew=00 dialog=01 text=00 screen=00 engine=00 world=00 smptr=95AF smtim=0000 pxy=0,0
dialog_space36_after pc=9F15 sp=F37C exit=00 sel=04 ac=00 ae=00 aew=00 dialog=00 text=00 screen=00 engine=00 world=00 smptr=95AF smtim=001A pxy=0,0
t37 pc=1760 sp=F36A exit=00 sel=04 ac=00 ae=00 aew=00 dialog=00 text=00 screen=00 engine=00 world=00 smptr=95AF smtim=0030 pxy=0,0
t38 pc=8F00 sp=F368 exit=00 sel=04 ac=00 ae=00 aew=00 dialog=00 text=00 screen=00 engine=00 world=00 smptr=95AF smtim=0063 pxy=0,0
t39 pc=9F15 sp=F37C exit=00 sel=04 ac=00 ae=00 aew=00 dialog=00 text=00 screen=00 engine=00 world=00 smptr=95AF smtim=0095 pxy=0,0
t40 pc=9E2A sp=F378 exit=01 sel=04 ac=00 ae=00 aew=00 dialog=00 text=00 screen=00 engine=00 world=00 smptr=95BF smtim=0000 pxy=0,0
dialog_space40_before pc=9E2A sp=F378 exit=01 sel=04 ac=00 ae=00 aew=00 dialog=00 text=00 screen=00 engine=00 world=00 smptr=95BF smtim=0000 pxy=0,0
dialog_space40_after pc=9AEE sp=F378 exit=01 sel=04 ac=00 ae=00 aew=00 dialog=00 text=00 screen=00 engine=00 world=00 smptr=95BF smtim=0000 pxy=0,0
t41 pc=410C sp=F35A exit=01 sel=04 ac=00 ae=00 aew=00 dialog=00 text=00 screen=00 engine=00 world=00 smptr=95BF smtim=0000 pxy=0,0
t42 pc=45D2 sp=F362 exit=01 sel=04 ac=00 ae=00 aew=00 dialog=00 text=00 screen=00 engine=00 world=00 smptr=95BF smtim=0000 pxy=0,0
t43 pc=18EF sp=F36C exit=00 sel=04 ac=00 ae=00 aew=00 dialog=00 text=00 screen=00 engine=00 world=00 smptr=95BF smtim=0000 pxy=0,0
t44 pc=7EAB sp=F376 exit=00 sel=04 ac=00 ae=00 aew=00 dialog=00 text=00 screen=00 engine=00 world=00 smptr=95BF smtim=0000 pxy=0,0
dialog_space44_before pc=7EAB sp=F376 exit=00 sel=04 ac=00 ae=00 aew=00 dialog=00 text=00 screen=00 engine=00 world=00 smptr=95BF smtim=0000 pxy=0,0
dialog_space44_after pc=9F15 sp=F37C exit=00 sel=04 ac=00 ae=00 aew=00 dialog=00 text=00 screen=00 engine=00 world=00 smptr=95BF smtim=0000 pxy=0,0
t45 pc=6CBC sp=F37A exit=00 sel=04 ac=00 ae=00 aew=00 dialog=00 text=00 screen=00 engine=00 world=00 smptr=95BF smtim=0000 pxy=0,0
t46 pc=539F sp=F378 exit=00 sel=04 ac=00 ae=00 aew=00 dialog=00 text=00 screen=00 engine=00 world=00 smptr=95BF smtim=0000 pxy=0,0
t47 pc=9F15 sp=F37C exit=00 sel=04 ac=00 ae=00 aew=00 dialog=00 text=00 screen=00 engine=00 world=00 smptr=95BF smtim=0000 pxy=0,0
t48 pc=9F15 sp=F37C exit=00 sel=04 ac=00 ae=00 aew=00 dialog=00 text=00 screen=00 engine=00 world=00 smptr=95BF smtim=0000 pxy=0,0
dialog_space48_before pc=9F15 sp=F37C exit=00 sel=04 ac=00 ae=00 aew=00 dialog=00 text=00 screen=00 engine=00 world=00 smptr=95BF smtim=0000 pxy=0,0
dialog_space48_after pc=8EF4 sp=F36E exit=00 sel=04 ac=00 ae=00 aew=00 dialog=00 text=00 screen=00 engine=00 world=00 smptr=95BF smtim=0000 pxy=0,0
t49 pc=9F15 sp=F37C exit=00 sel=04 ac=00 ae=00 aew=00 dialog=00 text=00 screen=00 engine=00 world=00 smptr=95BF smtim=0000 pxy=0,0
t50 pc=8D55 sp=F37A exit=00 sel=04 ac=00 ae=00 aew=00 dialog=00 text=00 screen=00 engine=00 world=00 smptr=95BF smtim=0000 pxy=0,0
shot_t50 pc=8D55 sp=F37A exit=00 sel=04 ac=00 ae=00 aew=00 dialog=00 text=00 screen=00 engine=00 world=00 smptr=95BF smtim=0000 pxy=0,0
SHOTOK t50_late.png
shot_t50 pc=8D55 sp=F37A exit=00 sel=04 ac=00 ae=00 aew=00 dialog=00 text=00 screen=00 engine=00 world=00 smptr=95BF smtim=0000 pxy=0,0
SHOTOK t50_final.png
