t1 pc=811D exit=04 dialog=00 text=00 screen=00 engine=00 world=00 pxy=0,0
t2 pc=1130 exit=04 dialog=00 text=00 screen=00 engine=00 world=00 pxy=0,0
t3 pc=1130 exit=04 dialog=00 text=00 screen=00 engine=00 world=00 pxy=0,0
t4 pc=40E2 exit=00 dialog=00 text=00 screen=00 engine=00 world=00 pxy=0,0
t5 pc=96C4 exit=00 dialog=00 text=00 screen=00 engine=00 world=00 pxy=56,160
t6 pc=96C4 exit=00 dialog=00 text=00 screen=00 engine=00 world=00 pxy=56,160
t7 pc=96C4 exit=00 dialog=00 text=00 screen=00 engine=00 world=00 pxy=56,160
presentation_space_before pc=96C4 exit=00 dialog=00 text=00 screen=00 engine=00 world=00 pxy=56,160
presentation_space_after pc=45C2 exit=00 dialog=00 text=00 screen=00 engine=00 world=00 pxy=56,160
t8 pc=9E23 exit=00 dialog=00 text=00 screen=00 engine=00 world=00 pxy=56,160
t9 pc=9E5D exit=00 dialog=00 text=00 screen=00 engine=00 world=00 pxy=56,160
controls_down_before pc=9E5D exit=00 dialog=00 text=00 screen=00 engine=00 world=00 pxy=56,160
controls_down_after pc=9E5D exit=00 dialog=00 text=00 screen=00 engine=00 world=00 pxy=56,160
controls_down_before pc=9E5D exit=00 dialog=00 text=00 screen=00 engine=00 world=00 pxy=56,160
t10 pc=9EE3 exit=00 dialog=00 text=00 screen=00 engine=00 world=00 pxy=56,160
controls_down_after pc=9E5D exit=00 dialog=00 text=00 screen=00 engine=00 world=00 pxy=56,160
controls_down_before pc=9E5D exit=00 dialog=00 text=00 screen=00 engine=00 world=00 pxy=56,160
controls_down_after pc=9E5D exit=00 dialog=00 text=00 screen=00 engine=00 world=00 pxy=56,160
controls_down_before pc=9E5D exit=00 dialog=00 text=00 screen=00 engine=00 world=00 pxy=56,160
t11 pc=9EE3 exit=00 dialog=00 text=00 screen=00 engine=00 world=00 pxy=56,160
controls_down_after pc=9E5D exit=00 dialog=00 text=00 screen=00 engine=00 world=00 pxy=56,160
t12 pc=9E5D exit=00 dialog=00 text=00 screen=00 engine=00 world=00 pxy=56,160
