t1 pc=108B exit=FF sel=FF ac=FF acop=FF acptr=FFFF dialog=FF text=FF screen=FF engine=FF world=FF smptr=FFFF smt=FFFF wait=FF
t2 pc=108B exit=FF sel=FF ac=FF acop=FF acptr=FFFF dialog=FF text=FF screen=FF engine=FF world=FF smptr=FFFF smt=FFFF wait=FF
t3 pc=40DC exit=00 sel=FF ac=FF acop=FF acptr=FFFF dialog=FF text=FF screen=00 engine=FF world=00 smptr=FFFF smt=FFFF wait=FF
t4 pc=96C4 exit=00 sel=FF ac=FF acop=FF acptr=FFFF dialog=FF text=FF screen=00 engine=FF world=00 smptr=00A8 smt=0000 wait=00
t5 pc=96C4 exit=00 sel=FF ac=FF acop=FF acptr=FFFF dialog=FF text=FF screen=00 engine=FF world=00 smptr=00A8 smt=0000 wait=00
t6 pc=6715 exit=00 sel=FF ac=FF acop=FF acptr=FFFF dialog=FF text=FF screen=00 engine=FF world=00 smptr=00A8 smt=0000 wait=00
controls_done1_forced_done pc=6715 exit=00 sel=04 ac=FF acop=FF acptr=FFFF dialog=FF text=FF screen=00 engine=FF world=00 smptr=00A8 smt=0000 wait=00
controls_done1_before pc=6715 exit=00 sel=04 ac=FF acop=FF acptr=FFFF dialog=FF text=FF screen=00 engine=FF world=00 smptr=00A8 smt=0000 wait=00
controls_done1_after pc=40DB exit=00 sel=04 ac=FF acop=FF acptr=FFFF dialog=FF text=FF screen=00 engine=FF world=00 smptr=00A8 smt=0000 wait=00
t7 pc=9E23 exit=00 sel=04 ac=FF acop=FF acptr=FFFF dialog=FF text=FF screen=00 engine=FF world=00 smptr=00A8 smt=0000 wait=00
t8 pc=9E5D exit=00 sel=00 ac=FF acop=FF acptr=FFFF dialog=FF text=FF screen=00 engine=FF world=00 smptr=00A8 smt=0000 wait=00
controls_done2_forced_done pc=9E5D exit=00 sel=04 ac=FF acop=FF acptr=FFFF dialog=FF text=FF screen=00 engine=FF world=00 smptr=00A8 smt=0000 wait=00
controls_done2_before pc=9E5D exit=00 sel=04 ac=FF acop=FF acptr=FFFF dialog=FF text=FF screen=00 engine=FF world=00 smptr=00A8 smt=0000 wait=00
controls_done2_after pc=4BBE exit=00 sel=04 ac=FF acop=FF acptr=FFFF dialog=FF text=FF screen=00 engine=FF world=00 smptr=00A8 smt=0000 wait=00
t9 pc=9E23 exit=00 sel=04 ac=FF acop=FF acptr=FFFF dialog=FF text=FF screen=00 engine=FF world=00 smptr=00A8 smt=0000 wait=00
t10 pc=47C7 exit=00 sel=04 ac=FF acop=FF acptr=FFFF dialog=FF text=FF screen=00 engine=01 world=00 smptr=00A8 smt=0000 wait=00
t11 pc=9E23 exit=00 sel=04 ac=FF acop=FF acptr=FFFF dialog=FF text=FF screen=03 engine=01 world=01 smptr=00A8 smt=0000 wait=00
t12 pc=1997 exit=00 sel=04 ac=01 acop=01 acptr=81BD dialog=FF text=FF screen=03 engine=01 world=01 smptr=00A8 smt=0000 wait=00
t13 pc=40DF exit=00 sel=04 ac=01 acop=01 acptr=81BF dialog=FF text=FF screen=03 engine=01 world=01 smptr=00A8 smt=0000 wait=00
t14 pc=9F0E exit=00 sel=04 ac=01 acop=06 acptr=81C5 dialog=01 text=01 screen=03 engine=01 world=01 smptr=00A8 smt=0000 wait=00
t15 pc=9F0E exit=00 sel=04 ac=01 acop=06 acptr=81C5 dialog=01 text=01 screen=03 engine=01 world=01 smptr=00A8 smt=0000 wait=00
t16 pc=9F0E exit=00 sel=04 ac=01 acop=06 acptr=81C5 dialog=01 text=01 screen=03 engine=01 world=01 smptr=00A8 smt=0000 wait=00
t17 pc=9F0E exit=00 sel=04 ac=01 acop=06 acptr=81C5 dialog=01 text=00 screen=03 engine=01 world=01 smptr=00A8 smt=0000 wait=00
t18 pc=41BE exit=00 sel=04 ac=01 acop=06 acptr=81C5 dialog=01 text=00 screen=03 engine=01 world=01 smptr=00A8 smt=0000 wait=00
t19 pc=6169 exit=00 sel=04 ac=01 acop=06 acptr=81C5 dialog=01 text=00 screen=03 engine=01 world=01 smptr=00A8 smt=0000 wait=00
t20 pc=9F0E exit=00 sel=04 ac=01 acop=06 acptr=81C5 dialog=01 text=00 screen=03 engine=01 world=01 smptr=00A8 smt=0000 wait=00
dialog_space20_before pc=9F0E exit=00 sel=04 ac=01 acop=06 acptr=81C5 dialog=01 text=00 screen=03 engine=01 world=01 smptr=00A8 smt=0000 wait=00
dialog_space20_after pc=9F0E exit=00 sel=04 ac=01 acop=06 acptr=81C9 dialog=01 text=01 screen=03 engine=01 world=01 smptr=00A8 smt=0000 wait=00
t21 pc=9F0E exit=00 sel=04 ac=01 acop=06 acptr=81C9 dialog=01 text=01 screen=03 engine=01 world=01 smptr=00A8 smt=0000 wait=00
t22 pc=9F0E exit=00 sel=04 ac=01 acop=06 acptr=81C9 dialog=01 text=01 screen=03 engine=01 world=01 smptr=00A8 smt=0000 wait=00
t23 pc=9F0E exit=00 sel=04 ac=01 acop=06 acptr=81C9 dialog=01 text=01 screen=03 engine=01 world=01 smptr=00A8 smt=0000 wait=00
t24 pc=9F0E exit=00 sel=04 ac=01 acop=06 acptr=81C9 dialog=01 text=01 screen=03 engine=01 world=01 smptr=00A8 smt=0000 wait=00
dialog_space24_before pc=9F0E exit=00 sel=04 ac=01 acop=06 acptr=81C9 dialog=01 text=01 screen=03 engine=01 world=01 smptr=00A8 smt=0000 wait=00
dialog_space24_after pc=9F0E exit=00 sel=04 ac=01 acop=06 acptr=81CD dialog=01 text=01 screen=03 engine=01 world=01 smptr=00A8 smt=0000 wait=00
t25 pc=56CE exit=00 sel=04 ac=01 acop=06 acptr=81CD dialog=01 text=01 screen=03 engine=01 world=01 smptr=00A8 smt=0000 wait=00
t26 pc=40DB exit=00 sel=04 ac=01 acop=06 acptr=81CD dialog=01 text=01 screen=03 engine=01 world=01 smptr=00A8 smt=0000 wait=00
t27 pc=9F0E exit=00 sel=04 ac=01 acop=06 acptr=81CD dialog=01 text=01 screen=03 engine=01 world=01 smptr=00A8 smt=0000 wait=00
t28 pc=9F0E exit=00 sel=04 ac=01 acop=06 acptr=81CD dialog=01 text=00 screen=03 engine=01 world=01 smptr=00A8 smt=0000 wait=00
dialog_space28_before pc=9F0E exit=00 sel=04 ac=01 acop=06 acptr=81CD dialog=01 text=00 screen=03 engine=01 world=01 smptr=00A8 smt=0000 wait=00
dialog_space28_after pc=40DE exit=00 sel=04 ac=01 acop=06 acptr=81D1 dialog=01 text=01 screen=03 engine=01 world=01 smptr=00A8 smt=0000 wait=00
t29 pc=9F0E exit=00 sel=04 ac=01 acop=06 acptr=81D1 dialog=01 text=01 screen=03 engine=01 world=01 smptr=00A8 smt=0000 wait=00
t30 pc=9F0E exit=00 sel=04 ac=01 acop=06 acptr=81D1 dialog=01 text=01 screen=03 engine=01 world=01 smptr=00A8 smt=0000 wait=00
t31 pc=6168 exit=00 sel=04 ac=01 acop=06 acptr=81D1 dialog=01 text=00 screen=03 engine=01 world=01 smptr=00A8 smt=0000 wait=00
t32 pc=9F0E exit=00 sel=04 ac=01 acop=06 acptr=81D1 dialog=01 text=00 screen=03 engine=01 world=01 smptr=00A8 smt=0000 wait=00
dialog_space32_before pc=9F0E exit=00 sel=04 ac=01 acop=06 acptr=81D1 dialog=01 text=00 screen=03 engine=01 world=01 smptr=00A8 smt=0000 wait=00
dialog_space32_after pc=9F0E exit=00 sel=04 ac=01 acop=06 acptr=81D5 dialog=01 text=01 screen=03 engine=01 world=01 smptr=00A8 smt=0000 wait=00
t33 pc=9F0E exit=00 sel=04 ac=01 acop=06 acptr=81D5 dialog=01 text=01 screen=03 engine=01 world=01 smptr=00A8 smt=0000 wait=00
t34 pc=9F0E exit=00 sel=04 ac=01 acop=06 acptr=81D5 dialog=01 text=01 screen=03 engine=01 world=01 smptr=00A8 smt=0000 wait=00
t35 pc=9F0E exit=00 sel=04 ac=01 acop=06 acptr=81D5 dialog=01 text=00 screen=03 engine=01 world=01 smptr=00A8 smt=0000 wait=00
t36 pc=9F0E exit=00 sel=04 ac=01 acop=06 acptr=81D5 dialog=01 text=00 screen=03 engine=01 world=01 smptr=00A8 smt=0000 wait=00
dialog_space36_before pc=9F0E exit=00 sel=04 ac=01 acop=06 acptr=81D5 dialog=01 text=00 screen=03 engine=01 world=01 smptr=00A8 smt=0000 wait=00
dialog_space36_after pc=9F0E exit=00 sel=04 ac=00 acop=00 acptr=81D9 dialog=00 text=00 screen=03 engine=01 world=01 smptr=00A8 smt=0000 wait=00
t37 pc=198C exit=00 sel=04 ac=00 acop=00 acptr=81D9 dialog=00 text=00 screen=03 engine=01 world=01 smptr=00A8 smt=0000 wait=00
t38 pc=40DF exit=00 sel=04 ac=00 acop=00 acptr=81D9 dialog=00 text=00 screen=03 engine=01 world=01 smptr=00A8 smt=0000 wait=00
t39 pc=9F0E exit=00 sel=04 ac=00 acop=00 acptr=81D9 dialog=00 text=00 screen=03 engine=01 world=01 smptr=00A8 smt=0000 wait=00
t40 pc=9F0E exit=00 sel=04 ac=00 acop=00 acptr=81D9 dialog=00 text=00 screen=03 engine=01 world=01 smptr=00A8 smt=0000 wait=00
dialog_space40_before pc=9F0E exit=00 sel=04 ac=00 acop=00 acptr=81D9 dialog=00 text=00 screen=03 engine=01 world=01 smptr=00A8 smt=0000 wait=00
dialog_space40_after pc=8E16 exit=00 sel=04 ac=00 acop=00 acptr=81D9 dialog=00 text=00 screen=03 engine=01 world=01 smptr=00A8 smt=0000 wait=00
t41 pc=9F0E exit=00 sel=04 ac=00 acop=00 acptr=81D9 dialog=00 text=00 screen=03 engine=01 world=01 smptr=00A8 smt=0000 wait=00
t42 pc=9F0E exit=00 sel=04 ac=00 acop=00 acptr=81D9 dialog=00 text=00 screen=03 engine=01 world=01 smptr=00A8 smt=0000 wait=00
t43 pc=18EF exit=00 sel=04 ac=00 acop=00 acptr=81D9 dialog=00 text=00 screen=03 engine=01 world=01 smptr=00A8 smt=0000 wait=00
t44 pc=68DC exit=00 sel=04 ac=00 acop=00 acptr=81D9 dialog=00 text=00 screen=03 engine=01 world=01 smptr=00A8 smt=0000 wait=00
t45 pc=9F0E exit=00 sel=04 ac=00 acop=00 acptr=81D9 dialog=00 text=00 screen=03 engine=01 world=01 smptr=00A8 smt=0000 wait=00
shot_t45 pc=9F0E exit=00 sel=04 ac=00 acop=00 acptr=81D9 dialog=00 text=00 screen=03 engine=01 world=01 smptr=00A8 smt=0000 wait=00
SHOTOK t45.png
t46 pc=9F0E exit=00 sel=04 ac=00 acop=00 acptr=81D9 dialog=00 text=00 screen=03 engine=01 world=01 smptr=00A8 smt=0000 wait=00
t47 pc=9F0E exit=00 sel=04 ac=00 acop=00 acptr=81D9 dialog=00 text=00 screen=03 engine=01 world=01 smptr=00A8 smt=0000 wait=00
t48 pc=9F0E exit=00 sel=04 ac=00 acop=00 acptr=81D9 dialog=00 text=00 screen=03 engine=01 world=01 smptr=00A8 smt=0000 wait=00
t49 pc=9F0E exit=00 sel=04 ac=00 acop=00 acptr=81D9 dialog=00 text=00 screen=03 engine=01 world=01 smptr=00A8 smt=0000 wait=00
t50 pc=8E83 exit=00 sel=04 ac=00 acop=00 acptr=81D9 dialog=00 text=00 screen=03 engine=01 world=01 smptr=00A8 smt=0000 wait=00
t51 pc=40DC exit=00 sel=04 ac=00 acop=00 acptr=81D9 dialog=00 text=00 screen=03 engine=01 world=01 smptr=00A8 smt=0000 wait=00
t52 pc=9F0E exit=00 sel=04 ac=00 acop=00 acptr=81D9 dialog=00 text=00 screen=03 engine=01 world=01 smptr=00A8 smt=0000 wait=00
t53 pc=9F0E exit=00 sel=04 ac=00 acop=00 acptr=81D9 dialog=00 text=00 screen=03 engine=01 world=01 smptr=00A8 smt=0000 wait=00
t54 pc=9F0E exit=00 sel=04 ac=00 acop=00 acptr=81D9 dialog=00 text=00 screen=03 engine=01 world=01 smptr=00A8 smt=0000 wait=00
t55 pc=9F0E exit=00 sel=04 ac=00 acop=00 acptr=81D9 dialog=00 text=00 screen=03 engine=01 world=01 smptr=00A8 smt=0000 wait=00
t56 pc=82F8 exit=00 sel=04 ac=00 acop=00 acptr=81D9 dialog=00 text=00 screen=03 engine=01 world=01 smptr=00A8 smt=0000 wait=00
t57 pc=40DC exit=00 sel=04 ac=00 acop=00 acptr=81D9 dialog=00 text=00 screen=03 engine=01 world=01 smptr=00A8 smt=0000 wait=00
t58 pc=9F0E exit=00 sel=04 ac=00 acop=00 acptr=81D9 dialog=00 text=00 screen=03 engine=01 world=01 smptr=00A8 smt=0000 wait=00
t59 pc=9F0E exit=00 sel=04 ac=00 acop=00 acptr=81D9 dialog=00 text=00 screen=03 engine=01 world=01 smptr=00A8 smt=0000 wait=00
t60 pc=9F0E exit=00 sel=04 ac=00 acop=00 acptr=81D9 dialog=00 text=00 screen=03 engine=01 world=01 smptr=00A8 smt=0000 wait=00
shot_t60 pc=9F0E exit=00 sel=04 ac=00 acop=00 acptr=81D9 dialog=00 text=00 screen=03 engine=01 world=01 smptr=00A8 smt=0000 wait=00
SHOTOK t60.png
t61 pc=9F0E exit=00 sel=04 ac=00 acop=00 acptr=81D9 dialog=00 text=00 screen=03 engine=01 world=01 smptr=00A8 smt=0000 wait=00
t62 pc=1775 exit=00 sel=04 ac=00 acop=00 acptr=81D9 dialog=00 text=00 screen=03 engine=01 world=01 smptr=00A8 smt=0000 wait=00
t63 pc=40DF exit=00 sel=04 ac=00 acop=00 acptr=81D9 dialog=00 text=00 screen=03 engine=01 world=01 smptr=00A8 smt=0000 wait=00
t64 pc=9F0E exit=00 sel=04 ac=00 acop=00 acptr=81D9 dialog=00 text=00 screen=03 engine=01 world=01 smptr=00A8 smt=0000 wait=00
t65 pc=9F0E exit=00 sel=04 ac=00 acop=00 acptr=81D9 dialog=00 text=00 screen=03 engine=01 world=01 smptr=00A8 smt=0000 wait=00
t66 pc=9F0E exit=00 sel=04 ac=00 acop=00 acptr=81D9 dialog=00 text=00 screen=03 engine=01 world=01 smptr=00A8 smt=0000 wait=00
t67 pc=9F0E exit=00 sel=04 ac=00 acop=00 acptr=81D9 dialog=00 text=00 screen=03 engine=01 world=01 smptr=00A8 smt=0000 wait=00
t68 pc=9F0E exit=00 sel=04 ac=00 acop=00 acptr=81D9 dialog=00 text=00 screen=03 engine=01 world=01 smptr=00A8 smt=0000 wait=00
t69 pc=183D exit=00 sel=04 ac=00 acop=00 acptr=81D9 dialog=00 text=00 screen=03 engine=01 world=01 smptr=00A8 smt=0000 wait=00
t70 pc=9F0E exit=00 sel=04 ac=00 acop=00 acptr=81D9 dialog=00 text=00 screen=03 engine=01 world=01 smptr=00A8 smt=0000 wait=00
t71 pc=9F0E exit=00 sel=04 ac=00 acop=00 acptr=81D9 dialog=00 text=00 screen=03 engine=01 world=01 smptr=00A8 smt=0000 wait=00
t72 pc=9F0E exit=00 sel=04 ac=00 acop=00 acptr=81D9 dialog=00 text=00 screen=03 engine=01 world=01 smptr=00A8 smt=0000 wait=00
shot_t72 pc=9F0E exit=00 sel=04 ac=00 acop=00 acptr=81D9 dialog=00 text=00 screen=03 engine=01 world=01 smptr=00A8 smt=0000 wait=00
SHOTOK t72.png
