t1 pc=108B banks=FF/FF/FF btn=FF exit=FF ac=FF op=FF wait=FF dialog=FF text=FF screen=FF engine=FF world=FF tilebank=FF pxy=65535,65535
t2 pc=108B banks=FF/FF/FF btn=FF exit=FF ac=FF op=FF wait=FF dialog=FF text=FF screen=FF engine=FF world=FF tilebank=FF pxy=65535,65535
presentation_space_before pc=108B banks=FF/FF/FF btn=FF exit=FF ac=FF op=FF wait=FF dialog=FF text=FF screen=FF engine=FF world=FF tilebank=FF pxy=65535,65535
presentation_space_after pc=108B banks=FF/FF/FF btn=FF exit=FF ac=FF op=FF wait=FF dialog=FF text=FF screen=FF engine=FF world=FF tilebank=FF pxy=65535,65535
t3 pc=40DC banks=12/02/03 btn=00 exit=00 ac=FF op=FF wait=FF dialog=FF text=FF screen=00 engine=FF world=00 tilebank=FF pxy=65535,65535
t4 pc=96C4 banks=01/02/03 btn=00 exit=00 ac=FF op=FF wait=FF dialog=FF text=FF screen=00 engine=FF world=00 tilebank=FF pxy=56,160
controls_down_before pc=96C4 banks=01/02/03 btn=00 exit=00 ac=FF op=FF wait=FF dialog=FF text=FF screen=00 engine=FF world=00 tilebank=FF pxy=56,160
controls_down_after pc=96C4 banks=01/02/03 btn=00 exit=00 ac=FF op=FF wait=FF dialog=FF text=FF screen=00 engine=FF world=00 tilebank=FF pxy=56,160
controls_down_before pc=96C4 banks=01/02/03 btn=00 exit=00 ac=FF op=FF wait=FF dialog=FF text=FF screen=00 engine=FF world=00 tilebank=FF pxy=56,160
t5 pc=96C4 banks=01/02/03 btn=00 exit=00 ac=FF op=FF wait=FF dialog=FF text=FF screen=00 engine=FF world=00 tilebank=FF pxy=56,160
controls_down_after pc=96C4 banks=01/02/03 btn=00 exit=00 ac=FF op=FF wait=FF dialog=FF text=FF screen=00 engine=FF world=00 tilebank=FF pxy=56,160
controls_down_before pc=96C4 banks=01/02/03 btn=00 exit=00 ac=FF op=FF wait=FF dialog=FF text=FF screen=00 engine=FF world=00 tilebank=FF pxy=56,160
controls_down_after pc=96C4 banks=01/02/03 btn=00 exit=00 ac=FF op=FF wait=FF dialog=FF text=FF screen=00 engine=FF world=00 tilebank=FF pxy=56,160
controls_down_before pc=96C4 banks=01/02/03 btn=00 exit=00 ac=FF op=FF wait=FF dialog=FF text=FF screen=00 engine=FF world=00 tilebank=FF pxy=56,160
t6 pc=6715 banks=08/02/03 btn=00 exit=00 ac=FF op=FF wait=FF dialog=FF text=FF screen=00 engine=FF world=00 tilebank=FF pxy=56,160
controls_down_after pc=65C8 banks=08/02/03 btn=00 exit=00 ac=FF op=FF wait=FF dialog=FF text=FF screen=00 engine=FF world=00 tilebank=FF pxy=56,160
controls_done_before pc=6031 banks=08/02/03 btn=00 exit=00 ac=FF op=FF wait=FF dialog=FF text=FF screen=00 engine=FF world=00 tilebank=FF pxy=56,160
controls_done_after pc=45C5 banks=12/02/04 btn=00 exit=00 ac=FF op=FF wait=FF dialog=FF text=FF screen=00 engine=FF world=00 tilebank=FF pxy=56,160
t7 pc=45A0 banks=13/02/04 btn=00 exit=00 ac=FF op=FF wait=FF dialog=FF text=FF screen=00 engine=FF world=00 tilebank=FF pxy=56,160
t8 pc=9E23 banks=01/02/03 btn=00 exit=00 ac=FF op=FF wait=FF dialog=FF text=FF screen=00 engine=FF world=00 tilebank=FF pxy=56,160
t9 pc=9E5D banks=01/02/03 btn=00 exit=00 ac=FF op=FF wait=FF dialog=FF text=FF screen=00 engine=FF world=00 tilebank=FF pxy=56,160
t10 pc=9E5D banks=01/02/03 btn=00 exit=00 ac=FF op=FF wait=FF dialog=FF text=FF screen=00 engine=FF world=00 tilebank=FF pxy=56,160
t11 pc=9E5D banks=01/02/03 btn=00 exit=00 ac=FF op=FF wait=FF dialog=FF text=FF screen=00 engine=FF world=00 tilebank=FF pxy=56,160
t12 pc=9E5D banks=01/02/03 btn=00 exit=00 ac=FF op=FF wait=FF dialog=FF text=FF screen=00 engine=FF world=00 tilebank=FF pxy=56,160
t13 pc=9E5D banks=01/02/03 btn=00 exit=00 ac=FF op=FF wait=FF dialog=FF text=FF screen=00 engine=FF world=00 tilebank=FF pxy=56,160
t14 pc=9E23 banks=01/02/03 btn=00 exit=00 ac=FF op=FF wait=FF dialog=FF text=FF screen=00 engine=FF world=00 tilebank=FF pxy=56,160
t15 pc=47B6 banks=12/02/03 btn=00 exit=00 ac=FF op=FF wait=FF dialog=FF text=FF screen=00 engine=01 world=00 tilebank=FF pxy=56,160
t16 pc=9E23 banks=01/02/03 btn=00 exit=00 ac=FF op=FF wait=FF dialog=FF text=FF screen=03 engine=01 world=01 tilebank=00 pxy=56,160
t17 pc=9F0E banks=01/02/03 btn=00 exit=00 ac=01 op=01 wait=00 dialog=FF text=FF screen=03 engine=01 world=01 tilebank=00 pxy=56,160
t18 pc=1974 banks=01/02/03 btn=00 exit=00 ac=01 op=01 wait=16 dialog=FF text=FF screen=03 engine=01 world=01 tilebank=00 pxy=56,160
shot_t18 pc=1974 banks=01/02/03 btn=00 exit=00 ac=01 op=01 wait=16 dialog=FF text=FF screen=03 engine=01 world=01 tilebank=00 pxy=56,160
SHOTOK t18_dialog_start.png
t19 pc=40DF banks=01/02/03 btn=00 exit=00 ac=01 op=06 wait=00 dialog=01 text=01 screen=03 engine=01 world=01 tilebank=00 pxy=56,160
t20 pc=9F0E banks=01/02/03 btn=00 exit=00 ac=01 op=06 wait=00 dialog=01 text=01 screen=03 engine=01 world=01 tilebank=00 pxy=56,160
dialog_space20_before pc=9F0E banks=01/02/03 btn=00 exit=00 ac=01 op=06 wait=00 dialog=01 text=01 screen=03 engine=01 world=01 tilebank=00 pxy=56,160
dialog_space20_after pc=9F0E banks=01/02/03 btn=00 exit=00 ac=01 op=06 wait=00 dialog=01 text=01 screen=03 engine=01 world=01 tilebank=00 pxy=56,160
t21 pc=9F0E banks=01/02/03 btn=00 exit=00 ac=01 op=06 wait=00 dialog=01 text=01 screen=03 engine=01 world=01 tilebank=00 pxy=56,160
t22 pc=9F0E banks=01/02/03 btn=00 exit=00 ac=01 op=06 wait=00 dialog=01 text=00 screen=03 engine=01 world=01 tilebank=00 pxy=56,160
t23 pc=9F0E banks=01/02/03 btn=00 exit=00 ac=01 op=06 wait=00 dialog=01 text=00 screen=03 engine=01 world=01 tilebank=00 pxy=56,160
dialog_space23_before pc=9F0E banks=01/02/03 btn=00 exit=00 ac=01 op=06 wait=00 dialog=01 text=00 screen=03 engine=01 world=01 tilebank=00 pxy=56,160
dialog_space23_after pc=9F0E banks=01/02/03 btn=00 exit=00 ac=01 op=06 wait=00 dialog=01 text=01 screen=03 engine=01 world=01 tilebank=00 pxy=56,160
t24 pc=9F0E banks=01/02/03 btn=00 exit=00 ac=01 op=06 wait=00 dialog=01 text=01 screen=03 engine=01 world=01 tilebank=00 pxy=56,160
t25 pc=4B18 banks=01/02/03 btn=00 exit=00 ac=01 op=06 wait=00 dialog=01 text=01 screen=03 engine=01 world=01 tilebank=00 pxy=56,160
t26 pc=9F0E banks=01/02/03 btn=00 exit=00 ac=01 op=06 wait=00 dialog=01 text=01 screen=03 engine=01 world=01 tilebank=00 pxy=56,160
dialog_space26_before pc=9F0E banks=01/02/03 btn=00 exit=00 ac=01 op=06 wait=00 dialog=01 text=01 screen=03 engine=01 world=01 tilebank=00 pxy=56,160
dialog_space26_after pc=9F0E banks=01/02/03 btn=00 exit=00 ac=01 op=06 wait=00 dialog=01 text=01 screen=03 engine=01 world=01 tilebank=00 pxy=56,160
t27 pc=9F0E banks=01/02/03 btn=00 exit=00 ac=01 op=06 wait=00 dialog=01 text=01 screen=03 engine=01 world=01 tilebank=00 pxy=56,160
t28 pc=9F0E banks=01/02/03 btn=00 exit=00 ac=01 op=06 wait=00 dialog=01 text=00 screen=03 engine=01 world=01 tilebank=00 pxy=56,160
t29 pc=9F0E banks=01/02/03 btn=00 exit=00 ac=01 op=06 wait=00 dialog=01 text=00 screen=03 engine=01 world=01 tilebank=00 pxy=56,160
dialog_space29_before pc=9F0E banks=01/02/03 btn=00 exit=00 ac=01 op=06 wait=00 dialog=01 text=00 screen=03 engine=01 world=01 tilebank=00 pxy=56,160
dialog_space29_after pc=9F0E banks=01/02/03 btn=00 exit=00 ac=01 op=06 wait=00 dialog=01 text=01 screen=03 engine=01 world=01 tilebank=00 pxy=56,160
t30 pc=9F0E banks=01/02/03 btn=00 exit=00 ac=01 op=06 wait=00 dialog=01 text=01 screen=03 engine=01 world=01 tilebank=00 pxy=56,160
shot_t30 pc=9F0E banks=01/02/03 btn=00 exit=00 ac=01 op=06 wait=00 dialog=01 text=01 screen=03 engine=01 world=01 tilebank=00 pxy=56,160
SHOTOK t30_dialog_mid.png
t31 pc=6163 banks=01/02/03 btn=00 exit=00 ac=01 op=06 wait=00 dialog=01 text=01 screen=03 engine=01 world=01 tilebank=00 pxy=56,160
t32 pc=40DC banks=01/02/03 btn=00 exit=00 ac=01 op=06 wait=00 dialog=01 text=01 screen=03 engine=01 world=01 tilebank=00 pxy=56,160
dialog_space32_before pc=40DC banks=01/02/03 btn=00 exit=00 ac=01 op=06 wait=00 dialog=01 text=01 screen=03 engine=01 world=01 tilebank=00 pxy=56,160
dialog_space32_after pc=9F0E banks=01/02/03 btn=00 exit=00 ac=01 op=06 wait=00 dialog=01 text=01 screen=03 engine=01 world=01 tilebank=00 pxy=56,160
t33 pc=9F0E banks=01/02/03 btn=00 exit=00 ac=01 op=06 wait=00 dialog=01 text=00 screen=03 engine=01 world=01 tilebank=00 pxy=56,160
t34 pc=9F0E banks=01/02/03 btn=00 exit=00 ac=01 op=06 wait=00 dialog=01 text=00 screen=03 engine=01 world=01 tilebank=00 pxy=56,160
t35 pc=9F0E banks=01/02/03 btn=00 exit=00 ac=01 op=06 wait=00 dialog=01 text=00 screen=03 engine=01 world=01 tilebank=00 pxy=56,160
dialog_space35_before pc=9F0E banks=01/02/03 btn=00 exit=00 ac=01 op=06 wait=00 dialog=01 text=00 screen=03 engine=01 world=01 tilebank=00 pxy=56,160
dialog_space35_after pc=9F0E banks=01/02/03 btn=00 exit=00 ac=01 op=06 wait=00 dialog=01 text=01 screen=03 engine=01 world=01 tilebank=00 pxy=56,160
t36 pc=9F0E banks=01/02/03 btn=00 exit=00 ac=01 op=06 wait=00 dialog=01 text=01 screen=03 engine=01 world=01 tilebank=00 pxy=56,160
t37 pc=1760 banks=01/02/03 btn=00 exit=00 ac=01 op=06 wait=00 dialog=01 text=01 screen=03 engine=01 world=01 tilebank=00 pxy=56,160
t38 pc=40E0 banks=01/02/03 btn=00 exit=00 ac=01 op=06 wait=00 dialog=01 text=00 screen=03 engine=01 world=01 tilebank=00 pxy=56,160
dialog_space38_before pc=40E0 banks=01/02/03 btn=00 exit=00 ac=01 op=06 wait=00 dialog=01 text=00 screen=03 engine=01 world=01 tilebank=00 pxy=56,160
dialog_space38_after pc=9F0E banks=01/02/03 btn=00 exit=00 ac=01 op=06 wait=00 dialog=01 text=01 screen=03 engine=01 world=01 tilebank=00 pxy=56,160
t39 pc=9F0E banks=01/02/03 btn=00 exit=00 ac=01 op=06 wait=00 dialog=01 text=01 screen=03 engine=01 world=01 tilebank=00 pxy=56,160
t40 pc=9F0E banks=01/02/03 btn=00 exit=00 ac=01 op=06 wait=00 dialog=01 text=01 screen=03 engine=01 world=01 tilebank=00 pxy=56,160
t41 pc=9F0E banks=01/02/03 btn=00 exit=00 ac=01 op=06 wait=00 dialog=01 text=00 screen=03 engine=01 world=01 tilebank=00 pxy=56,160
dialog_space41_before pc=9F0E banks=01/02/03 btn=00 exit=00 ac=01 op=06 wait=00 dialog=01 text=00 screen=03 engine=01 world=01 tilebank=00 pxy=56,160
dialog_space41_after pc=40DE banks=01/02/03 btn=00 exit=00 ac=00 op=00 wait=00 dialog=00 text=00 screen=03 engine=01 world=01 tilebank=00 pxy=56,160
t42 pc=9F0E banks=01/02/03 btn=00 exit=00 ac=00 op=00 wait=00 dialog=00 text=00 screen=03 engine=01 world=01 tilebank=00 pxy=56,160
t43 pc=18EF banks=01/02/03 btn=00 exit=00 ac=00 op=00 wait=00 dialog=00 text=00 screen=03 engine=01 world=01 tilebank=00 pxy=56,160
t44 pc=40E2 banks=01/02/03 btn=00 exit=00 ac=00 op=00 wait=00 dialog=00 text=00 screen=03 engine=01 world=01 tilebank=00 pxy=56,160
dialog_space44_before pc=40E2 banks=01/02/03 btn=00 exit=00 ac=00 op=00 wait=00 dialog=00 text=00 screen=03 engine=01 world=01 tilebank=00 pxy=56,160
dialog_space44_after pc=9F0E banks=01/02/03 btn=00 exit=00 ac=00 op=00 wait=00 dialog=00 text=00 screen=03 engine=01 world=01 tilebank=00 pxy=56,160
t45 pc=9F0E banks=01/02/03 btn=00 exit=00 ac=00 op=00 wait=00 dialog=00 text=00 screen=03 engine=01 world=01 tilebank=00 pxy=56,160
shot_t45 pc=9F0E banks=01/02/03 btn=00 exit=00 ac=00 op=00 wait=00 dialog=00 text=00 screen=03 engine=01 world=01 tilebank=00 pxy=56,160
SHOTOK t45_after_lines.png
t46 pc=9F0E banks=01/02/03 btn=00 exit=00 ac=00 op=00 wait=00 dialog=00 text=00 screen=03 engine=01 world=01 tilebank=00 pxy=56,160
t47 pc=9F0E banks=01/02/03 btn=00 exit=00 ac=00 op=00 wait=00 dialog=00 text=00 screen=03 engine=01 world=01 tilebank=00 pxy=56,160
dialog_space47_before pc=9F0E banks=01/02/03 btn=00 exit=00 ac=00 op=00 wait=00 dialog=00 text=00 screen=03 engine=01 world=01 tilebank=00 pxy=56,160
dialog_space47_after pc=40DF banks=01/02/03 btn=00 exit=00 ac=00 op=00 wait=00 dialog=00 text=00 screen=03 engine=01 world=01 tilebank=00 pxy=56,160
t48 pc=9F0E banks=01/02/03 btn=00 exit=00 ac=00 op=00 wait=00 dialog=00 text=00 screen=03 engine=01 world=01 tilebank=00 pxy=56,160
t49 pc=9F0E banks=01/02/03 btn=00 exit=00 ac=00 op=00 wait=00 dialog=00 text=00 screen=03 engine=01 world=01 tilebank=00 pxy=56,160
t50 pc=5665 banks=01/02/03 btn=00 exit=00 ac=00 op=00 wait=00 dialog=00 text=00 screen=03 engine=01 world=01 tilebank=00 pxy=56,160
dialog_space50_before pc=5665 banks=01/02/03 btn=00 exit=00 ac=00 op=00 wait=00 dialog=00 text=00 screen=03 engine=01 world=01 tilebank=00 pxy=56,160
dialog_space50_after pc=9F0E banks=01/02/03 btn=00 exit=00 ac=00 op=00 wait=00 dialog=00 text=00 screen=03 engine=01 world=01 tilebank=00 pxy=56,160
t51 pc=9F0E banks=01/02/03 btn=00 exit=00 ac=00 op=00 wait=00 dialog=00 text=00 screen=03 engine=01 world=01 tilebank=00 pxy=56,160
t52 pc=9F0E banks=01/02/03 btn=00 exit=00 ac=00 op=00 wait=00 dialog=00 text=00 screen=03 engine=01 world=01 tilebank=00 pxy=56,160
t53 pc=9F0E banks=01/02/03 btn=00 exit=00 ac=00 op=00 wait=00 dialog=00 text=00 screen=03 engine=01 world=01 tilebank=00 pxy=56,160
dialog_space53_before pc=9F0E banks=01/02/03 btn=00 exit=00 ac=00 op=00 wait=00 dialog=00 text=00 screen=03 engine=01 world=01 tilebank=00 pxy=56,160
dialog_space53_after pc=40E0 banks=01/02/03 btn=00 exit=00 ac=00 op=00 wait=00 dialog=00 text=00 screen=03 engine=01 world=01 tilebank=00 pxy=56,160
t54 pc=9F0E banks=01/02/03 btn=00 exit=00 ac=00 op=00 wait=00 dialog=00 text=00 screen=03 engine=01 world=01 tilebank=00 pxy=56,160
t55 pc=9F0E banks=01/02/03 btn=00 exit=00 ac=00 op=00 wait=00 dialog=00 text=00 screen=03 engine=01 world=01 tilebank=00 pxy=56,160
t56 pc=82F8 banks=01/02/03 btn=00 exit=00 ac=00 op=00 wait=00 dialog=00 text=00 screen=03 engine=01 world=01 tilebank=00 pxy=56,160
dialog_space56_before pc=82F8 banks=01/02/03 btn=00 exit=00 ac=00 op=00 wait=00 dialog=00 text=00 screen=03 engine=01 world=01 tilebank=00 pxy=56,160
dialog_space56_after pc=9F0E banks=01/02/03 btn=00 exit=00 ac=00 op=00 wait=00 dialog=00 text=00 screen=03 engine=01 world=01 tilebank=00 pxy=56,160
t57 pc=40DF banks=01/02/03 btn=00 exit=00 ac=00 op=00 wait=00 dialog=00 text=00 screen=03 engine=01 world=01 tilebank=00 pxy=56,160
t58 pc=9F0E banks=01/02/03 btn=00 exit=00 ac=00 op=00 wait=00 dialog=00 text=00 screen=03 engine=01 world=01 tilebank=00 pxy=56,160
t59 pc=9F0E banks=01/02/03 btn=00 exit=00 ac=00 op=00 wait=00 dialog=00 text=00 screen=03 engine=01 world=01 tilebank=00 pxy=56,160
dialog_space59_before pc=9F0E banks=01/02/03 btn=00 exit=00 ac=00 op=00 wait=00 dialog=00 text=00 screen=03 engine=01 world=01 tilebank=00 pxy=56,160
dialog_space59_after pc=4160 banks=01/02/03 btn=00 exit=00 ac=00 op=00 wait=00 dialog=00 text=00 screen=03 engine=01 world=01 tilebank=00 pxy=56,160
t60 pc=9F0E banks=01/02/03 btn=00 exit=00 ac=00 op=00 wait=00 dialog=00 text=00 screen=03 engine=01 world=01 tilebank=00 pxy=56,160
shot_t60 pc=9F0E banks=01/02/03 btn=00 exit=00 ac=00 op=00 wait=00 dialog=00 text=00 screen=03 engine=01 world=01 tilebank=00 pxy=56,160
SHOTOK t60_after_dialog.png
t61 pc=9F0E banks=01/02/03 btn=00 exit=00 ac=00 op=00 wait=00 dialog=00 text=00 screen=03 engine=01 world=01 tilebank=00 pxy=56,160
t62 pc=195A banks=01/02/03 btn=00 exit=00 ac=00 op=00 wait=00 dialog=00 text=00 screen=03 engine=01 world=01 tilebank=00 pxy=56,160
dialog_space62_before pc=195A banks=01/02/03 btn=00 exit=00 ac=00 op=00 wait=00 dialog=00 text=00 screen=03 engine=01 world=01 tilebank=00 pxy=56,160
dialog_space62_after pc=9F0E banks=01/02/03 btn=00 exit=00 ac=00 op=00 wait=00 dialog=00 text=00 screen=03 engine=01 world=01 tilebank=00 pxy=56,160
t63 pc=40DE banks=01/02/03 btn=00 exit=00 ac=00 op=00 wait=00 dialog=00 text=00 screen=03 engine=01 world=01 tilebank=00 pxy=56,160
t64 pc=9F0E banks=01/02/03 btn=00 exit=00 ac=00 op=00 wait=00 dialog=00 text=00 screen=03 engine=01 world=01 tilebank=00 pxy=56,160
t65 pc=9F0E banks=01/02/03 btn=00 exit=00 ac=00 op=00 wait=00 dialog=00 text=00 screen=03 engine=01 world=01 tilebank=00 pxy=56,160
dialog_space65_before pc=9F0E banks=01/02/03 btn=00 exit=00 ac=00 op=00 wait=00 dialog=00 text=00 screen=03 engine=01 world=01 tilebank=00 pxy=56,160
dialog_space65_after pc=6088 banks=01/02/03 btn=00 exit=00 ac=00 op=00 wait=00 dialog=00 text=00 screen=03 engine=01 world=01 tilebank=00 pxy=56,160
t66 pc=9F0E banks=01/02/03 btn=00 exit=00 ac=00 op=00 wait=00 dialog=00 text=00 screen=03 engine=01 world=01 tilebank=00 pxy=56,160
t67 pc=9F0E banks=01/02/03 btn=00 exit=00 ac=00 op=00 wait=00 dialog=00 text=00 screen=03 engine=01 world=01 tilebank=00 pxy=56,160
t68 pc=9F0E banks=01/02/03 btn=00 exit=00 ac=00 op=00 wait=00 dialog=00 text=00 screen=03 engine=01 world=01 tilebank=00 pxy=56,160
dialog_space68_before pc=9F0E banks=01/02/03 btn=00 exit=00 ac=00 op=00 wait=00 dialog=00 text=00 screen=03 engine=01 world=01 tilebank=00 pxy=56,160
dialog_space68_after pc=9F0E banks=01/02/03 btn=00 exit=00 ac=00 op=00 wait=00 dialog=00 text=00 screen=03 engine=01 world=01 tilebank=00 pxy=56,160
t69 pc=40E0 banks=01/02/03 btn=00 exit=00 ac=00 op=00 wait=00 dialog=00 text=00 screen=03 engine=01 world=01 tilebank=00 pxy=56,160
t70 pc=9F0E banks=01/02/03 btn=00 exit=00 ac=00 op=00 wait=00 dialog=00 text=00 screen=03 engine=01 world=01 tilebank=00 pxy=56,160
t71 pc=9F0E banks=01/02/03 btn=00 exit=00 ac=00 op=00 wait=00 dialog=00 text=00 screen=03 engine=01 world=01 tilebank=00 pxy=56,160
t72 pc=9F0E banks=01/02/03 btn=00 exit=00 ac=00 op=00 wait=00 dialog=00 text=00 screen=03 engine=01 world=01 tilebank=00 pxy=56,160
shot_t72 pc=9F0E banks=01/02/03 btn=00 exit=00 ac=00 op=00 wait=00 dialog=00 text=00 screen=03 engine=01 world=01 tilebank=00 pxy=56,160
SHOTOK t72_final.png
