t1 pc=108B sp=F2FE exit=FF sel=FF ac=FF ae=FF aew=FF dialog=FF text=FF screen=FF engine=FF world=FF smptr=FFFF smtim=FFFF pxy=65535,65535
t2 pc=108B sp=F2FE exit=FF sel=FF ac=FF ae=FF aew=FF dialog=FF text=FF screen=FF engine=FF world=FF smptr=FFFF smtim=FFFF pxy=65535,65535
t3 pc=40DC sp=F36A exit=00 sel=FF ac=FF ae=FF aew=FF dialog=FF text=FF screen=00 engine=FF world=00 smptr=FFFF smtim=FFFF pxy=65535,65535
t4 pc=96CB sp=F37C exit=00 sel=FF ac=FF ae=FF aew=FF dialog=FF text=FF screen=00 engine=FF world=00 smptr=95AF smtim=0000 pxy=56,160
t5 pc=96CB sp=F37C exit=00 sel=FF ac=FF ae=FF aew=FF dialog=FF text=FF screen=00 engine=FF world=00 smptr=95AF smtim=0000 pxy=56,160
shot_t05 pc=96CB sp=F37C exit=00 sel=FF ac=FF ae=FF aew=FF dialog=FF text=FF screen=00 engine=FF world=00 smptr=95AF smtim=0000 pxy=56,160
SHOTOK t05_controls.png
t6 pc=6715 sp=F35C exit=00 sel=FF ac=FF ae=FF aew=FF dialog=FF text=FF screen=00 engine=FF world=00 smptr=95AF smtim=0000 pxy=56,160
controls_done1_forced_done pc=6715 sp=F35C exit=00 sel=04 ac=FF ae=FF aew=FF dialog=FF text=FF screen=00 engine=FF world=00 smptr=95AF smtim=0000 pxy=56,160
controls_done1_before pc=6715 sp=F35C exit=00 sel=04 ac=FF ae=FF aew=FF dialog=FF text=FF screen=00 engine=FF world=00 smptr=95AF smtim=0000 pxy=56,160
controls_done1_after pc=40DB sp=F370 exit=00 sel=04 ac=FF ae=FF aew=FF dialog=FF text=FF screen=00 engine=FF world=00 smptr=95AF smtim=0000 pxy=56,160
t7 pc=9E2A sp=F378 exit=00 sel=04 ac=FF ae=FF aew=FF dialog=FF text=FF screen=00 engine=FF world=00 smptr=95AF smtim=0000 pxy=56,160
t8 pc=9E64 sp=F376 exit=00 sel=00 ac=FF ae=FF aew=FF dialog=FF text=FF screen=00 engine=FF world=00 smptr=95AF smtim=0000 pxy=56,160
controls_done2_forced_done pc=9E64 sp=F376 exit=00 sel=04 ac=FF ae=FF aew=FF dialog=FF text=FF screen=00 engine=FF world=00 smptr=95AF smtim=0000 pxy=56,160
controls_done2_before pc=9E64 sp=F376 exit=00 sel=04 ac=FF ae=FF aew=FF dialog=FF text=FF screen=00 engine=FF world=00 smptr=95AF smtim=0000 pxy=56,160
controls_done2_after pc=4BBE sp=F366 exit=00 sel=04 ac=FF ae=FF aew=FF dialog=FF text=FF screen=00 engine=FF world=00 smptr=95AF smtim=0000 pxy=56,160
t9 pc=9E2A sp=F378 exit=00 sel=04 ac=FF ae=FF aew=FF dialog=FF text=FF screen=00 engine=FF world=00 smptr=95AF smtim=0000 pxy=56,160
t10 pc=47C7 sp=F354 exit=00 sel=04 ac=FF ae=FF aew=FF dialog=FF text=FF screen=00 engine=01 world=00 smptr=95AF smtim=0000 pxy=56,160
shot_t10 pc=47C7 sp=F354 exit=00 sel=04 ac=FF ae=FF aew=FF dialog=FF text=FF screen=00 engine=01 world=00 smptr=95AF smtim=0000 pxy=56,160
SHOTOK t10_after_done.png
t11 pc=9E2A sp=F378 exit=00 sel=04 ac=FF ae=FF aew=FF dialog=FF text=FF screen=03 engine=01 world=01 smptr=95AF smtim=0000 pxy=56,160
t12 pc=1997 sp=F364 exit=00 sel=04 ac=01 ae=00 aew=00 dialog=FF text=FF screen=03 engine=01 world=01 smptr=95AF smtim=0000 pxy=56,160
t13 pc=40DB sp=F378 exit=00 sel=04 ac=01 ae=00 aew=00 dialog=FF text=FF screen=03 engine=01 world=01 smptr=95AF smtim=0000 pxy=56,160
t14 pc=9F15 sp=F37C exit=00 sel=04 ac=01 ae=00 aew=00 dialog=01 text=01 screen=03 engine=01 world=01 smptr=95AF smtim=0000 pxy=56,160
t15 pc=9F15 sp=F37C exit=00 sel=04 ac=01 ae=00 aew=00 dialog=01 text=01 screen=03 engine=01 world=01 smptr=95AF smtim=0000 pxy=56,160
t16 pc=9F15 sp=F37C exit=00 sel=04 ac=01 ae=00 aew=00 dialog=01 text=01 screen=03 engine=01 world=01 smptr=95AF smtim=0000 pxy=56,160
shot_t16 pc=9F15 sp=F37C exit=00 sel=04 ac=01 ae=00 aew=00 dialog=01 text=01 screen=03 engine=01 world=01 smptr=95AF smtim=0000 pxy=56,160
SHOTOK t16_dialog_or_world.png
t17 pc=9F15 sp=F37C exit=00 sel=04 ac=01 ae=00 aew=00 dialog=01 text=00 screen=03 engine=01 world=01 smptr=95AF smtim=0000 pxy=56,160
t18 pc=41BE sp=F36C exit=00 sel=04 ac=01 ae=00 aew=00 dialog=01 text=00 screen=03 engine=01 world=01 smptr=95AF smtim=0000 pxy=56,160
t19 pc=6163 sp=F36E exit=00 sel=04 ac=01 ae=00 aew=00 dialog=01 text=00 screen=03 engine=01 world=01 smptr=95AF smtim=0000 pxy=56,160
t20 pc=9F15 sp=F37C exit=00 sel=04 ac=01 ae=00 aew=00 dialog=01 text=00 screen=03 engine=01 world=01 smptr=95AF smtim=0000 pxy=56,160
dialog_space20_before pc=9F15 sp=F37C exit=00 sel=04 ac=01 ae=00 aew=00 dialog=01 text=00 screen=03 engine=01 world=01 smptr=95AF smtim=0000 pxy=56,160
dialog_space20_after pc=9F15 sp=F37C exit=00 sel=04 ac=01 ae=00 aew=00 dialog=01 text=01 screen=03 engine=01 world=01 smptr=95AF smtim=0000 pxy=56,160
t21 pc=9F15 sp=F37C exit=00 sel=04 ac=01 ae=00 aew=00 dialog=01 text=01 screen=03 engine=01 world=01 smptr=95AF smtim=0000 pxy=56,160
t22 pc=9F15 sp=F37C exit=00 sel=04 ac=01 ae=00 aew=00 dialog=01 text=01 screen=03 engine=01 world=01 smptr=95AF smtim=0000 pxy=56,160
t23 pc=9F15 sp=F37C exit=00 sel=04 ac=01 ae=00 aew=00 dialog=01 text=01 screen=03 engine=01 world=01 smptr=95AF smtim=0000 pxy=56,160
t24 pc=9F15 sp=F37C exit=00 sel=04 ac=01 ae=00 aew=00 dialog=01 text=01 screen=03 engine=01 world=01 smptr=95AF smtim=0000 pxy=56,160
dialog_space24_before pc=9F15 sp=F37C exit=00 sel=04 ac=01 ae=00 aew=00 dialog=01 text=01 screen=03 engine=01 world=01 smptr=95AF smtim=0000 pxy=56,160
dialog_space24_after pc=9F15 sp=F37C exit=00 sel=04 ac=01 ae=00 aew=00 dialog=01 text=01 screen=03 engine=01 world=01 smptr=95AF smtim=0000 pxy=56,160
t25 pc=56C5 sp=F37A exit=00 sel=04 ac=01 ae=00 aew=00 dialog=01 text=01 screen=03 engine=01 world=01 smptr=95AF smtim=0000 pxy=56,160
t26 pc=40DE sp=F378 exit=00 sel=04 ac=01 ae=00 aew=00 dialog=01 text=01 screen=03 engine=01 world=01 smptr=95AF smtim=0000 pxy=56,160
t27 pc=9F15 sp=F37C exit=00 sel=04 ac=01 ae=00 aew=00 dialog=01 text=01 screen=03 engine=01 world=01 smptr=95AF smtim=0000 pxy=56,160
t28 pc=9F15 sp=F37C exit=00 sel=04 ac=01 ae=00 aew=00 dialog=01 text=00 screen=03 engine=01 world=01 smptr=95AF smtim=0000 pxy=56,160
dialog_space28_before pc=9F15 sp=F37C exit=00 sel=04 ac=01 ae=00 aew=00 dialog=01 text=00 screen=03 engine=01 world=01 smptr=95AF smtim=0000 pxy=56,160
dialog_space28_after pc=40E2 sp=F378 exit=00 sel=04 ac=01 ae=00 aew=00 dialog=01 text=01 screen=03 engine=01 world=01 smptr=95AF smtim=0000 pxy=56,160
t29 pc=9F15 sp=F37C exit=00 sel=04 ac=01 ae=00 aew=00 dialog=01 text=01 screen=03 engine=01 world=01 smptr=95AF smtim=0000 pxy=56,160
t30 pc=9F15 sp=F37C exit=00 sel=04 ac=01 ae=00 aew=00 dialog=01 text=01 screen=03 engine=01 world=01 smptr=95AF smtim=0000 pxy=56,160
t31 pc=6163 sp=F36E exit=00 sel=04 ac=01 ae=00 aew=00 dialog=01 text=00 screen=03 engine=01 world=01 smptr=95AF smtim=0000 pxy=56,160
t32 pc=9F15 sp=F37C exit=00 sel=04 ac=01 ae=00 aew=00 dialog=01 text=00 screen=03 engine=01 world=01 smptr=95AF smtim=0000 pxy=56,160
dialog_space32_before pc=9F15 sp=F37C exit=00 sel=04 ac=01 ae=00 aew=00 dialog=01 text=00 screen=03 engine=01 world=01 smptr=95AF smtim=0000 pxy=56,160
dialog_space32_after pc=9F15 sp=F37C exit=00 sel=04 ac=01 ae=00 aew=00 dialog=01 text=01 screen=03 engine=01 world=01 smptr=95AF smtim=0000 pxy=56,160
t33 pc=9F15 sp=F37C exit=00 sel=04 ac=01 ae=00 aew=00 dialog=01 text=01 screen=03 engine=01 world=01 smptr=95AF smtim=0000 pxy=56,160
t34 pc=9F15 sp=F37C exit=00 sel=04 ac=01 ae=00 aew=00 dialog=01 text=01 screen=03 engine=01 world=01 smptr=95AF smtim=0000 pxy=56,160
t35 pc=9F15 sp=F37C exit=00 sel=04 ac=01 ae=00 aew=00 dialog=01 text=00 screen=03 engine=01 world=01 smptr=95AF smtim=0000 pxy=56,160
shot_t35 pc=9F15 sp=F37C exit=00 sel=04 ac=01 ae=00 aew=00 dialog=01 text=00 screen=03 engine=01 world=01 smptr=95AF smtim=0000 pxy=56,160
SHOTOK t35_mid.png
t36 pc=9F15 sp=F37C exit=00 sel=04 ac=01 ae=00 aew=00 dialog=01 text=00 screen=03 engine=01 world=01 smptr=95AF smtim=0000 pxy=56,160
dialog_space36_before pc=9F15 sp=F37C exit=00 sel=04 ac=01 ae=00 aew=00 dialog=01 text=00 screen=03 engine=01 world=01 smptr=95AF smtim=0000 pxy=56,160
dialog_space36_after pc=9F15 sp=F37C exit=00 sel=04 ac=00 ae=00 aew=00 dialog=00 text=00 screen=03 engine=01 world=01 smptr=95AF smtim=001A pxy=56,160
t37 pc=198C sp=F364 exit=00 sel=04 ac=00 ae=00 aew=00 dialog=00 text=00 screen=03 engine=01 world=01 smptr=95AF smtim=0030 pxy=56,160
t38 pc=40DB sp=F378 exit=00 sel=04 ac=00 ae=00 aew=00 dialog=00 text=00 screen=03 engine=01 world=01 smptr=95AF smtim=0063 pxy=56,160
t39 pc=9F15 sp=F37C exit=00 sel=04 ac=00 ae=00 aew=00 dialog=00 text=00 screen=03 engine=01 world=01 smptr=95AF smtim=0095 pxy=56,160
t40 pc=9E2A sp=F378 exit=01 sel=04 ac=00 ae=00 aew=00 dialog=00 text=00 screen=03 engine=01 world=01 smptr=95BF smtim=0000 pxy=56,160
dialog_space40_before pc=9E2A sp=F378 exit=01 sel=04 ac=00 ae=00 aew=00 dialog=00 text=00 screen=03 engine=01 world=01 smptr=95BF smtim=0000 pxy=56,160
dialog_space40_after pc=9AEE sp=F378 exit=01 sel=04 ac=00 ae=00 aew=00 dialog=00 text=00 screen=03 engine=01 world=01 smptr=95BF smtim=0000 pxy=56,160
t41 pc=47B4 sp=F352 exit=01 sel=04 ac=00 ae=00 aew=00 dialog=00 text=00 screen=03 engine=00 world=01 smptr=95BF smtim=0000 pxy=56,160
t42 pc=9E2A sp=F378 exit=01 sel=04 ac=00 ae=00 aew=00 dialog=00 text=00 screen=01 engine=00 world=00 smptr=95BF smtim=0000 pxy=56,160
t43 pc=18EF sp=F36C exit=00 sel=04 ac=00 ae=00 aew=00 dialog=00 text=00 screen=01 engine=00 world=00 smptr=95BF smtim=0000 pxy=56,160
t44 pc=6C57 sp=F376 exit=00 sel=04 ac=00 ae=00 aew=00 dialog=00 text=00 screen=01 engine=00 world=00 smptr=95BF smtim=0000 pxy=56,160
dialog_space44_before pc=6C57 sp=F376 exit=00 sel=04 ac=00 ae=00 aew=00 dialog=00 text=00 screen=01 engine=00 world=00 smptr=95BF smtim=0000 pxy=56,160
dialog_space44_after pc=9F15 sp=F37C exit=00 sel=04 ac=00 ae=00 aew=00 dialog=00 text=00 screen=01 engine=00 world=00 smptr=95BF smtim=0000 pxy=56,136
t45 pc=9F4B sp=F37C exit=00 sel=04 ac=00 ae=00 aew=00 dialog=00 text=00 screen=01 engine=00 world=00 smptr=95BF smtim=0000 pxy=56,160
t46 pc=40DC sp=F378 exit=00 sel=04 ac=00 ae=00 aew=00 dialog=00 text=00 screen=01 engine=00 world=00 smptr=95BF smtim=0000 pxy=56,160
t47 pc=9F15 sp=F37C exit=00 sel=04 ac=00 ae=00 aew=00 dialog=00 text=00 screen=01 engine=00 world=00 smptr=95BF smtim=0000 pxy=56,160
t48 pc=9F15 sp=F37C exit=00 sel=04 ac=00 ae=00 aew=00 dialog=00 text=00 screen=01 engine=00 world=00 smptr=95BF smtim=0000 pxy=56,160
dialog_space48_before pc=9F15 sp=F37C exit=00 sel=04 ac=00 ae=00 aew=00 dialog=00 text=00 screen=01 engine=00 world=00 smptr=95BF smtim=0000 pxy=56,160
dialog_space48_after pc=40DB sp=F378 exit=00 sel=04 ac=00 ae=00 aew=00 dialog=00 text=00 screen=01 engine=00 world=00 smptr=95BF smtim=0000 pxy=56,139
t49 pc=9F15 sp=F37C exit=00 sel=04 ac=00 ae=00 aew=00 dialog=00 text=00 screen=01 engine=00 world=00 smptr=95BF smtim=0000 pxy=56,160
t50 pc=5665 sp=F376 exit=00 sel=04 ac=00 ae=00 aew=00 dialog=00 text=00 screen=01 engine=00 world=00 smptr=95BF smtim=0000 pxy=56,160
shot_t50 pc=5665 sp=F376 exit=00 sel=04 ac=00 ae=00 aew=00 dialog=00 text=00 screen=01 engine=00 world=00 smptr=95BF smtim=0000 pxy=56,160
SHOTOK t50_late.png
t51 pc=7902 sp=F36E exit=00 sel=04 ac=00 ae=00 aew=00 dialog=00 text=00 screen=01 engine=00 world=00 smptr=95BF smtim=0000 pxy=56,160
t52 pc=40E0 sp=F378 exit=00 sel=04 ac=00 ae=00 aew=00 dialog=00 text=00 screen=01 engine=00 world=00 smptr=95BF smtim=0000 pxy=56,160
dialog_space52_before pc=40E0 sp=F378 exit=00 sel=04 ac=00 ae=00 aew=00 dialog=00 text=00 screen=01 engine=00 world=00 smptr=95BF smtim=0000 pxy=56,160
dialog_space52_after pc=190E sp=F366 exit=00 sel=04 ac=00 ae=00 aew=00 dialog=00 text=00 screen=01 engine=00 world=00 smptr=95BF smtim=0000 pxy=56,136
t53 pc=9F15 sp=F37C exit=00 sel=04 ac=00 ae=00 aew=00 dialog=00 text=00 screen=01 engine=00 world=00 smptr=95BF smtim=0000 pxy=56,160
t54 pc=9F15 sp=F37C exit=00 sel=04 ac=00 ae=00 aew=00 dialog=00 text=00 screen=01 engine=00 world=00 smptr=95BF smtim=0000 pxy=56,160
t55 pc=9F15 sp=F37C exit=00 sel=04 ac=00 ae=00 aew=00 dialog=00 text=00 screen=01 engine=00 world=00 smptr=95BF smtim=0000 pxy=56,160
t56 pc=41BB sp=F374 exit=00 sel=04 ac=00 ae=00 aew=00 dialog=00 text=00 screen=01 engine=00 world=00 smptr=95BF smtim=0000 pxy=56,160
dialog_space56_before pc=41BB sp=F374 exit=00 sel=04 ac=00 ae=00 aew=00 dialog=00 text=00 screen=01 engine=00 world=00 smptr=95BF smtim=0000 pxy=56,160
dialog_space56_after pc=9F15 sp=F37C exit=00 sel=04 ac=00 ae=00 aew=00 dialog=00 text=00 screen=01 engine=00 world=00 smptr=95BF smtim=0000 pxy=56,136
t57 pc=60E3 sp=F372 exit=00 sel=04 ac=00 ae=00 aew=00 dialog=00 text=00 screen=01 engine=00 world=00 smptr=95BF smtim=0000 pxy=56,160
t58 pc=40DF sp=F378 exit=00 sel=04 ac=00 ae=00 aew=00 dialog=00 text=00 screen=01 engine=00 world=00 smptr=95BF smtim=0000 pxy=56,160
t59 pc=9F15 sp=F37C exit=00 sel=04 ac=00 ae=00 aew=00 dialog=00 text=00 screen=01 engine=00 world=00 smptr=95BF smtim=0000 pxy=56,160
t60 pc=9F15 sp=F37C exit=00 sel=04 ac=00 ae=00 aew=00 dialog=00 text=00 screen=01 engine=00 world=00 smptr=95BF smtim=0000 pxy=56,160
dialog_space60_before pc=9F15 sp=F37C exit=00 sel=04 ac=00 ae=00 aew=00 dialog=00 text=00 screen=01 engine=00 world=00 smptr=95BF smtim=0000 pxy=56,160
dialog_space60_after pc=8EB4 sp=F370 exit=00 sel=04 ac=00 ae=00 aew=00 dialog=00 text=00 screen=01 engine=00 world=00 smptr=95BF smtim=0000 pxy=56,139
t61 pc=9F15 sp=F37C exit=00 sel=04 ac=00 ae=00 aew=00 dialog=00 text=00 screen=01 engine=00 world=00 smptr=95BF smtim=0000 pxy=56,160
t62 pc=195A sp=F376 exit=00 sel=04 ac=00 ae=00 aew=00 dialog=00 text=00 screen=01 engine=00 world=00 smptr=95BF smtim=0000 pxy=56,160
t63 pc=7325 sp=F374 exit=00 sel=04 ac=00 ae=00 aew=00 dialog=00 text=00 screen=01 engine=00 world=00 smptr=95BF smtim=0000 pxy=56,160
t64 pc=768B sp=F374 exit=00 sel=04 ac=00 ae=00 aew=00 dialog=00 text=00 screen=01 engine=00 world=00 smptr=95BF smtim=0000 pxy=56,160
t65 pc=9F15 sp=F37C exit=00 sel=04 ac=00 ae=00 aew=00 dialog=00 text=00 screen=01 engine=00 world=00 smptr=95BF smtim=0000 pxy=56,160
t66 pc=9F15 sp=F37C exit=00 sel=04 ac=00 ae=00 aew=00 dialog=00 text=00 screen=01 engine=00 world=00 smptr=95BF smtim=0000 pxy=56,160
t67 pc=9F15 sp=F37C exit=00 sel=04 ac=00 ae=00 aew=00 dialog=00 text=00 screen=01 engine=00 world=00 smptr=95BF smtim=0000 pxy=56,160
t68 pc=9F15 sp=F37C exit=00 sel=04 ac=00 ae=00 aew=00 dialog=00 text=00 screen=01 engine=00 world=00 smptr=95BF smtim=0000 pxy=56,160
t69 pc=7DF3 sp=F376 exit=00 sel=04 ac=00 ae=00 aew=00 dialog=00 text=00 screen=01 engine=00 world=00 smptr=95BF smtim=0000 pxy=56,160
t70 pc=93B7 sp=F364 exit=00 sel=04 ac=00 ae=00 aew=00 dialog=00 text=00 screen=01 engine=00 world=00 smptr=95BF smtim=0000 pxy=56,160
shot_t70 pc=93B7 sp=F364 exit=00 sel=04 ac=00 ae=00 aew=00 dialog=00 text=00 screen=01 engine=00 world=00 smptr=95BF smtim=0000 pxy=56,160
SHOTOK t70_final.png
t71 pc=40DC sp=F378 exit=00 sel=04 ac=00 ae=00 aew=00 dialog=00 text=00 screen=01 engine=00 world=00 smptr=95BF smtim=0000 pxy=56,160
t72 pc=9F15 sp=F37C exit=00 sel=04 ac=00 ae=00 aew=00 dialog=00 text=00 screen=01 engine=00 world=00 smptr=95BF smtim=0000 pxy=56,160
t73 pc=9F15 sp=F37C exit=00 sel=04 ac=00 ae=00 aew=00 dialog=00 text=00 screen=01 engine=00 world=00 smptr=95BF smtim=0000 pxy=56,160
t74 pc=9F15 sp=F37C exit=00 sel=04 ac=00 ae=00 aew=00 dialog=00 text=00 screen=01 engine=00 world=00 smptr=95BF smtim=0000 pxy=56,160
t75 pc=19A0 sp=F364 exit=00 sel=04 ac=00 ae=00 aew=00 dialog=00 text=00 screen=01 engine=00 world=00 smptr=95BF smtim=0000 pxy=56,160
t76 pc=75B7 sp=F374 exit=00 sel=04 ac=00 ae=00 aew=00 dialog=00 text=00 screen=01 engine=00 world=00 smptr=95BF smtim=0000 pxy=56,160
t77 pc=40DF sp=F378 exit=00 sel=04 ac=00 ae=00 aew=00 dialog=00 text=00 screen=01 engine=00 world=00 smptr=95BF smtim=0000 pxy=56,160
t78 pc=9F15 sp=F37C exit=00 sel=04 ac=00 ae=00 aew=00 dialog=00 text=00 screen=01 engine=00 world=00 smptr=95BF smtim=0000 pxy=56,160
t79 pc=9F15 sp=F37C exit=00 sel=04 ac=00 ae=00 aew=00 dialog=00 text=00 screen=01 engine=00 world=00 smptr=95BF smtim=0000 pxy=56,160
t80 pc=9F15 sp=F37C exit=00 sel=04 ac=00 ae=00 aew=00 dialog=00 text=00 screen=01 engine=00 world=00 smptr=95BF smtim=0000 pxy=56,160
t81 pc=4A9E sp=F374 exit=00 sel=04 ac=00 ae=00 aew=00 dialog=00 text=00 screen=01 engine=00 world=00 smptr=95BF smtim=0000 pxy=56,160
t82 pc=6C91 sp=F376 exit=00 sel=04 ac=00 ae=00 aew=00 dialog=00 text=00 screen=01 engine=00 world=00 smptr=95BF smtim=0000 pxy=56,160
t83 pc=56BC sp=F37A exit=00 sel=04 ac=00 ae=00 aew=00 dialog=00 text=00 screen=01 engine=00 world=00 smptr=95BF smtim=0000 pxy=56,160
t84 pc=9F15 sp=F37C exit=00 sel=04 ac=00 ae=00 aew=00 dialog=00 text=00 screen=01 engine=00 world=00 smptr=95BF smtim=0000 pxy=56,160
t85 pc=9F15 sp=F37C exit=00 sel=04 ac=00 ae=00 aew=00 dialog=00 text=00 screen=01 engine=00 world=00 smptr=95BF smtim=0000 pxy=56,160
t86 pc=9F15 sp=F37C exit=00 sel=04 ac=00 ae=00 aew=00 dialog=00 text=00 screen=01 engine=00 world=00 smptr=95BF smtim=0000 pxy=56,160
shot_t86 pc=9F15 sp=F37C exit=00 sel=04 ac=00 ae=00 aew=00 dialog=00 text=00 screen=01 engine=00 world=00 smptr=95BF smtim=0000 pxy=56,160
SHOTOK t86_final.png
