t1 pc=811D sp=F2F6 exit=04 sel=33 ac=00 ae=00 aew=00 dialog=00 text=00 screen=00 engine=00 world=00 smptr=3333 smtim=0033 pxy=0,0
t2 pc=1130 sp=F2FE exit=04 sel=33 ac=00 ae=00 aew=00 dialog=00 text=00 screen=00 engine=00 world=00 smptr=3333 smtim=0033 pxy=0,0
t3 pc=1130 sp=F2FE exit=04 sel=33 ac=00 ae=00 aew=00 dialog=00 text=00 screen=00 engine=00 world=00 smptr=3333 smtim=0033 pxy=0,0
t4 pc=40E2 sp=F36A exit=00 sel=33 ac=00 ae=00 aew=00 dialog=00 text=00 screen=00 engine=00 world=00 smptr=3333 smtim=0033 pxy=0,0
t5 pc=96CB sp=F37C exit=00 sel=33 ac=00 ae=00 aew=00 dialog=00 text=00 screen=00 engine=00 world=00 smptr=95AF smtim=0000 pxy=0,0
shot_t05 pc=96CB sp=F37C exit=00 sel=33 ac=00 ae=00 aew=00 dialog=00 text=00 screen=00 engine=00 world=00 smptr=95AF smtim=0000 pxy=0,0
SHOTOK t05_controls.png
t6 pc=96CB sp=F37C exit=00 sel=33 ac=00 ae=00 aew=00 dialog=00 text=00 screen=00 engine=00 world=00 smptr=95AF smtim=0000 pxy=0,0
controls_done1_forced_done pc=96CB sp=F37C exit=00 sel=04 ac=00 ae=00 aew=00 dialog=00 text=00 screen=00 engine=00 world=00 smptr=95AF smtim=0000 pxy=0,0
controls_done1_before pc=96CB sp=F37C exit=00 sel=04 ac=00 ae=00 aew=00 dialog=00 text=00 screen=00 engine=00 world=00 smptr=95AF smtim=0000 pxy=0,0
controls_done1_after pc=40E4 sp=F370 exit=00 sel=04 ac=00 ae=00 aew=00 dialog=00 text=00 screen=00 engine=00 world=00 smptr=95AF smtim=0000 pxy=0,0
t7 pc=9E2A sp=F378 exit=00 sel=04 ac=00 ae=00 aew=00 dialog=00 text=00 screen=00 engine=00 world=00 smptr=95AF smtim=0000 pxy=0,0
t8 pc=9E64 sp=F376 exit=00 sel=00 ac=00 ae=00 aew=00 dialog=00 text=00 screen=00 engine=00 world=00 smptr=95AF smtim=0000 pxy=0,0
controls_done2_forced_done pc=9E64 sp=F376 exit=00 sel=04 ac=00 ae=00 aew=00 dialog=00 text=00 screen=00 engine=00 world=00 smptr=95AF smtim=0000 pxy=0,0
controls_done2_before pc=9E64 sp=F376 exit=00 sel=04 ac=00 ae=00 aew=00 dialog=00 text=00 screen=00 engine=00 world=00 smptr=95AF smtim=0000 pxy=0,0
controls_done2_after pc=9E2A sp=F378 exit=00 sel=04 ac=00 ae=00 aew=00 dialog=00 text=00 screen=00 engine=00 world=00 smptr=95AF smtim=0000 pxy=0,0
t9 pc=9E2A sp=F378 exit=00 sel=04 ac=00 ae=00 aew=00 dialog=00 text=00 screen=00 engine=00 world=00 smptr=95AF smtim=0000 pxy=0,0
t10 pc=47E1 sp=F354 exit=00 sel=04 ac=00 ae=00 aew=00 dialog=00 text=00 screen=00 engine=00 world=00 smptr=95AF smtim=0000 pxy=0,0
shot_t10 pc=47E1 sp=F354 exit=00 sel=04 ac=00 ae=00 aew=00 dialog=00 text=00 screen=00 engine=00 world=00 smptr=95AF smtim=0000 pxy=0,0
SHOTOK t10_after_done.png
t11 pc=9E2A sp=F378 exit=00 sel=04 ac=00 ae=00 aew=00 dialog=00 text=00 screen=00 engine=00 world=00 smptr=95AF smtim=0000 pxy=0,0
t12 pc=7C68 sp=F37A exit=00 sel=04 ac=01 ae=00 aew=00 dialog=00 text=00 screen=00 engine=00 world=00 smptr=95AF smtim=0000 pxy=0,0
t13 pc=1A4B sp=F364 exit=00 sel=04 ac=01 ae=00 aew=00 dialog=01 text=01 screen=00 engine=00 world=00 smptr=95AF smtim=0000 pxy=0,0
t14 pc=19D0 sp=F366 exit=00 sel=04 ac=01 ae=00 aew=00 dialog=01 text=01 screen=00 engine=00 world=00 smptr=95AF smtim=0000 pxy=0,0
t15 pc=9F15 sp=F37C exit=00 sel=04 ac=01 ae=00 aew=00 dialog=01 text=01 screen=00 engine=00 world=00 smptr=95AF smtim=0000 pxy=0,0
t16 pc=9F15 sp=F37C exit=00 sel=04 ac=01 ae=00 aew=00 dialog=01 text=00 screen=00 engine=00 world=00 smptr=95AF smtim=0000 pxy=0,0
shot_t16 pc=9F15 sp=F37C exit=00 sel=04 ac=01 ae=00 aew=00 dialog=01 text=00 screen=00 engine=00 world=00 smptr=95AF smtim=0000 pxy=0,0
SHOTOK t16_dialog_or_world.png
t17 pc=9F15 sp=F37C exit=00 sel=04 ac=01 ae=00 aew=00 dialog=01 text=00 screen=00 engine=00 world=00 smptr=95AF smtim=0000 pxy=0,0
t18 pc=9F15 sp=F37C exit=00 sel=04 ac=01 ae=00 aew=00 dialog=01 text=00 screen=00 engine=00 world=00 smptr=95AF smtim=0000 pxy=0,0
t19 pc=9F15 sp=F37C exit=00 sel=04 ac=01 ae=00 aew=00 dialog=01 text=00 screen=00 engine=00 world=00 smptr=95AF smtim=0000 pxy=0,0
t20 pc=9F15 sp=F37C exit=00 sel=04 ac=01 ae=00 aew=00 dialog=01 text=00 screen=00 engine=00 world=00 smptr=95AF smtim=0000 pxy=0,0
dialog_space20_before pc=9F15 sp=F37C exit=00 sel=04 ac=01 ae=00 aew=00 dialog=01 text=00 screen=00 engine=00 world=00 smptr=95AF smtim=0000 pxy=0,0
dialog_space20_after pc=9F15 sp=F37C exit=00 sel=04 ac=01 ae=00 aew=00 dialog=01 text=01 screen=00 engine=00 world=00 smptr=95AF smtim=0000 pxy=0,0
t21 pc=9F15 sp=F37C exit=00 sel=04 ac=01 ae=00 aew=00 dialog=01 text=01 screen=00 engine=00 world=00 smptr=95AF smtim=0000 pxy=0,0
t22 pc=9F15 sp=F37C exit=00 sel=04 ac=01 ae=00 aew=00 dialog=01 text=01 screen=00 engine=00 world=00 smptr=95AF smtim=0000 pxy=0,0
t23 pc=9F15 sp=F37C exit=00 sel=04 ac=01 ae=00 aew=00 dialog=01 text=01 screen=00 engine=00 world=00 smptr=95AF smtim=0000 pxy=0,0
t24 pc=40E1 sp=F378 exit=00 sel=04 ac=01 ae=00 aew=00 dialog=01 text=00 screen=00 engine=00 world=00 smptr=95AF smtim=0000 pxy=0,0
dialog_space24_before pc=40E1 sp=F378 exit=00 sel=04 ac=01 ae=00 aew=00 dialog=01 text=00 screen=00 engine=00 world=00 smptr=95AF smtim=0000 pxy=0,0
dialog_space24_after pc=40E2 sp=F378 exit=00 sel=04 ac=01 ae=00 aew=00 dialog=01 text=01 screen=00 engine=00 world=00 smptr=95AF smtim=0000 pxy=0,0
t25 pc=40DE sp=F378 exit=00 sel=04 ac=01 ae=00 aew=00 dialog=01 text=01 screen=00 engine=00 world=00 smptr=95AF smtim=0000 pxy=0,0
t26 pc=8976 sp=F374 exit=00 sel=04 ac=01 ae=00 aew=00 dialog=01 text=01 screen=00 engine=00 world=00 smptr=95AF smtim=0000 pxy=0,0
t27 pc=4996 sp=F358 exit=00 sel=04 ac=01 ae=00 aew=00 dialog=01 text=00 screen=00 engine=00 world=00 smptr=95AF smtim=0000 pxy=0,0
t28 pc=9F15 sp=F37C exit=00 sel=04 ac=01 ae=00 aew=00 dialog=01 text=00 screen=00 engine=00 world=00 smptr=95AF smtim=0000 pxy=0,0
dialog_space28_before pc=9F15 sp=F37C exit=00 sel=04 ac=01 ae=00 aew=00 dialog=01 text=00 screen=00 engine=00 world=00 smptr=95AF smtim=0000 pxy=0,0
dialog_space28_after pc=9F15 sp=F37C exit=00 sel=04 ac=01 ae=00 aew=00 dialog=01 text=01 screen=00 engine=00 world=00 smptr=95AF smtim=0000 pxy=0,0
t29 pc=9F15 sp=F37C exit=00 sel=04 ac=01 ae=00 aew=00 dialog=01 text=01 screen=00 engine=00 world=00 smptr=95AF smtim=0000 pxy=0,0
t30 pc=9F15 sp=F37C exit=00 sel=04 ac=01 ae=00 aew=00 dialog=01 text=01 screen=00 engine=00 world=00 smptr=95AF smtim=0000 pxy=0,0
t31 pc=9F15 sp=F37C exit=00 sel=04 ac=01 ae=00 aew=00 dialog=01 text=00 screen=00 engine=00 world=00 smptr=95AF smtim=0000 pxy=0,0
t32 pc=9F15 sp=F37C exit=00 sel=04 ac=01 ae=00 aew=00 dialog=01 text=00 screen=00 engine=00 world=00 smptr=95AF smtim=0000 pxy=0,0
dialog_space32_before pc=9F15 sp=F37C exit=00 sel=04 ac=01 ae=00 aew=00 dialog=01 text=00 screen=00 engine=00 world=00 smptr=95AF smtim=0000 pxy=0,0
dialog_space32_after pc=9F15 sp=F37C exit=00 sel=04 ac=01 ae=00 aew=00 dialog=01 text=01 screen=00 engine=00 world=00 smptr=95AF smtim=0000 pxy=0,0
t33 pc=9F15 sp=F37C exit=00 sel=04 ac=01 ae=00 aew=00 dialog=01 text=01 screen=00 engine=00 world=00 smptr=95AF smtim=0000 pxy=0,0
t34 pc=9F15 sp=F37C exit=00 sel=04 ac=01 ae=00 aew=00 dialog=01 text=01 screen=00 engine=00 world=00 smptr=95AF smtim=0000 pxy=0,0
t35 pc=9F15 sp=F37C exit=00 sel=04 ac=01 ae=00 aew=00 dialog=01 text=00 screen=00 engine=00 world=00 smptr=95AF smtim=0000 pxy=0,0
shot_t35 pc=9F15 sp=F37C exit=00 sel=04 ac=01 ae=00 aew=00 dialog=01 text=00 screen=00 engine=00 world=00 smptr=95AF smtim=0000 pxy=0,0
SHOTOK t35_mid.png
t36 pc=9F15 sp=F37C exit=00 sel=04 ac=01 ae=00 aew=00 dialog=01 text=00 screen=00 engine=00 world=00 smptr=95AF smtim=0000 pxy=0,0
dialog_space36_before pc=9F15 sp=F37C exit=00 sel=04 ac=01 ae=00 aew=00 dialog=01 text=00 screen=00 engine=00 world=00 smptr=95AF smtim=0000 pxy=0,0
dialog_space36_after pc=56E3 sp=F37A exit=00 sel=04 ac=00 ae=00 aew=00 dialog=00 text=00 screen=00 engine=00 world=00 smptr=95AF smtim=001F pxy=0,0
t37 pc=40E4 sp=F378 exit=00 sel=04 ac=00 ae=00 aew=00 dialog=00 text=00 screen=00 engine=00 world=00 smptr=95AF smtim=003A pxy=0,0
t38 pc=40DD sp=F378 exit=00 sel=04 ac=00 ae=00 aew=00 dialog=00 text=00 screen=00 engine=00 world=00 smptr=95AF smtim=0076 pxy=0,0
t39 pc=692F sp=F374 exit=00 sel=04 ac=00 ae=00 aew=00 dialog=00 text=00 screen=00 engine=00 world=00 smptr=95AF smtim=00B1 pxy=0,0
t40 pc=45A0 sp=F35E exit=01 sel=04 ac=00 ae=00 aew=00 dialog=00 text=00 screen=00 engine=00 world=00 smptr=95BF smtim=0000 pxy=0,0
dialog_space40_before pc=45A0 sp=F35E exit=01 sel=04 ac=00 ae=00 aew=00 dialog=00 text=00 screen=00 engine=00 world=00 smptr=95BF smtim=0000 pxy=0,0
dialog_space40_after pc=480B sp=F356 exit=01 sel=04 ac=00 ae=00 aew=00 dialog=00 text=00 screen=00 engine=00 world=00 smptr=95BF smtim=0000 pxy=0,0
t41 pc=47BD sp=F352 exit=01 sel=04 ac=00 ae=00 aew=00 dialog=00 text=00 screen=00 engine=00 world=00 smptr=95BF smtim=0000 pxy=0,0
t42 pc=9E2A sp=F378 exit=01 sel=04 ac=00 ae=00 aew=00 dialog=00 text=00 screen=00 engine=00 world=00 smptr=95BF smtim=0000 pxy=0,0
t43 pc=9F15 sp=F37C exit=00 sel=04 ac=00 ae=00 aew=00 dialog=00 text=00 screen=00 engine=00 world=00 smptr=95BF smtim=0000 pxy=0,0
t44 pc=9F15 sp=F37C exit=00 sel=04 ac=00 ae=00 aew=00 dialog=00 text=00 screen=00 engine=00 world=00 smptr=95BF smtim=0000 pxy=0,0
dialog_space44_before pc=9F15 sp=F37C exit=00 sel=04 ac=00 ae=00 aew=00 dialog=00 text=00 screen=00 engine=00 world=00 smptr=95BF smtim=0000 pxy=0,0
dialog_space44_after pc=40E4 sp=F378 exit=00 sel=04 ac=00 ae=00 aew=00 dialog=00 text=00 screen=00 engine=00 world=00 smptr=95BF smtim=0000 pxy=0,0
t45 pc=40E2 sp=F378 exit=00 sel=04 ac=00 ae=00 aew=00 dialog=00 text=00 screen=00 engine=00 world=00 smptr=95BF smtim=0000 pxy=0,0
t46 pc=40E2 sp=F378 exit=00 sel=04 ac=00 ae=00 aew=00 dialog=00 text=00 screen=00 engine=00 world=00 smptr=95BF smtim=0000 pxy=0,0
t47 pc=8F0C sp=F36E exit=00 sel=04 ac=00 ae=00 aew=00 dialog=00 text=00 screen=00 engine=00 world=00 smptr=95BF smtim=0000 pxy=0,0
t48 pc=7668 sp=F372 exit=00 sel=04 ac=00 ae=00 aew=00 dialog=00 text=00 screen=00 engine=00 world=00 smptr=95BF smtim=0000 pxy=0,0
dialog_space48_before pc=7668 sp=F372 exit=00 sel=04 ac=00 ae=00 aew=00 dialog=00 text=00 screen=00 engine=00 world=00 smptr=95BF smtim=0000 pxy=0,0
dialog_space48_after pc=41FB sp=F36A exit=00 sel=04 ac=00 ae=00 aew=00 dialog=00 text=00 screen=00 engine=00 world=00 smptr=95BF smtim=0000 pxy=0,0
t49 pc=738C sp=F374 exit=00 sel=04 ac=00 ae=00 aew=00 dialog=00 text=00 screen=00 engine=00 world=00 smptr=95BF smtim=0000 pxy=0,0
t50 pc=700B sp=F376 exit=00 sel=04 ac=00 ae=00 aew=00 dialog=00 text=00 screen=00 engine=00 world=00 smptr=95BF smtim=0000 pxy=0,0
shot_t50 pc=700B sp=F376 exit=00 sel=04 ac=00 ae=00 aew=00 dialog=00 text=00 screen=00 engine=00 world=00 smptr=95BF smtim=0000 pxy=0,0
SHOTOK t50_late.png
shot_t50 pc=700B sp=F376 exit=00 sel=04 ac=00 ae=00 aew=00 dialog=00 text=00 screen=00 engine=00 world=00 smptr=95BF smtim=0000 pxy=0,0
SHOTOK t50_final.png
