t1 pc=108B btn=FF acAct=FF op=FF rem=FF wait=FF ptr=FFFF dialog=FF text=FF screen=FF engine=FF exit=FF
t2 pc=108B btn=FF acAct=FF op=FF rem=FF wait=FF ptr=FFFF dialog=FF text=FF screen=FF engine=FF exit=FF
presentation_space_before pc=108B btn=FF acAct=FF op=FF rem=FF wait=FF ptr=FFFF dialog=FF text=FF screen=FF engine=FF exit=FF
presentation_space_after pc=108B btn=FF acAct=FF op=FF rem=FF wait=FF ptr=FFFF dialog=FF text=FF screen=FF engine=FF exit=FF
t3 pc=40DC btn=00 acAct=FF op=FF rem=FF wait=FF ptr=FFFF dialog=FF text=FF screen=00 engine=FF exit=00
t4 pc=96C4 btn=00 acAct=FF op=FF rem=FF wait=FF ptr=FFFF dialog=FF text=FF screen=00 engine=FF exit=00
controls_down_before pc=96C4 btn=00 acAct=FF op=FF rem=FF wait=FF ptr=FFFF dialog=FF text=FF screen=00 engine=FF exit=00
controls_down_after pc=96C4 btn=00 acAct=FF op=FF rem=FF wait=FF ptr=FFFF dialog=FF text=FF screen=00 engine=FF exit=00
controls_down_before pc=96C4 btn=00 acAct=FF op=FF rem=FF wait=FF ptr=FFFF dialog=FF text=FF screen=00 engine=FF exit=00
controls_down_after pc=96C4 btn=00 acAct=FF op=FF rem=FF wait=FF ptr=FFFF dialog=FF text=FF screen=00 engine=FF exit=00
controls_down_before pc=96C4 btn=00 acAct=FF op=FF rem=FF wait=FF ptr=FFFF dialog=FF text=FF screen=00 engine=FF exit=00
t5 pc=96C4 btn=00 acAct=FF op=FF rem=FF wait=FF ptr=FFFF dialog=FF text=FF screen=00 engine=FF exit=00
controls_down_after pc=96C4 btn=00 acAct=FF op=FF rem=FF wait=FF ptr=FFFF dialog=FF text=FF screen=00 engine=FF exit=00
controls_down_before pc=96C4 btn=00 acAct=FF op=FF rem=FF wait=FF ptr=FFFF dialog=FF text=FF screen=00 engine=FF exit=00
controls_down_after pc=96C4 btn=00 acAct=FF op=FF rem=FF wait=FF ptr=FFFF dialog=FF text=FF screen=00 engine=FF exit=00
t6 pc=6715 btn=00 acAct=FF op=FF rem=FF wait=FF ptr=FFFF dialog=FF text=FF screen=00 engine=FF exit=00
controls_done_before pc=6715 btn=00 acAct=FF op=FF rem=FF wait=FF ptr=FFFF dialog=FF text=FF screen=00 engine=FF exit=00
controls_done_after pc=459E btn=00 acAct=FF op=FF rem=FF wait=FF ptr=FFFF dialog=FF text=FF screen=00 engine=FF exit=00
t7 pc=9E23 btn=00 acAct=FF op=FF rem=FF wait=FF ptr=FFFF dialog=FF text=FF screen=00 engine=FF exit=00
t8 pc=9E5D btn=00 acAct=FF op=FF rem=FF wait=FF ptr=FFFF dialog=FF text=FF screen=00 engine=FF exit=00
t9 pc=9E5D btn=00 acAct=FF op=FF rem=FF wait=FF ptr=FFFF dialog=FF text=FF screen=00 engine=FF exit=00
t10 pc=9E5D btn=00 acAct=FF op=FF rem=FF wait=FF ptr=FFFF dialog=FF text=FF screen=00 engine=FF exit=00
t11 pc=9E5D btn=00 acAct=FF op=FF rem=FF wait=FF ptr=FFFF dialog=FF text=FF screen=00 engine=FF exit=00
t12 pc=9E5D btn=00 acAct=FF op=FF rem=FF wait=FF ptr=FFFF dialog=FF text=FF screen=00 engine=FF exit=00
t13 pc=9E5D btn=00 acAct=FF op=FF rem=FF wait=FF ptr=FFFF dialog=FF text=FF screen=00 engine=FF exit=00
t14 pc=9E5D btn=00 acAct=FF op=FF rem=FF wait=FF ptr=FFFF dialog=FF text=FF screen=00 engine=FF exit=00
t15 pc=9E5D btn=00 acAct=FF op=FF rem=FF wait=FF ptr=FFFF dialog=FF text=FF screen=00 engine=FF exit=00
t16 pc=9E5D btn=00 acAct=FF op=FF rem=FF wait=FF ptr=FFFF dialog=FF text=FF screen=00 engine=FF exit=00
t17 pc=9E5D btn=00 acAct=FF op=FF rem=FF wait=FF ptr=FFFF dialog=FF text=FF screen=00 engine=FF exit=00
t18 pc=41BA btn=00 acAct=FF op=FF rem=FF wait=FF ptr=FFFF dialog=FF text=FF screen=00 engine=FF exit=00
dialog_space18_before pc=41BA btn=00 acAct=FF op=FF rem=FF wait=FF ptr=FFFF dialog=FF text=FF screen=00 engine=FF exit=00
dialog_space18_after pc=9EE3 btn=00 acAct=FF op=FF rem=FF wait=FF ptr=FFFF dialog=FF text=FF screen=00 engine=FF exit=00
t19 pc=40E0 btn=00 acAct=FF op=FF rem=FF wait=FF ptr=FFFF dialog=FF text=FF screen=00 engine=FF exit=00
shot_t19 pc=40E0 btn=00 acAct=FF op=FF rem=FF wait=FF ptr=FFFF dialog=FF text=FF screen=00 engine=FF exit=00
SHOT t19.png C:/Users/salam/Documents/Programacion/Mideas/server/temp/atenas116_autocontrol_probe_shots/t19.png
t20 pc=40DB btn=00 acAct=FF op=FF rem=FF wait=FF ptr=FFFF dialog=FF text=FF screen=00 engine=FF exit=00
dialog_space20_before pc=40DB btn=00 acAct=FF op=FF rem=FF wait=FF ptr=FFFF dialog=FF text=FF screen=00 engine=FF exit=00
dialog_space20_after pc=47B0 btn=00 acAct=FF op=FF rem=FF wait=FF ptr=FFFF dialog=FF text=FF screen=00 engine=01 exit=00
t21 pc=459E btn=00 acAct=FF op=FF rem=FF wait=FF ptr=FFFF dialog=FF text=FF screen=00 engine=01 exit=00
t22 pc=9F0E btn=00 acAct=01 op=01 rem=2C wait=00 ptr=81BD dialog=FF text=FF screen=03 engine=01 exit=00
dialog_space22_before pc=9F0E btn=00 acAct=01 op=01 rem=2C wait=00 ptr=81BD dialog=FF text=FF screen=03 engine=01 exit=00
dialog_space22_after pc=9F0E btn=00 acAct=01 op=01 rem=20 wait=00 ptr=81BD dialog=FF text=FF screen=03 engine=01 exit=00
t23 pc=9F0E btn=00 acAct=01 op=01 rem=00 wait=2D ptr=81BF dialog=FF text=FF screen=03 engine=01 exit=00
t24 pc=9F0E btn=00 acAct=01 op=06 rem=00 wait=00 ptr=81C5 dialog=01 text=01 screen=03 engine=01 exit=00
dialog_space24_before pc=9F0E btn=00 acAct=01 op=06 rem=00 wait=00 ptr=81C5 dialog=01 text=01 screen=03 engine=01 exit=00
dialog_space24_after pc=1906 btn=00 acAct=01 op=06 rem=00 wait=00 ptr=81C5 dialog=01 text=01 screen=03 engine=01 exit=00
t25 pc=40E0 btn=00 acAct=01 op=06 rem=00 wait=00 ptr=81C5 dialog=01 text=01 screen=03 engine=01 exit=00
shot_t25 pc=40E0 btn=00 acAct=01 op=06 rem=00 wait=00 ptr=81C5 dialog=01 text=01 screen=03 engine=01 exit=00
SHOT t25.png C:/Users/salam/Documents/Programacion/Mideas/server/temp/atenas116_autocontrol_probe_shots/t25.png
t26 pc=9F0E btn=00 acAct=01 op=06 rem=00 wait=00 ptr=81C5 dialog=01 text=01 screen=03 engine=01 exit=00
dialog_space26_before pc=9F0E btn=00 acAct=01 op=06 rem=00 wait=00 ptr=81C5 dialog=01 text=01 screen=03 engine=01 exit=00
dialog_space26_after pc=9F0E btn=00 acAct=01 op=06 rem=00 wait=00 ptr=81C5 dialog=01 text=01 screen=03 engine=01 exit=00
t27 pc=9F0E btn=00 acAct=01 op=06 rem=00 wait=00 ptr=81C5 dialog=01 text=00 screen=03 engine=01 exit=00
t28 pc=9F0E btn=00 acAct=01 op=06 rem=00 wait=00 ptr=81C5 dialog=01 text=00 screen=03 engine=01 exit=00
dialog_space28_before pc=9F0E btn=00 acAct=01 op=06 rem=00 wait=00 ptr=81C5 dialog=01 text=00 screen=03 engine=01 exit=00
dialog_space28_after pc=9F0E btn=00 acAct=01 op=06 rem=00 wait=00 ptr=81C5 dialog=01 text=00 screen=03 engine=01 exit=00
t29 pc=9F0E btn=00 acAct=01 op=06 rem=00 wait=00 ptr=81C5 dialog=01 text=00 screen=03 engine=01 exit=00
t30 pc=9F0E btn=00 acAct=01 op=06 rem=00 wait=00 ptr=81C5 dialog=01 text=00 screen=03 engine=01 exit=00
dialog_space30_before pc=9F0E btn=00 acAct=01 op=06 rem=00 wait=00 ptr=81C5 dialog=01 text=00 screen=03 engine=01 exit=00
dialog_space30_after pc=9F0E btn=00 acAct=01 op=06 rem=00 wait=00 ptr=81C5 dialog=01 text=00 screen=03 engine=01 exit=00
t31 pc=199F btn=00 acAct=01 op=06 rem=00 wait=00 ptr=81C5 dialog=01 text=00 screen=03 engine=01 exit=00
t32 pc=9F0E btn=00 acAct=01 op=06 rem=00 wait=00 ptr=81C5 dialog=01 text=00 screen=03 engine=01 exit=00
dialog_space32_before pc=9F0E btn=00 acAct=01 op=06 rem=00 wait=00 ptr=81C5 dialog=01 text=00 screen=03 engine=01 exit=00
dialog_space32_after pc=9F0E btn=00 acAct=01 op=06 rem=00 wait=00 ptr=81C5 dialog=01 text=00 screen=03 engine=01 exit=00
t33 pc=9F0E btn=00 acAct=01 op=06 rem=00 wait=00 ptr=81C5 dialog=01 text=00 screen=03 engine=01 exit=00
t34 pc=9F0E btn=00 acAct=01 op=06 rem=00 wait=00 ptr=81C5 dialog=01 text=00 screen=03 engine=01 exit=00
dialog_space34_before pc=9F0E btn=00 acAct=01 op=06 rem=00 wait=00 ptr=81C5 dialog=01 text=00 screen=03 engine=01 exit=00
dialog_space34_after pc=9F0E btn=00 acAct=01 op=06 rem=00 wait=00 ptr=81C5 dialog=01 text=00 screen=03 engine=01 exit=00
t35 pc=9F0E btn=00 acAct=01 op=06 rem=00 wait=00 ptr=81C5 dialog=01 text=00 screen=03 engine=01 exit=00
shot_t35 pc=9F0E btn=00 acAct=01 op=06 rem=00 wait=00 ptr=81C5 dialog=01 text=00 screen=03 engine=01 exit=00
SHOT t35.png C:/Users/salam/Documents/Programacion/Mideas/server/temp/atenas116_autocontrol_probe_shots/t35.png
