t1 pc=108B exit=FF dialog=FF text=FF screen=FF engine=FF world=FF pxy=65535,65535
t2 pc=108B exit=FF dialog=FF text=FF screen=FF engine=FF world=FF pxy=65535,65535
presentation_space_before pc=108B exit=FF dialog=FF text=FF screen=FF engine=FF world=FF pxy=65535,65535
presentation_space_after pc=0278 exit=FF dialog=FF text=FF screen=FF engine=FF world=FF pxy=65535,65535
t3 pc=471A exit=00 dialog=FF text=FF screen=00 engine=FF world=00 pxy=56,160
t4 pc=96C4 exit=00 dialog=FF text=FF screen=00 engine=FF world=00 pxy=56,160
controls_down_before pc=96C4 exit=00 dialog=FF text=FF screen=00 engine=FF world=00 pxy=56,160
controls_down_after pc=96C4 exit=00 dialog=FF text=FF screen=00 engine=FF world=00 pxy=56,160
controls_down_before pc=96C4 exit=00 dialog=FF text=FF screen=00 engine=FF world=00 pxy=56,160
t5 pc=96C4 exit=00 dialog=FF text=FF screen=00 engine=FF world=00 pxy=56,160
controls_down_after pc=96C4 exit=00 dialog=FF text=FF screen=00 engine=FF world=00 pxy=56,160
controls_down_before pc=96C4 exit=00 dialog=FF text=FF screen=00 engine=FF world=00 pxy=56,160
controls_down_after pc=96C4 exit=00 dialog=FF text=FF screen=00 engine=FF world=00 pxy=56,160
controls_down_before pc=96C4 exit=00 dialog=FF text=FF screen=00 engine=FF world=00 pxy=56,160
t6 pc=96C4 exit=00 dialog=FF text=FF screen=00 engine=FF world=00 pxy=56,160
controls_down_after pc=96C4 exit=00 dialog=FF text=FF screen=00 engine=FF world=00 pxy=56,160
controls_done_before pc=96C4 exit=00 dialog=FF text=FF screen=00 engine=FF world=00 pxy=56,160
controls_done_after pc=45C0 exit=00 dialog=FF text=FF screen=00 engine=FF world=00 pxy=56,160
t7 pc=45C5 exit=00 dialog=FF text=FF screen=00 engine=FF world=00 pxy=56,160
t8 pc=45C7 exit=00 dialog=FF text=FF screen=00 engine=FF world=00 pxy=56,160
t9 pc=9E5D exit=00 dialog=FF text=FF screen=00 engine=FF world=00 pxy=56,160
t10 pc=9E5D exit=00 dialog=FF text=FF screen=00 engine=FF world=00 pxy=56,160
t11 pc=9E5D exit=00 dialog=FF text=FF screen=00 engine=FF world=00 pxy=56,160
t12 pc=9E5D exit=00 dialog=FF text=FF screen=00 engine=FF world=00 pxy=56,160
t13 pc=1994 exit=00 dialog=FF text=FF screen=00 engine=FF world=00 pxy=56,160
t14 pc=191C exit=00 dialog=FF text=FF screen=00 engine=FF world=00 pxy=56,160
t15 pc=9E5D exit=00 dialog=FF text=FF screen=00 engine=FF world=00 pxy=56,160
t16 pc=9E5D exit=00 dialog=FF text=FF screen=00 engine=FF world=00 pxy=56,160
t17 pc=9E5D exit=00 dialog=FF text=FF screen=00 engine=FF world=00 pxy=56,160
t18 pc=9E5D exit=00 dialog=FF text=FF screen=00 engine=FF world=00 pxy=56,160
shot_t18 pc=9E5D exit=00 dialog=FF text=FF screen=00 engine=FF world=00 pxy=56,160
SHOTOK t18_dialog_start.png
t19 pc=9E5D exit=00 dialog=FF text=FF screen=00 engine=FF world=00 pxy=56,160
t20 pc=9E5D exit=00 dialog=FF text=FF screen=00 engine=FF world=00 pxy=56,160
dialog_space20_before pc=9E5D exit=00 dialog=FF text=FF screen=00 engine=FF world=00 pxy=56,160
dialog_space20_after pc=9E5D exit=00 dialog=FF text=FF screen=00 engine=FF world=00 pxy=56,160
t21 pc=9E5D exit=00 dialog=FF text=FF screen=00 engine=FF world=00 pxy=56,160
t22 pc=9E5D exit=00 dialog=FF text=FF screen=00 engine=FF world=00 pxy=56,160
t23 pc=9E5D exit=00 dialog=FF text=FF screen=00 engine=FF world=00 pxy=56,160
dialog_space23_before pc=9E5D exit=00 dialog=FF text=FF screen=00 engine=FF world=00 pxy=56,160
dialog_space23_after pc=9E5D exit=00 dialog=FF text=FF screen=00 engine=FF world=00 pxy=56,160
t24 pc=9E5D exit=00 dialog=FF text=FF screen=00 engine=FF world=00 pxy=56,160
t25 pc=9E5D exit=00 dialog=FF text=FF screen=00 engine=FF world=00 pxy=56,160
t26 pc=9E5D exit=00 dialog=FF text=FF screen=00 engine=FF world=00 pxy=56,160
dialog_space26_before pc=9E5D exit=00 dialog=FF text=FF screen=00 engine=FF world=00 pxy=56,160
dialog_space26_after pc=9E5D exit=00 dialog=FF text=FF screen=00 engine=FF world=00 pxy=56,160
t27 pc=4982 exit=00 dialog=FF text=FF screen=00 engine=FF world=00 pxy=56,160
t28 pc=9E5D exit=00 dialog=FF text=FF screen=00 engine=FF world=00 pxy=56,160
t29 pc=9E5D exit=00 dialog=FF text=FF screen=00 engine=FF world=00 pxy=56,160
dialog_space29_before pc=9E5D exit=00 dialog=FF text=FF screen=00 engine=FF world=00 pxy=56,160
dialog_space29_after pc=9E5D exit=00 dialog=FF text=FF screen=00 engine=FF world=00 pxy=56,160
t30 pc=9E5D exit=00 dialog=FF text=FF screen=00 engine=FF world=00 pxy=56,160
shot_t30 pc=9E5D exit=00 dialog=FF text=FF screen=00 engine=FF world=00 pxy=56,160
SHOTOK t30_dialog_mid.png
t31 pc=9E5D exit=00 dialog=FF text=FF screen=00 engine=FF world=00 pxy=56,160
t32 pc=9E5D exit=00 dialog=FF text=FF screen=00 engine=FF world=00 pxy=56,160
dialog_space32_before pc=9E5D exit=00 dialog=FF text=FF screen=00 engine=FF world=00 pxy=56,160
dialog_space32_after pc=9E5D exit=00 dialog=FF text=FF screen=00 engine=FF world=00 pxy=56,160
t33 pc=9E5D exit=00 dialog=FF text=FF screen=00 engine=FF world=00 pxy=56,160
t34 pc=9E5D exit=00 dialog=FF text=FF screen=00 engine=FF world=00 pxy=56,160
t35 pc=9E5D exit=00 dialog=FF text=FF screen=00 engine=FF world=00 pxy=56,160
dialog_space35_before pc=9E5D exit=00 dialog=FF text=FF screen=00 engine=FF world=00 pxy=56,160
dialog_space35_after pc=9E5D exit=00 dialog=FF text=FF screen=00 engine=FF world=00 pxy=56,160
t36 pc=9E5D exit=00 dialog=FF text=FF screen=00 engine=FF world=00 pxy=56,160
t37 pc=9E5D exit=00 dialog=FF text=FF screen=00 engine=FF world=00 pxy=56,160
t38 pc=9E5D exit=00 dialog=FF text=FF screen=00 engine=FF world=00 pxy=56,160
dialog_space38_before pc=9E5D exit=00 dialog=FF text=FF screen=00 engine=FF world=00 pxy=56,160
dialog_space38_after pc=9E5D exit=00 dialog=FF text=FF screen=00 engine=FF world=00 pxy=56,160
t39 pc=9E5D exit=00 dialog=FF text=FF screen=00 engine=FF world=00 pxy=56,160
t40 pc=4996 exit=00 dialog=FF text=FF screen=00 engine=FF world=00 pxy=56,160
t41 pc=9E5D exit=00 dialog=FF text=FF screen=00 engine=FF world=00 pxy=56,160
dialog_space41_before pc=9E5D exit=00 dialog=FF text=FF screen=00 engine=FF world=00 pxy=56,160
dialog_space41_after pc=9E5D exit=00 dialog=FF text=FF screen=00 engine=FF world=00 pxy=56,160
t42 pc=9E5D exit=00 dialog=FF text=FF screen=00 engine=FF world=00 pxy=56,160
t43 pc=9E5D exit=00 dialog=FF text=FF screen=00 engine=FF world=00 pxy=56,160
shot_t43 pc=9E5D exit=00 dialog=FF text=FF screen=00 engine=FF world=00 pxy=56,160
SHOTOK t43_after_dialog.png
