t1 pc=108B exit=FF dialog=FF text=FF screen=FF engine=FF world=FF idx=FF pxy=65535,65535
t2 pc=108B exit=FF dialog=FF text=FF screen=FF engine=FF world=FF idx=FF pxy=65535,65535
presentation_space_before pc=108B exit=FF dialog=FF text=FF screen=FF engine=FF world=FF idx=FF pxy=65535,65535
presentation_space_after pc=108B exit=FF dialog=FF text=FF screen=FF engine=FF world=FF idx=FF pxy=65535,65535
t3 pc=40DC exit=00 dialog=FF text=FF screen=00 engine=FF world=00 idx=00 pxy=65535,65535
shot_t03 pc=40DC exit=00 dialog=FF text=FF screen=00 engine=FF world=00 idx=00 pxy=65535,65535
SHOT t03_presentation.png C:/Users/salam/Documents/Programacion/Mideas/server/temp/atenas116_dialog_probe2_shots/t03_presentation.png
t4 pc=96C4 exit=00 dialog=FF text=FF screen=00 engine=FF world=00 idx=00 pxy=56,160
controls_down_before pc=96C4 exit=00 dialog=FF text=FF screen=00 engine=FF world=00 idx=00 pxy=56,160
controls_down_after pc=96C4 exit=00 dialog=FF text=FF screen=00 engine=FF world=00 idx=00 pxy=56,160
controls_down_before pc=96C4 exit=00 dialog=FF text=FF screen=00 engine=FF world=00 idx=00 pxy=56,160
controls_down_after pc=96C4 exit=00 dialog=FF text=FF screen=00 engine=FF world=00 idx=00 pxy=56,160
controls_down_before pc=96C4 exit=00 dialog=FF text=FF screen=00 engine=FF world=00 idx=00 pxy=56,160
t5 pc=96C4 exit=00 dialog=FF text=FF screen=00 engine=FF world=00 idx=00 pxy=56,160
controls_down_after pc=96C4 exit=00 dialog=FF text=FF screen=00 engine=FF world=00 idx=00 pxy=56,160
controls_down_before pc=96C4 exit=00 dialog=FF text=FF screen=00 engine=FF world=00 idx=00 pxy=56,160
controls_down_after pc=96C4 exit=00 dialog=FF text=FF screen=00 engine=FF world=00 idx=00 pxy=56,160
t6 pc=6715 exit=00 dialog=FF text=FF screen=00 engine=FF world=00 idx=00 pxy=56,160
controls_done_before pc=6715 exit=00 dialog=FF text=FF screen=00 engine=FF world=00 idx=00 pxy=56,160
controls_done_after pc=459E exit=00 dialog=FF text=FF screen=00 engine=FF world=00 idx=00 pxy=56,160
t7 pc=9E23 exit=00 dialog=FF text=FF screen=00 engine=FF world=00 idx=00 pxy=56,160
shot_t07 pc=9E23 exit=00 dialog=FF text=FF screen=00 engine=FF world=00 idx=00 pxy=56,160
SHOT t07_after_controls.png C:/Users/salam/Documents/Programacion/Mideas/server/temp/atenas116_dialog_probe2_shots/t07_after_controls.png
t8 pc=9E5D exit=00 dialog=FF text=FF screen=00 engine=FF world=00 idx=00 pxy=56,160
t9 pc=9E5D exit=00 dialog=FF text=FF screen=00 engine=FF world=00 idx=00 pxy=56,160
t10 pc=9E5D exit=00 dialog=FF text=FF screen=00 engine=FF world=00 idx=00 pxy=56,160
dialog_space10_before pc=9E5D exit=00 dialog=FF text=FF screen=00 engine=FF world=00 idx=00 pxy=56,160
dialog_space10_after pc=9E5D exit=00 dialog=FF text=FF screen=00 engine=FF world=00 idx=00 pxy=56,160
t11 pc=9EE3 exit=00 dialog=FF text=FF screen=00 engine=FF world=00 idx=00 pxy=56,160
t12 pc=9AD7 exit=00 dialog=FF text=FF screen=00 engine=FF world=00 idx=00 pxy=56,160
dialog_space12_before pc=9AD7 exit=00 dialog=FF text=FF screen=00 engine=FF world=00 idx=00 pxy=56,160
shot_t12 pc=9AD7 exit=00 dialog=FF text=FF screen=00 engine=FF world=00 idx=00 pxy=56,160
SHOT t12_dialog.png C:/Users/salam/Documents/Programacion/Mideas/server/temp/atenas116_dialog_probe2_shots/t12_dialog.png
dialog_space12_after pc=9E23 exit=00 dialog=FF text=FF screen=00 engine=FF world=00 idx=00 pxy=56,160
t13 pc=47AB exit=00 dialog=FF text=FF screen=00 engine=01 world=00 idx=00 pxy=56,160
t14 pc=9E23 exit=00 dialog=FF text=FF screen=03 engine=01 world=01 idx=00 pxy=56,160
dialog_space14_before pc=9E23 exit=00 dialog=FF text=FF screen=03 engine=01 world=01 idx=00 pxy=56,160
dialog_space14_after pc=9E23 exit=00 dialog=FF text=FF screen=03 engine=01 world=01 idx=00 pxy=56,160
t15 pc=9F0E exit=00 dialog=FF text=FF screen=03 engine=01 world=01 idx=00 pxy=56,160
t16 pc=9F0E exit=00 dialog=FF text=FF screen=03 engine=01 world=01 idx=00 pxy=56,160
dialog_space16_before pc=9F0E exit=00 dialog=FF text=FF screen=03 engine=01 world=01 idx=00 pxy=56,160
dialog_space16_after pc=9F0E exit=00 dialog=FF text=FF screen=03 engine=01 world=01 idx=00 pxy=56,160
t17 pc=9F0E exit=00 dialog=01 text=01 screen=03 engine=01 world=01 idx=00 pxy=56,160
t18 pc=41BA exit=00 dialog=01 text=01 screen=03 engine=01 world=01 idx=00 pxy=56,160
dialog_space18_before pc=41BA exit=00 dialog=01 text=01 screen=03 engine=01 world=01 idx=00 pxy=56,160
dialog_space18_after pc=5207 exit=00 dialog=01 text=01 screen=03 engine=01 world=01 idx=00 pxy=56,160
t19 pc=40E0 exit=00 dialog=01 text=01 screen=03 engine=01 world=01 idx=00 pxy=56,160
t20 pc=9F0E exit=00 dialog=01 text=00 screen=03 engine=01 world=01 idx=00 pxy=56,160
dialog_space20_before pc=9F0E exit=00 dialog=01 text=00 screen=03 engine=01 world=01 idx=00 pxy=56,160
dialog_space20_after pc=9F0E exit=00 dialog=01 text=00 screen=03 engine=01 world=01 idx=00 pxy=56,160
t21 pc=9F0E exit=00 dialog=01 text=00 screen=03 engine=01 world=01 idx=00 pxy=56,160
t22 pc=9F0E exit=00 dialog=01 text=00 screen=03 engine=01 world=01 idx=00 pxy=56,160
dialog_space22_before pc=9F0E exit=00 dialog=01 text=00 screen=03 engine=01 world=01 idx=00 pxy=56,160
dialog_space22_after pc=9F0E exit=00 dialog=01 text=00 screen=03 engine=01 world=01 idx=00 pxy=56,160
t23 pc=9F0E exit=00 dialog=01 text=00 screen=03 engine=01 world=01 idx=00 pxy=56,160
t24 pc=9F0E exit=00 dialog=01 text=00 screen=03 engine=01 world=01 idx=00 pxy=56,160
dialog_space24_before pc=9F0E exit=00 dialog=01 text=00 screen=03 engine=01 world=01 idx=00 pxy=56,160
shot_t24 pc=9F0E exit=00 dialog=01 text=00 screen=03 engine=01 world=01 idx=00 pxy=56,160
SHOT t24_dialog.png C:/Users/salam/Documents/Programacion/Mideas/server/temp/atenas116_dialog_probe2_shots/t24_dialog.png
dialog_space24_after pc=1906 exit=00 dialog=01 text=00 screen=03 engine=01 world=01 idx=00 pxy=56,160
t25 pc=40DC exit=00 dialog=01 text=00 screen=03 engine=01 world=01 idx=00 pxy=56,160
t26 pc=9F0E exit=00 dialog=01 text=00 screen=03 engine=01 world=01 idx=00 pxy=56,160
dialog_space26_before pc=9F0E exit=00 dialog=01 text=00 screen=03 engine=01 world=01 idx=00 pxy=56,160
dialog_space26_after pc=9F0E exit=00 dialog=01 text=00 screen=03 engine=01 world=01 idx=00 pxy=56,160
t27 pc=9F0E exit=00 dialog=01 text=00 screen=03 engine=01 world=01 idx=00 pxy=56,160
t28 pc=9F0E exit=00 dialog=01 text=00 screen=03 engine=01 world=01 idx=00 pxy=56,160
dialog_space28_before pc=9F0E exit=00 dialog=01 text=00 screen=03 engine=01 world=01 idx=00 pxy=56,160
dialog_space28_after pc=9F0E exit=00 dialog=01 text=00 screen=03 engine=01 world=01 idx=00 pxy=56,160
t29 pc=9F0E exit=00 dialog=01 text=00 screen=03 engine=01 world=01 idx=00 pxy=56,160
t30 pc=9F0E exit=00 dialog=01 text=00 screen=03 engine=01 world=01 idx=00 pxy=56,160
dialog_space30_before pc=9F0E exit=00 dialog=01 text=00 screen=03 engine=01 world=01 idx=00 pxy=56,160
dialog_space30_after pc=9F0E exit=00 dialog=01 text=00 screen=03 engine=01 world=01 idx=00 pxy=56,160
t31 pc=19A0 exit=00 dialog=01 text=00 screen=03 engine=01 world=01 idx=00 pxy=56,160
t32 pc=9F0E exit=00 dialog=01 text=00 screen=03 engine=01 world=01 idx=00 pxy=56,160
dialog_space32_before pc=9F0E exit=00 dialog=01 text=00 screen=03 engine=01 world=01 idx=00 pxy=56,160
dialog_space32_after pc=9F0E exit=00 dialog=01 text=00 screen=03 engine=01 world=01 idx=00 pxy=56,160
t33 pc=9F0E exit=00 dialog=01 text=00 screen=03 engine=01 world=01 idx=00 pxy=56,160
t34 pc=9F0E exit=00 dialog=01 text=00 screen=03 engine=01 world=01 idx=00 pxy=56,160
dialog_space34_before pc=9F0E exit=00 dialog=01 text=00 screen=03 engine=01 world=01 idx=00 pxy=56,160
dialog_space34_after pc=9F0E exit=00 dialog=01 text=00 screen=03 engine=01 world=01 idx=00 pxy=56,160
t35 pc=9F0E exit=00 dialog=01 text=00 screen=03 engine=01 world=01 idx=00 pxy=56,160
t36 pc=9F0E exit=00 dialog=01 text=00 screen=03 engine=01 world=01 idx=00 pxy=56,160
dialog_space36_before pc=9F0E exit=00 dialog=01 text=00 screen=03 engine=01 world=01 idx=00 pxy=56,160
dialog_space36_after pc=9F0E exit=00 dialog=01 text=00 screen=03 engine=01 world=01 idx=00 pxy=56,160
t37 pc=1760 exit=00 dialog=01 text=00 screen=03 engine=01 world=01 idx=00 pxy=56,160
t38 pc=8F93 exit=00 dialog=01 text=00 screen=03 engine=01 world=01 idx=00 pxy=56,160
dialog_space38_before pc=8F93 exit=00 dialog=01 text=00 screen=03 engine=01 world=01 idx=00 pxy=56,160
dialog_space38_after pc=40E1 exit=00 dialog=01 text=00 screen=03 engine=01 world=01 idx=00 pxy=56,160
t39 pc=9F0E exit=00 dialog=01 text=00 screen=03 engine=01 world=01 idx=00 pxy=56,160
t40 pc=9F0E exit=00 dialog=01 text=00 screen=03 engine=01 world=01 idx=00 pxy=56,160
dialog_space40_before pc=9F0E exit=00 dialog=01 text=00 screen=03 engine=01 world=01 idx=00 pxy=56,160
shot_t40 pc=9F0E exit=00 dialog=01 text=00 screen=03 engine=01 world=01 idx=00 pxy=56,160
SHOT t40_after_dialog.png C:/Users/salam/Documents/Programacion/Mideas/server/temp/atenas116_dialog_probe2_shots/t40_after_dialog.png
dialog_space40_after pc=9F0E exit=00 dialog=01 text=00 screen=03 engine=01 world=01 idx=00 pxy=56,160
t41 pc=9F0E exit=00 dialog=01 text=00 screen=03 engine=01 world=01 idx=00 pxy=56,160
t42 pc=9F0E exit=00 dialog=01 text=00 screen=03 engine=01 world=01 idx=00 pxy=56,160
dialog_space42_before pc=9F0E exit=00 dialog=01 text=00 screen=03 engine=01 world=01 idx=00 pxy=56,160
dialog_space42_after pc=9F0E exit=00 dialog=01 text=00 screen=03 engine=01 world=01 idx=00 pxy=56,160
t43 pc=18EE exit=00 dialog=01 text=00 screen=03 engine=01 world=01 idx=00 pxy=56,160
