t1 pc=811D sp=F2F6 exit=04 sel=33 ac=00 ae=00 aew=00 dialog=00 text=00 screen=00 engine=00 world=00 smptr=3333 smtim=0033 pxy=0,0
t2 pc=1130 sp=F2FE exit=04 sel=33 ac=00 ae=00 aew=00 dialog=00 text=00 screen=00 engine=00 world=00 smptr=3333 smtim=0033 pxy=0,0
t3 pc=1130 sp=F2FE exit=04 sel=33 ac=00 ae=00 aew=00 dialog=00 text=00 screen=00 engine=00 world=00 smptr=3333 smtim=0033 pxy=0,0
t4 pc=40DB sp=F36A exit=00 sel=33 ac=00 ae=00 aew=00 dialog=00 text=00 screen=00 engine=00 world=00 smptr=3333 smtim=0033 pxy=0,0
t5 pc=96CB sp=F37C exit=00 sel=33 ac=00 ae=00 aew=00 dialog=00 text=00 screen=00 engine=00 world=00 smptr=95AF smtim=0000 pxy=56,160
shot_t05 pc=96CB sp=F37C exit=00 sel=33 ac=00 ae=00 aew=00 dialog=00 text=00 screen=00 engine=00 world=00 smptr=95AF smtim=0000 pxy=56,160
SHOTOK t05_controls.png
t6 pc=96CB sp=F37C exit=00 sel=33 ac=00 ae=00 aew=00 dialog=00 text=00 screen=00 engine=00 world=00 smptr=95AF smtim=0000 pxy=56,160
controls_done1_forced_done pc=96CB sp=F37C exit=00 sel=04 ac=00 ae=00 aew=00 dialog=00 text=00 screen=00 engine=00 world=00 smptr=95AF smtim=0000 pxy=56,160
controls_done1_before pc=96CB sp=F37C exit=00 sel=04 ac=00 ae=00 aew=00 dialog=00 text=00 screen=00 engine=00 world=00 smptr=95AF smtim=0000 pxy=56,160
controls_done1_after pc=45C3 sp=F366 exit=00 sel=04 ac=00 ae=00 aew=00 dialog=00 text=00 screen=00 engine=00 world=00 smptr=95AF smtim=0000 pxy=56,160
t7 pc=9E2A sp=F378 exit=00 sel=04 ac=00 ae=00 aew=00 dialog=00 text=00 screen=00 engine=00 world=00 smptr=95AF smtim=0000 pxy=56,160
t8 pc=9E64 sp=F376 exit=00 sel=00 ac=00 ae=00 aew=00 dialog=00 text=00 screen=00 engine=00 world=00 smptr=95AF smtim=0000 pxy=56,160
controls_done2_forced_done pc=9E64 sp=F376 exit=00 sel=04 ac=00 ae=00 aew=00 dialog=00 text=00 screen=00 engine=00 world=00 smptr=95AF smtim=0000 pxy=56,160
controls_done2_before pc=9E64 sp=F376 exit=00 sel=04 ac=00 ae=00 aew=00 dialog=00 text=00 screen=00 engine=00 world=00 smptr=95AF smtim=0000 pxy=56,160
controls_done2_after pc=9E2A sp=F378 exit=00 sel=04 ac=00 ae=00 aew=00 dialog=00 text=00 screen=00 engine=00 world=00 smptr=95AF smtim=0000 pxy=56,160
t9 pc=9E2A sp=F378 exit=00 sel=04 ac=00 ae=00 aew=00 dialog=00 text=00 screen=00 engine=00 world=00 smptr=95AF smtim=0000 pxy=56,160
t10 pc=4108 sp=F35A exit=00 sel=04 ac=00 ae=00 aew=00 dialog=00 text=00 screen=00 engine=01 world=00 smptr=95AF smtim=0000 pxy=56,160
shot_t10 pc=4108 sp=F35A exit=00 sel=04 ac=00 ae=00 aew=00 dialog=00 text=00 screen=00 engine=01 world=00 smptr=95AF smtim=0000 pxy=56,160
SHOTOK t10_after_done.png
t11 pc=9E2A sp=F378 exit=00 sel=04 ac=00 ae=00 aew=00 dialog=00 text=00 screen=03 engine=01 world=01 smptr=95AF smtim=0000 pxy=56,160
t12 pc=7C19 sp=F37A exit=00 sel=04 ac=01 ae=00 aew=00 dialog=00 text=00 screen=03 engine=01 world=01 smptr=95AF smtim=0000 pxy=56,160
t13 pc=1A48 sp=F364 exit=00 sel=04 ac=01 ae=00 aew=00 dialog=01 text=01 screen=03 engine=01 world=01 smptr=95AF smtim=0000 pxy=56,160
t14 pc=19D0 sp=F366 exit=00 sel=04 ac=01 ae=00 aew=00 dialog=01 text=01 screen=03 engine=01 world=01 smptr=95AF smtim=0000 pxy=56,160
t15 pc=9F15 sp=F37C exit=00 sel=04 ac=01 ae=00 aew=00 dialog=01 text=01 screen=03 engine=01 world=01 smptr=95AF smtim=0000 pxy=56,160
t16 pc=9F15 sp=F37C exit=00 sel=04 ac=01 ae=00 aew=00 dialog=01 text=00 screen=03 engine=01 world=01 smptr=95AF smtim=0000 pxy=56,160
shot_t16 pc=9F15 sp=F37C exit=00 sel=04 ac=01 ae=00 aew=00 dialog=01 text=00 screen=03 engine=01 world=01 smptr=95AF smtim=0000 pxy=56,160
SHOTOK t16_dialog_or_world.png
t17 pc=9F15 sp=F37C exit=00 sel=04 ac=01 ae=00 aew=00 dialog=01 text=00 screen=03 engine=01 world=01 smptr=95AF smtim=0000 pxy=56,160
t18 pc=9F15 sp=F37C exit=00 sel=04 ac=01 ae=00 aew=00 dialog=01 text=00 screen=03 engine=01 world=01 smptr=95AF smtim=0000 pxy=56,160
t19 pc=9F15 sp=F37C exit=00 sel=04 ac=01 ae=00 aew=00 dialog=01 text=00 screen=03 engine=01 world=01 smptr=95AF smtim=0000 pxy=56,160
t20 pc=9F15 sp=F37C exit=00 sel=04 ac=01 ae=00 aew=00 dialog=01 text=00 screen=03 engine=01 world=01 smptr=95AF smtim=0000 pxy=56,160
dialog_space20_before pc=9F15 sp=F37C exit=00 sel=04 ac=01 ae=00 aew=00 dialog=01 text=00 screen=03 engine=01 world=01 smptr=95AF smtim=0000 pxy=56,160
dialog_space20_after pc=9F15 sp=F37C exit=00 sel=04 ac=01 ae=00 aew=00 dialog=01 text=01 screen=03 engine=01 world=01 smptr=95AF smtim=0000 pxy=56,160
t21 pc=9F15 sp=F37C exit=00 sel=04 ac=01 ae=00 aew=00 dialog=01 text=01 screen=03 engine=01 world=01 smptr=95AF smtim=0000 pxy=56,160
t22 pc=9F15 sp=F37C exit=00 sel=04 ac=01 ae=00 aew=00 dialog=01 text=01 screen=03 engine=01 world=01 smptr=95AF smtim=0000 pxy=56,160
t23 pc=9F15 sp=F37C exit=00 sel=04 ac=01 ae=00 aew=00 dialog=01 text=01 screen=03 engine=01 world=01 smptr=95AF smtim=0000 pxy=56,160
t24 pc=40DF sp=F378 exit=00 sel=04 ac=01 ae=00 aew=00 dialog=01 text=00 screen=03 engine=01 world=01 smptr=95AF smtim=0000 pxy=56,160
dialog_space24_before pc=40DF sp=F378 exit=00 sel=04 ac=01 ae=00 aew=00 dialog=01 text=00 screen=03 engine=01 world=01 smptr=95AF smtim=0000 pxy=56,160
dialog_space24_after pc=40E0 sp=F378 exit=00 sel=04 ac=01 ae=00 aew=00 dialog=01 text=01 screen=03 engine=01 world=01 smptr=95AF smtim=0000 pxy=56,160
t25 pc=40DC sp=F378 exit=00 sel=04 ac=01 ae=00 aew=00 dialog=01 text=01 screen=03 engine=01 world=01 smptr=95AF smtim=0000 pxy=56,160
t26 pc=8976 sp=F374 exit=00 sel=04 ac=01 ae=00 aew=00 dialog=01 text=01 screen=03 engine=01 world=01 smptr=95AF smtim=0000 pxy=56,160
t27 pc=4984 sp=F358 exit=00 sel=04 ac=01 ae=00 aew=00 dialog=01 text=00 screen=03 engine=01 world=01 smptr=95AF smtim=0000 pxy=56,160
t28 pc=9F15 sp=F37C exit=00 sel=04 ac=01 ae=00 aew=00 dialog=01 text=00 screen=03 engine=01 world=01 smptr=95AF smtim=0000 pxy=56,160
dialog_space28_before pc=9F15 sp=F37C exit=00 sel=04 ac=01 ae=00 aew=00 dialog=01 text=00 screen=03 engine=01 world=01 smptr=95AF smtim=0000 pxy=56,160
dialog_space28_after pc=9F15 sp=F37C exit=00 sel=04 ac=01 ae=00 aew=00 dialog=01 text=01 screen=03 engine=01 world=01 smptr=95AF smtim=0000 pxy=56,160
t29 pc=9F15 sp=F37C exit=00 sel=04 ac=01 ae=00 aew=00 dialog=01 text=01 screen=03 engine=01 world=01 smptr=95AF smtim=0000 pxy=56,160
t30 pc=9F15 sp=F37C exit=00 sel=04 ac=01 ae=00 aew=00 dialog=01 text=01 screen=03 engine=01 world=01 smptr=95AF smtim=0000 pxy=56,160
t31 pc=9F15 sp=F37C exit=00 sel=04 ac=01 ae=00 aew=00 dialog=01 text=00 screen=03 engine=01 world=01 smptr=95AF smtim=0000 pxy=56,160
t32 pc=9F15 sp=F37C exit=00 sel=04 ac=01 ae=00 aew=00 dialog=01 text=00 screen=03 engine=01 world=01 smptr=95AF smtim=0000 pxy=56,160
dialog_space32_before pc=9F15 sp=F37C exit=00 sel=04 ac=01 ae=00 aew=00 dialog=01 text=00 screen=03 engine=01 world=01 smptr=95AF smtim=0000 pxy=56,160
dialog_space32_after pc=9F15 sp=F37C exit=00 sel=04 ac=01 ae=00 aew=00 dialog=01 text=01 screen=03 engine=01 world=01 smptr=95AF smtim=0000 pxy=56,160
t33 pc=9F15 sp=F37C exit=00 sel=04 ac=01 ae=00 aew=00 dialog=01 text=01 screen=03 engine=01 world=01 smptr=95AF smtim=0000 pxy=56,160
t34 pc=9F15 sp=F37C exit=00 sel=04 ac=01 ae=00 aew=00 dialog=01 text=01 screen=03 engine=01 world=01 smptr=95AF smtim=0000 pxy=56,160
t35 pc=9F15 sp=F37C exit=00 sel=04 ac=01 ae=00 aew=00 dialog=01 text=00 screen=03 engine=01 world=01 smptr=95AF smtim=0000 pxy=56,160
shot_t35 pc=9F15 sp=F37C exit=00 sel=04 ac=01 ae=00 aew=00 dialog=01 text=00 screen=03 engine=01 world=01 smptr=95AF smtim=0000 pxy=56,160
SHOTOK t35_mid.png
t36 pc=9F15 sp=F37C exit=00 sel=04 ac=01 ae=00 aew=00 dialog=01 text=00 screen=03 engine=01 world=01 smptr=95AF smtim=0000 pxy=56,160
dialog_space36_before pc=9F15 sp=F37C exit=00 sel=04 ac=01 ae=00 aew=00 dialog=01 text=00 screen=03 engine=01 world=01 smptr=95AF smtim=0000 pxy=56,160
dialog_space36_after pc=536E sp=F378 exit=00 sel=04 ac=00 ae=00 aew=00 dialog=00 text=00 screen=03 engine=01 world=01 smptr=95AF smtim=001F pxy=56,160
t37 pc=40DB sp=F378 exit=00 sel=04 ac=00 ae=00 aew=00 dialog=00 text=00 screen=03 engine=01 world=01 smptr=95AF smtim=003A pxy=56,160
t38 pc=40E1 sp=F378 exit=00 sel=04 ac=00 ae=00 aew=00 dialog=00 text=00 screen=03 engine=01 world=01 smptr=95AF smtim=0076 pxy=56,160
t39 pc=68E9 sp=F374 exit=00 sel=04 ac=00 ae=00 aew=00 dialog=00 text=00 screen=03 engine=01 world=01 smptr=95AF smtim=00B1 pxy=56,160
t40 pc=45CF sp=F35E exit=01 sel=04 ac=00 ae=00 aew=00 dialog=00 text=00 screen=03 engine=01 world=01 smptr=95BF smtim=0000 pxy=56,160
dialog_space40_before pc=45CF sp=F35E exit=01 sel=04 ac=00 ae=00 aew=00 dialog=00 text=00 screen=03 engine=01 world=01 smptr=95BF smtim=0000 pxy=56,160
dialog_space40_after pc=4106 sp=F35A exit=01 sel=04 ac=00 ae=00 aew=00 dialog=00 text=00 screen=03 engine=00 world=01 smptr=95BF smtim=0000 pxy=56,160
t41 pc=47D2 sp=F358 exit=01 sel=04 ac=00 ae=00 aew=00 dialog=00 text=00 screen=03 engine=00 world=01 smptr=95BF smtim=0000 pxy=56,160
t42 pc=9F15 sp=F37C exit=00 sel=04 ac=00 ae=00 aew=00 dialog=00 text=00 screen=01 engine=00 world=00 smptr=95BF smtim=0000 pxy=56,160
t43 pc=9F15 sp=F37C exit=00 sel=04 ac=00 ae=00 aew=00 dialog=00 text=00 screen=01 engine=00 world=00 smptr=95BF smtim=0000 pxy=56,160
t44 pc=9F15 sp=F37C exit=00 sel=04 ac=00 ae=00 aew=00 dialog=00 text=00 screen=01 engine=00 world=00 smptr=95BF smtim=0000 pxy=56,160
dialog_space44_before pc=9F15 sp=F37C exit=00 sel=04 ac=00 ae=00 aew=00 dialog=00 text=00 screen=01 engine=00 world=00 smptr=95BF smtim=0000 pxy=56,160
dialog_space44_after pc=5369 sp=F37A exit=00 sel=04 ac=00 ae=00 aew=00 dialog=00 text=00 screen=01 engine=00 world=00 smptr=95BF smtim=0000 pxy=56,156
t45 pc=40DF sp=F378 exit=00 sel=04 ac=00 ae=00 aew=00 dialog=00 text=00 screen=01 engine=00 world=00 smptr=95BF smtim=0000 pxy=56,160
t46 pc=40DF sp=F378 exit=00 sel=04 ac=00 ae=00 aew=00 dialog=00 text=00 screen=01 engine=00 world=00 smptr=95BF smtim=0000 pxy=56,160
t47 pc=8DFB sp=F37A exit=00 sel=04 ac=00 ae=00 aew=00 dialog=00 text=00 screen=01 engine=00 world=00 smptr=95BF smtim=0000 pxy=56,160
t48 pc=75D2 sp=F374 exit=00 sel=04 ac=00 ae=00 aew=00 dialog=00 text=00 screen=01 engine=00 world=00 smptr=95BF smtim=0000 pxy=56,160
dialog_space48_before pc=75D2 sp=F374 exit=00 sel=04 ac=00 ae=00 aew=00 dialog=00 text=00 screen=01 engine=00 world=00 smptr=95BF smtim=0000 pxy=56,160
dialog_space48_after pc=72E6 sp=F372 exit=00 sel=04 ac=00 ae=00 aew=00 dialog=00 text=00 screen=01 engine=00 world=00 smptr=95BF smtim=0000 pxy=56,156
t49 pc=7589 sp=F372 exit=00 sel=04 ac=00 ae=00 aew=00 dialog=00 text=00 screen=01 engine=00 world=00 smptr=95BF smtim=0000 pxy=56,160
t50 pc=6FC5 sp=F376 exit=00 sel=04 ac=00 ae=00 aew=00 dialog=00 text=00 screen=01 engine=00 world=00 smptr=95BF smtim=0000 pxy=56,160
shot_t50 pc=6FC5 sp=F376 exit=00 sel=04 ac=00 ae=00 aew=00 dialog=00 text=00 screen=01 engine=00 world=00 smptr=95BF smtim=0000 pxy=56,160
SHOTOK t50_late.png
shot_t50 pc=6FC5 sp=F376 exit=00 sel=04 ac=00 ae=00 aew=00 dialog=00 text=00 screen=01 engine=00 world=00 smptr=95BF smtim=0000 pxy=56,160
SHOTOK t50_final.png
