t1 pc=811D exit=04 dialog=00 text=00 screen=00 engine=00 world=00 pxy=0,0
t2 pc=1130 exit=04 dialog=00 text=00 screen=00 engine=00 world=00 pxy=0,0
t3 pc=1130 exit=04 dialog=00 text=00 screen=00 engine=00 world=00 pxy=0,0
t4 pc=40E2 exit=00 dialog=00 text=00 screen=00 engine=00 world=00 pxy=0,0
t5 pc=96C4 exit=00 dialog=00 text=00 screen=00 engine=00 world=00 pxy=56,160
t6 pc=96C4 exit=00 dialog=00 text=00 screen=00 engine=00 world=00 pxy=56,160
t7 pc=96C4 exit=00 dialog=00 text=00 screen=00 engine=00 world=00 pxy=56,160
presentation_space_before pc=96C4 exit=00 dialog=00 text=00 screen=00 engine=00 world=00 pxy=56,160
t8 pc=96C4 exit=00 dialog=00 text=00 screen=00 engine=00 world=00 pxy=56,160
t9 pc=96C4 exit=00 dialog=00 text=00 screen=00 engine=00 world=00 pxy=56,160
controls_down_before pc=96C4 exit=00 dialog=00 text=00 screen=00 engine=00 world=00 pxy=56,160
controls_down_before pc=96C4 exit=00 dialog=00 text=00 screen=00 engine=00 world=00 pxy=56,160
t10 pc=96C4 exit=00 dialog=00 text=00 screen=00 engine=00 world=00 pxy=56,160
controls_down_before pc=96C4 exit=00 dialog=00 text=00 screen=00 engine=00 world=00 pxy=56,160
controls_down_before pc=6031 exit=00 dialog=00 text=00 screen=00 engine=00 world=00 pxy=56,160
t11 pc=62E1 exit=00 dialog=00 text=00 screen=00 engine=00 world=00 pxy=56,160
t12 pc=6339 exit=00 dialog=00 text=00 screen=00 engine=00 world=00 pxy=56,160
controls_done_before pc=6699 exit=00 dialog=00 text=00 screen=00 engine=00 world=00 pxy=56,160
t13 pc=1A48 exit=00 dialog=00 text=00 screen=00 engine=00 world=00 pxy=56,160
t14 pc=19D0 exit=00 dialog=00 text=00 screen=00 engine=00 world=00 pxy=56,160
t15 pc=96C4 exit=00 dialog=00 text=00 screen=00 engine=00 world=00 pxy=56,160
t16 pc=96C4 exit=00 dialog=00 text=00 screen=00 engine=00 world=00 pxy=56,160
t17 pc=96C4 exit=00 dialog=00 text=00 screen=00 engine=00 world=00 pxy=56,160
t18 pc=96C4 exit=00 dialog=00 text=00 screen=00 engine=00 world=00 pxy=56,160
t19 pc=96C4 exit=00 dialog=00 text=00 screen=00 engine=00 world=00 pxy=56,160
shot_t19 pc=96C4 exit=00 dialog=00 text=00 screen=00 engine=00 world=00 pxy=56,160
SHOTOK t19_dialog_start.png
t20 pc=96C4 exit=00 dialog=00 text=00 screen=00 engine=00 world=00 pxy=56,160
t21 pc=96C4 exit=00 dialog=00 text=00 screen=00 engine=00 world=00 pxy=56,160
t22 pc=96C4 exit=00 dialog=00 text=00 screen=00 engine=00 world=00 pxy=56,160
t23 pc=96C4 exit=00 dialog=00 text=00 screen=00 engine=00 world=00 pxy=56,160
t24 pc=96C4 exit=00 dialog=00 text=00 screen=00 engine=00 world=00 pxy=56,160
dialog_space24_before pc=96C4 exit=00 dialog=00 text=00 screen=00 engine=00 world=00 pxy=56,160
t25 pc=65C8 exit=00 dialog=00 text=00 screen=00 engine=00 world=00 pxy=56,160
t26 pc=62CD exit=00 dialog=00 text=00 screen=00 engine=00 world=00 pxy=56,160
t27 pc=4982 exit=00 dialog=00 text=00 screen=00 engine=00 world=00 pxy=56,160
dialog_space27_before pc=4982 exit=00 dialog=00 text=00 screen=00 engine=00 world=00 pxy=56,160
t28 pc=96D4 exit=00 dialog=00 text=00 screen=00 engine=00 world=00 pxy=56,160
t29 pc=96D4 exit=00 dialog=00 text=00 screen=00 engine=00 world=00 pxy=56,160
t30 pc=96D4 exit=00 dialog=00 text=00 screen=00 engine=00 world=00 pxy=56,160
dialog_space30_before pc=96D4 exit=00 dialog=00 text=00 screen=00 engine=00 world=00 pxy=56,160
t31 pc=96D4 exit=00 dialog=00 text=00 screen=00 engine=00 world=00 pxy=56,160
shot_t31 pc=96D4 exit=00 dialog=00 text=00 screen=00 engine=00 world=00 pxy=56,160
SHOTOK t31_dialog_mid.png
t32 pc=96D4 exit=00 dialog=00 text=00 screen=00 engine=00 world=00 pxy=56,160
t33 pc=96D4 exit=00 dialog=00 text=00 screen=00 engine=00 world=00 pxy=56,160
dialog_space33_before pc=96D4 exit=00 dialog=00 text=00 screen=00 engine=00 world=00 pxy=56,160
t34 pc=96D4 exit=00 dialog=00 text=00 screen=00 engine=00 world=00 pxy=56,160
t35 pc=96D4 exit=00 dialog=00 text=00 screen=00 engine=00 world=00 pxy=56,160
t36 pc=96D4 exit=00 dialog=00 text=00 screen=00 engine=00 world=00 pxy=56,160
dialog_space36_before pc=96D4 exit=00 dialog=00 text=00 screen=00 engine=00 world=00 pxy=56,160
t37 pc=91C3 exit=00 dialog=00 text=00 screen=00 engine=00 world=00 pxy=56,160
t38 pc=96D4 exit=00 dialog=00 text=00 screen=00 engine=00 world=00 pxy=56,160
t39 pc=62BE exit=00 dialog=00 text=00 screen=00 engine=00 world=00 pxy=56,160
dialog_space39_before pc=62BE exit=00 dialog=00 text=00 screen=00 engine=00 world=00 pxy=56,160
t40 pc=4996 exit=00 dialog=00 text=00 screen=00 engine=00 world=00 pxy=56,160
t41 pc=96D4 exit=00 dialog=00 text=00 screen=00 engine=00 world=00 pxy=56,160
t42 pc=96D4 exit=00 dialog=00 text=00 screen=00 engine=00 world=00 pxy=56,160
dialog_space42_before pc=96D4 exit=00 dialog=00 text=00 screen=00 engine=00 world=00 pxy=56,160
t43 pc=96D4 exit=00 dialog=00 text=00 screen=00 engine=00 world=00 pxy=56,160
t44 pc=96D4 exit=00 dialog=00 text=00 screen=00 engine=00 world=00 pxy=56,160
t45 pc=96D4 exit=00 dialog=00 text=00 screen=00 engine=00 world=00 pxy=56,160
dialog_space45_before pc=96D4 exit=00 dialog=00 text=00 screen=00 engine=00 world=00 pxy=56,160
t46 pc=96D4 exit=00 dialog=00 text=00 screen=00 engine=00 world=00 pxy=56,160
shot_t46 pc=96D4 exit=00 dialog=00 text=00 screen=00 engine=00 world=00 pxy=56,160
SHOTOK t46_after_dialog.png
