t1 pc=108B acAct=FF op=FF wait=FF ptr=FFFF dialog=FF text=FF screen=FF engine=FF world=FF exit=FF pxy=65535,65535
t2 pc=108B acAct=FF op=FF wait=FF ptr=FFFF dialog=FF text=FF screen=FF engine=FF world=FF exit=FF pxy=65535,65535
presentation_space_before pc=108B acAct=FF op=FF wait=FF ptr=FFFF dialog=FF text=FF screen=FF engine=FF world=FF exit=FF pxy=65535,65535
presentation_space_after pc=108B acAct=FF op=FF wait=FF ptr=FFFF dialog=FF text=FF screen=FF engine=FF world=FF exit=FF pxy=65535,65535
t3 pc=40DC acAct=FF op=FF wait=FF ptr=FFFF dialog=FF text=FF screen=00 engine=FF world=00 exit=00 pxy=65535,65535
t4 pc=96C4 acAct=FF op=FF wait=FF ptr=FFFF dialog=FF text=FF screen=00 engine=FF world=00 exit=00 pxy=56,160
controls_down_before pc=96C4 acAct=FF op=FF wait=FF ptr=FFFF dialog=FF text=FF screen=00 engine=FF world=00 exit=00 pxy=56,160
controls_down_after pc=96C4 acAct=FF op=FF wait=FF ptr=FFFF dialog=FF text=FF screen=00 engine=FF world=00 exit=00 pxy=56,160
controls_down_before pc=96C4 acAct=FF op=FF wait=FF ptr=FFFF dialog=FF text=FF screen=00 engine=FF world=00 exit=00 pxy=56,160
controls_down_after pc=96C4 acAct=FF op=FF wait=FF ptr=FFFF dialog=FF text=FF screen=00 engine=FF world=00 exit=00 pxy=56,160
controls_down_before pc=96C4 acAct=FF op=FF wait=FF ptr=FFFF dialog=FF text=FF screen=00 engine=FF world=00 exit=00 pxy=56,160
t5 pc=96C4 acAct=FF op=FF wait=FF ptr=FFFF dialog=FF text=FF screen=00 engine=FF world=00 exit=00 pxy=56,160
controls_down_after pc=96C4 acAct=FF op=FF wait=FF ptr=FFFF dialog=FF text=FF screen=00 engine=FF world=00 exit=00 pxy=56,160
controls_down_before pc=96C4 acAct=FF op=FF wait=FF ptr=FFFF dialog=FF text=FF screen=00 engine=FF world=00 exit=00 pxy=56,160
controls_down_after pc=96C4 acAct=FF op=FF wait=FF ptr=FFFF dialog=FF text=FF screen=00 engine=FF world=00 exit=00 pxy=56,160
t6 pc=6715 acAct=FF op=FF wait=FF ptr=FFFF dialog=FF text=FF screen=00 engine=FF world=00 exit=00 pxy=56,160
controls_done_before pc=6715 acAct=FF op=FF wait=FF ptr=FFFF dialog=FF text=FF screen=00 engine=FF world=00 exit=00 pxy=56,160
controls_done_after pc=459E acAct=FF op=FF wait=FF ptr=FFFF dialog=FF text=FF screen=00 engine=FF world=00 exit=00 pxy=56,160
t7 pc=9E23 acAct=FF op=FF wait=FF ptr=FFFF dialog=FF text=FF screen=00 engine=FF world=00 exit=00 pxy=56,160
t8 pc=9E5D acAct=FF op=FF wait=FF ptr=FFFF dialog=FF text=FF screen=00 engine=FF world=00 exit=00 pxy=56,160
t9 pc=9E5D acAct=FF op=FF wait=FF ptr=FFFF dialog=FF text=FF screen=00 engine=FF world=00 exit=00 pxy=56,160
t10 pc=9E5D acAct=FF op=FF wait=FF ptr=FFFF dialog=FF text=FF screen=00 engine=FF world=00 exit=00 pxy=56,160
t11 pc=9EE3 acAct=FF op=FF wait=FF ptr=FFFF dialog=FF text=FF screen=00 engine=FF world=00 exit=00 pxy=56,160
t12 pc=4115 acAct=FF op=FF wait=FF ptr=FFFF dialog=FF text=FF screen=00 engine=FF world=00 exit=00 pxy=56,160
t13 pc=40E2 acAct=FF op=FF wait=FF ptr=FFFF dialog=FF text=FF screen=00 engine=FF world=00 exit=00 pxy=56,160
t14 pc=45A0 acAct=FF op=FF wait=FF ptr=FFFF dialog=FF text=FF screen=00 engine=01 world=00 exit=00 pxy=56,160
t15 pc=9F0E acAct=01 op=01 wait=00 ptr=81BD dialog=FF text=FF screen=03 engine=01 world=01 exit=00 pxy=56,160
t16 pc=9F0E acAct=01 op=01 wait=2D ptr=81BF dialog=FF text=FF screen=03 engine=01 world=01 exit=00 pxy=56,160
shot_t16 pc=9F0E acAct=01 op=01 wait=2D ptr=81BF dialog=FF text=FF screen=03 engine=01 world=01 exit=00 pxy=56,160
SHOT t16_dialog_start.png C:/Users/salam/Documents/Programacion/Mideas/server/temp/atenas117_msx1_probe_shots/t16_dialog_start.png
t17 pc=9F0E acAct=01 op=01 wait=BC ptr=81C5 dialog=01 text=01 screen=03 engine=01 world=01 exit=00 pxy=56,160
t18 pc=41BA acAct=01 op=01 wait=8A ptr=81C5 dialog=01 text=01 screen=03 engine=01 world=01 exit=00 pxy=56,160
t19 pc=40E1 acAct=01 op=01 wait=57 ptr=81C5 dialog=01 text=01 screen=03 engine=01 world=01 exit=00 pxy=56,160
t20 pc=9F0E acAct=01 op=01 wait=25 ptr=81C5 dialog=01 text=00 screen=03 engine=01 world=01 exit=00 pxy=56,160
t21 pc=9F0E acAct=01 op=01 wait=B3 ptr=81C9 dialog=01 text=01 screen=03 engine=01 world=01 exit=00 pxy=56,160
t22 pc=9F0E acAct=01 op=01 wait=81 ptr=81C9 dialog=01 text=01 screen=03 engine=01 world=01 exit=00 pxy=56,160
t23 pc=9F0E acAct=01 op=01 wait=4F ptr=81C9 dialog=01 text=01 screen=03 engine=01 world=01 exit=00 pxy=56,160
t24 pc=9F0E acAct=01 op=01 wait=1D ptr=81C9 dialog=01 text=01 screen=03 engine=01 world=01 exit=00 pxy=56,160
t25 pc=40DB acAct=01 op=01 wait=AA ptr=81CD dialog=01 text=01 screen=03 engine=01 world=01 exit=00 pxy=56,160
t26 pc=9F0E acAct=01 op=01 wait=78 ptr=81CD dialog=01 text=01 screen=03 engine=01 world=01 exit=00 pxy=56,160
t27 pc=9F0E acAct=01 op=01 wait=46 ptr=81CD dialog=01 text=01 screen=03 engine=01 world=01 exit=00 pxy=56,160
t28 pc=9F0E acAct=01 op=01 wait=14 ptr=81CD dialog=01 text=01 screen=03 engine=01 world=01 exit=00 pxy=56,160
t29 pc=9F0E acAct=01 op=01 wait=A2 ptr=81D1 dialog=01 text=01 screen=03 engine=01 world=01 exit=00 pxy=56,160
t30 pc=9F0E acAct=01 op=01 wait=70 ptr=81D1 dialog=01 text=01 screen=03 engine=01 world=01 exit=00 pxy=56,160
t31 pc=19A0 acAct=01 op=01 wait=3E ptr=81D1 dialog=01 text=00 screen=03 engine=01 world=01 exit=00 pxy=56,160
t32 pc=9F0E acAct=01 op=01 wait=0B ptr=81D1 dialog=01 text=00 screen=03 engine=01 world=01 exit=00 pxy=56,160
t33 pc=9F0E acAct=01 op=01 wait=99 ptr=81D5 dialog=01 text=01 screen=03 engine=01 world=01 exit=00 pxy=56,160
t34 pc=9F0E acAct=01 op=01 wait=67 ptr=81D5 dialog=01 text=01 screen=03 engine=01 world=01 exit=00 pxy=56,160
t35 pc=9F0E acAct=01 op=01 wait=35 ptr=81D5 dialog=01 text=00 screen=03 engine=01 world=01 exit=00 pxy=56,160
shot_t35 pc=9F0E acAct=01 op=01 wait=35 ptr=81D5 dialog=01 text=00 screen=03 engine=01 world=01 exit=00 pxy=56,160
SHOT t35_dialog_mid.png C:/Users/salam/Documents/Programacion/Mideas/server/temp/atenas117_msx1_probe_shots/t35_dialog_mid.png
t36 pc=9F0E acAct=01 op=01 wait=03 ptr=81D5 dialog=01 text=00 screen=03 engine=01 world=01 exit=00 pxy=56,160
t37 pc=1760 acAct=00 op=00 wait=00 ptr=81D9 dialog=00 text=00 screen=03 engine=01 world=01 exit=00 pxy=56,160
t38 pc=937A acAct=00 op=00 wait=00 ptr=81D9 dialog=00 text=00 screen=03 engine=01 world=01 exit=00 pxy=56,160
t39 pc=9F0E acAct=00 op=00 wait=00 ptr=81D9 dialog=00 text=00 screen=03 engine=01 world=01 exit=00 pxy=56,160
t40 pc=9F0E acAct=00 op=00 wait=00 ptr=81D9 dialog=00 text=00 screen=03 engine=01 world=01 exit=00 pxy=56,160
t41 pc=9F0E acAct=00 op=00 wait=00 ptr=81D9 dialog=00 text=00 screen=03 engine=01 world=01 exit=00 pxy=56,160
t42 pc=9F0E acAct=00 op=00 wait=00 ptr=81D9 dialog=00 text=00 screen=03 engine=01 world=01 exit=00 pxy=56,160
t43 pc=18EF acAct=00 op=00 wait=00 ptr=81D9 dialog=00 text=00 screen=03 engine=01 world=01 exit=00 pxy=56,160
t44 pc=40E1 acAct=00 op=00 wait=00 ptr=81D9 dialog=00 text=00 screen=03 engine=01 world=01 exit=00 pxy=56,160
t45 pc=41B7 acAct=00 op=00 wait=00 ptr=81D9 dialog=00 text=00 screen=03 engine=01 world=01 exit=00 pxy=56,160
t46 pc=9F0E acAct=00 op=00 wait=00 ptr=81D9 dialog=00 text=00 screen=03 engine=01 world=01 exit=00 pxy=56,160
t47 pc=9F0E acAct=00 op=00 wait=00 ptr=81D9 dialog=00 text=00 screen=03 engine=01 world=01 exit=00 pxy=56,160
t48 pc=9F0E acAct=00 op=00 wait=00 ptr=81D9 dialog=00 text=00 screen=03 engine=01 world=01 exit=00 pxy=56,160
shot_t48 pc=9F0E acAct=00 op=00 wait=00 ptr=81D9 dialog=00 text=00 screen=03 engine=01 world=01 exit=00 pxy=56,160
SHOT t48_after_dialog.png C:/Users/salam/Documents/Programacion/Mideas/server/temp/atenas117_msx1_probe_shots/t48_after_dialog.png
t49 pc=9F0E acAct=00 op=00 wait=00 ptr=81D9 dialog=00 text=00 screen=03 engine=01 world=01 exit=00 pxy=56,160
t50 pc=8E83 acAct=00 op=00 wait=00 ptr=81D9 dialog=00 text=00 screen=03 engine=01 world=01 exit=00 pxy=56,160
t51 pc=9F0E acAct=00 op=00 wait=00 ptr=81D9 dialog=00 text=00 screen=03 engine=01 world=01 exit=00 pxy=56,160
t52 pc=9F0E acAct=00 op=00 wait=00 ptr=81D9 dialog=00 text=00 screen=03 engine=01 world=01 exit=00 pxy=56,160
t53 pc=9F0E acAct=00 op=00 wait=00 ptr=81D9 dialog=00 text=00 screen=03 engine=01 world=01 exit=00 pxy=56,160
t54 pc=9F0E acAct=00 op=00 wait=00 ptr=81D9 dialog=00 text=00 screen=03 engine=01 world=01 exit=00 pxy=56,160
t55 pc=9F0E acAct=00 op=00 wait=00 ptr=81D9 dialog=00 text=00 screen=03 engine=01 world=01 exit=00 pxy=56,160
RIGHT_after_before pc=9F0E acAct=00 op=00 wait=00 ptr=81D9 dialog=00 text=00 screen=03 engine=01 world=01 exit=00 pxy=56,160
t56 pc=19A0 acAct=00 op=00 wait=00 ptr=81D9 dialog=00 text=00 screen=03 engine=01 world=01 exit=00 pxy=56,160
RIGHT_after_after pc=6163 acAct=00 op=00 wait=00 ptr=81D9 dialog=00 text=00 screen=03 engine=01 world=01 exit=00 pxy=56,160
t57 pc=40DC acAct=00 op=00 wait=00 ptr=81D9 dialog=00 text=00 screen=03 engine=01 world=01 exit=00 pxy=56,160
t58 pc=9F0E acAct=00 op=00 wait=00 ptr=81D9 dialog=00 text=00 screen=03 engine=01 world=01 exit=00 pxy=56,160
shot_t58 pc=9F0E acAct=00 op=00 wait=00 ptr=81D9 dialog=00 text=00 screen=03 engine=01 world=01 exit=00 pxy=56,160
SHOT t58_player.png C:/Users/salam/Documents/Programacion/Mideas/server/temp/atenas117_msx1_probe_shots/t58_player.png
t59 pc=9F0E acAct=00 op=00 wait=00 ptr=81D9 dialog=00 text=00 screen=03 engine=01 world=01 exit=00 pxy=56,160
t60 pc=9F0E acAct=00 op=00 wait=00 ptr=81D9 dialog=00 text=00 screen=03 engine=01 world=01 exit=00 pxy=56,160
t61 pc=9F0E acAct=00 op=00 wait=00 ptr=81D9 dialog=00 text=00 screen=03 engine=01 world=01 exit=00 pxy=56,160
t62 pc=195A acAct=00 op=00 wait=00 ptr=81D9 dialog=00 text=00 screen=03 engine=01 world=01 exit=00 pxy=56,160
t63 pc=56B7 acAct=00 op=00 wait=00 ptr=81D9 dialog=00 text=00 screen=03 engine=01 world=01 exit=00 pxy=56,160
t64 pc=9F0E acAct=00 op=00 wait=00 ptr=81D9 dialog=00 text=00 screen=03 engine=01 world=01 exit=00 pxy=56,160
t65 pc=9F0E acAct=00 op=00 wait=00 ptr=81D9 dialog=00 text=00 screen=03 engine=01 world=01 exit=00 pxy=56,160
shot_t65 pc=9F0E acAct=00 op=00 wait=00 ptr=81D9 dialog=00 text=00 screen=03 engine=01 world=01 exit=00 pxy=56,160
SHOT t65_final.png C:/Users/salam/Documents/Programacion/Mideas/server/temp/atenas117_msx1_probe_shots/t65_final.png
