t1 pc=108B exit=FF dialog=FF text=FF screen=FF engine=FF world=FF pxy=65535,65535
t2 pc=108B exit=FF dialog=FF text=FF screen=FF engine=FF world=FF pxy=65535,65535
presentation_space_before pc=108B exit=FF dialog=FF text=FF screen=FF engine=FF world=FF pxy=65535,65535
presentation_space_after pc=108B exit=FF dialog=FF text=FF screen=FF engine=FF world=FF pxy=65535,65535
t3 pc=40DC exit=00 dialog=FF text=FF screen=00 engine=FF world=00 pxy=65535,65535
t4 pc=96C4 exit=00 dialog=FF text=FF screen=00 engine=FF world=00 pxy=56,160
controls_down_before pc=96C4 exit=00 dialog=FF text=FF screen=00 engine=FF world=00 pxy=56,160
controls_down_after pc=96C4 exit=00 dialog=FF text=FF screen=00 engine=FF world=00 pxy=56,160
controls_down_before pc=96C4 exit=00 dialog=FF text=FF screen=00 engine=FF world=00 pxy=56,160
t5 pc=96C4 exit=00 dialog=FF text=FF screen=00 engine=FF world=00 pxy=56,160
controls_down_after pc=96C4 exit=00 dialog=FF text=FF screen=00 engine=FF world=00 pxy=56,160
controls_down_before pc=96C4 exit=00 dialog=FF text=FF screen=00 engine=FF world=00 pxy=56,160
controls_down_after pc=96C4 exit=00 dialog=FF text=FF screen=00 engine=FF world=00 pxy=56,160
controls_down_before pc=96C4 exit=00 dialog=FF text=FF screen=00 engine=FF world=00 pxy=56,160
t6 pc=6715 exit=00 dialog=FF text=FF screen=00 engine=FF world=00 pxy=56,160
controls_down_after pc=65C8 exit=00 dialog=FF text=FF screen=00 engine=FF world=00 pxy=56,160
controls_done_before pc=6031 exit=00 dialog=FF text=FF screen=00 engine=FF world=00 pxy=56,160
controls_done_after pc=45C5 exit=00 dialog=FF text=FF screen=00 engine=FF world=00 pxy=56,160
t7 pc=45A0 exit=00 dialog=FF text=FF screen=00 engine=FF world=00 pxy=56,160
t8 pc=9E23 exit=00 dialog=FF text=FF screen=00 engine=FF world=00 pxy=56,160
t9 pc=9E5D exit=00 dialog=FF text=FF screen=00 engine=FF world=00 pxy=56,160
t10 pc=9E5D exit=00 dialog=FF text=FF screen=00 engine=FF world=00 pxy=56,160
t11 pc=9E5D exit=00 dialog=FF text=FF screen=00 engine=FF world=00 pxy=56,160
t12 pc=986E exit=00 dialog=FF text=FF screen=00 engine=FF world=00 pxy=56,160
t13 pc=47C4 exit=00 dialog=FF text=FF screen=00 engine=01 world=00 pxy=56,160
t14 pc=9E23 exit=00 dialog=FF text=FF screen=03 engine=01 world=01 pxy=56,160
t15 pc=9F0E exit=00 dialog=FF text=FF screen=03 engine=01 world=01 pxy=56,160
t16 pc=9F0E exit=00 dialog=FF text=FF screen=03 engine=01 world=01 pxy=56,160
t17 pc=9F0E exit=00 dialog=01 text=01 screen=03 engine=01 world=01 pxy=56,160
t18 pc=41BC exit=00 dialog=01 text=01 screen=03 engine=01 world=01 pxy=56,160
shot_t18 pc=41BC exit=00 dialog=01 text=01 screen=03 engine=01 world=01 pxy=56,160
SHOTOK t18_dialog_start.png
t19 pc=40DB exit=00 dialog=01 text=00 screen=03 engine=01 world=01 pxy=56,160
t20 pc=9F0E exit=00 dialog=01 text=00 screen=03 engine=01 world=01 pxy=56,160
dialog_space20_before pc=9F0E exit=00 dialog=01 text=00 screen=03 engine=01 world=01 pxy=56,160
dialog_space20_after pc=9F0E exit=00 dialog=01 text=01 screen=03 engine=01 world=01 pxy=56,160
t21 pc=9F0E exit=00 dialog=01 text=01 screen=03 engine=01 world=01 pxy=56,160
t22 pc=9F0E exit=00 dialog=01 text=01 screen=03 engine=01 world=01 pxy=56,160
t23 pc=9F0E exit=00 dialog=01 text=01 screen=03 engine=01 world=01 pxy=56,160
dialog_space23_before pc=9F0E exit=00 dialog=01 text=01 screen=03 engine=01 world=01 pxy=56,160
dialog_space23_after pc=9F0E exit=00 dialog=01 text=01 screen=03 engine=01 world=01 pxy=56,160
t24 pc=9F0E exit=00 dialog=01 text=01 screen=03 engine=01 world=01 pxy=56,160
t25 pc=40DE exit=00 dialog=01 text=00 screen=03 engine=01 world=01 pxy=56,160
t26 pc=9F0E exit=00 dialog=01 text=00 screen=03 engine=01 world=01 pxy=56,160
dialog_space26_before pc=9F0E exit=00 dialog=01 text=00 screen=03 engine=01 world=01 pxy=56,160
dialog_space26_after pc=9F0E exit=00 dialog=01 text=01 screen=03 engine=01 world=01 pxy=56,160
t27 pc=9F0E exit=00 dialog=01 text=01 screen=03 engine=01 world=01 pxy=56,160
t28 pc=9F0E exit=00 dialog=01 text=01 screen=03 engine=01 world=01 pxy=56,160
t29 pc=9F0E exit=00 dialog=01 text=01 screen=03 engine=01 world=01 pxy=56,160
dialog_space29_before pc=9F0E exit=00 dialog=01 text=01 screen=03 engine=01 world=01 pxy=56,160
dialog_space29_after pc=9F0E exit=00 dialog=01 text=01 screen=03 engine=01 world=01 pxy=56,160
t30 pc=9F0E exit=00 dialog=01 text=00 screen=03 engine=01 world=01 pxy=56,160
shot_t30 pc=9F0E exit=00 dialog=01 text=00 screen=03 engine=01 world=01 pxy=56,160
SHOTOK t30_dialog_mid.png
t31 pc=199F exit=00 dialog=01 text=01 screen=03 engine=01 world=01 pxy=56,160
t32 pc=9F0E exit=00 dialog=01 text=01 screen=03 engine=01 world=01 pxy=56,160
dialog_space32_before pc=9F0E exit=00 dialog=01 text=01 screen=03 engine=01 world=01 pxy=56,160
dialog_space32_after pc=9F0E exit=00 dialog=01 text=01 screen=03 engine=01 world=01 pxy=56,160
t33 pc=9F0E exit=00 dialog=01 text=00 screen=03 engine=01 world=01 pxy=56,160
t34 pc=9F0E exit=00 dialog=01 text=01 screen=03 engine=01 world=01 pxy=56,160
t35 pc=9F0E exit=00 dialog=01 text=01 screen=03 engine=01 world=01 pxy=56,160
dialog_space35_before pc=9F0E exit=00 dialog=01 text=01 screen=03 engine=01 world=01 pxy=56,160
dialog_space35_after pc=9F0E exit=00 dialog=01 text=01 screen=03 engine=01 world=01 pxy=56,160
t36 pc=9F0E exit=00 dialog=01 text=00 screen=03 engine=01 world=01 pxy=56,160
t37 pc=1760 exit=00 dialog=00 text=00 screen=03 engine=01 world=01 pxy=56,160
t38 pc=9380 exit=00 dialog=00 text=00 screen=03 engine=01 world=01 pxy=56,160
dialog_space38_before pc=9380 exit=00 dialog=00 text=00 screen=03 engine=01 world=01 pxy=56,160
dialog_space38_after pc=9F0E exit=00 dialog=00 text=00 screen=03 engine=01 world=01 pxy=56,160
t39 pc=9F0E exit=00 dialog=00 text=00 screen=03 engine=01 world=01 pxy=56,160
t40 pc=9F0E exit=00 dialog=00 text=00 screen=03 engine=01 world=01 pxy=56,160
t41 pc=9F0E exit=00 dialog=00 text=00 screen=03 engine=01 world=01 pxy=56,160
dialog_space41_before pc=9F0E exit=00 dialog=00 text=00 screen=03 engine=01 world=01 pxy=56,160
dialog_space41_after pc=9F0E exit=00 dialog=00 text=00 screen=03 engine=01 world=01 pxy=56,160
t42 pc=9F0E exit=00 dialog=00 text=00 screen=03 engine=01 world=01 pxy=56,160
t43 pc=18EE exit=00 dialog=00 text=00 screen=03 engine=01 world=01 pxy=56,160
shot_t43 pc=18EE exit=00 dialog=00 text=00 screen=03 engine=01 world=01 pxy=56,160
SHOTOK t43_after_dialog.png
