T01 pc=8113 sp=F2F6 bank=00/00/00/00 flow=00 screen=00 irq=0000 inirq=00 music=00 muted=00 track=00 row=00 cd=00
SHOTOK t01.png
T02 pc=1130 sp=F2FE bank=00/00/00/00 flow=00 screen=00 irq=0000 inirq=00 music=00 muted=00 track=00 row=00 cd=00
T03 pc=1130 sp=F2FE bank=00/00/00/00 flow=00 screen=00 irq=0000 inirq=00 music=00 muted=00 track=00 row=00 cd=00
BP_INIT_4010 pc=4010 sp=F2EC bank=00/00/00/00 flow=00 screen=00 irq=0000 inirq=00 music=00 muted=00 track=00 row=00 cd=00
T04 pc=40E2 sp=F36A bank=12/02/03/03 flow=00 screen=00 irq=0001 inirq=00 music=00 muted=00 track=00 row=00 cd=00
BP_GAMEFLOW_MUSIC_6200 pc=6200 sp=F36C bank=0B/02/03/03 flow=00 screen=00 irq=0003 inirq=00 music=00 muted=00 track=00 row=00 cd=00
BP_MUSIC_EXEC_626C pc=626C sp=F36C bank=0B/02/03/03 flow=00 screen=00 irq=0003 inirq=00 music=00 muted=00 track=00 row=00 cd=00
BP_GAMEFLOW_MUSIC_6200 pc=6200 sp=F380 bank=01/02/03/03 flow=00 screen=00 irq=0005 inirq=00 music=00 muted=00 track=00 row=00 cd=00
BP_GAMEFLOW_MUSIC_6200 pc=6200 sp=F380 bank=01/02/03/03 flow=00 screen=00 irq=0005 inirq=00 music=00 muted=00 track=00 row=00 cd=00
BP_GAMEFLOW_MUSIC_6200 pc=6200 sp=F380 bank=01/02/03/03 flow=00 screen=00 irq=0005 inirq=00 music=00 muted=00 track=00 row=00 cd=00
BP_GAMEFLOW_MUSIC_6200 pc=6200 sp=F380 bank=01/02/03/03 flow=00 screen=00 irq=0005 inirq=00 music=00 muted=00 track=00 row=00 cd=00
BP_GAMEFLOW_MUSIC_6200 pc=6200 sp=F380 bank=01/02/03/03 flow=00 screen=00 irq=0005 inirq=00 music=00 muted=00 track=00 row=00 cd=00
BP_GAMEFLOW_MUSIC_6200 pc=6200 sp=F380 bank=01/02/03/03 flow=00 screen=00 irq=0005 inirq=00 music=00 muted=00 track=00 row=00 cd=00
BP_GAMEFLOW_MUSIC_6200 pc=6200 sp=F380 bank=01/02/03/03 flow=00 screen=00 irq=0005 inirq=00 music=00 muted=00 track=00 row=00 cd=00
BP_GAMEFLOW_MUSIC_6200 pc=6200 sp=F380 bank=01/02/03/03 flow=00 screen=00 irq=0005 inirq=00 music=00 muted=00 track=00 row=00 cd=00
BP_GAMEFLOW_MUSIC_6200 pc=6200 sp=F380 bank=01/02/03/03 flow=00 screen=00 irq=0005 inirq=00 music=00 muted=00 track=00 row=00 cd=00
BP_GAMEFLOW_MUSIC_6200 pc=6200 sp=F380 bank=01/02/03/03 flow=00 screen=00 irq=0005 inirq=00 music=00 muted=00 track=00 row=00 cd=00
BP_GAMEFLOW_MUSIC_6200 pc=6200 sp=F380 bank=01/02/03/03 flow=00 screen=00 irq=0005 inirq=00 music=00 muted=00 track=00 row=00 cd=00
BP_GAMEFLOW_MUSIC_6200 pc=6200 sp=F380 bank=01/02/03/03 flow=00 screen=00 irq=0005 inirq=00 music=00 muted=00 track=00 row=00 cd=00
BP_GAMEFLOW_MUSIC_6200 pc=6200 sp=F380 bank=01/02/03/03 flow=00 screen=00 irq=0005 inirq=00 music=00 muted=00 track=00 row=00 cd=00
BP_GAMEFLOW_MUSIC_6200 pc=6200 sp=F380 bank=01/02/03/03 flow=00 screen=00 irq=0005 inirq=00 music=00 muted=00 track=00 row=00 cd=00
BP_GAMEFLOW_MUSIC_6200 pc=6200 sp=F380 bank=01/02/03/03 flow=00 screen=00 irq=0005 inirq=00 music=00 muted=00 track=00 row=00 cd=00
BP_GAMEFLOW_MUSIC_6200 pc=6200 sp=F380 bank=01/02/03/03 flow=00 screen=00 irq=0005 inirq=00 music=00 muted=00 track=00 row=00 cd=00
BP_GAMEFLOW_MUSIC_6200 pc=6200 sp=F380 bank=01/02/03/03 flow=00 screen=00 irq=0005 inirq=00 music=00 muted=00 track=00 row=00 cd=00
BP_GAMEFLOW_MUSIC_6200 pc=6200 sp=F380 bank=01/02/03/03 flow=00 screen=00 irq=0005 inirq=00 music=00 muted=00 track=00 row=00 cd=00
BP_GAMEFLOW_MUSIC_6200 pc=6200 sp=F380 bank=01/02/03/03 flow=00 screen=00 irq=0005 inirq=00 music=00 muted=00 track=00 row=00 cd=00
BP_GAMEFLOW_MUSIC_6200 pc=6200 sp=F380 bank=01/02/03/03 flow=00 screen=00 irq=0005 inirq=00 music=00 muted=00 track=00 row=00 cd=00
BP_GAMEFLOW_MUSIC_6200 pc=6200 sp=F380 bank=01/02/03/03 flow=00 screen=00 irq=0005 inirq=00 music=00 muted=00 track=00 row=00 cd=00
BP_GAMEFLOW_MUSIC_6200 pc=6200 sp=F380 bank=01/02/03/03 flow=00 screen=00 irq=0005 inirq=00 music=00 muted=00 track=00 row=00 cd=00
BP_GAMEFLOW_MUSIC_6200 pc=6200 sp=F380 bank=01/02/03/03 flow=00 screen=00 irq=0005 inirq=00 music=00 muted=00 track=00 row=00 cd=00
BP_GAMEFLOW_MUSIC_6200 pc=6200 sp=F380 bank=01/02/03/03 flow=00 screen=00 irq=0005 inirq=00 music=00 muted=00 track=00 row=00 cd=00
BP_GAMEFLOW_MUSIC_6200 pc=6200 sp=F380 bank=01/02/03/03 flow=00 screen=00 irq=0005 inirq=00 music=00 muted=00 track=00 row=00 cd=00
BP_GAMEFLOW_MUSIC_6200 pc=6200 sp=F380 bank=01/02/03/03 flow=00 screen=00 irq=0005 inirq=00 music=00 muted=00 track=00 row=00 cd=00
BP_GAMEFLOW_MUSIC_6200 pc=6200 sp=F380 bank=01/02/03/03 flow=00 screen=00 irq=0005 inirq=00 music=00 muted=00 track=00 row=00 cd=00
BP_GAMEFLOW_MUSIC_6200 pc=6200 sp=F380 bank=01/02/03/03 flow=00 screen=00 irq=0005 inirq=00 music=00 muted=00 track=00 row=00 cd=00
BP_GAMEFLOW_MUSIC_6200 pc=6200 sp=F380 bank=01/02/03/03 flow=00 screen=00 irq=0005 inirq=00 music=00 muted=00 track=00 row=00 cd=00
BP_GAMEFLOW_MUSIC_6200 pc=6200 sp=F380 bank=01/02/03/03 flow=00 screen=00 irq=0005 inirq=00 music=00 muted=00 track=00 row=00 cd=00
BP_GAMEFLOW_MUSIC_6200 pc=6200 sp=F380 bank=01/02/03/03 flow=00 screen=00 irq=0005 inirq=00 music=00 muted=00 track=00 row=00 cd=00
BP_GAMEFLOW_MUSIC_6200 pc=6200 sp=F380 bank=01/02/03/03 flow=00 screen=00 irq=0005 inirq=00 music=00 muted=00 track=00 row=00 cd=00
BP_GAMEFLOW_MUSIC_6200 pc=6200 sp=F380 bank=01/02/03/03 flow=00 screen=00 irq=0005 inirq=00 music=00 muted=00 track=00 row=00 cd=00
BP_GAMEFLOW_MUSIC_6200 pc=6200 sp=F380 bank=01/02/03/03 flow=00 screen=00 irq=0005 inirq=00 music=00 muted=00 track=00 row=00 cd=00
BP_GAMEFLOW_MUSIC_6200 pc=6200 sp=F380 bank=01/02/03/03 flow=00 screen=00 irq=0005 inirq=00 music=00 muted=00 track=00 row=00 cd=00
BP_GAMEFLOW_MUSIC_6200 pc=6200 sp=F380 bank=01/02/03/03 flow=00 screen=00 irq=0005 inirq=00 music=00 muted=00 track=00 row=00 cd=00
BP_GAMEFLOW_MUSIC_6200 pc=6200 sp=F380 bank=01/02/03/03 flow=00 screen=00 irq=0005 inirq=00 music=00 muted=00 track=00 row=00 cd=00
BP_GAMEFLOW_MUSIC_6200 pc=6200 sp=F380 bank=01/02/03/03 flow=00 screen=00 irq=0005 inirq=00 music=00 muted=00 track=00 row=00 cd=00
BP_GAMEFLOW_MUSIC_6200 pc=6200 sp=F380 bank=01/02/03/03 flow=00 screen=00 irq=0005 inirq=00 music=00 muted=00 track=00 row=00 cd=00
BP_GAMEFLOW_MUSIC_6200 pc=6200 sp=F380 bank=01/02/03/03 flow=00 screen=00 irq=0005 inirq=00 music=00 muted=00 track=00 row=00 cd=00
BP_GAMEFLOW_MUSIC_6200 pc=6200 sp=F380 bank=01/02/03/03 flow=00 screen=00 irq=0005 inirq=00 music=00 muted=00 track=00 row=00 cd=00
BP_GAMEFLOW_MUSIC_6200 pc=6200 sp=F380 bank=01/02/03/03 flow=00 screen=00 irq=0005 inirq=00 music=00 muted=00 track=00 row=00 cd=00
BP_GAMEFLOW_MUSIC_6200 pc=6200 sp=F380 bank=01/02/03/03 flow=00 screen=00 irq=0005 inirq=00 music=00 muted=00 track=00 row=00 cd=00
BP_GAMEFLOW_MUSIC_6200 pc=6200 sp=F380 bank=01/02/03/03 flow=00 screen=00 irq=0005 inirq=00 music=00 muted=00 track=00 row=00 cd=00
BP_GAMEFLOW_MUSIC_6200 pc=6200 sp=F380 bank=01/02/03/03 flow=00 screen=00 irq=0005 inirq=00 music=00 muted=00 track=00 row=00 cd=00
BP_GAMEFLOW_MUSIC_6200 pc=6200 sp=F380 bank=01/02/03/03 flow=00 screen=00 irq=0005 inirq=00 music=00 muted=00 track=00 row=00 cd=00
BP_GAMEFLOW_MUSIC_6200 pc=6200 sp=F380 bank=01/02/03/03 flow=00 screen=00 irq=0005 inirq=00 music=00 muted=00 track=00 row=00 cd=00
BP_GAMEFLOW_MUSIC_6200 pc=6200 sp=F380 bank=01/02/03/03 flow=00 screen=00 irq=0005 inirq=00 music=00 muted=00 track=00 row=00 cd=00
BP_GAMEFLOW_MUSIC_6200 pc=6200 sp=F380 bank=01/02/03/03 flow=00 screen=00 irq=0005 inirq=00 music=00 muted=00 track=00 row=00 cd=00
BP_GAMEFLOW_MUSIC_6200 pc=6200 sp=F380 bank=01/02/03/03 flow=00 screen=00 irq=0005 inirq=00 music=00 muted=00 track=00 row=00 cd=00
BP_GAMEFLOW_MUSIC_6200 pc=6200 sp=F380 bank=01/02/03/03 flow=00 screen=00 irq=0005 inirq=00 music=00 muted=00 track=00 row=00 cd=00
BP_GAMEFLOW_MUSIC_6200 pc=6200 sp=F380 bank=01/02/03/03 flow=00 screen=00 irq=0005 inirq=00 music=00 muted=00 track=00 row=00 cd=00
BP_GAMEFLOW_MUSIC_6200 pc=6200 sp=F380 bank=01/02/03/03 flow=00 screen=00 irq=0005 inirq=00 music=00 muted=00 track=00 row=00 cd=00
BP_GAMEFLOW_MUSIC_6200 pc=6200 sp=F380 bank=01/02/03/03 flow=00 screen=00 irq=0005 inirq=00 music=00 muted=00 track=00 row=00 cd=00
BP_GAMEFLOW_MUSIC_6200 pc=6200 sp=F380 bank=01/02/03/03 flow=00 screen=00 irq=0005 inirq=00 music=00 muted=00 track=00 row=00 cd=00
BP_GAMEFLOW_MUSIC_6200 pc=6200 sp=F380 bank=01/02/03/03 flow=00 screen=00 irq=0005 inirq=00 music=00 muted=00 track=00 row=00 cd=00
BP_GAMEFLOW_MUSIC_6200 pc=6200 sp=F380 bank=01/02/03/03 flow=00 screen=00 irq=0005 inirq=00 music=00 muted=00 track=00 row=00 cd=00
BP_GAMEFLOW_MUSIC_6200 pc=6200 sp=F380 bank=01/02/03/03 flow=00 screen=00 irq=0005 inirq=00 music=00 muted=00 track=00 row=00 cd=00
BP_GAMEFLOW_MUSIC_6200 pc=6200 sp=F380 bank=01/02/03/03 flow=00 screen=00 irq=0005 inirq=00 music=00 muted=00 track=00 row=00 cd=00
BP_GAMEFLOW_MUSIC_6200 pc=6200 sp=F380 bank=01/02/03/03 flow=00 screen=00 irq=0005 inirq=00 music=00 muted=00 track=00 row=00 cd=00
BP_GAMEFLOW_MUSIC_6200 pc=6200 sp=F380 bank=01/02/03/03 flow=00 screen=00 irq=0005 inirq=00 music=00 muted=00 track=00 row=00 cd=00
BP_GAMEFLOW_MUSIC_6200 pc=6200 sp=F380 bank=01/02/03/03 flow=00 screen=00 irq=0005 inirq=00 music=00 muted=00 track=00 row=00 cd=00
BP_GAMEFLOW_MUSIC_6200 pc=6200 sp=F380 bank=01/02/03/03 flow=00 screen=00 irq=0005 inirq=00 music=00 muted=00 track=00 row=00 cd=00
BP_GAMEFLOW_MUSIC_6200 pc=6200 sp=F380 bank=01/02/03/03 flow=00 screen=00 irq=0005 inirq=00 music=00 muted=00 track=00 row=00 cd=00
BP_GAMEFLOW_MUSIC_6200 pc=6200 sp=F380 bank=01/02/03/03 flow=00 screen=00 irq=0005 inirq=00 music=00 muted=00 track=00 row=00 cd=00
BP_GAMEFLOW_MUSIC_6200 pc=6200 sp=F380 bank=01/02/03/03 flow=00 screen=00 irq=0005 inirq=00 music=00 muted=00 track=00 row=00 cd=00
BP_GAMEFLOW_MUSIC_6200 pc=6200 sp=F380 bank=01/02/03/03 flow=00 screen=00 irq=0005 inirq=00 music=00 muted=00 track=00 row=00 cd=00
BP_GAMEFLOW_MUSIC_6200 pc=6200 sp=F380 bank=01/02/03/03 flow=00 screen=00 irq=0005 inirq=00 music=00 muted=00 track=00 row=00 cd=00
BP_GAMEFLOW_MUSIC_6200 pc=6200 sp=F380 bank=01/02/03/03 flow=00 screen=00 irq=0005 inirq=00 music=00 muted=00 track=00 row=00 cd=00
BP_GAMEFLOW_MUSIC_6200 pc=6200 sp=F380 bank=01/02/03/03 flow=00 screen=00 irq=0005 inirq=00 music=00 muted=00 track=00 row=00 cd=00
BP_GAMEFLOW_MUSIC_6200 pc=6200 sp=F380 bank=01/02/03/03 flow=00 screen=00 irq=0005 inirq=00 music=00 muted=00 track=00 row=00 cd=00
BP_GAMEFLOW_MUSIC_6200 pc=6200 sp=F380 bank=01/02/03/03 flow=00 screen=00 irq=0005 inirq=00 music=00 muted=00 track=00 row=00 cd=00
BP_GAMEFLOW_MUSIC_6200 pc=6200 sp=F380 bank=01/02/03/03 flow=00 screen=00 irq=0005 inirq=00 music=00 muted=00 track=00 row=00 cd=00
BP_GAMEFLOW_MUSIC_6200 pc=6200 sp=F380 bank=01/02/03/03 flow=00 screen=00 irq=0005 inirq=00 music=00 muted=00 track=00 row=00 cd=00
BP_GAMEFLOW_MUSIC_6200 pc=6200 sp=F380 bank=01/02/03/03 flow=00 screen=00 irq=0005 inirq=00 music=00 muted=00 track=00 row=00 cd=00
BP_GAMEFLOW_MUSIC_6200 pc=6200 sp=F380 bank=01/02/03/03 flow=00 screen=00 irq=0005 inirq=00 music=00 muted=00 track=00 row=00 cd=00
BP_GAMEFLOW_MUSIC_6200 pc=6200 sp=F380 bank=01/02/03/03 flow=00 screen=00 irq=0005 inirq=00 music=00 muted=00 track=00 row=00 cd=00
BP_GAMEFLOW_MUSIC_6200 pc=6200 sp=F380 bank=01/02/03/03 flow=00 screen=00 irq=0005 inirq=00 music=00 muted=00 track=00 row=00 cd=00
BP_GAMEFLOW_MUSIC_6200 pc=6200 sp=F380 bank=01/02/03/03 flow=00 screen=00 irq=0005 inirq=00 music=00 muted=00 track=00 row=00 cd=00
BP_GAMEFLOW_MUSIC_6200 pc=6200 sp=F380 bank=01/02/03/03 flow=00 screen=00 irq=0005 inirq=00 music=00 muted=00 track=00 row=00 cd=00
BP_GAMEFLOW_MUSIC_6200 pc=6200 sp=F380 bank=01/02/03/03 flow=00 screen=00 irq=0005 inirq=00 music=00 muted=00 track=00 row=00 cd=00
BP_GAMEFLOW_MUSIC_6200 pc=6200 sp=F380 bank=01/02/03/03 flow=00 screen=00 irq=0005 inirq=00 music=00 muted=00 track=00 row=00 cd=00
BP_GAMEFLOW_MUSIC_6200 pc=6200 sp=F380 bank=01/02/03/03 flow=00 screen=00 irq=0005 inirq=00 music=00 muted=00 track=00 row=00 cd=00
BP_GAMEFLOW_MUSIC_6200 pc=6200 sp=F380 bank=01/02/03/03 flow=00 screen=00 irq=0005 inirq=00 music=00 muted=00 track=00 row=00 cd=00
BP_GAMEFLOW_MUSIC_6200 pc=6200 sp=F380 bank=01/02/03/03 flow=00 screen=00 irq=0005 inirq=00 music=00 muted=00 track=00 row=00 cd=00
BP_GAMEFLOW_MUSIC_6200 pc=6200 sp=F380 bank=01/02/03/03 flow=00 screen=00 irq=0005 inirq=00 music=00 muted=00 track=00 row=00 cd=00
BP_GAMEFLOW_MUSIC_6200 pc=6200 sp=F380 bank=01/02/03/03 flow=00 screen=00 irq=0005 inirq=00 music=00 muted=00 track=00 row=00 cd=00
BP_GAMEFLOW_MUSIC_6200 pc=6200 sp=F380 bank=01/02/03/03 flow=00 screen=00 irq=0005 inirq=00 music=00 muted=00 track=00 row=00 cd=00
BP_GAMEFLOW_MUSIC_6200 pc=6200 sp=F380 bank=01/02/03/03 flow=00 screen=00 irq=0005 inirq=00 music=00 muted=00 track=00 row=00 cd=00
BP_GAMEFLOW_MUSIC_6200 pc=6200 sp=F380 bank=01/02/03/03 flow=00 screen=00 irq=0005 inirq=00 music=00 muted=00 track=00 row=00 cd=00
BP_GAMEFLOW_MUSIC_6200 pc=6200 sp=F380 bank=01/02/03/03 flow=00 screen=00 irq=0005 inirq=00 music=00 muted=00 track=00 row=00 cd=00
BP_GAMEFLOW_MUSIC_6200 pc=6200 sp=F380 bank=01/02/03/03 flow=00 screen=00 irq=0005 inirq=00 music=00 muted=00 track=00 row=00 cd=00
BP_GAMEFLOW_MUSIC_6200 pc=6200 sp=F380 bank=01/02/03/03 flow=00 screen=00 irq=0005 inirq=00 music=00 muted=00 track=00 row=00 cd=00
BP_GAMEFLOW_MUSIC_6200 pc=6200 sp=F380 bank=01/02/03/03 flow=00 screen=00 irq=0005 inirq=00 music=00 muted=00 track=00 row=00 cd=00
BP_GAMEFLOW_MUSIC_6200 pc=6200 sp=F380 bank=01/02/03/03 flow=00 screen=00 irq=0005 inirq=00 music=00 muted=00 track=00 row=00 cd=00
BP_GAMEFLOW_MUSIC_6200 pc=6200 sp=F380 bank=01/02/03/03 flow=00 screen=00 irq=0005 inirq=00 music=00 muted=00 track=00 row=00 cd=00
BP_GAMEFLOW_MUSIC_6200 pc=6200 sp=F380 bank=01/02/03/03 flow=00 screen=00 irq=0005 inirq=00 music=00 muted=00 track=00 row=00 cd=00
BP_GAMEFLOW_MUSIC_6200 pc=6200 sp=F380 bank=01/02/03/03 flow=00 screen=00 irq=0005 inirq=00 music=00 muted=00 track=00 row=00 cd=00
BP_GAMEFLOW_MUSIC_6200 pc=6200 sp=F380 bank=01/02/03/03 flow=00 screen=00 irq=0005 inirq=00 music=00 muted=00 track=00 row=00 cd=00
BP_GAMEFLOW_MUSIC_6200 pc=6200 sp=F380 bank=01/02/03/03 flow=00 screen=00 irq=0005 inirq=00 music=00 muted=00 track=00 row=00 cd=00
BP_GAMEFLOW_MUSIC_6200 pc=6200 sp=F380 bank=01/02/03/03 flow=00 screen=00 irq=0005 inirq=00 music=00 muted=00 track=00 row=00 cd=00
BP_GAMEFLOW_MUSIC_6200 pc=6200 sp=F380 bank=01/02/03/03 flow=00 screen=00 irq=0005 inirq=00 music=00 muted=00 track=00 row=00 cd=00
BP_GAMEFLOW_MUSIC_6200 pc=6200 sp=F380 bank=01/02/03/03 flow=00 screen=00 irq=0006 inirq=00 music=00 muted=00 track=00 row=00 cd=00
BP_GAMEFLOW_MUSIC_6200 pc=6200 sp=F380 bank=01/02/03/03 flow=00 screen=00 irq=0006 inirq=00 music=00 muted=00 track=00 row=00 cd=00
BP_GAMEFLOW_MUSIC_6200 pc=6200 sp=F380 bank=01/02/03/03 flow=00 screen=00 irq=0006 inirq=00 music=00 muted=00 track=00 row=00 cd=00
BP_GAMEFLOW_MUSIC_6200 pc=6200 sp=F380 bank=01/02/03/03 flow=00 screen=00 irq=0006 inirq=00 music=00 muted=00 track=00 row=00 cd=00
BP_GAMEFLOW_MUSIC_6200 pc=6200 sp=F380 bank=01/02/03/03 flow=00 screen=00 irq=0006 inirq=00 music=00 muted=00 track=00 row=00 cd=00
BP_GAMEFLOW_MUSIC_6200 pc=6200 sp=F380 bank=01/02/03/03 flow=00 screen=00 irq=0006 inirq=00 music=00 muted=00 track=00 row=00 cd=00
BP_GAMEFLOW_MUSIC_6200 pc=6200 sp=F380 bank=01/02/03/03 flow=00 screen=00 irq=0006 inirq=00 music=00 muted=00 track=00 row=00 cd=00
BP_GAMEFLOW_MUSIC_6200 pc=6200 sp=F380 bank=01/02/03/03 flow=00 screen=00 irq=0006 inirq=00 music=00 muted=00 track=00 row=00 cd=00
BP_GAMEFLOW_MUSIC_6200 pc=6200 sp=F380 bank=01/02/03/03 flow=00 screen=00 irq=0006 inirq=00 music=00 muted=00 track=00 row=00 cd=00
BP_GAMEFLOW_MUSIC_6200 pc=6200 sp=F380 bank=01/02/03/03 flow=00 screen=00 irq=0006 inirq=00 music=00 muted=00 track=00 row=00 cd=00
BP_GAMEFLOW_MUSIC_6200 pc=6200 sp=F380 bank=01/02/03/03 flow=00 screen=00 irq=0006 inirq=00 music=00 muted=00 track=00 row=00 cd=00
BP_GAMEFLOW_MUSIC_6200 pc=6200 sp=F380 bank=01/02/03/03 flow=00 screen=00 irq=0006 inirq=00 music=00 muted=00 track=00 row=00 cd=00
BP_GAMEFLOW_MUSIC_6200 pc=6200 sp=F380 bank=01/02/03/03 flow=00 screen=00 irq=0006 inirq=00 music=00 muted=00 track=00 row=00 cd=00
T05 pc=CA29 sp=158C bank=01/02/03/03 flow=00 screen=00 irq=0006 inirq=00 music=00 muted=00 track=00 row=00 cd=00
T06 pc=CA29 sp=158C bank=01/02/03/03 flow=00 screen=00 irq=0006 inirq=00 music=00 muted=00 track=00 row=00 cd=00
SPACE1_before pc=CA29 sp=158C bank=01/02/03/03 flow=00 screen=00 irq=0006 inirq=00 music=00 muted=00 track=00 row=00 cd=00
SPACE1_after pc=CA29 sp=158C bank=01/02/03/03 flow=00 screen=00 irq=0006 inirq=00 music=00 muted=00 track=00 row=00 cd=00
T08 pc=CA29 sp=158C bank=01/02/03/03 flow=00 screen=00 irq=0006 inirq=00 music=00 muted=00 track=00 row=00 cd=00
SPACE2_before pc=CA29 sp=158C bank=01/02/03/03 flow=00 screen=00 irq=0006 inirq=00 music=00 muted=00 track=00 row=00 cd=00
SPACE2_after pc=CA29 sp=158C bank=01/02/03/03 flow=00 screen=00 irq=0006 inirq=00 music=00 muted=00 track=00 row=00 cd=00
T10 pc=CA29 sp=158C bank=01/02/03/03 flow=00 screen=00 irq=0006 inirq=00 music=00 muted=00 track=00 row=00 cd=00
SHOTOK t10.png
T12 pc=CA29 sp=158C bank=01/02/03/03 flow=00 screen=00 irq=0006 inirq=00 music=00 muted=00 track=00 row=00 cd=00
SHOTOK t12.png
T14 pc=CA29 sp=158C bank=01/02/03/03 flow=00 screen=00 irq=0006 inirq=00 music=00 muted=00 track=00 row=00 cd=00
T16 pc=CA29 sp=158C bank=01/02/03/03 flow=00 screen=00 irq=0006 inirq=00 music=00 muted=00 track=00 row=00 cd=00
SHOTOK t16.png
T18 pc=CA29 sp=158C bank=01/02/03/03 flow=00 screen=00 irq=0006 inirq=00 music=00 muted=00 track=00 row=00 cd=00
T20 pc=CA29 sp=158C bank=01/02/03/03 flow=00 screen=00 irq=0006 inirq=00 music=00 muted=00 track=00 row=00 cd=00
SHOTOK t20.png
