boot_3s input=00 prev=00 xy=51,0 v=EE/46 anim=51 tick=0 sprite=33 sm=3333
space1_before input=00 prev=00 xy=24,144 v=00/00 anim=1 tick=0 sprite=05 sm=002C
space1_after input=00 prev=00 xy=24,108 v=00/FF anim=1 tick=0 sprite=05 sm=002C
space2_before input=00 prev=00 xy=24,144 v=00/00 anim=1 tick=0 sprite=05 sm=002C
space2_after input=00 prev=00 xy=24,109 v=00/FF anim=1 tick=0 sprite=05 sm=002C
start input=00 prev=00 xy=24,144 v=00/00 anim=1 tick=0 sprite=05 sm=002C
SHOT atenas13_start.png
right_before input=00 prev=00 xy=24,144 v=00/00 anim=1 tick=0 sprite=05 sm=002C
right_held_035 input=03 prev=03 xy=34,144 v=00/00 anim=0 tick=4 sprite=01 sm=0041
right_held_075 input=03 prev=03 xy=34,144 v=00/00 anim=1 tick=4 sprite=01 sm=0041
right_held_115 input=03 prev=03 xy=34,144 v=00/00 anim=0 tick=4 sprite=01 sm=0041
right_shot input=03 prev=03 xy=34,144 v=00/00 anim=0 tick=7 sprite=01 sm=0041
SHOT atenas13_moving_right.png
right_released input=00 prev=00 xy=34,144 v=00/00 anim=1 tick=0 sprite=05 sm=002C
left_before input=00 prev=00 xy=34,144 v=00/00 anim=1 tick=0 sprite=05 sm=002C
left_held_035 input=07 prev=07 xy=6,144 v=00/00 anim=0 tick=4 sprite=07 sm=0041
left_held_075 input=07 prev=07 xy=6,144 v=00/00 anim=1 tick=4 sprite=07 sm=0041
left_held_115 input=07 prev=07 xy=6,144 v=00/00 anim=0 tick=4 sprite=07 sm=0041
left_shot input=07 prev=07 xy=6,144 v=00/00 anim=0 tick=7 sprite=07 sm=0041
SHOT atenas13_moving_left.png
left_released input=00 prev=00 xy=6,144 v=00/00 anim=1 tick=0 sprite=0A sm=002C
final input=00 prev=00 xy=6,144 v=00/00 anim=1 tick=0 sprite=0A sm=002C
SHOT atenas13_after_left_release.png
