SHOT t=10 pc=5C4C
SHOT t=11 pc=5481
TAP_SPACE
SHOT t=12 pc=40D1
SHOT t=13 pc=0288
SHOT t=14 pc=54B1
SHOT t=15 pc=40D1
SHOT t=16 pc=40D1
SHOT t=17 pc=40D1
SHOT t=18 pc=40D1
SHOT t=19 pc=40D1
SHOT t=20 pc=40D1
SHOT t=21 pc=B1EA
SHOT t=22 pc=7EFF
SHOT t=23 pc=B3E7
SHOT t=24 pc=A811
SHOT t=25 pc=71EF
SHOT t=26 pc=54AC
SHOT t=27 pc=54B1
SHOT t=28 pc=64FB
SHOT t=29 pc=41B2
SHOT t=30 pc=54D8
SHOT t=31 pc=54D6
SHOT t=32 pc=54D1
SHOT t=33 pc=54D1
SHOT t=34 pc=54CE
SHOT t=35 pc=5554
SHOT t=36 pc=6E2A
SHOT t=37 pc=7207
SHOT t=38 pc=76E6
SHOT t=39 pc=54B7
SHOT t=40 pc=54A7
SHOT t=41 pc=40D1
SHOT t=42 pc=40D1
SHOT t=43 pc=40D1
SHOT t=44 pc=40D1
SHOT t=45 pc=1A02
SHOT t=46 pc=40D1
SHOT t=47 pc=B499
SHOT t=48 pc=7C93
SHOT t=49 pc=B3D8
SHOT t=50 pc=A773
SHOT t=51 pc=6485
SHOT t=52 pc=54B1
SHOT t=53 pc=549B
SHOT t=54 pc=64FB
SHOT t=55 pc=7AE8
SHOT t=56 pc=7A47
SHOT t=57 pc=54D8
SHOT t=58 pc=54D3
SHOT t=59 pc=54CE
SHOT t=60 pc=54CC
SHOT t=61 pc=555C
SHOT t=62 pc=6E20
SHOT t=63 pc=76F1
SHOT t=64 pc=76E2
SHOT t=65 pc=54AD
SHOT t=66 pc=548B
SHOT t=67 pc=40D1
SHOT t=68 pc=40D1
SHOT t=69 pc=40D1
SHOT t=70 pc=40D1
DONE
