t80
E800: 18 38 18 18 18 18 3C 00 00 00 00 00 00 00 00 00 FE 86 86 0C 18 30 30 00 00 00 00 00 00 00 00 00 7C C6 C6 7C C6 C6 7C 00 00 00 00 00 00 00 00 00 7C C6 C6 7E 06 86 7C 00 00 00 00 00 00 00 00 00
E880: FE 62 68 78 68 62 FE 00 00 00 00 00 00 00 00 00 FE 62 68 78 68 60 F0 00 00 00 00 00 00 00 00 00 3A 66 C0 CE C6 66 3C 00 00 00 00 00 00 00 00 00 DE 4C 4C 7C 4C 4C DE 00 00 00 00 00 00 00 00 00
E900: C7 6E 7E 56 46 46 EF 00 00 00 00 00 00 00 00 00 CF 66 76 7E 5E 4E E6 00 00 00 00 00 00 00 00 00 7C C6 C6 C6 C6 C6 7C 00 00 00 00 00 00 00 00 00 FC 66 66 66 7C 60 F0 00 00 00 00 00 00 00 00 00
EA00: 3C 42 99 A1 A1 99 42 3C 00 00 00 00 00 00 00 00 00 30 10 20 00 00 00 00 00 00 00 00 00 00 00 00 00 54 10 7C 10 54 00 00 00 00 00 00 00 00 00 00 00 00 00 00 00 00 00 00 00 00 00 00 00 00 00 00
t86
E800: 00 00 00 00 00 18 38 18 18 18 18 3C 00 00 00 00 00 00 00 00 00 FE 86 86 0C 18 30 30 00 00 00 00 00 00 00 00 00 7C C6 C6 7C C6 C6 7C 00 00 00 00 00 00 00 00 00 7C C6 C6 7E 06 86 7C 00 00 00 00
E880: 00 00 00 00 00 FE 62 68 78 68 62 FE 00 00 00 00 00 00 00 00 00 FE 62 68 78 68 60 F0 00 00 00 00 00 00 00 00 00 3A 66 C0 CE C6 66 3C 00 00 00 00 00 00 00 00 00 DE 4C 4C 7C 4C 4C DE 00 00 00 00
E900: 00 00 00 00 00 C7 6E 7E 56 46 46 EF 00 00 00 00 00 00 00 00 00 CF 66 76 7E 5E 4E E6 00 00 00 00 00 00 00 00 00 7C C6 C6 C6 C6 C6 7C 00 00 00 00 00 00 00 00 00 FC 66 66 66 7C 60 F0 00 00 00 00
EA00: 00 00 00 00 00 3C 42 99 A1 A1 99 42 3C 00 00 00 00 00 00 00 00 00 30 10 20 00 00 00 00 00 00 00 00 00 00 00 00 00 54 10 7C 10 54 00 00 00 00 00 00 00 00 00 00 00 00 00 00 00 00 00 00 00 00 00
t87
E800: 00 18 38 18 18 18 18 3C 00 00 00 00 00 00 00 00 00 FE 86 86 0C 18 30 30 00 00 00 00 00 00 00 00 00 7C C6 C6 7C C6 C6 7C 00 00 00 00 00 00 00 00 00 7C C6 C6 7E 06 86 7C 00 00 00 00 00 00 00 00
E880: 00 FE 62 68 78 68 62 FE 00 00 00 00 00 00 00 00 00 FE 62 68 78 68 60 F0 00 00 00 00 00 00 00 00 00 3A 66 C0 CE C6 66 3C 00 00 00 00 00 00 00 00 00 DE 4C 4C 7C 4C 4C DE 00 00 00 00 00 00 00 00
E900: 00 C7 6E 7E 56 46 46 EF 00 00 00 00 00 00 00 00 00 CF 66 76 7E 5E 4E E6 00 00 00 00 00 00 00 00 00 7C C6 C6 C6 C6 C6 7C 00 00 00 00 00 00 00 00 00 FC 66 66 66 7C 60 F0 00 00 00 00 00 00 00 00
EA00: 00 3C 42 99 A1 A1 99 42 3C 00 00 00 00 00 00 00 00 00 30 10 20 00 00 00 00 00 00 00 00 00 00 00 00 00 54 10 7C 10 54 00 00 00 00 00 00 00 00 00 00 00 00 00 00 00 00 00 00 00 00 00 00 00 00 00
t88
E800: 18 18 18 3C 00 00 00 00 00 00 00 00 00 18 38 18 0C 18 30 30 00 00 00 00 00 00 00 00 00 FE 86 86 7C C6 C6 7C 00 00 00 00 00 00 00 00 00 7C C6 C6 7E 06 86 7C 00 00 00 00 00 00 00 00 00 7C C6 C6
E880: 78 68 62 FE 00 00 00 00 00 00 00 00 00 FE 62 68 78 68 60 F0 00 00 00 00 00 00 00 00 00 FE 62 68 CE C6 66 3C 00 00 00 00 00 00 00 00 00 3A 66 C0 7C 4C 4C DE 00 00 00 00 00 00 00 00 00 DE 4C 4C
E900: 56 46 46 EF 00 00 00 00 00 00 00 00 00 C7 6E 7E 7E 5E 4E E6 00 00 00 00 00 00 00 00 00 CF 66 76 C6 C6 C6 7C 00 00 00 00 00 00 00 00 00 7C C6 C6 66 7C 60 F0 00 00 00 00 00 00 00 00 00 FC 66 66
EA00: A1 A1 99 42 3C 00 00 00 00 00 00 00 00 3C 42 99 20 00 00 00 00 00 00 00 00 00 00 00 00 00 30 10 7C 10 54 00 00 00 00 00 00 00 00 00 00 00 54 10 00 00 00 00 00 00 00 00 00 00 00 00 00 00 00 00
t89
E800: 00 00 00 00 00 00 00 00 00 18 38 18 18 18 18 3C 00 00 00 00 00 00 00 00 00 FE 86 86 0C 18 30 30 00 00 00 00 00 00 00 00 00 7C C6 C6 7C C6 C6 7C 00 00 00 00 00 00 00 00 00 7C C6 C6 7E 06 86 7C
E880: 00 00 00 00 00 00 00 00 00 FE 62 68 78 68 62 FE 00 00 00 00 00 00 00 00 00 FE 62 68 78 68 60 F0 00 00 00 00 00 00 00 00 00 3A 66 C0 CE C6 66 3C 00 00 00 00 00 00 00 00 00 DE 4C 4C 7C 4C 4C DE
E900: 00 00 00 00 00 00 00 00 00 C7 6E 7E 56 46 46 EF 00 00 00 00 00 00 00 00 00 CF 66 76 7E 5E 4E E6 00 00 00 00 00 00 00 00 00 7C C6 C6 C6 C6 C6 7C 00 00 00 00 00 00 00 00 00 FC 66 66 66 7C 60 F0
EA00: 3C 00 00 00 00 00 00 00 00 3C 42 99 A1 A1 99 42 00 00 00 00 00 00 00 00 00 00 30 10 20 00 00 00 00 00 00 00 00 00 00 00 00 00 54 10 7C 10 54 00 00 00 00 00 00 00 00 00 00 00 00 00 00 00 00 00
t90
E800: 00 00 00 00 00 18 38 18 18 18 18 3C 00 00 00 00 00 00 00 00 00 FE 86 86 0C 18 30 30 00 00 00 00 00 00 00 00 00 7C C6 C6 7C C6 C6 7C 00 00 00 00 00 00 00 00 00 7C C6 C6 7E 06 86 7C 00 00 00 00
E880: 00 00 00 00 00 FE 62 68 78 68 62 FE 00 00 00 00 00 00 00 00 00 FE 62 68 78 68 60 F0 00 00 00 00 00 00 00 00 00 3A 66 C0 CE C6 66 3C 00 00 00 00 00 00 00 00 00 DE 4C 4C 7C 4C 4C DE 00 00 00 00
E900: 00 00 00 00 00 C7 6E 7E 56 46 46 EF 00 00 00 00 00 00 00 00 00 CF 66 76 7E 5E 4E E6 00 00 00 00 00 00 00 00 00 7C C6 C6 C6 C6 C6 7C 00 00 00 00 00 00 00 00 00 FC 66 66 66 7C 60 F0 00 00 00 00
EA00: 00 00 00 00 00 3C 42 99 A1 A1 99 42 3C 00 00 00 00 00 00 00 00 00 30 10 20 00 00 00 00 00 00 00 00 00 00 00 00 00 54 10 7C 10 54 00 00 00 00 00 00 00 00 00 00 00 00 00 00 00 00 00 00 00 00 00
t94
E800: 00 00 00 00 00 18 38 18 18 18 18 3C 00 00 00 00 00 00 00 00 00 FE 86 86 0C 18 30 30 00 00 00 00 00 00 00 00 00 7C C6 C6 7C C6 C6 7C 00 00 00 00 00 00 00 00 00 7C C6 C6 7E 06 86 7C 00 00 00 00
E880: 00 00 00 00 00 FE 62 68 78 68 62 FE 00 00 00 00 00 00 00 00 00 FE 62 68 78 68 60 F0 00 00 00 00 00 00 00 00 00 3A 66 C0 CE C6 66 3C 00 00 00 00 00 00 00 00 00 DE 4C 4C 7C 4C 4C DE 00 00 00 00
E900: 00 00 00 00 00 C7 6E 7E 56 46 46 EF 00 00 00 00 00 00 00 00 00 CF 66 76 7E 5E 4E E6 00 00 00 00 00 00 00 00 00 7C C6 C6 C6 C6 C6 7C 00 00 00 00 00 00 00 00 00 FC 66 66 66 7C 60 F0 00 00 00 00
EA00: 00 00 00 00 00 3C 42 99 A1 A1 99 42 3C 00 00 00 00 00 00 00 00 00 30 10 20 00 00 00 00 00 00 00 00 00 00 00 00 00 54 10 7C 10 54 00 00 00 00 00 00 00 00 00 00 00 00 00 00 00 00 00 00 00 00 00
DONE
