t74_pre pc=40D1 pgt=4153920/4153920/4153920 clr=267737/267737/267737 nam=99694 ram_e800=267737 ram_ed00=99694
t74_pre e800=18 3C 00 00 00 00 00 00 00 00 00 18 38 18 18 18 30 30 00 00 00 00 00 00
t74_pre color2010=18 3C 00 00 00 00 00 00 00 00 00 18 38 18 18 18 30 30 00 00 00 00 00 00
t74_pre name3800=00 00 00 00 00 00 00 00 00 00 00 00 00 00 00 00 00 00 00 00 00 00 00 00 00 00 00 00 00 00 00 00
ACTIVE
001 LDIRVM ret=5BE1 call=5BDE HL=E800 DE=2010 BC=0230 AF=5440 e800=292493 ed00=99694
002 LDIRVM ret=5BE1 call=5BDE HL=E800 DE=2810 BC=0230 AF=0068 e800=292493 ed00=99694
003 LDIRVM ret=5BE1 call=5BDE HL=E800 DE=3010 BC=0230 AF=0070 e800=292493 ed00=99694
004 LDIRVM ret=6B13 call=6B10 HL=ED00 DE=3800 BC=0300 AF=0614 e800=292493 ed00=99694
005 LDIRVM ret=5BE1 call=5BDE HL=E800 DE=2010 BC=0230 AF=0040 e800=343905 ed00=99694
006 LDIRVM ret=5BE1 call=5BDE HL=E800 DE=2810 BC=0230 AF=0068 e800=343905 ed00=99694
007 LDIRVM ret=5BE1 call=5BDE HL=E800 DE=3010 BC=0230 AF=0070 e800=343905 ed00=99694
008 LDIRVM ret=6B13 call=6B10 HL=ED00 DE=3800 BC=0300 AF=0710 e800=343905 ed00=99694
009 LDIRVM ret=5BE1 call=5BDE HL=E800 DE=2010 BC=0230 AF=0040 e800=318213 ed00=99694
010 LDIRVM ret=5BE1 call=5BDE HL=E800 DE=2810 BC=0230 AF=0068 e800=318213 ed00=99694
011 LDIRVM ret=5BE1 call=5BDE HL=E800 DE=3010 BC=0230 AF=0070 e800=318213 ed00=99694
012 LDIRVM ret=6B13 call=6B10 HL=ED00 DE=3800 BC=0300 AF=0044 e800=318213 ed00=106238
013 LDIRVM ret=5BE1 call=5BDE HL=E800 DE=2010 BC=0230 AF=0040 e800=291561 ed00=106238
014 LDIRVM ret=5BE1 call=5BDE HL=E800 DE=2810 BC=0230 AF=0068 e800=291561 ed00=106238
015 LDIRVM ret=5BE1 call=5BDE HL=E800 DE=3010 BC=0230 AF=0070 e800=291561 ed00=106238
016 LDIRVM ret=6B13 call=6B10 HL=ED00 DE=3800 BC=0300 AF=0110 e800=291561 ed00=106238
017 LDIRVM ret=5BE1 call=5BDE HL=E800 DE=2010 BC=0230 AF=0040 e800=264909 ed00=106238
018 LDIRVM ret=5BE1 call=5BDE HL=E800 DE=2810 BC=0230 AF=0068 e800=264909 ed00=106238
019 LDIRVM ret=5BE1 call=5BDE HL=E800 DE=3010 BC=0230 AF=0070 e800=264909 ed00=106238
020 LDIRVM ret=6B13 call=6B10 HL=ED00 DE=3800 BC=0300 AF=0210 e800=264909 ed00=106238
021 LDIRVM ret=5BE1 call=5BDE HL=E800 DE=2010 BC=0230 AF=0040 e800=238257 ed00=106238
022 LDIRVM ret=5BE1 call=5BDE HL=E800 DE=2810 BC=0230 AF=0068 e800=238257 ed00=106238
023 LDIRVM ret=5BE1 call=5BDE HL=E800 DE=3010 BC=0230 AF=0070 e800=238257 ed00=106238
024 LDIRVM ret=6B13 call=6B10 HL=ED00 DE=3800 BC=0300 AF=0314 e800=238257 ed00=106238
025 LDIRVM ret=5BE1 call=5BDE HL=E800 DE=2010 BC=0230 AF=0040 e800=211605 ed00=106238
026 LDIRVM ret=5BE1 call=5BDE HL=E800 DE=2810 BC=0230 AF=0068 e800=211605 ed00=106238
027 LDIRVM ret=5BE1 call=5BDE HL=E800 DE=3010 BC=0230 AF=0070 e800=211605 ed00=106238
028 LDIRVM ret=6B13 call=6B10 HL=ED00 DE=3800 BC=0300 AF=0410 e800=211605 ed00=106238
029 LDIRVM ret=5BE1 call=5BDE HL=E800 DE=2010 BC=0230 AF=0040 e800=184953 ed00=106238
030 LDIRVM ret=5BE1 call=5BDE HL=E800 DE=2810 BC=0230 AF=0068 e800=184953 ed00=106238
031 LDIRVM ret=5BE1 call=5BDE HL=E800 DE=3010 BC=0230 AF=0070 e800=184953 ed00=106238
032 LDIRVM ret=6B13 call=6B10 HL=ED00 DE=3800 BC=0300 AF=0514 e800=184953 ed00=106238
033 LDIRVM ret=5BE1 call=5BDE HL=E800 DE=2010 BC=0230 AF=0040 e800=158301 ed00=106238
034 LDIRVM ret=5BE1 call=5BDE HL=E800 DE=2810 BC=0230 AF=0068 e800=158301 ed00=106238
035 LDIRVM ret=5BE1 call=5BDE HL=E800 DE=3010 BC=0230 AF=0070 e800=158301 ed00=106238
036 LDIRVM ret=6B13 call=6B10 HL=ED00 DE=3800 BC=0300 AF=0614 e800=158301 ed00=106238
037 LDIRVM ret=5BE1 call=5BDE HL=E800 DE=2010 BC=0230 AF=0040 e800=131649 ed00=106238
038 LDIRVM ret=5BE1 call=5BDE HL=E800 DE=2810 BC=0230 AF=0068 e800=131649 ed00=106238
039 LDIRVM ret=5BE1 call=5BDE HL=E800 DE=3010 BC=0230 AF=0070 e800=131649 ed00=106238
040 LDIRVM ret=6B13 call=6B10 HL=ED00 DE=3800 BC=0300 AF=0710 e800=131649 ed00=106238
041 LDIRVM ret=5BE1 call=5BDE HL=E800 DE=2010 BC=0230 AF=0040 e800=104997 ed00=106238
042 LDIRVM ret=5BE1 call=5BDE HL=E800 DE=2810 BC=0230 AF=0068 e800=104997 ed00=106238
043 LDIRVM ret=5BE1 call=5BDE HL=E800 DE=3010 BC=0230 AF=0070 e800=104997 ed00=106238
044 LDIRVM ret=6B13 call=6B10 HL=ED00 DE=3800 BC=0300 AF=0100 e800=104997 ed00=111181
045 LDIRVM ret=5BE1 call=5BDE HL=E800 DE=2010 BC=0230 AF=0040 e800=163497 ed00=111181
046 LDIRVM ret=5BE1 call=5BDE HL=E800 DE=2810 BC=0230 AF=0068 e800=163497 ed00=111181
047 LDIRVM ret=5BE1 call=5BDE HL=E800 DE=3010 BC=0230 AF=0070 e800=163497 ed00=111181
048 LDIRVM ret=6B13 call=6B10 HL=ED00 DE=3800 BC=0300 AF=0110 e800=163497 ed00=111181
049 LDIRVM ret=5BE1 call=5BDE HL=E800 DE=2010 BC=0230 AF=5440 e800=190301 ed00=111181
050 LDIRVM ret=5BE1 call=5BDE HL=E800 DE=2810 BC=0230 AF=0068 e800=190301 ed00=111181
051 LDIRVM ret=5BE1 call=5BDE HL=E800 DE=3010 BC=0230 AF=0070 e800=190301 ed00=111181
052 LDIRVM ret=6B13 call=6B10 HL=ED00 DE=3800 BC=0300 AF=0210 e800=190301 ed00=111181
053 LDIRVM ret=5BE1 call=5BDE HL=E800 DE=2010 BC=0230 AF=1040 e800=217809 ed00=111181
054 LDIRVM ret=5BE1 call=5BDE HL=E800 DE=2810 BC=0230 AF=0068 e800=217809 ed00=111181
055 LDIRVM ret=5BE1 call=5BDE HL=E800 DE=3010 BC=0230 AF=0070 e800=217809 ed00=111181
056 LDIRVM ret=6B13 call=6B10 HL=ED00 DE=3800 BC=0300 AF=0314 e800=217809 ed00=111181
057 LDIRVM ret=5BE1 call=5BDE HL=E800 DE=2010 BC=0230 AF=7C48 e800=244485 ed00=111181
058 LDIRVM ret=5BE1 call=5BDE HL=E800 DE=2810 BC=0230 AF=0068 e800=244485 ed00=111181
059 LDIRVM ret=5BE1 call=5BDE HL=E800 DE=3010 BC=0230 AF=0070 e800=244485 ed00=111181
060 LDIRVM ret=6B13 call=6B10 HL=ED00 DE=3800 BC=0300 AF=0410 e800=244485 ed00=111181
061 LDIRVM ret=5BE1 call=5BDE HL=E800 DE=2010 BC=0230 AF=1048 e800=267737 ed00=111181
062 LDIRVM ret=5BE1 call=5BDE HL=E800 DE=2810 BC=0230 AF=0068 e800=267737 ed00=111181
063 LDIRVM ret=5BE1 call=5BDE HL=E800 DE=3010 BC=0230 AF=0070 e800=267737 ed00=111181
064 LDIRVM ret=6B13 call=6B10 HL=ED00 DE=3800 BC=0300 AF=0514 e800=267737 ed00=111181
065 LDIRVM ret=5BE1 call=5BDE HL=E800 DE=2010 BC=0230 AF=5440 e800=292493 ed00=111181
066 LDIRVM ret=5BE1 call=5BDE HL=E800 DE=2810 BC=0230 AF=0068 e800=292493 ed00=111181
067 LDIRVM ret=5BE1 call=5BDE HL=E800 DE=3010 BC=0230 AF=0070 e800=292493 ed00=111181
068 LDIRVM ret=6B13 call=6B10 HL=ED00 DE=3800 BC=0300 AF=0614 e800=292493 ed00=111181
069 LDIRVM ret=5BE1 call=5BDE HL=E800 DE=2010 BC=0230 AF=0040 e800=343905 ed00=111181
070 LDIRVM ret=5BE1 call=5BDE HL=E800 DE=2810 BC=0230 AF=0068 e800=343905 ed00=111181
071 LDIRVM ret=5BE1 call=5BDE HL=E800 DE=3010 BC=0230 AF=0070 e800=343905 ed00=111181
072 LDIRVM ret=6B13 call=6B10 HL=ED00 DE=3800 BC=0300 AF=0710 e800=343905 ed00=111181
073 LDIRVM ret=5BE1 call=5BDE HL=E800 DE=2010 BC=0230 AF=0040 e800=318213 ed00=111181
074 LDIRVM ret=5BE1 call=5BDE HL=E800 DE=2810 BC=0230 AF=0068 e800=318213 ed00=111181
075 LDIRVM ret=5BE1 call=5BDE HL=E800 DE=3010 BC=0230 AF=0070 e800=318213 ed00=111181
076 LDIRVM ret=6B13 call=6B10 HL=ED00 DE=3800 BC=0300 AF=0044 e800=318213 ed00=115975
077 LDIRVM ret=5BE1 call=5BDE HL=E800 DE=2010 BC=0230 AF=0040 e800=291561 ed00=115975
078 LDIRVM ret=5BE1 call=5BDE HL=E800 DE=2810 BC=0230 AF=0068 e800=291561 ed00=115975
079 LDIRVM ret=5BE1 call=5BDE HL=E800 DE=3010 BC=0230 AF=0070 e800=291561 ed00=115975
080 LDIRVM ret=6B13 call=6B10 HL=ED00 DE=3800 BC=0300 AF=0110 e800=291561 ed00=115975
081 LDIRVM ret=5BE1 call=5BDE HL=E800 DE=2010 BC=0230 AF=0040 e800=264909 ed00=115975
082 LDIRVM ret=5BE1 call=5BDE HL=E800 DE=2810 BC=0230 AF=0068 e800=264909 ed00=115975
083 LDIRVM ret=5BE1 call=5BDE HL=E800 DE=3010 BC=0230 AF=0070 e800=264909 ed00=115975
084 LDIRVM ret=6B13 call=6B10 HL=ED00 DE=3800 BC=0300 AF=0210 e800=264909 ed00=115975
085 LDIRVM ret=5BE1 call=5BDE HL=E800 DE=2010 BC=0230 AF=0040 e800=238257 ed00=115975
086 LDIRVM ret=5BE1 call=5BDE HL=E800 DE=2810 BC=0230 AF=0068 e800=238257 ed00=115975
087 LDIRVM ret=5BE1 call=5BDE HL=E800 DE=3010 BC=0230 AF=0070 e800=238257 ed00=115975
088 LDIRVM ret=6B13 call=6B10 HL=ED00 DE=3800 BC=0300 AF=0314 e800=238257 ed00=115975
089 LDIRVM ret=5BE1 call=5BDE HL=E800 DE=2010 BC=0230 AF=0040 e800=211605 ed00=115975
090 LDIRVM ret=5BE1 call=5BDE HL=E800 DE=2810 BC=0230 AF=0068 e800=211605 ed00=115975
091 LDIRVM ret=5BE1 call=5BDE HL=E800 DE=3010 BC=0230 AF=0070 e800=211605 ed00=115975
092 LDIRVM ret=6B13 call=6B10 HL=ED00 DE=3800 BC=0300 AF=0410 e800=211605 ed00=115975
093 LDIRVM ret=5BE1 call=5BDE HL=E800 DE=2010 BC=0230 AF=0040 e800=184953 ed00=115975
094 LDIRVM ret=5BE1 call=5BDE HL=E800 DE=2810 BC=0230 AF=0068 e800=184953 ed00=115975
095 LDIRVM ret=5BE1 call=5BDE HL=E800 DE=3010 BC=0230 AF=0070 e800=184953 ed00=115975
096 LDIRVM ret=6B13 call=6B10 HL=ED00 DE=3800 BC=0300 AF=0514 e800=184953 ed00=115975
097 LDIRVM ret=5BE1 call=5BDE HL=E800 DE=2010 BC=0230 AF=0040 e800=158301 ed00=115975
098 LDIRVM ret=5BE1 call=5BDE HL=E800 DE=2810 BC=0230 AF=0068 e800=158301 ed00=115975
099 LDIRVM ret=5BE1 call=5BDE HL=E800 DE=3010 BC=0230 AF=0070 e800=158301 ed00=115975
100 LDIRVM ret=6B13 call=6B10 HL=ED00 DE=3800 BC=0300 AF=0614 e800=158301 ed00=115975
101 LDIRVM ret=5BE1 call=5BDE HL=E800 DE=2010 BC=0230 AF=0040 e800=131649 ed00=115975
102 LDIRVM ret=5BE1 call=5BDE HL=E800 DE=2810 BC=0230 AF=0068 e800=131649 ed00=115975
103 LDIRVM ret=5BE1 call=5BDE HL=E800 DE=3010 BC=0230 AF=0070 e800=131649 ed00=115975
104 LDIRVM ret=6B13 call=6B10 HL=ED00 DE=3800 BC=0300 AF=0710 e800=131649 ed00=115975
105 LDIRVM ret=5BE1 call=5BDE HL=E800 DE=2010 BC=0230 AF=0040 e800=104997 ed00=115975
106 LDIRVM ret=5BE1 call=5BDE HL=E800 DE=2810 BC=0230 AF=0068 e800=104997 ed00=115975
107 LDIRVM ret=5BE1 call=5BDE HL=E800 DE=3010 BC=0230 AF=0070 e800=104997 ed00=115975
108 LDIRVM ret=6B13 call=6B10 HL=ED00 DE=3800 BC=0300 AF=0100 e800=104997 ed00=121329
109 LDIRVM ret=5BE1 call=5BDE HL=E800 DE=2010 BC=0230 AF=0040 e800=163497 ed00=121329
110 LDIRVM ret=5BE1 call=5BDE HL=E800 DE=2810 BC=0230 AF=0068 e800=163497 ed00=121329
111 LDIRVM ret=5BE1 call=5BDE HL=E800 DE=3010 BC=0230 AF=0070 e800=163497 ed00=121329
112 LDIRVM ret=6B13 call=6B10 HL=ED00 DE=3800 BC=0300 AF=0110 e800=163497 ed00=121329
113 LDIRVM ret=5BE1 call=5BDE HL=E800 DE=2010 BC=0230 AF=5440 e800=190301 ed00=121329
114 LDIRVM ret=5BE1 call=5BDE HL=E800 DE=2810 BC=0230 AF=0068 e800=190301 ed00=121329
115 LDIRVM ret=5BE1 call=5BDE HL=E800 DE=3010 BC=0230 AF=0070 e800=190301 ed00=121329
116 LDIRVM ret=6B13 call=6B10 HL=ED00 DE=3800 BC=0300 AF=0210 e800=190301 ed00=121329
117 LDIRVM ret=5BE1 call=5BDE HL=E800 DE=2010 BC=0230 AF=1040 e800=217809 ed00=121329
118 LDIRVM ret=5BE1 call=5BDE HL=E800 DE=2810 BC=0230 AF=0068 e800=217809 ed00=121329
119 LDIRVM ret=5BE1 call=5BDE HL=E800 DE=3010 BC=0230 AF=0070 e800=217809 ed00=121329
120 LDIRVM ret=6B13 call=6B10 HL=ED00 DE=3800 BC=0300 AF=0314 e800=217809 ed00=121329
121 LDIRVM ret=5BE1 call=5BDE HL=E800 DE=2010 BC=0230 AF=7C48 e800=244485 ed00=121329
122 LDIRVM ret=5BE1 call=5BDE HL=E800 DE=2810 BC=0230 AF=0068 e800=244485 ed00=121329
123 LDIRVM ret=5BE1 call=5BDE HL=E800 DE=3010 BC=0230 AF=0070 e800=244485 ed00=121329
124 LDIRVM ret=6B13 call=6B10 HL=ED00 DE=3800 BC=0300 AF=0410 e800=244485 ed00=121329
125 LDIRVM ret=5BE1 call=5BDE HL=E800 DE=2010 BC=0230 AF=1048 e800=267737 ed00=121329
126 LDIRVM ret=5BE1 call=5BDE HL=E800 DE=2810 BC=0230 AF=0068 e800=267737 ed00=121329
127 LDIRVM ret=5BE1 call=5BDE HL=E800 DE=3010 BC=0230 AF=0070 e800=267737 ed00=121329
128 LDIRVM ret=6B13 call=6B10 HL=ED00 DE=3800 BC=0300 AF=0514 e800=267737 ed00=121329
129 LDIRVM ret=5BE1 call=5BDE HL=E800 DE=2010 BC=0230 AF=5440 e800=292493 ed00=121329
130 LDIRVM ret=5BE1 call=5BDE HL=E800 DE=2810 BC=0230 AF=0068 e800=292493 ed00=121329
131 LDIRVM ret=5BE1 call=5BDE HL=E800 DE=3010 BC=0230 AF=0070 e800=292493 ed00=121329
132 LDIRVM ret=6B13 call=6B10 HL=ED00 DE=3800 BC=0300 AF=0614 e800=292493 ed00=121329
133 LDIRVM ret=5BE1 call=5BDE HL=E800 DE=2010 BC=0230 AF=0040 e800=343905 ed00=121329
134 LDIRVM ret=5BE1 call=5BDE HL=E800 DE=2810 BC=0230 AF=0068 e800=343905 ed00=121329
135 LDIRVM ret=5BE1 call=5BDE HL=E800 DE=3010 BC=0230 AF=0070 e800=343905 ed00=121329
136 LDIRVM ret=6B13 call=6B10 HL=ED00 DE=3800 BC=0300 AF=0710 e800=343905 ed00=121329
137 LDIRVM ret=5BE1 call=5BDE HL=E800 DE=2010 BC=0230 AF=0040 e800=318213 ed00=121329
138 LDIRVM ret=5BE1 call=5BDE HL=E800 DE=2810 BC=0230 AF=0068 e800=318213 ed00=121329
139 LDIRVM ret=5BE1 call=5BDE HL=E800 DE=3010 BC=0230 AF=0070 e800=318213 ed00=121329
140 LDIRVM ret=6B13 call=6B10 HL=ED00 DE=3800 BC=0300 AF=0044 e800=318213 ed00=126521
141 LDIRVM ret=5BE1 call=5BDE HL=E800 DE=2010 BC=0230 AF=0040 e800=291561 ed00=126521
142 LDIRVM ret=5BE1 call=5BDE HL=E800 DE=2810 BC=0230 AF=0068 e800=291561 ed00=126521
143 LDIRVM ret=5BE1 call=5BDE HL=E800 DE=3010 BC=0230 AF=0070 e800=291561 ed00=126521
144 LDIRVM ret=6B13 call=6B10 HL=ED00 DE=3800 BC=0300 AF=0110 e800=291561 ed00=126521
145 LDIRVM ret=5BE1 call=5BDE HL=E800 DE=2010 BC=0230 AF=0040 e800=264909 ed00=126521
146 LDIRVM ret=5BE1 call=5BDE HL=E800 DE=2810 BC=0230 AF=0068 e800=264909 ed00=126521
147 LDIRVM ret=5BE1 call=5BDE HL=E800 DE=3010 BC=0230 AF=0070 e800=264909 ed00=126521
148 LDIRVM ret=6B13 call=6B10 HL=ED00 DE=3800 BC=0300 AF=0210 e800=264909 ed00=126521
149 LDIRVM ret=5BE1 call=5BDE HL=E800 DE=2010 BC=0230 AF=0040 e800=238257 ed00=126521
150 LDIRVM ret=5BE1 call=5BDE HL=E800 DE=2810 BC=0230 AF=0068 e800=238257 ed00=126521
151 LDIRVM ret=5BE1 call=5BDE HL=E800 DE=3010 BC=0230 AF=0070 e800=238257 ed00=126521
152 LDIRVM ret=6B13 call=6B10 HL=ED00 DE=3800 BC=0300 AF=0314 e800=238257 ed00=126521
153 LDIRVM ret=5BE1 call=5BDE HL=E800 DE=2010 BC=0230 AF=0040 e800=211605 ed00=126521
154 LDIRVM ret=5BE1 call=5BDE HL=E800 DE=2810 BC=0230 AF=0068 e800=211605 ed00=126521
155 LDIRVM ret=5BE1 call=5BDE HL=E800 DE=3010 BC=0230 AF=0070 e800=211605 ed00=126521
156 LDIRVM ret=6B13 call=6B10 HL=ED00 DE=3800 BC=0300 AF=0410 e800=211605 ed00=126521
157 LDIRVM ret=5BE1 call=5BDE HL=E800 DE=2010 BC=0230 AF=0040 e800=184953 ed00=126521
158 LDIRVM ret=5BE1 call=5BDE HL=E800 DE=2810 BC=0230 AF=0068 e800=184953 ed00=126521
159 LDIRVM ret=5BE1 call=5BDE HL=E800 DE=3010 BC=0230 AF=0070 e800=184953 ed00=126521
160 LDIRVM ret=6B13 call=6B10 HL=ED00 DE=3800 BC=0300 AF=0514 e800=184953 ed00=126521
t76 pc=40D1 pgt=4153920/4153920/4153920 clr=184953/184953/184953 nam=126521 ram_e800=184953 ram_ed00=126521
t76 e800=00 00 00 18 38 18 18 18 18 3C 00 00 00 00 00 00 00 00 00 FE 86 86 0C 18
t76 color2010=00 00 00 18 38 18 18 18 18 3C 00 00 00 00 00 00 00 00 00 FE 86 86 0C 18
t76 name3800=00 00 00 00 00 00 00 00 00 00 00 00 00 00 00 00 00 00 00 00 00 00 00 00 00 00 00 00 00 00 00 00
161 LDIRVM ret=5BE1 call=5BDE HL=E800 DE=2010 BC=0230 AF=0040 e800=158301 ed00=126521
162 LDIRVM ret=5BE1 call=5BDE HL=E800 DE=2810 BC=0230 AF=0068 e800=158301 ed00=126521
163 LDIRVM ret=5BE1 call=5BDE HL=E800 DE=3010 BC=0230 AF=0070 e800=158301 ed00=126521
164 LDIRVM ret=6B13 call=6B10 HL=ED00 DE=3800 BC=0300 AF=0614 e800=158301 ed00=126521
165 LDIRVM ret=5BE1 call=5BDE HL=E800 DE=2010 BC=0230 AF=0040 e800=131649 ed00=126521
166 LDIRVM ret=5BE1 call=5BDE HL=E800 DE=2810 BC=0230 AF=0068 e800=131649 ed00=126521
167 LDIRVM ret=5BE1 call=5BDE HL=E800 DE=3010 BC=0230 AF=0070 e800=131649 ed00=126521
168 LDIRVM ret=6B13 call=6B10 HL=ED00 DE=3800 BC=0300 AF=0710 e800=131649 ed00=126521
169 LDIRVM ret=5BE1 call=5BDE HL=E800 DE=2010 BC=0230 AF=0040 e800=104997 ed00=126521
170 LDIRVM ret=5BE1 call=5BDE HL=E800 DE=2810 BC=0230 AF=0068 e800=104997 ed00=126521
171 LDIRVM ret=5BE1 call=5BDE HL=E800 DE=3010 BC=0230 AF=0070 e800=104997 ed00=126521
172 LDIRVM ret=6B13 call=6B10 HL=ED00 DE=3800 BC=0300 AF=0100 e800=104997 ed00=129039
173 LDIRVM ret=5BE1 call=5BDE HL=E800 DE=2010 BC=0230 AF=0040 e800=163497 ed00=129039
174 LDIRVM ret=5BE1 call=5BDE HL=E800 DE=2810 BC=0230 AF=0068 e800=163497 ed00=129039
175 LDIRVM ret=5BE1 call=5BDE HL=E800 DE=3010 BC=0230 AF=0070 e800=163497 ed00=129039
176 LDIRVM ret=6B13 call=6B10 HL=ED00 DE=3800 BC=0300 AF=0110 e800=163497 ed00=129039
177 LDIRVM ret=5BE1 call=5BDE HL=E800 DE=2010 BC=0230 AF=5440 e800=190301 ed00=129039
178 LDIRVM ret=5BE1 call=5BDE HL=E800 DE=2810 BC=0230 AF=0068 e800=190301 ed00=129039
179 LDIRVM ret=5BE1 call=5BDE HL=E800 DE=3010 BC=0230 AF=0070 e800=190301 ed00=129039
180 LDIRVM ret=6B13 call=6B10 HL=ED00 DE=3800 BC=0300 AF=0210 e800=190301 ed00=129039
181 LDIRVM ret=5BE1 call=5BDE HL=E800 DE=2010 BC=0230 AF=1040 e800=217809 ed00=129039
182 LDIRVM ret=5BE1 call=5BDE HL=E800 DE=2810 BC=0230 AF=0068 e800=217809 ed00=129039
183 LDIRVM ret=5BE1 call=5BDE HL=E800 DE=3010 BC=0230 AF=0070 e800=217809 ed00=129039
184 LDIRVM ret=6B13 call=6B10 HL=ED00 DE=3800 BC=0300 AF=0314 e800=217809 ed00=129039
185 LDIRVM ret=5BE1 call=5BDE HL=E800 DE=2010 BC=0230 AF=7C48 e800=244485 ed00=129039
186 LDIRVM ret=5BE1 call=5BDE HL=E800 DE=2810 BC=0230 AF=0068 e800=244485 ed00=129039
187 LDIRVM ret=5BE1 call=5BDE HL=E800 DE=3010 BC=0230 AF=0070 e800=244485 ed00=129039
188 LDIRVM ret=6B13 call=6B10 HL=ED00 DE=3800 BC=0300 AF=0410 e800=244485 ed00=129039
189 LDIRVM ret=5BE1 call=5BDE HL=E800 DE=2010 BC=0230 AF=1048 e800=267737 ed00=129039
190 LDIRVM ret=5BE1 call=5BDE HL=E800 DE=2810 BC=0230 AF=0068 e800=267737 ed00=129039
191 LDIRVM ret=5BE1 call=5BDE HL=E800 DE=3010 BC=0230 AF=0070 e800=267737 ed00=129039
192 LDIRVM ret=6B13 call=6B10 HL=ED00 DE=3800 BC=0300 AF=0514 e800=267737 ed00=129039
193 LDIRVM ret=5BE1 call=5BDE HL=E800 DE=2010 BC=0230 AF=5440 e800=292493 ed00=129039
194 LDIRVM ret=5BE1 call=5BDE HL=E800 DE=2810 BC=0230 AF=0068 e800=292493 ed00=129039
195 LDIRVM ret=5BE1 call=5BDE HL=E800 DE=3010 BC=0230 AF=0070 e800=292493 ed00=129039
196 LDIRVM ret=6B13 call=6B10 HL=ED00 DE=3800 BC=0300 AF=0614 e800=292493 ed00=129039
197 LDIRVM ret=5BE1 call=5BDE HL=E800 DE=2010 BC=0230 AF=0040 e800=343905 ed00=129039
198 LDIRVM ret=5BE1 call=5BDE HL=E800 DE=2810 BC=0230 AF=0068 e800=343905 ed00=129039
199 LDIRVM ret=5BE1 call=5BDE HL=E800 DE=3010 BC=0230 AF=0070 e800=343905 ed00=129039
200 LDIRVM ret=6B13 call=6B10 HL=ED00 DE=3800 BC=0300 AF=0710 e800=343905 ed00=129039
201 LDIRVM ret=5BE1 call=5BDE HL=E800 DE=2010 BC=0230 AF=0040 e800=318213 ed00=129039
202 LDIRVM ret=5BE1 call=5BDE HL=E800 DE=2810 BC=0230 AF=0068 e800=318213 ed00=129039
203 LDIRVM ret=5BE1 call=5BDE HL=E800 DE=3010 BC=0230 AF=0070 e800=318213 ed00=129039
204 LDIRVM ret=6B13 call=6B10 HL=ED00 DE=3800 BC=0300 AF=0044 e800=318213 ed00=131505
205 LDIRVM ret=5BE1 call=5BDE HL=E800 DE=2010 BC=0230 AF=0040 e800=291561 ed00=131505
206 LDIRVM ret=5BE1 call=5BDE HL=E800 DE=2810 BC=0230 AF=0068 e800=291561 ed00=131505
207 LDIRVM ret=5BE1 call=5BDE HL=E800 DE=3010 BC=0230 AF=0070 e800=291561 ed00=131505
208 LDIRVM ret=6B13 call=6B10 HL=ED00 DE=3800 BC=0300 AF=0110 e800=291561 ed00=131505
209 LDIRVM ret=5BE1 call=5BDE HL=E800 DE=2010 BC=0230 AF=0040 e800=264909 ed00=131505
210 LDIRVM ret=5BE1 call=5BDE HL=E800 DE=2810 BC=0230 AF=0068 e800=264909 ed00=131505
211 LDIRVM ret=5BE1 call=5BDE HL=E800 DE=3010 BC=0230 AF=0070 e800=264909 ed00=131505
212 LDIRVM ret=6B13 call=6B10 HL=ED00 DE=3800 BC=0300 AF=0210 e800=264909 ed00=131505
213 LDIRVM ret=5BE1 call=5BDE HL=E800 DE=2010 BC=0230 AF=0040 e800=238257 ed00=131505
214 LDIRVM ret=5BE1 call=5BDE HL=E800 DE=2810 BC=0230 AF=0068 e800=238257 ed00=131505
215 LDIRVM ret=5BE1 call=5BDE HL=E800 DE=3010 BC=0230 AF=0070 e800=238257 ed00=131505
216 LDIRVM ret=6B13 call=6B10 HL=ED00 DE=3800 BC=0300 AF=0314 e800=238257 ed00=131505
217 LDIRVM ret=5BE1 call=5BDE HL=E800 DE=2010 BC=0230 AF=0040 e800=211605 ed00=131505
218 LDIRVM ret=5BE1 call=5BDE HL=E800 DE=2810 BC=0230 AF=0068 e800=211605 ed00=131505
219 LDIRVM ret=5BE1 call=5BDE HL=E800 DE=3010 BC=0230 AF=0070 e800=211605 ed00=131505
220 LDIRVM ret=6B13 call=6B10 HL=ED00 DE=3800 BC=0300 AF=0410 e800=211605 ed00=131505
221 LDIRVM ret=5BE1 call=5BDE HL=E800 DE=2010 BC=0230 AF=0040 e800=184953 ed00=131505
222 LDIRVM ret=5BE1 call=5BDE HL=E800 DE=2810 BC=0230 AF=0068 e800=184953 ed00=131505
223 LDIRVM ret=5BE1 call=5BDE HL=E800 DE=3010 BC=0230 AF=0070 e800=184953 ed00=131505
224 LDIRVM ret=6B13 call=6B10 HL=ED00 DE=3800 BC=0300 AF=0514 e800=184953 ed00=131505
225 LDIRVM ret=5BE1 call=5BDE HL=E800 DE=2010 BC=0230 AF=0040 e800=158301 ed00=131505
226 LDIRVM ret=5BE1 call=5BDE HL=E800 DE=2810 BC=0230 AF=0068 e800=158301 ed00=131505
227 LDIRVM ret=5BE1 call=5BDE HL=E800 DE=3010 BC=0230 AF=0070 e800=158301 ed00=131505
228 LDIRVM ret=6B13 call=6B10 HL=ED00 DE=3800 BC=0300 AF=0614 e800=158301 ed00=131505
229 LDIRVM ret=5BE1 call=5BDE HL=E800 DE=2010 BC=0230 AF=0040 e800=131649 ed00=131505
230 LDIRVM ret=5BE1 call=5BDE HL=E800 DE=2810 BC=0230 AF=0068 e800=131649 ed00=131505
231 LDIRVM ret=5BE1 call=5BDE HL=E800 DE=3010 BC=0230 AF=0070 e800=131649 ed00=131505
232 LDIRVM ret=6B13 call=6B10 HL=ED00 DE=3800 BC=0300 AF=0710 e800=131649 ed00=131505
233 LDIRVM ret=5BE1 call=5BDE HL=E800 DE=2010 BC=0230 AF=0040 e800=104997 ed00=131505
234 LDIRVM ret=5BE1 call=5BDE HL=E800 DE=2810 BC=0230 AF=0068 e800=104997 ed00=131505
235 LDIRVM ret=5BE1 call=5BDE HL=E800 DE=3010 BC=0230 AF=0070 e800=104997 ed00=131505
236 LDIRVM ret=6B13 call=6B10 HL=ED00 DE=3800 BC=0300 AF=0100 e800=104997 ed00=129325
t78 pc=40D1 pgt=4153920/4153920/4153920 clr=104997/104997/104997 nam=129325 ram_e800=104997 ram_ed00=129325
t78 e800=18 38 18 18 18 18 3C 00 00 00 00 00 00 00 00 00 FE 86 86 0C 18 30 30 00
t78 color2010=18 38 18 18 18 18 3C 00 00 00 00 00 00 00 00 00 FE 86 86 0C 18 30 30 00
t78 name3800=00 00 00 00 00 00 00 00 00 00 00 00 00 2E 30 26 2C 3A 00 00 00 00 00 00 00 00 00 00 00 00 00 00
t80 pc=40D1 pgt=4153920/4153920/4153920 clr=104997/104997/104997 nam=129325 ram_e800=104997 ram_ed00=129325
t80 e800=18 38 18 18 18 18 3C 00 00 00 00 00 00 00 00 00 FE 86 86 0C 18 30 30 00
t80 color2010=18 38 18 18 18 18 3C 00 00 00 00 00 00 00 00 00 FE 86 86 0C 18 30 30 00
t80 name3800=00 00 00 00 00 00 00 00 00 00 00 00 00 2E 30 26 2C 3A 00 00 00 00 00 00 00 00 00 00 00 00 00 00
t80_2 pc=40D1 pgt=4153920/4153920/4153920 clr=104997/104997/104997 nam=129325 ram_e800=104997 ram_ed00=129325
t80_2 e800=18 38 18 18 18 18 3C 00 00 00 00 00 00 00 00 00 FE 86 86 0C 18 30 30 00
t80_2 color2010=18 38 18 18 18 18 3C 00 00 00 00 00 00 00 00 00 FE 86 86 0C 18 30 30 00
t80_2 name3800=00 00 00 00 00 00 00 00 00 00 00 00 00 2E 30 26 2C 3A 00 00 00 00 00 00 00 00 00 00 00 00 00 00
t80_4 pc=40D1 pgt=4153920/4153920/4153920 clr=104997/104997/104997 nam=129325 ram_e800=104997 ram_ed00=129325
t80_4 e800=18 38 18 18 18 18 3C 00 00 00 00 00 00 00 00 00 FE 86 86 0C 18 30 30 00
t80_4 color2010=18 38 18 18 18 18 3C 00 00 00 00 00 00 00 00 00 FE 86 86 0C 18 30 30 00
t80_4 name3800=00 00 00 00 00 00 00 00 00 00 00 00 00 2E 30 26 2C 3A 00 00 00 00 00 00 00 00 00 00 00 00 00 00
t80_6 pc=40D1 pgt=4153920/4153920/4153920 clr=104997/104997/104997 nam=129325 ram_e800=104997 ram_ed00=129325
t80_6 e800=18 38 18 18 18 18 3C 00 00 00 00 00 00 00 00 00 FE 86 86 0C 18 30 30 00
t80_6 color2010=18 38 18 18 18 18 3C 00 00 00 00 00 00 00 00 00 FE 86 86 0C 18 30 30 00
t80_6 name3800=00 00 00 00 00 00 00 00 00 00 00 00 00 2E 30 26 2C 3A 00 00 00 00 00 00 00 00 00 00 00 00 00 00
t80_8 pc=40D1 pgt=4153920/4153920/4153920 clr=104997/104997/104997 nam=129325 ram_e800=104997 ram_ed00=129325
t80_8 e800=18 38 18 18 18 18 3C 00 00 00 00 00 00 00 00 00 FE 86 86 0C 18 30 30 00
t80_8 color2010=18 38 18 18 18 18 3C 00 00 00 00 00 00 00 00 00 FE 86 86 0C 18 30 30 00
t80_8 name3800=00 00 00 00 00 00 00 00 00 00 00 00 00 2E 30 26 2C 3A 00 00 00 00 00 00 00 00 00 00 00 00 00 00
t81 pc=40D1 pgt=4153920/4153920/4153920 clr=104997/104997/104997 nam=129325 ram_e800=104997 ram_ed00=129325
t81 e800=18 38 18 18 18 18 3C 00 00 00 00 00 00 00 00 00 FE 86 86 0C 18 30 30 00
t81 color2010=18 38 18 18 18 18 3C 00 00 00 00 00 00 00 00 00 FE 86 86 0C 18 30 30 00
t81 name3800=00 00 00 00 00 00 00 00 00 00 00 00 00 2E 30 26 2C 3A 00 00 00 00 00 00 00 00 00 00 00 00 00 00
t82 pc=40D1 pgt=4153920/4153920/4153920 clr=104997/104997/104997 nam=129325 ram_e800=104997 ram_ed00=129325
t82 e800=18 38 18 18 18 18 3C 00 00 00 00 00 00 00 00 00 FE 86 86 0C 18 30 30 00
t82 color2010=18 38 18 18 18 18 3C 00 00 00 00 00 00 00 00 00 FE 86 86 0C 18 30 30 00
t82 name3800=00 00 00 00 00 00 00 00 00 00 00 00 00 2E 30 26 2C 3A 00 00 00 00 00 00 00 00 00 00 00 00 00 00
t84 pc=40D1 pgt=4153920/4153920/4153920 clr=104997/104997/104997 nam=129325 ram_e800=104997 ram_ed00=129325
t84 e800=18 38 18 18 18 18 3C 00 00 00 00 00 00 00 00 00 FE 86 86 0C 18 30 30 00
t84 color2010=18 38 18 18 18 18 3C 00 00 00 00 00 00 00 00 00 FE 86 86 0C 18 30 30 00
t84 name3800=00 00 00 00 00 00 00 00 00 00 00 00 00 2E 30 26 2C 3A 00 00 00 00 00 00 00 00 00 00 00 00 00 00
237 LDIRVM ret=5BE1 call=5BDE HL=E800 DE=2010 BC=0230 AF=0040 e800=163497 ed00=129325
238 LDIRVM ret=5BE1 call=5BDE HL=E800 DE=2810 BC=0230 AF=0068 e800=163497 ed00=129325
239 LDIRVM ret=5BE1 call=5BDE HL=E800 DE=3010 BC=0230 AF=0070 e800=163497 ed00=129325
240 LDIRVM ret=6B13 call=6B10 HL=ED00 DE=3800 BC=0300 AF=0110 e800=163497 ed00=129325
241 LDIRVM ret=5BE1 call=5BDE HL=E800 DE=2010 BC=0230 AF=5440 e800=190301 ed00=129325
242 LDIRVM ret=5BE1 call=5BDE HL=E800 DE=2810 BC=0230 AF=0068 e800=190301 ed00=129325
243 LDIRVM ret=5BE1 call=5BDE HL=E800 DE=3010 BC=0230 AF=0070 e800=190301 ed00=129325
244 LDIRVM ret=6B13 call=6B10 HL=ED00 DE=3800 BC=0300 AF=0210 e800=190301 ed00=129325
245 LDIRVM ret=5BE1 call=5BDE HL=E800 DE=2010 BC=0230 AF=1040 e800=217809 ed00=129325
246 LDIRVM ret=5BE1 call=5BDE HL=E800 DE=2810 BC=0230 AF=0068 e800=217809 ed00=129325
247 LDIRVM ret=5BE1 call=5BDE HL=E800 DE=3010 BC=0230 AF=0070 e800=217809 ed00=129325
248 LDIRVM ret=6B13 call=6B10 HL=ED00 DE=3800 BC=0300 AF=0314 e800=217809 ed00=129325
249 LDIRVM ret=5BE1 call=5BDE HL=E800 DE=2010 BC=0230 AF=7C48 e800=244485 ed00=129325
250 LDIRVM ret=5BE1 call=5BDE HL=E800 DE=2810 BC=0230 AF=0068 e800=244485 ed00=129325
251 LDIRVM ret=5BE1 call=5BDE HL=E800 DE=3010 BC=0230 AF=0070 e800=244485 ed00=129325
252 LDIRVM ret=6B13 call=6B10 HL=ED00 DE=3800 BC=0300 AF=0410 e800=244485 ed00=129325
253 LDIRVM ret=5BE1 call=5BDE HL=E800 DE=2010 BC=0230 AF=1048 e800=267737 ed00=129325
254 LDIRVM ret=5BE1 call=5BDE HL=E800 DE=2810 BC=0230 AF=0068 e800=267737 ed00=129325
255 LDIRVM ret=5BE1 call=5BDE HL=E800 DE=3010 BC=0230 AF=0070 e800=267737 ed00=129325
256 LDIRVM ret=6B13 call=6B10 HL=ED00 DE=3800 BC=0300 AF=0514 e800=267737 ed00=129325
257 LDIRVM ret=5BE1 call=5BDE HL=E800 DE=2010 BC=0230 AF=5440 e800=292493 ed00=129325
258 LDIRVM ret=5BE1 call=5BDE HL=E800 DE=2810 BC=0230 AF=0068 e800=292493 ed00=129325
259 LDIRVM ret=5BE1 call=5BDE HL=E800 DE=3010 BC=0230 AF=0070 e800=292493 ed00=129325
260 LDIRVM ret=6B13 call=6B10 HL=ED00 DE=3800 BC=0300 AF=0614 e800=292493 ed00=129325
261 LDIRVM ret=5BE1 call=5BDE HL=E800 DE=2010 BC=0230 AF=0040 e800=343905 ed00=129325
262 LDIRVM ret=5BE1 call=5BDE HL=E800 DE=2810 BC=0230 AF=0068 e800=343905 ed00=129325
263 LDIRVM ret=5BE1 call=5BDE HL=E800 DE=3010 BC=0230 AF=0070 e800=343905 ed00=129325
264 LDIRVM ret=6B13 call=6B10 HL=ED00 DE=3800 BC=0300 AF=0710 e800=343905 ed00=129325
265 LDIRVM ret=5BE1 call=5BDE HL=E800 DE=2010 BC=0230 AF=0040 e800=318213 ed00=129325
266 LDIRVM ret=5BE1 call=5BDE HL=E800 DE=2810 BC=0230 AF=0068 e800=318213 ed00=129325
267 LDIRVM ret=5BE1 call=5BDE HL=E800 DE=3010 BC=0230 AF=0070 e800=318213 ed00=129325
268 LDIRVM ret=6B13 call=6B10 HL=ED00 DE=3800 BC=0300 AF=0044 e800=318213 ed00=127193
269 LDIRVM ret=5BE1 call=5BDE HL=E800 DE=2010 BC=0230 AF=0040 e800=291561 ed00=127193
270 LDIRVM ret=5BE1 call=5BDE HL=E800 DE=2810 BC=0230 AF=0068 e800=291561 ed00=127193
271 LDIRVM ret=5BE1 call=5BDE HL=E800 DE=3010 BC=0230 AF=0070 e800=291561 ed00=127193
272 LDIRVM ret=6B13 call=6B10 HL=ED00 DE=3800 BC=0300 AF=0110 e800=291561 ed00=127193
273 LDIRVM ret=5BE1 call=5BDE HL=E800 DE=2010 BC=0230 AF=0040 e800=264909 ed00=127193
274 LDIRVM ret=5BE1 call=5BDE HL=E800 DE=2810 BC=0230 AF=0068 e800=264909 ed00=127193
275 LDIRVM ret=5BE1 call=5BDE HL=E800 DE=3010 BC=0230 AF=0070 e800=264909 ed00=127193
276 LDIRVM ret=6B13 call=6B10 HL=ED00 DE=3800 BC=0300 AF=0210 e800=264909 ed00=127193
277 LDIRVM ret=5BE1 call=5BDE HL=E800 DE=2010 BC=0230 AF=0040 e800=238257 ed00=127193
278 LDIRVM ret=5BE1 call=5BDE HL=E800 DE=2810 BC=0230 AF=0068 e800=238257 ed00=127193
279 LDIRVM ret=5BE1 call=5BDE HL=E800 DE=3010 BC=0230 AF=0070 e800=238257 ed00=127193
280 LDIRVM ret=6B13 call=6B10 HL=ED00 DE=3800 BC=0300 AF=0314 e800=238257 ed00=127193
t86 pc=40D1 pgt=4153920/4153920/4153920 clr=238257/238257/238257 nam=127193 ram_e800=238257 ram_ed00=127193
t86 e800=00 00 00 00 00 18 38 18 18 18 18 3C 00 00 00 00 00 00 00 00 00 FE 86 86
t86 color2010=00 00 00 00 00 18 38 18 18 18 18 3C 00 00 00 00 00 00 00 00 00 FE 86 86
t86 name3800=00 00 28 26 28 26 20 26 24 00 36 12 24 30 00 1A 24 30 26 00 22 30 3E 0A 30 26 2E 00 30 26 00 00
281 LDIRVM ret=5BE1 call=5BDE HL=E800 DE=2010 BC=0230 AF=0040 e800=211605 ed00=127193
282 LDIRVM ret=5BE1 call=5BDE HL=E800 DE=2810 BC=0230 AF=0068 e800=211605 ed00=127193
283 LDIRVM ret=5BE1 call=5BDE HL=E800 DE=3010 BC=0230 AF=0070 e800=211605 ed00=127193
284 LDIRVM ret=6B13 call=6B10 HL=ED00 DE=3800 BC=0300 AF=0410 e800=211605 ed00=127193
285 LDIRVM ret=5BE1 call=5BDE HL=E800 DE=2010 BC=0230 AF=0040 e800=184953 ed00=127193
286 LDIRVM ret=5BE1 call=5BDE HL=E800 DE=2810 BC=0230 AF=0068 e800=184953 ed00=127193
287 LDIRVM ret=5BE1 call=5BDE HL=E800 DE=3010 BC=0230 AF=0070 e800=184953 ed00=127193
288 LDIRVM ret=6B13 call=6B10 HL=ED00 DE=3800 BC=0300 AF=0514 e800=184953 ed00=127193
289 LDIRVM ret=5BE1 call=5BDE HL=E800 DE=2010 BC=0230 AF=0040 e800=158301 ed00=127193
290 LDIRVM ret=5BE1 call=5BDE HL=E800 DE=2810 BC=0230 AF=0068 e800=158301 ed00=127193
291 LDIRVM ret=5BE1 call=5BDE HL=E800 DE=3010 BC=0230 AF=0070 e800=158301 ed00=127193
292 LDIRVM ret=6B13 call=6B10 HL=ED00 DE=3800 BC=0300 AF=0614 e800=158301 ed00=127193
293 LDIRVM ret=5BE1 call=5BDE HL=E800 DE=2010 BC=0230 AF=0040 e800=131649 ed00=127193
294 LDIRVM ret=5BE1 call=5BDE HL=E800 DE=2810 BC=0230 AF=0068 e800=131649 ed00=127193
295 LDIRVM ret=5BE1 call=5BDE HL=E800 DE=3010 BC=0230 AF=0070 e800=131649 ed00=127193
296 LDIRVM ret=6B13 call=6B10 HL=ED00 DE=3800 BC=0300 AF=0710 e800=131649 ed00=127193
297 LDIRVM ret=5BE1 call=5BDE HL=E800 DE=2010 BC=0230 AF=0040 e800=104997 ed00=127193
298 LDIRVM ret=5BE1 call=5BDE HL=E800 DE=2810 BC=0230 AF=0068 e800=104997 ed00=127193
299 LDIRVM ret=5BE1 call=5BDE HL=E800 DE=3010 BC=0230 AF=0070 e800=104997 ed00=127193
300 LDIRVM ret=6B13 call=6B10 HL=ED00 DE=3800 BC=0300 AF=0100 e800=104997 ed00=119386
301 LDIRVM ret=5BE1 call=5BDE HL=E800 DE=2010 BC=0230 AF=0040 e800=163497 ed00=119386
302 LDIRVM ret=5BE1 call=5BDE HL=E800 DE=2810 BC=0230 AF=0068 e800=163497 ed00=119386
303 LDIRVM ret=5BE1 call=5BDE HL=E800 DE=3010 BC=0230 AF=0070 e800=163497 ed00=119386
304 LDIRVM ret=6B13 call=6B10 HL=ED00 DE=3800 BC=0300 AF=0110 e800=163497 ed00=119386
305 LDIRVM ret=5BE1 call=5BDE HL=E800 DE=2010 BC=0230 AF=5440 e800=190301 ed00=119386
306 LDIRVM ret=5BE1 call=5BDE HL=E800 DE=2810 BC=0230 AF=0068 e800=190301 ed00=119386
307 LDIRVM ret=5BE1 call=5BDE HL=E800 DE=3010 BC=0230 AF=0070 e800=190301 ed00=119386
308 LDIRVM ret=6B13 call=6B10 HL=ED00 DE=3800 BC=0300 AF=0210 e800=190301 ed00=119386
309 LDIRVM ret=5BE1 call=5BDE HL=E800 DE=2010 BC=0230 AF=1040 e800=217809 ed00=119386
310 LDIRVM ret=5BE1 call=5BDE HL=E800 DE=2810 BC=0230 AF=0068 e800=217809 ed00=119386
311 LDIRVM ret=5BE1 call=5BDE HL=E800 DE=3010 BC=0230 AF=0070 e800=217809 ed00=119386
312 LDIRVM ret=6B13 call=6B10 HL=ED00 DE=3800 BC=0300 AF=0314 e800=217809 ed00=119386
313 LDIRVM ret=5BE1 call=5BDE HL=E800 DE=2010 BC=0230 AF=7C48 e800=244485 ed00=119386
314 LDIRVM ret=5BE1 call=5BDE HL=E800 DE=2810 BC=0230 AF=0068 e800=244485 ed00=119386
315 LDIRVM ret=5BE1 call=5BDE HL=E800 DE=3010 BC=0230 AF=0070 e800=244485 ed00=119386
316 LDIRVM ret=6B13 call=6B10 HL=ED00 DE=3800 BC=0300 AF=0410 e800=244485 ed00=119386
317 LDIRVM ret=5BE1 call=5BDE HL=E800 DE=2010 BC=0230 AF=1048 e800=267737 ed00=119386
318 LDIRVM ret=5BE1 call=5BDE HL=E800 DE=2810 BC=0230 AF=0068 e800=267737 ed00=119386
319 LDIRVM ret=5BE1 call=5BDE HL=E800 DE=3010 BC=0230 AF=0070 e800=267737 ed00=119386
320 LDIRVM ret=6B13 call=6B10 HL=ED00 DE=3800 BC=0300 AF=0514 e800=267737 ed00=119386
321 LDIRVM ret=5BE1 call=5BDE HL=E800 DE=2010 BC=0230 AF=5440 e800=292493 ed00=119386
322 LDIRVM ret=5BE1 call=5BDE HL=E800 DE=2810 BC=0230 AF=0068 e800=292493 ed00=119386
323 LDIRVM ret=5BE1 call=5BDE HL=E800 DE=3010 BC=0230 AF=0070 e800=292493 ed00=119386
324 LDIRVM ret=6B13 call=6B10 HL=ED00 DE=3800 BC=0300 AF=0614 e800=292493 ed00=119386
325 LDIRVM ret=5BE1 call=5BDE HL=E800 DE=2010 BC=0230 AF=0040 e800=343905 ed00=119386
326 LDIRVM ret=5BE1 call=5BDE HL=E800 DE=2810 BC=0230 AF=0068 e800=343905 ed00=119386
327 LDIRVM ret=5BE1 call=5BDE HL=E800 DE=3010 BC=0230 AF=0070 e800=343905 ed00=119386
328 LDIRVM ret=6B13 call=6B10 HL=ED00 DE=3800 BC=0300 AF=0710 e800=343905 ed00=119386
329 LDIRVM ret=5BE1 call=5BDE HL=E800 DE=2010 BC=0230 AF=0040 e800=318213 ed00=119386
330 LDIRVM ret=5BE1 call=5BDE HL=E800 DE=2810 BC=0230 AF=0068 e800=318213 ed00=119386
331 LDIRVM ret=5BE1 call=5BDE HL=E800 DE=3010 BC=0230 AF=0070 e800=318213 ed00=119386
332 LDIRVM ret=6B13 call=6B10 HL=ED00 DE=3800 BC=0300 AF=0044 e800=318213 ed00=111776
333 LDIRVM ret=5BE1 call=5BDE HL=E800 DE=2010 BC=0230 AF=0040 e800=291561 ed00=111776
334 LDIRVM ret=5BE1 call=5BDE HL=E800 DE=2810 BC=0230 AF=0068 e800=291561 ed00=111776
335 LDIRVM ret=5BE1 call=5BDE HL=E800 DE=3010 BC=0230 AF=0070 e800=291561 ed00=111776
336 LDIRVM ret=6B13 call=6B10 HL=ED00 DE=3800 BC=0300 AF=0110 e800=291561 ed00=111776
337 LDIRVM ret=5BE1 call=5BDE HL=E800 DE=2010 BC=0230 AF=0040 e800=264909 ed00=111776
338 LDIRVM ret=5BE1 call=5BDE HL=E800 DE=2810 BC=0230 AF=0068 e800=264909 ed00=111776
339 LDIRVM ret=5BE1 call=5BDE HL=E800 DE=3010 BC=0230 AF=0070 e800=264909 ed00=111776
340 LDIRVM ret=6B13 call=6B10 HL=ED00 DE=3800 BC=0300 AF=0210 e800=264909 ed00=111776
341 LDIRVM ret=5BE1 call=5BDE HL=E800 DE=2010 BC=0230 AF=0040 e800=238257 ed00=111776
342 LDIRVM ret=5BE1 call=5BDE HL=E800 DE=2810 BC=0230 AF=0068 e800=238257 ed00=111776
343 LDIRVM ret=5BE1 call=5BDE HL=E800 DE=3010 BC=0230 AF=0070 e800=238257 ed00=111776
344 LDIRVM ret=6B13 call=6B10 HL=ED00 DE=3800 BC=0300 AF=0314 e800=238257 ed00=111776
345 LDIRVM ret=5BE1 call=5BDE HL=E800 DE=2010 BC=0230 AF=0040 e800=211605 ed00=111776
346 LDIRVM ret=5BE1 call=5BDE HL=E800 DE=2810 BC=0230 AF=0068 e800=211605 ed00=111776
347 LDIRVM ret=5BE1 call=5BDE HL=E800 DE=3010 BC=0230 AF=0070 e800=211605 ed00=111776
348 LDIRVM ret=6B13 call=6B10 HL=ED00 DE=3800 BC=0300 AF=0410 e800=211605 ed00=111776
349 LDIRVM ret=5BE1 call=5BDE HL=E800 DE=2010 BC=0230 AF=0040 e800=184953 ed00=111776
350 LDIRVM ret=5BE1 call=5BDE HL=E800 DE=2810 BC=0230 AF=0068 e800=184953 ed00=111776
351 LDIRVM ret=5BE1 call=5BDE HL=E800 DE=3010 BC=0230 AF=0070 e800=184953 ed00=111776
352 LDIRVM ret=6B13 call=6B10 HL=ED00 DE=3800 BC=0300 AF=0514 e800=184953 ed00=111776
353 LDIRVM ret=5BE1 call=5BDE HL=E800 DE=2010 BC=0230 AF=0040 e800=158301 ed00=111776
354 LDIRVM ret=5BE1 call=5BDE HL=E800 DE=2810 BC=0230 AF=0068 e800=158301 ed00=111776
355 LDIRVM ret=5BE1 call=5BDE HL=E800 DE=3010 BC=0230 AF=0070 e800=158301 ed00=111776
356 LDIRVM ret=6B13 call=6B10 HL=ED00 DE=3800 BC=0300 AF=0614 e800=158301 ed00=111776
357 LDIRVM ret=5BE1 call=5BDE HL=E800 DE=2010 BC=0230 AF=0040 e800=131649 ed00=111776
358 LDIRVM ret=5BE1 call=5BDE HL=E800 DE=2810 BC=0230 AF=0068 e800=131649 ed00=111776
359 LDIRVM ret=5BE1 call=5BDE HL=E800 DE=3010 BC=0230 AF=0070 e800=131649 ed00=111776
360 LDIRVM ret=6B13 call=6B10 HL=ED00 DE=3800 BC=0300 AF=0710 e800=131649 ed00=111776
361 LDIRVM ret=5BE1 call=5BDE HL=E800 DE=2010 BC=0230 AF=0040 e800=104997 ed00=111776
362 LDIRVM ret=5BE1 call=5BDE HL=E800 DE=2810 BC=0230 AF=0068 e800=104997 ed00=111776
363 LDIRVM ret=5BE1 call=5BDE HL=E800 DE=3010 BC=0230 AF=0070 e800=104997 ed00=111776
364 LDIRVM ret=6B13 call=6B10 HL=ED00 DE=3800 BC=0300 AF=0100 e800=104997 ed00=106065
365 LDIRVM ret=5BE1 call=5BDE HL=E800 DE=2010 BC=0230 AF=0040 e800=163497 ed00=106065
366 LDIRVM ret=5BE1 call=5BDE HL=E800 DE=2810 BC=0230 AF=0068 e800=163497 ed00=106065
367 LDIRVM ret=5BE1 call=5BDE HL=E800 DE=3010 BC=0230 AF=0070 e800=163497 ed00=106065
368 LDIRVM ret=6B13 call=6B10 HL=ED00 DE=3800 BC=0300 AF=0110 e800=163497 ed00=106065
369 LDIRVM ret=5BE1 call=5BDE HL=E800 DE=2010 BC=0230 AF=5440 e800=190301 ed00=106065
370 LDIRVM ret=5BE1 call=5BDE HL=E800 DE=2810 BC=0230 AF=0068 e800=190301 ed00=106065
371 LDIRVM ret=5BE1 call=5BDE HL=E800 DE=3010 BC=0230 AF=0070 e800=190301 ed00=106065
372 LDIRVM ret=6B13 call=6B10 HL=ED00 DE=3800 BC=0300 AF=0210 e800=190301 ed00=106065
373 LDIRVM ret=5BE1 call=5BDE HL=E800 DE=2010 BC=0230 AF=1040 e800=217809 ed00=106065
374 LDIRVM ret=5BE1 call=5BDE HL=E800 DE=2810 BC=0230 AF=0068 e800=217809 ed00=106065
375 LDIRVM ret=5BE1 call=5BDE HL=E800 DE=3010 BC=0230 AF=0070 e800=217809 ed00=106065
376 LDIRVM ret=6B13 call=6B10 HL=ED00 DE=3800 BC=0300 AF=0314 e800=217809 ed00=106065
377 LDIRVM ret=5BE1 call=5BDE HL=E800 DE=2010 BC=0230 AF=7C48 e800=244485 ed00=106065
378 LDIRVM ret=5BE1 call=5BDE HL=E800 DE=2810 BC=0230 AF=0068 e800=244485 ed00=106065
379 LDIRVM ret=5BE1 call=5BDE HL=E800 DE=3010 BC=0230 AF=0070 e800=244485 ed00=106065
380 LDIRVM ret=6B13 call=6B10 HL=ED00 DE=3800 BC=0300 AF=0410 e800=244485 ed00=106065
381 LDIRVM ret=5BE1 call=5BDE HL=E800 DE=2010 BC=0230 AF=1048 e800=267737 ed00=106065
382 LDIRVM ret=5BE1 call=5BDE HL=E800 DE=2810 BC=0230 AF=0068 e800=267737 ed00=106065
383 LDIRVM ret=5BE1 call=5BDE HL=E800 DE=3010 BC=0230 AF=0070 e800=267737 ed00=106065
384 LDIRVM ret=6B13 call=6B10 HL=ED00 DE=3800 BC=0300 AF=0514 e800=267737 ed00=106065
385 LDIRVM ret=5BE1 call=5BDE HL=E800 DE=2010 BC=0230 AF=5440 e800=292493 ed00=106065
386 LDIRVM ret=5BE1 call=5BDE HL=E800 DE=2810 BC=0230 AF=0068 e800=292493 ed00=106065
387 LDIRVM ret=5BE1 call=5BDE HL=E800 DE=3010 BC=0230 AF=0070 e800=292493 ed00=106065
388 LDIRVM ret=6B13 call=6B10 HL=ED00 DE=3800 BC=0300 AF=0614 e800=292493 ed00=106065
389 LDIRVM ret=5BE1 call=5BDE HL=E800 DE=2010 BC=0230 AF=0040 e800=343905 ed00=106065
390 LDIRVM ret=5BE1 call=5BDE HL=E800 DE=2810 BC=0230 AF=0068 e800=343905 ed00=106065
391 LDIRVM ret=5BE1 call=5BDE HL=E800 DE=3010 BC=0230 AF=0070 e800=343905 ed00=106065
392 LDIRVM ret=6B13 call=6B10 HL=ED00 DE=3800 BC=0300 AF=0710 e800=343905 ed00=106065
393 LDIRVM ret=5BE1 call=5BDE HL=E800 DE=2010 BC=0230 AF=0040 e800=318213 ed00=106065
394 LDIRVM ret=5BE1 call=5BDE HL=E800 DE=2810 BC=0230 AF=0068 e800=318213 ed00=106065
395 LDIRVM ret=5BE1 call=5BDE HL=E800 DE=3010 BC=0230 AF=0070 e800=318213 ed00=106065
396 LDIRVM ret=6B13 call=6B10 HL=ED00 DE=3800 BC=0300 AF=0044 e800=318213 ed00=100553
397 LDIRVM ret=5BE1 call=5BDE HL=E800 DE=2010 BC=0230 AF=0040 e800=291561 ed00=100553
398 LDIRVM ret=5BE1 call=5BDE HL=E800 DE=2810 BC=0230 AF=0068 e800=291561 ed00=100553
399 LDIRVM ret=5BE1 call=5BDE HL=E800 DE=3010 BC=0230 AF=0070 e800=291561 ed00=100553
400 LDIRVM ret=6B13 call=6B10 HL=ED00 DE=3800 BC=0300 AF=0110 e800=291561 ed00=100553
401 LDIRVM ret=5BE1 call=5BDE HL=E800 DE=2010 BC=0230 AF=0040 e800=264909 ed00=100553
402 LDIRVM ret=5BE1 call=5BDE HL=E800 DE=2810 BC=0230 AF=0068 e800=264909 ed00=100553
403 LDIRVM ret=5BE1 call=5BDE HL=E800 DE=3010 BC=0230 AF=0070 e800=264909 ed00=100553
404 LDIRVM ret=6B13 call=6B10 HL=ED00 DE=3800 BC=0300 AF=0210 e800=264909 ed00=100553
405 LDIRVM ret=5BE1 call=5BDE HL=E800 DE=2010 BC=0230 AF=0040 e800=238257 ed00=100553
406 LDIRVM ret=5BE1 call=5BDE HL=E800 DE=2810 BC=0230 AF=0068 e800=238257 ed00=100553
407 LDIRVM ret=5BE1 call=5BDE HL=E800 DE=3010 BC=0230 AF=0070 e800=238257 ed00=100553
408 LDIRVM ret=6B13 call=6B10 HL=ED00 DE=3800 BC=0300 AF=0314 e800=238257 ed00=100553
409 LDIRVM ret=5BE1 call=5BDE HL=E800 DE=2010 BC=0230 AF=0040 e800=211605 ed00=100553
410 LDIRVM ret=5BE1 call=5BDE HL=E800 DE=2810 BC=0230 AF=0068 e800=211605 ed00=100553
411 LDIRVM ret=5BE1 call=5BDE HL=E800 DE=3010 BC=0230 AF=0070 e800=211605 ed00=100553
412 LDIRVM ret=6B13 call=6B10 HL=ED00 DE=3800 BC=0300 AF=0410 e800=211605 ed00=100553
413 LDIRVM ret=5BE1 call=5BDE HL=E800 DE=2010 BC=0230 AF=0040 e800=184953 ed00=100553
414 LDIRVM ret=5BE1 call=5BDE HL=E800 DE=2810 BC=0230 AF=0068 e800=184953 ed00=100553
415 LDIRVM ret=5BE1 call=5BDE HL=E800 DE=3010 BC=0230 AF=0070 e800=184953 ed00=100553
416 LDIRVM ret=6B13 call=6B10 HL=ED00 DE=3800 BC=0300 AF=0514 e800=184953 ed00=100553
417 LDIRVM ret=5BE1 call=5BDE HL=E800 DE=2010 BC=0230 AF=0040 e800=158301 ed00=100553
418 LDIRVM ret=5BE1 call=5BDE HL=E800 DE=2810 BC=0230 AF=0068 e800=158301 ed00=100553
419 LDIRVM ret=5BE1 call=5BDE HL=E800 DE=3010 BC=0230 AF=0070 e800=158301 ed00=100553
420 LDIRVM ret=6B13 call=6B10 HL=ED00 DE=3800 BC=0300 AF=0614 e800=158301 ed00=100553
t88 pc=02E4 pgt=4153920/4153920/4153920 clr=217809/217809/217809 nam=93142 ram_e800=217809 ram_ed00=93142
t88 e800=18 18 18 3C 00 00 00 00 00 00 00 00 00 18 38 18 0C 18 30 30 00 00 00 00
t88 color2010=18 18 18 3C 00 00 00 00 00 00 00 00 00 18 38 18 0C 18 30 30 00 00 00 00
t88 name3800=00 00 0C 3A 00 18 32 10 24 26 2E 3E 00 0C 32 30 00 1A 30 00 36 0A 2E 00 0A 00 30 2C 0A 28 00 00
t90 pc=02E4 pgt=4153920/4153920/4153920 clr=238257/238257/238257 nam=59363 ram_e800=238257 ram_ed00=59363
t90 e800=00 00 00 00 00 18 38 18 18 18 18 3C 00 00 00 00 00 00 00 00 00 FE 86 86
t90 color2010=00 00 00 00 00 18 38 18 18 18 18 3C 00 00 00 00 00 00 00 00 00 FE 86 86
t90 name3800=00 00 0A 0C 2E 12 24 0E 12 00 0A 24 10 00 0A 20 2E 26 00 1E 1A 10 24 0A 28 28 12 10 00 00 00 00
t92 pc=02E4 pgt=4153920/4153920/4153920 clr=217809/217809/217809 nam=31811 ram_e800=217809 ram_ed00=31811
t92 e800=18 18 18 3C 00 00 00 00 00 00 00 00 00 18 38 18 0C 18 30 30 00 00 00 00
t92 color2010=18 18 18 3C 00 00 00 00 00 00 00 00 00 18 38 18 0C 18 30 30 00 00 00 00
t92 name3800=00 00 30 18 12 00 18 12 0A 34 12 24 00 36 18 26 00 36 0A 2E 00 2E 32 28 28 26 2E 12 10 00 00 00
t94 pc=02E4 pgt=4153920/4153920/4153920 clr=238257/238257/253166 nam=4984 ram_e800=238257 ram_ed00=4984
t94 e800=00 00 00 00 00 18 38 18 18 18 18 3C 00 00 00 00 00 00 00 00 00 FE 86 86
t94 color2010=00 00 00 00 00 18 38 18 18 18 18 3C 00 00 00 00 00 00 00 00 00 FE 86 86
t94 name3800=00 00 20 0A 30 12 2C 3E 3E 3E 00 00 00 00 00 00 00 00 00 00 00 00 00 00 00 00 00 00 00 00 00 00
t96 pc=40D1 pgt=3901216/2361136/3901216 clr=296175/809650/296175 nam=140610 ram_e800=318213 ram_ed00=0
t96 e800=00 00 00 00 00 00 00 00 18 38 18 18 18 18 3C 00 00 00 00 00 00 00 00 00
t96 color2010=00 00 00 00 00 00 00 00 00 00 00 00 00 00 00 00 00 00 00 00 00 00 00 00
t96 name3800=00 00 00 00 00 00 00 00 00 00 00 00 00 00 00 00 00 00 00 00 00 00 00 00 00 00 00 00 00 00 00 00
DONE
