SHOT_60 pc=40D1 sp=F0F0 r2=0E r3=7F r4=07 r7=E4 nt1800=BD nt1B80=00 pt=00/00/00
SHOT_61 pc=40D1 sp=F0F0 r2=0E r3=7F r4=07 r7=E4 nt1800=BD nt1B80=00 pt=00/00/00
SHOT_62 pc=40D1 sp=F0F0 r2=0E r3=7F r4=07 r7=E0 nt1800=00 nt1B80=00 pt=00/00/00
SHOT_63 pc=5481 sp=F0D0 r2=0E r3=7F r4=07 r7=E0 nt1800=00 nt1B80=00 pt=00/00/00
SHOT_64 pc=02E4 sp=F0CE r2=0E r3=7F r4=07 r7=E0 nt1800=00 nt1B80=00 pt=00/00/00
SHOT_65 pc=02E4 sp=F0CE r2=0E r3=7F r4=07 r7=E0 nt1800=00 nt1B80=00 pt=00/00/00
SHOT_66 pc=5468 sp=F0D6 r2=0E r3=7F r4=07 r7=E0 nt1800=00 nt1B80=00 pt=00/00/00
SHOT_67 pc=40D1 sp=F0F0 r2=0E r3=7F r4=07 r7=E0 nt1800=BD nt1B80=00 pt=F0/F0/F0
SHOT_68 pc=40D1 sp=F0F0 r2=0E r3=7F r4=07 r7=E0 nt1800=BD nt1B80=00 pt=F0/F0/F0
SHOT_69 pc=40D1 sp=F0F0 r2=0E r3=7F r4=07 r7=E0 nt1800=BD nt1B80=00 pt=F0/F0/F0
SHOT_70 pc=40D1 sp=F0F0 r2=0E r3=7F r4=07 r7=E0 nt1800=BD nt1B80=00 pt=F0/F0/F0
SHOT_71 pc=40D1 sp=F0F0 r2=0E r3=7F r4=07 r7=E0 nt1800=BD nt1B80=00 pt=F0/F0/F0
SHOT_72 pc=40D1 sp=F0F0 r2=0E r3=7F r4=07 r7=E0 nt1800=BD nt1B80=00 pt=F0/F0/F0
SHOT_73 pc=40D1 sp=F0F0 r2=0E r3=7F r4=07 r7=E0 nt1800=BD nt1B80=00 pt=F0/F0/F0
SHOT_74 pc=40D1 sp=F0F0 r2=0E r3=7F r4=07 r7=E0 nt1800=BD nt1B80=00 pt=F0/F0/F0
SHOT_75 pc=40D1 sp=F0F0 r2=0E r3=7F r4=07 r7=E0 nt1800=BD nt1B80=00 pt=F0/F0/F0
SHOT_76 pc=40D1 sp=F0F0 r2=0E r3=7F r4=07 r7=E0 nt1800=BD nt1B80=00 pt=F0/F0/F0
SHOT_77 pc=40D1 sp=F0F0 r2=0E r3=7F r4=07 r7=E0 nt1800=BD nt1B80=00 pt=F0/F0/F0
SHOT_78 pc=40D1 sp=F0F0 r2=0E r3=7F r4=07 r7=E0 nt1800=BD nt1B80=00 pt=F0/F0/F0
SHOT_79 pc=FD9A sp=F0D8 r2=0E r3=7F r4=07 r7=E0 nt1800=BD nt1B80=00 pt=F0/F0/F0
SHOT_80 pc=40D1 sp=F0F0 r2=0E r3=7F r4=07 r7=E0 nt1800=BD nt1B80=00 pt=F0/F0/F0
SHOT_81 pc=40D1 sp=F0F0 r2=0E r3=7F r4=07 r7=E0 nt1800=BD nt1B80=00 pt=F0/F0/F0
SHOT_82 pc=40D1 sp=F0F0 r2=0E r3=7F r4=07 r7=E0 nt1800=BD nt1B80=00 pt=F0/F0/F0
SHOT_83 pc=40D1 sp=F0F0 r2=0E r3=7F r4=07 r7=E0 nt1800=BD nt1B80=00 pt=F0/F0/F0
SHOT_84 pc=40D1 sp=F0F0 r2=0E r3=7F r4=07 r7=E0 nt1800=BD nt1B80=00 pt=F0/F0/F0
SHOT_85 pc=40D1 sp=F0F0 r2=0E r3=7F r4=07 r7=E0 nt1800=BD nt1B80=00 pt=F0/F0/F0
SHOT_86 pc=40D1 sp=F0F0 r2=0E r3=7F r4=07 r7=E0 nt1800=BD nt1B80=00 pt=F0/F0/F0
SHOT_87 pc=40D1 sp=F0F0 r2=0E r3=7F r4=07 r7=E0 nt1800=BD nt1B80=00 pt=F0/F0/F0
SHOT_88 pc=02E4 sp=F0D0 r2=0E r3=7F r4=07 r7=E0 nt1800=BD nt1B80=00 pt=F0/F0/F0
SHOT_89 pc=02E4 sp=F0D0 r2=0E r3=7F r4=07 r7=E0 nt1800=BD nt1B80=00 pt=F0/F0/F0
SHOT_90 pc=02E4 sp=F0D0 r2=0E r3=7F r4=07 r7=E0 nt1800=BD nt1B80=00 pt=F0/F0/F0
SHOT_91 pc=606D sp=F0B4 r2=0E r3=7F r4=07 r7=E0 nt1800=BD nt1B80=00 pt=F0/F0/F0
SHOT_92 pc=02E4 sp=F0D0 r2=0E r3=7F r4=07 r7=E0 nt1800=BD nt1B80=00 pt=F0/F0/F0
SHOT_93 pc=02E4 sp=F0CA r2=0E r3=7F r4=07 r7=E0 nt1800=BD nt1B80=00 pt=F0/F0/F0
SHOT_94 pc=02E4 sp=F0CA r2=0E r3=7F r4=07 r7=E0 nt1800=BD nt1B80=00 pt=F0/F0/F0
SHOT_95 pc=02E4 sp=F0CA r2=0E r3=7F r4=07 r7=E0 nt1800=BD nt1B80=00 pt=F0/F0/F0
SHOT_96 pc=40D1 sp=F0F0 r2=0E r3=7F r4=07 r7=E4 nt1800=BD nt1B80=00 pt=00/00/00
SHOT_97 pc=40D1 sp=F0F0 r2=0E r3=7F r4=07 r7=E4 nt1800=BD nt1B80=00 pt=00/00/00
SHOT_98 pc=40D1 sp=F0F0 r2=0E r3=7F r4=07 r7=E4 nt1800=BD nt1B80=00 pt=00/00/00
SHOT_99 pc=40D1 sp=F0F0 r2=0E r3=7F r4=07 r7=E4 nt1800=BD nt1B80=00 pt=00/00/00
SHOT_100 pc=40D1 sp=F0F0 r2=0E r3=7F r4=07 r7=E4 nt1800=BD nt1B80=00 pt=00/00/00
SHOT_101 pc=40D1 sp=F0F0 r2=0E r3=7F r4=07 r7=E4 nt1800=BD nt1B80=00 pt=00/00/00
SHOT_102 pc=5483 sp=F0D0 r2=0E r3=7F r4=07 r7=E0 nt1800=00 nt1B80=00 pt=00/00/00
SHOT_103 pc=02E4 sp=F0CE r2=0E r3=7F r4=07 r7=E0 nt1800=00 nt1B80=00 pt=00/00/00
SHOT_104 pc=02E4 sp=F0CE r2=0E r3=7F r4=07 r7=E0 nt1800=00 nt1B80=00 pt=00/00/00
SHOT_105 pc=40D1 sp=F0F0 r2=0E r3=7F r4=07 r7=E0 nt1800=00 nt1B80=00 pt=00/00/00
DONE
