t80
sums patt=4153920/4153920/4153920 color=104997/104997/104997 name=129325
3800: 00 00 00 00 00 00 00 00 00 00 00 00 00 2E 30 26 2C 3A 00 00 00 00 00 00 00 00 00 00 00 00 00 00 00 00 29 27 29 27 21 27 25 00 37 13 25 31 00 1B 25 31 27 00 23 31 3F 0B 31 27 2F 00 31 27 00 00
3840: 00 00 28 26 28 26 20 26 24 00 36 12 24 30 00 1A 24 30 26 00 22 30 3E 0A 30 26 2E 00 30 26 00 00 00 00 2D 13 2F 0F 33 13 00 0B 29 19 2D 27 11 1B 31 13 00 1F 1B 11 25 0B 29 29 13 11 00 00 00 00
2000: 00 00 00 00 00 00 00 00 00 00 00 00 00 00 00 00 18 38 18 18 18 18 3C 00 00 00 00 00 00 00 00 00 FE 86 86 0C 18 30 30 00 00 00 00 00 00 00 00 00 7C C6 C6 7C C6 C6 7C 00 00 00 00 00 00 00 00 00
2010: 18 38 18 18 18 18 3C 00 00 00 00 00 00 00 00 00 FE 86 86 0C 18 30 30 00 00 00 00 00 00 00 00 00 7C C6 C6 7C C6 C6 7C 00 00 00 00 00 00 00 00 00 7C C6 C6 7E 06 86 7C 00 00 00 00 00 00 00 00 00
0000: F0 F0 F0 F0 F0 F0 F0 F0 F0 F0 F0 F0 F0 F0 F0 F0 F0 F0 F0 F0 F0 F0 F0 F0 F0 F0 F0 F0 F0 F0 F0 F0 F0 F0 F0 F0 F0 F0 F0 F0 F0 F0 F0 F0 F0 F0 F0 F0 F0 F0 F0 F0 F0 F0 F0 F0 F0 F0 F0 F0 F0 F0 F0 F0
0010: F0 F0 F0 F0 F0 F0 F0 F0 F0 F0 F0 F0 F0 F0 F0 F0 F0 F0 F0 F0 F0 F0 F0 F0 F0 F0 F0 F0 F0 F0 F0 F0 F0 F0 F0 F0 F0 F0 F0 F0 F0 F0 F0 F0 F0 F0 F0 F0 F0 F0 F0 F0 F0 F0 F0 F0 F0 F0 F0 F0 F0 F0 F0 F0
t88
sums patt=4153920/4153920/4153920 color=217809/217809/217809 name=93142
3800: 00 00 0C 3A 00 18 32 10 24 26 2E 3E 00 0C 32 30 00 1A 30 00 36 0A 2E 00 0A 00 30 2C 0A 28 00 00 00 00 23 0B 11 13 00 0D 3B 00 17 0B 21 1B 27 33 2F 3F 00 19 13 00 0B 31 31 0B 0F 1F 13 11 00 00
3840: 00 00 22 0A 10 12 00 0C 3A 00 16 0A 20 1A 26 32 2E 3E 00 18 12 00 0A 30 30 0A 0E 1E 12 10 00 00 00 00 31 19 13 00 0F 0B 2F 31 21 13 00 11 33 2D 1B 25 17 00 29 27 29 27 21 27 25 45 2F 00 00 00
2000: 00 00 00 00 00 00 00 00 00 00 00 00 00 00 00 00 18 18 18 3C 00 00 00 00 00 00 00 00 00 18 38 18 0C 18 30 30 00 00 00 00 00 00 00 00 00 FE 86 86 7C C6 C6 7C 00 00 00 00 00 00 00 00 00 7C C6 C6
2010: 18 18 18 3C 00 00 00 00 00 00 00 00 00 18 38 18 0C 18 30 30 00 00 00 00 00 00 00 00 00 FE 86 86 7C C6 C6 7C 00 00 00 00 00 00 00 00 00 7C C6 C6 7E 06 86 7C 00 00 00 00 00 00 00 00 00 7C C6 C6
0000: F0 F0 F0 F0 F0 F0 F0 F0 F0 F0 F0 F0 F0 F0 F0 F0 F0 F0 F0 F0 F0 F0 F0 F0 F0 F0 F0 F0 F0 F0 F0 F0 F0 F0 F0 F0 F0 F0 F0 F0 F0 F0 F0 F0 F0 F0 F0 F0 F0 F0 F0 F0 F0 F0 F0 F0 F0 F0 F0 F0 F0 F0 F0 F0
0010: F0 F0 F0 F0 F0 F0 F0 F0 F0 F0 F0 F0 F0 F0 F0 F0 F0 F0 F0 F0 F0 F0 F0 F0 F0 F0 F0 F0 F0 F0 F0 F0 F0 F0 F0 F0 F0 F0 F0 F0 F0 F0 F0 F0 F0 F0 F0 F0 F0 F0 F0 F0 F0 F0 F0 F0 F0 F0 F0 F0 F0 F0 F0 F0
t94
sums patt=4153920/4153920/4153920 color=238257/238257/253166 name=4984
3800: 00 00 20 0A 30 12 2C 3E 3E 3E 00 00 00 00 00 00 00 00 00 00 00 00 00 00 00 00 00 00 00 00 00 00 00 00 21 0B 31 13 2D 3F 3F 3F 00 00 00 00 00 00 00 00 00 00 00 00 00 00 00 00 00 00 00 00 00 00
3840: 00 00 00 00 00 00 00 00 00 00 00 00 00 00 00 00 00 00 00 00 00 00 00 00 00 00 00 00 00 00 00 00 00 00 00 00 00 00 00 00 00 00 00 00 00 00 00 00 00 00 00 00 00 00 00 00 00 00 00 00 00 00 00 00
2000: 00 00 00 00 00 00 00 00 00 00 00 00 00 00 00 00 00 00 00 00 00 18 38 18 18 18 18 3C 00 00 00 00 00 00 00 00 00 FE 86 86 0C 18 30 30 00 00 00 00 00 00 00 00 00 7C C6 C6 7C C6 C6 7C 00 00 00 00
2010: 00 00 00 00 00 18 38 18 18 18 18 3C 00 00 00 00 00 00 00 00 00 FE 86 86 0C 18 30 30 00 00 00 00 00 00 00 00 00 7C C6 C6 7C C6 C6 7C 00 00 00 00 00 00 00 00 00 7C C6 C6 7E 06 86 7C 00 00 00 00
0000: F0 F0 F0 F0 F0 F0 F0 F0 F0 F0 F0 F0 F0 F0 F0 F0 F0 F0 F0 F0 F0 F0 F0 F0 F0 F0 F0 F0 F0 F0 F0 F0 F0 F0 F0 F0 F0 F0 F0 F0 F0 F0 F0 F0 F0 F0 F0 F0 F0 F0 F0 F0 F0 F0 F0 F0 F0 F0 F0 F0 F0 F0 F0 F0
0010: F0 F0 F0 F0 F0 F0 F0 F0 F0 F0 F0 F0 F0 F0 F0 F0 F0 F0 F0 F0 F0 F0 F0 F0 F0 F0 F0 F0 F0 F0 F0 F0 F0 F0 F0 F0 F0 F0 F0 F0 F0 F0 F0 F0 F0 F0 F0 F0 F0 F0 F0 F0 F0 F0 F0 F0 F0 F0 F0 F0 F0 F0 F0 F0
DONE
