ACTIVE
001 LDIRVM ret=5BE1 call=5BDE HL=E800 DE=2010 BC=0230 AF=0040
002 LDIRVM ret=5BE1 call=5BDE HL=E800 DE=2810 BC=0230 AF=0068
003 LDIRVM ret=5BE1 call=5BDE HL=E800 DE=3010 BC=0230 AF=0070
004 LDIRVM ret=6B13 call=6B10 HL=ED00 DE=3800 BC=0300 AF=0614
005 LDIRVM ret=5BE1 call=5BDE HL=E800 DE=2010 BC=0230 AF=0040
006 LDIRVM ret=5BE1 call=5BDE HL=E800 DE=2810 BC=0230 AF=0068
007 LDIRVM ret=5BE1 call=5BDE HL=E800 DE=3010 BC=0230 AF=0070
008 LDIRVM ret=6B13 call=6B10 HL=ED00 DE=3800 BC=0300 AF=0710
009 LDIRVM ret=5BE1 call=5BDE HL=E800 DE=2010 BC=0230 AF=0040
010 LDIRVM ret=5BE1 call=5BDE HL=E800 DE=2810 BC=0230 AF=0068
011 LDIRVM ret=5BE1 call=5BDE HL=E800 DE=3010 BC=0230 AF=0070
012 LDIRVM ret=6B13 call=6B10 HL=ED00 DE=3800 BC=0300 AF=0100
013 LDIRVM ret=5BE1 call=5BDE HL=E800 DE=2010 BC=0230 AF=0040
014 LDIRVM ret=5BE1 call=5BDE HL=E800 DE=2810 BC=0230 AF=0068
015 LDIRVM ret=5BE1 call=5BDE HL=E800 DE=3010 BC=0230 AF=0070
016 LDIRVM ret=6B13 call=6B10 HL=ED00 DE=3800 BC=0300 AF=0110
017 LDIRVM ret=5BE1 call=5BDE HL=E800 DE=2010 BC=0230 AF=5440
018 LDIRVM ret=5BE1 call=5BDE HL=E800 DE=2810 BC=0230 AF=0068
019 LDIRVM ret=5BE1 call=5BDE HL=E800 DE=3010 BC=0230 AF=0070
020 LDIRVM ret=6B13 call=6B10 HL=ED00 DE=3800 BC=0300 AF=0210
021 LDIRVM ret=5BE1 call=5BDE HL=E800 DE=2010 BC=0230 AF=1040
022 LDIRVM ret=5BE1 call=5BDE HL=E800 DE=2810 BC=0230 AF=0068
023 LDIRVM ret=5BE1 call=5BDE HL=E800 DE=3010 BC=0230 AF=0070
024 LDIRVM ret=6B13 call=6B10 HL=ED00 DE=3800 BC=0300 AF=0314
025 LDIRVM ret=5BE1 call=5BDE HL=E800 DE=2010 BC=0230 AF=7C48
026 LDIRVM ret=5BE1 call=5BDE HL=E800 DE=2810 BC=0230 AF=0068
027 LDIRVM ret=5BE1 call=5BDE HL=E800 DE=3010 BC=0230 AF=0070
028 LDIRVM ret=6B13 call=6B10 HL=ED00 DE=3800 BC=0300 AF=0410
029 LDIRVM ret=5BE1 call=5BDE HL=E800 DE=2010 BC=0230 AF=1048
030 LDIRVM ret=5BE1 call=5BDE HL=E800 DE=2810 BC=0230 AF=0068
031 LDIRVM ret=5BE1 call=5BDE HL=E800 DE=3010 BC=0230 AF=0070
032 LDIRVM ret=6B13 call=6B10 HL=ED00 DE=3800 BC=0300 AF=0514
033 LDIRVM ret=5BE1 call=5BDE HL=E800 DE=2010 BC=0230 AF=5440
034 LDIRVM ret=5BE1 call=5BDE HL=E800 DE=2810 BC=0230 AF=0068
035 LDIRVM ret=5BE1 call=5BDE HL=E800 DE=3010 BC=0230 AF=0070
036 LDIRVM ret=6B13 call=6B10 HL=ED00 DE=3800 BC=0300 AF=0614
037 LDIRVM ret=5BE1 call=5BDE HL=E800 DE=2010 BC=0230 AF=0040
038 LDIRVM ret=5BE1 call=5BDE HL=E800 DE=2810 BC=0230 AF=0068
039 LDIRVM ret=5BE1 call=5BDE HL=E800 DE=3010 BC=0230 AF=0070
040 LDIRVM ret=6B13 call=6B10 HL=ED00 DE=3800 BC=0300 AF=0710
041 LDIRVM ret=5BE1 call=5BDE HL=E800 DE=2010 BC=0230 AF=0040
042 LDIRVM ret=5BE1 call=5BDE HL=E800 DE=2810 BC=0230 AF=0068
043 LDIRVM ret=5BE1 call=5BDE HL=E800 DE=3010 BC=0230 AF=0070
044 LDIRVM ret=6B13 call=6B10 HL=ED00 DE=3800 BC=0300 AF=0044
045 LDIRVM ret=5BE1 call=5BDE HL=E800 DE=2010 BC=0230 AF=0040
046 LDIRVM ret=5BE1 call=5BDE HL=E800 DE=2810 BC=0230 AF=0068
047 LDIRVM ret=5BE1 call=5BDE HL=E800 DE=3010 BC=0230 AF=0070
048 LDIRVM ret=6B13 call=6B10 HL=ED00 DE=3800 BC=0300 AF=0110
049 LDIRVM ret=5BE1 call=5BDE HL=E800 DE=2010 BC=0230 AF=0040
050 LDIRVM ret=5BE1 call=5BDE HL=E800 DE=2810 BC=0230 AF=0068
051 LDIRVM ret=5BE1 call=5BDE HL=E800 DE=3010 BC=0230 AF=0070
052 LDIRVM ret=6B13 call=6B10 HL=ED00 DE=3800 BC=0300 AF=0210
053 LDIRVM ret=5BE1 call=5BDE HL=E800 DE=2010 BC=0230 AF=0040
054 LDIRVM ret=5BE1 call=5BDE HL=E800 DE=2810 BC=0230 AF=0068
055 LDIRVM ret=5BE1 call=5BDE HL=E800 DE=3010 BC=0230 AF=0070
056 LDIRVM ret=6B13 call=6B10 HL=ED00 DE=3800 BC=0300 AF=0314
057 LDIRVM ret=5BE1 call=5BDE HL=E800 DE=2010 BC=0230 AF=0040
058 LDIRVM ret=5BE1 call=5BDE HL=E800 DE=2810 BC=0230 AF=0068
059 LDIRVM ret=5BE1 call=5BDE HL=E800 DE=3010 BC=0230 AF=0070
060 LDIRVM ret=6B13 call=6B10 HL=ED00 DE=3800 BC=0300 AF=0410
061 LDIRVM ret=5BE1 call=5BDE HL=E800 DE=2010 BC=0230 AF=0040
062 LDIRVM ret=5BE1 call=5BDE HL=E800 DE=2810 BC=0230 AF=0068
063 LDIRVM ret=5BE1 call=5BDE HL=E800 DE=3010 BC=0230 AF=0070
064 LDIRVM ret=6B13 call=6B10 HL=ED00 DE=3800 BC=0300 AF=0514
065 LDIRVM ret=5BE1 call=5BDE HL=E800 DE=2010 BC=0230 AF=0040
066 LDIRVM ret=5BE1 call=5BDE HL=E800 DE=2810 BC=0230 AF=0068
067 LDIRVM ret=5BE1 call=5BDE HL=E800 DE=3010 BC=0230 AF=0070
068 LDIRVM ret=6B13 call=6B10 HL=ED00 DE=3800 BC=0300 AF=0614
069 LDIRVM ret=5BE1 call=5BDE HL=E800 DE=2010 BC=0230 AF=0040
070 LDIRVM ret=5BE1 call=5BDE HL=E800 DE=2810 BC=0230 AF=0068
071 LDIRVM ret=5BE1 call=5BDE HL=E800 DE=3010 BC=0230 AF=0070
072 LDIRVM ret=6B13 call=6B10 HL=ED00 DE=3800 BC=0300 AF=0710
073 LDIRVM ret=5BE1 call=5BDE HL=E800 DE=2010 BC=0230 AF=0040
074 LDIRVM ret=5BE1 call=5BDE HL=E800 DE=2810 BC=0230 AF=0068
075 LDIRVM ret=5BE1 call=5BDE HL=E800 DE=3010 BC=0230 AF=0070
076 LDIRVM ret=6B13 call=6B10 HL=ED00 DE=3800 BC=0300 AF=0100
077 LDIRVM ret=5BE1 call=5BDE HL=E800 DE=2010 BC=0230 AF=0040
078 LDIRVM ret=5BE1 call=5BDE HL=E800 DE=2810 BC=0230 AF=0068
079 LDIRVM ret=5BE1 call=5BDE HL=E800 DE=3010 BC=0230 AF=0070
080 LDIRVM ret=6B13 call=6B10 HL=ED00 DE=3800 BC=0300 AF=0110
081 LDIRVM ret=5BE1 call=5BDE HL=E800 DE=2010 BC=0230 AF=5440
082 LDIRVM ret=5BE1 call=5BDE HL=E800 DE=2810 BC=0230 AF=0068
083 LDIRVM ret=5BE1 call=5BDE HL=E800 DE=3010 BC=0230 AF=0070
084 LDIRVM ret=6B13 call=6B10 HL=ED00 DE=3800 BC=0300 AF=0210
085 LDIRVM ret=5BE1 call=5BDE HL=E800 DE=2010 BC=0230 AF=1040
086 LDIRVM ret=5BE1 call=5BDE HL=E800 DE=2810 BC=0230 AF=0068
087 LDIRVM ret=5BE1 call=5BDE HL=E800 DE=3010 BC=0230 AF=0070
088 LDIRVM ret=6B13 call=6B10 HL=ED00 DE=3800 BC=0300 AF=0314
089 LDIRVM ret=5BE1 call=5BDE HL=E800 DE=2010 BC=0230 AF=7C48
090 LDIRVM ret=5BE1 call=5BDE HL=E800 DE=2810 BC=0230 AF=0068
091 LDIRVM ret=5BE1 call=5BDE HL=E800 DE=3010 BC=0230 AF=0070
092 LDIRVM ret=6B13 call=6B10 HL=ED00 DE=3800 BC=0300 AF=0410
093 LDIRVM ret=5BE1 call=5BDE HL=E800 DE=2010 BC=0230 AF=1048
094 LDIRVM ret=5BE1 call=5BDE HL=E800 DE=2810 BC=0230 AF=0068
095 LDIRVM ret=5BE1 call=5BDE HL=E800 DE=3010 BC=0230 AF=0070
096 LDIRVM ret=6B13 call=6B10 HL=ED00 DE=3800 BC=0300 AF=0514
097 LDIRVM ret=5BE1 call=5BDE HL=E800 DE=2010 BC=0230 AF=5440
098 LDIRVM ret=5BE1 call=5BDE HL=E800 DE=2810 BC=0230 AF=0068
099 LDIRVM ret=5BE1 call=5BDE HL=E800 DE=3010 BC=0230 AF=0070
100 LDIRVM ret=6B13 call=6B10 HL=ED00 DE=3800 BC=0300 AF=0614
101 LDIRVM ret=5BE1 call=5BDE HL=E800 DE=2010 BC=0230 AF=0040
102 LDIRVM ret=5BE1 call=5BDE HL=E800 DE=2810 BC=0230 AF=0068
103 LDIRVM ret=5BE1 call=5BDE HL=E800 DE=3010 BC=0230 AF=0070
104 LDIRVM ret=6B13 call=6B10 HL=ED00 DE=3800 BC=0300 AF=0710
105 LDIRVM ret=5BE1 call=5BDE HL=E800 DE=2010 BC=0230 AF=0040
106 LDIRVM ret=5BE1 call=5BDE HL=E800 DE=2810 BC=0230 AF=0068
107 LDIRVM ret=5BE1 call=5BDE HL=E800 DE=3010 BC=0230 AF=0070
108 LDIRVM ret=6B13 call=6B10 HL=ED00 DE=3800 BC=0300 AF=0044
109 LDIRVM ret=5BE1 call=5BDE HL=E800 DE=2010 BC=0230 AF=0040
110 LDIRVM ret=5BE1 call=5BDE HL=E800 DE=2810 BC=0230 AF=0068
111 LDIRVM ret=5BE1 call=5BDE HL=E800 DE=3010 BC=0230 AF=0070
112 LDIRVM ret=6B13 call=6B10 HL=ED00 DE=3800 BC=0300 AF=0110
113 LDIRVM ret=5BE1 call=5BDE HL=E800 DE=2010 BC=0230 AF=0040
114 LDIRVM ret=5BE1 call=5BDE HL=E800 DE=2810 BC=0230 AF=0068
115 LDIRVM ret=5BE1 call=5BDE HL=E800 DE=3010 BC=0230 AF=0070
116 LDIRVM ret=6B13 call=6B10 HL=ED00 DE=3800 BC=0300 AF=0210
117 LDIRVM ret=5BE1 call=5BDE HL=E800 DE=2010 BC=0230 AF=0040
118 LDIRVM ret=5BE1 call=5BDE HL=E800 DE=2810 BC=0230 AF=0068
119 LDIRVM ret=5BE1 call=5BDE HL=E800 DE=3010 BC=0230 AF=0070
120 LDIRVM ret=6B13 call=6B10 HL=ED00 DE=3800 BC=0300 AF=0314
121 LDIRVM ret=5BE1 call=5BDE HL=E800 DE=2010 BC=0230 AF=0040
122 LDIRVM ret=5BE1 call=5BDE HL=E800 DE=2810 BC=0230 AF=0068
123 LDIRVM ret=5BE1 call=5BDE HL=E800 DE=3010 BC=0230 AF=0070
124 LDIRVM ret=6B13 call=6B10 HL=ED00 DE=3800 BC=0300 AF=0410
125 LDIRVM ret=5BE1 call=5BDE HL=E800 DE=2010 BC=0230 AF=0040
126 LDIRVM ret=5BE1 call=5BDE HL=E800 DE=2810 BC=0230 AF=0068
127 LDIRVM ret=5BE1 call=5BDE HL=E800 DE=3010 BC=0230 AF=0070
128 LDIRVM ret=6B13 call=6B10 HL=ED00 DE=3800 BC=0300 AF=0514
129 LDIRVM ret=5BE1 call=5BDE HL=E800 DE=2010 BC=0230 AF=0040
130 LDIRVM ret=5BE1 call=5BDE HL=E800 DE=2810 BC=0230 AF=0068
131 LDIRVM ret=5BE1 call=5BDE HL=E800 DE=3010 BC=0230 AF=0070
132 LDIRVM ret=6B13 call=6B10 HL=ED00 DE=3800 BC=0300 AF=0614
133 LDIRVM ret=5BE1 call=5BDE HL=E800 DE=2010 BC=0230 AF=0040
134 LDIRVM ret=5BE1 call=5BDE HL=E800 DE=2810 BC=0230 AF=0068
135 LDIRVM ret=5BE1 call=5BDE HL=E800 DE=3010 BC=0230 AF=0070
136 LDIRVM ret=6B13 call=6B10 HL=ED00 DE=3800 BC=0300 AF=0710
137 LDIRVM ret=5BE1 call=5BDE HL=E800 DE=2010 BC=0230 AF=0040
138 LDIRVM ret=5BE1 call=5BDE HL=E800 DE=2810 BC=0230 AF=0068
139 LDIRVM ret=5BE1 call=5BDE HL=E800 DE=3010 BC=0230 AF=0070
140 LDIRVM ret=6B13 call=6B10 HL=ED00 DE=3800 BC=0300 AF=0100
141 LDIRVM ret=5BE1 call=5BDE HL=E800 DE=2010 BC=0230 AF=0040
142 LDIRVM ret=5BE1 call=5BDE HL=E800 DE=2810 BC=0230 AF=0068
143 LDIRVM ret=5BE1 call=5BDE HL=E800 DE=3010 BC=0230 AF=0070
144 LDIRVM ret=6B13 call=6B10 HL=ED00 DE=3800 BC=0300 AF=0110
145 LDIRVM ret=5BE1 call=5BDE HL=E800 DE=2010 BC=0230 AF=5440
146 LDIRVM ret=5BE1 call=5BDE HL=E800 DE=2810 BC=0230 AF=0068
147 LDIRVM ret=5BE1 call=5BDE HL=E800 DE=3010 BC=0230 AF=0070
148 LDIRVM ret=6B13 call=6B10 HL=ED00 DE=3800 BC=0300 AF=0210
149 LDIRVM ret=5BE1 call=5BDE HL=E800 DE=2010 BC=0230 AF=1040
150 LDIRVM ret=5BE1 call=5BDE HL=E800 DE=2810 BC=0230 AF=0068
151 LDIRVM ret=5BE1 call=5BDE HL=E800 DE=3010 BC=0230 AF=0070
152 LDIRVM ret=6B13 call=6B10 HL=ED00 DE=3800 BC=0300 AF=0314
153 LDIRVM ret=5BE1 call=5BDE HL=E800 DE=2010 BC=0230 AF=7C48
154 LDIRVM ret=5BE1 call=5BDE HL=E800 DE=2810 BC=0230 AF=0068
155 LDIRVM ret=5BE1 call=5BDE HL=E800 DE=3010 BC=0230 AF=0070
156 LDIRVM ret=6B13 call=6B10 HL=ED00 DE=3800 BC=0300 AF=0410
157 LDIRVM ret=5BE1 call=5BDE HL=E800 DE=2010 BC=0230 AF=1048
158 LDIRVM ret=5BE1 call=5BDE HL=E800 DE=2810 BC=0230 AF=0068
159 LDIRVM ret=5BE1 call=5BDE HL=E800 DE=3010 BC=0230 AF=0070
160 LDIRVM ret=6B13 call=6B10 HL=ED00 DE=3800 BC=0300 AF=0514
161 LDIRVM ret=5BE1 call=5BDE HL=E800 DE=2010 BC=0230 AF=5440
162 LDIRVM ret=5BE1 call=5BDE HL=E800 DE=2810 BC=0230 AF=0068
163 LDIRVM ret=5BE1 call=5BDE HL=E800 DE=3010 BC=0230 AF=0070
164 LDIRVM ret=6B13 call=6B10 HL=ED00 DE=3800 BC=0300 AF=0614
165 LDIRVM ret=5BE1 call=5BDE HL=E800 DE=2010 BC=0230 AF=0040
166 LDIRVM ret=5BE1 call=5BDE HL=E800 DE=2810 BC=0230 AF=0068
167 LDIRVM ret=5BE1 call=5BDE HL=E800 DE=3010 BC=0230 AF=0070
168 LDIRVM ret=6B13 call=6B10 HL=ED00 DE=3800 BC=0300 AF=0710
169 LDIRVM ret=5BE1 call=5BDE HL=E800 DE=2010 BC=0230 AF=0040
170 LDIRVM ret=5BE1 call=5BDE HL=E800 DE=2810 BC=0230 AF=0068
171 LDIRVM ret=5BE1 call=5BDE HL=E800 DE=3010 BC=0230 AF=0070
172 LDIRVM ret=6B13 call=6B10 HL=ED00 DE=3800 BC=0300 AF=0044
173 LDIRVM ret=5BE1 call=5BDE HL=E800 DE=2010 BC=0230 AF=0040
174 LDIRVM ret=5BE1 call=5BDE HL=E800 DE=2810 BC=0230 AF=0068
175 LDIRVM ret=5BE1 call=5BDE HL=E800 DE=3010 BC=0230 AF=0070
176 LDIRVM ret=6B13 call=6B10 HL=ED00 DE=3800 BC=0300 AF=0110
177 LDIRVM ret=5BE1 call=5BDE HL=E800 DE=2010 BC=0230 AF=0040
178 LDIRVM ret=5BE1 call=5BDE HL=E800 DE=2810 BC=0230 AF=0068
179 LDIRVM ret=5BE1 call=5BDE HL=E800 DE=3010 BC=0230 AF=0070
180 LDIRVM ret=6B13 call=6B10 HL=ED00 DE=3800 BC=0300 AF=0210
181 LDIRVM ret=5BE1 call=5BDE HL=E800 DE=2010 BC=0230 AF=0040
182 LDIRVM ret=5BE1 call=5BDE HL=E800 DE=2810 BC=0230 AF=0068
183 LDIRVM ret=5BE1 call=5BDE HL=E800 DE=3010 BC=0230 AF=0070
184 LDIRVM ret=6B13 call=6B10 HL=ED00 DE=3800 BC=0300 AF=0314
185 LDIRVM ret=5BE1 call=5BDE HL=E800 DE=2010 BC=0230 AF=0040
186 LDIRVM ret=5BE1 call=5BDE HL=E800 DE=2810 BC=0230 AF=0068
187 LDIRVM ret=5BE1 call=5BDE HL=E800 DE=3010 BC=0230 AF=0070
188 LDIRVM ret=6B13 call=6B10 HL=ED00 DE=3800 BC=0300 AF=0410
189 LDIRVM ret=5BE1 call=5BDE HL=E800 DE=2010 BC=0230 AF=0040
190 LDIRVM ret=5BE1 call=5BDE HL=E800 DE=2810 BC=0230 AF=0068
191 LDIRVM ret=5BE1 call=5BDE HL=E800 DE=3010 BC=0230 AF=0070
192 LDIRVM ret=6B13 call=6B10 HL=ED00 DE=3800 BC=0300 AF=0514
193 LDIRVM ret=5BE1 call=5BDE HL=E800 DE=2010 BC=0230 AF=0040
194 LDIRVM ret=5BE1 call=5BDE HL=E800 DE=2810 BC=0230 AF=0068
195 LDIRVM ret=5BE1 call=5BDE HL=E800 DE=3010 BC=0230 AF=0070
196 LDIRVM ret=6B13 call=6B10 HL=ED00 DE=3800 BC=0300 AF=0614
197 LDIRVM ret=5BE1 call=5BDE HL=E800 DE=2010 BC=0230 AF=0040
198 LDIRVM ret=5BE1 call=5BDE HL=E800 DE=2810 BC=0230 AF=0068
199 LDIRVM ret=5BE1 call=5BDE HL=E800 DE=3010 BC=0230 AF=0070
200 LDIRVM ret=6B13 call=6B10 HL=ED00 DE=3800 BC=0300 AF=0710
201 LDIRVM ret=5BE1 call=5BDE HL=E800 DE=2010 BC=0230 AF=0040
202 LDIRVM ret=5BE1 call=5BDE HL=E800 DE=2810 BC=0230 AF=0068
203 LDIRVM ret=5BE1 call=5BDE HL=E800 DE=3010 BC=0230 AF=0070
204 LDIRVM ret=6B13 call=6B10 HL=ED00 DE=3800 BC=0300 AF=0100
205 LDIRVM ret=5BE1 call=5BDE HL=E800 DE=2010 BC=0230 AF=0040
206 LDIRVM ret=5BE1 call=5BDE HL=E800 DE=2810 BC=0230 AF=0068
207 LDIRVM ret=5BE1 call=5BDE HL=E800 DE=3010 BC=0230 AF=0070
208 LDIRVM ret=6B13 call=6B10 HL=ED00 DE=3800 BC=0300 AF=0110
209 LDIRVM ret=5BE1 call=5BDE HL=E800 DE=2010 BC=0230 AF=5440
210 LDIRVM ret=5BE1 call=5BDE HL=E800 DE=2810 BC=0230 AF=0068
211 LDIRVM ret=5BE1 call=5BDE HL=E800 DE=3010 BC=0230 AF=0070
212 LDIRVM ret=6B13 call=6B10 HL=ED00 DE=3800 BC=0300 AF=0210
213 LDIRVM ret=5BE1 call=5BDE HL=E800 DE=2010 BC=0230 AF=1040
214 LDIRVM ret=5BE1 call=5BDE HL=E800 DE=2810 BC=0230 AF=0068
215 LDIRVM ret=5BE1 call=5BDE HL=E800 DE=3010 BC=0230 AF=0070
216 LDIRVM ret=6B13 call=6B10 HL=ED00 DE=3800 BC=0300 AF=0314
217 LDIRVM ret=5BE1 call=5BDE HL=E800 DE=2010 BC=0230 AF=7C48
218 LDIRVM ret=5BE1 call=5BDE HL=E800 DE=2810 BC=0230 AF=0068
219 LDIRVM ret=5BE1 call=5BDE HL=E800 DE=3010 BC=0230 AF=0070
220 LDIRVM ret=6B13 call=6B10 HL=ED00 DE=3800 BC=0300 AF=0410
221 LDIRVM ret=5BE1 call=5BDE HL=E800 DE=2010 BC=0230 AF=1048
222 LDIRVM ret=5BE1 call=5BDE HL=E800 DE=2810 BC=0230 AF=0068
223 LDIRVM ret=5BE1 call=5BDE HL=E800 DE=3010 BC=0230 AF=0070
224 LDIRVM ret=6B13 call=6B10 HL=ED00 DE=3800 BC=0300 AF=0514
225 LDIRVM ret=5BE1 call=5BDE HL=E800 DE=2010 BC=0230 AF=5440
226 LDIRVM ret=5BE1 call=5BDE HL=E800 DE=2810 BC=0230 AF=0068
227 LDIRVM ret=5BE1 call=5BDE HL=E800 DE=3010 BC=0230 AF=0070
228 LDIRVM ret=6B13 call=6B10 HL=ED00 DE=3800 BC=0300 AF=0614
229 LDIRVM ret=5BE1 call=5BDE HL=E800 DE=2010 BC=0230 AF=0040
230 LDIRVM ret=5BE1 call=5BDE HL=E800 DE=2810 BC=0230 AF=0068
231 LDIRVM ret=5BE1 call=5BDE HL=E800 DE=3010 BC=0230 AF=0070
232 LDIRVM ret=6B13 call=6B10 HL=ED00 DE=3800 BC=0300 AF=0710
233 LDIRVM ret=5BE1 call=5BDE HL=E800 DE=2010 BC=0230 AF=0040
234 LDIRVM ret=5BE1 call=5BDE HL=E800 DE=2810 BC=0230 AF=0068
235 LDIRVM ret=5BE1 call=5BDE HL=E800 DE=3010 BC=0230 AF=0070
236 LDIRVM ret=6B13 call=6B10 HL=ED00 DE=3800 BC=0300 AF=0044
237 LDIRVM ret=5BE1 call=5BDE HL=E800 DE=2010 BC=0230 AF=0040
238 LDIRVM ret=5BE1 call=5BDE HL=E800 DE=2810 BC=0230 AF=0068
239 LDIRVM ret=5BE1 call=5BDE HL=E800 DE=3010 BC=0230 AF=0070
240 LDIRVM ret=6B13 call=6B10 HL=ED00 DE=3800 BC=0300 AF=0110
DONE
