SHOT t=1 pc=811D
SHOTERR C:/Users/salam/Documents/Programacion/Mideas/server/temp/galious_timeline_shots/galious_t1.png
SHOT t=2 pc=1130
SHOTERR C:/Users/salam/Documents/Programacion/Mideas/server/temp/galious_timeline_shots/galious_t2.png
SHOT t=3 pc=1130
SHOTERR C:/Users/salam/Documents/Programacion/Mideas/server/temp/galious_timeline_shots/galious_t3.png
SHOT t=4 pc=40D1
SHOTERR C:/Users/salam/Documents/Programacion/Mideas/server/temp/galious_timeline_shots/galious_t4.png
SHOT t=5 pc=40D1
SHOTERR C:/Users/salam/Documents/Programacion/Mideas/server/temp/galious_timeline_shots/galious_t5.png
SHOT t=6 pc=40D1
SHOTERR C:/Users/salam/Documents/Programacion/Mideas/server/temp/galious_timeline_shots/galious_t6.png
SHOT t=7 pc=40D1
SHOTERR C:/Users/salam/Documents/Programacion/Mideas/server/temp/galious_timeline_shots/galious_t7.png
SHOT t=8 pc=40D1
SHOTERR C:/Users/salam/Documents/Programacion/Mideas/server/temp/galious_timeline_shots/galious_t8.png
SHOT t=9 pc=40D1
SHOTERR C:/Users/salam/Documents/Programacion/Mideas/server/temp/galious_timeline_shots/galious_t9.png
SHOT t=10 pc=5C4C
SHOTERR C:/Users/salam/Documents/Programacion/Mideas/server/temp/galious_timeline_shots/galious_t10.png
SHOT t=11 pc=5481
SHOTERR C:/Users/salam/Documents/Programacion/Mideas/server/temp/galious_timeline_shots/galious_t11.png
SHOT t=12 pc=02E4
SHOTERR C:/Users/salam/Documents/Programacion/Mideas/server/temp/galious_timeline_shots/galious_t12.png
SHOT t=13 pc=02E4
SHOTERR C:/Users/salam/Documents/Programacion/Mideas/server/temp/galious_timeline_shots/galious_t13.png
SHOT t=14 pc=430C
SHOTERR C:/Users/salam/Documents/Programacion/Mideas/server/temp/galious_timeline_shots/galious_t14.png
SHOT t=15 pc=5269
SHOTERR C:/Users/salam/Documents/Programacion/Mideas/server/temp/galious_timeline_shots/galious_t15.png
SHOT t=16 pc=5C9C
SHOTERR C:/Users/salam/Documents/Programacion/Mideas/server/temp/galious_timeline_shots/galious_t16.png
SHOT t=17 pc=54D8
SHOTERR C:/Users/salam/Documents/Programacion/Mideas/server/temp/galious_timeline_shots/galious_t17.png
SHOT t=18 pc=54D8
SHOTERR C:/Users/salam/Documents/Programacion/Mideas/server/temp/galious_timeline_shots/galious_t18.png
SHOT t=19 pc=54D1
SHOTERR C:/Users/salam/Documents/Programacion/Mideas/server/temp/galious_timeline_shots/galious_t19.png
SHOT t=20 pc=54D3
SHOTERR C:/Users/salam/Documents/Programacion/Mideas/server/temp/galious_timeline_shots/galious_t20.png
SHOT t=21 pc=74A5
SHOTERR C:/Users/salam/Documents/Programacion/Mideas/server/temp/galious_timeline_shots/galious_t21.png
SHOT t=22 pc=4DA5
SHOTERR C:/Users/salam/Documents/Programacion/Mideas/server/temp/galious_timeline_shots/galious_t22.png
SHOT t=23 pc=6E11
SHOTERR C:/Users/salam/Documents/Programacion/Mideas/server/temp/galious_timeline_shots/galious_t23.png
SHOT t=24 pc=72A1
SHOTERR C:/Users/salam/Documents/Programacion/Mideas/server/temp/galious_timeline_shots/galious_t24.png
SHOT t=25 pc=76F6
SHOTERR C:/Users/salam/Documents/Programacion/Mideas/server/temp/galious_timeline_shots/galious_t25.png
SHOT t=26 pc=54B4
SHOTERR C:/Users/salam/Documents/Programacion/Mideas/server/temp/galious_timeline_shots/galious_t26.png
SHOT t=27 pc=0093
SHOTERR C:/Users/salam/Documents/Programacion/Mideas/server/temp/galious_timeline_shots/galious_t27.png
SHOT t=28 pc=40D1
SHOTERR C:/Users/salam/Documents/Programacion/Mideas/server/temp/galious_timeline_shots/galious_t28.png
SHOT t=29 pc=40D1
SHOTERR C:/Users/salam/Documents/Programacion/Mideas/server/temp/galious_timeline_shots/galious_t29.png
SHOT t=30 pc=5C5D
SHOTERR C:/Users/salam/Documents/Programacion/Mideas/server/temp/galious_timeline_shots/galious_t30.png
SHOT t=31 pc=B21A
SHOTERR C:/Users/salam/Documents/Programacion/Mideas/server/temp/galious_timeline_shots/galious_t31.png
SHOT t=32 pc=BB34
SHOTERR C:/Users/salam/Documents/Programacion/Mideas/server/temp/galious_timeline_shots/galious_t32.png
SHOT t=33 pc=B3D8
SHOTERR C:/Users/salam/Documents/Programacion/Mideas/server/temp/galious_timeline_shots/galious_t33.png
SHOT t=34 pc=6EB3
SHOTERR C:/Users/salam/Documents/Programacion/Mideas/server/temp/galious_timeline_shots/galious_t34.png
SHOT t=35 pc=6E0E
SHOTERR C:/Users/salam/Documents/Programacion/Mideas/server/temp/galious_timeline_shots/galious_t35.png
SHOT t=36 pc=7461
SHOTERR C:/Users/salam/Documents/Programacion/Mideas/server/temp/galious_timeline_shots/galious_t36.png
SHOT t=37 pc=530B
SHOTERR C:/Users/salam/Documents/Programacion/Mideas/server/temp/galious_timeline_shots/galious_t37.png
SHOT t=38 pc=79BD
SHOTERR C:/Users/salam/Documents/Programacion/Mideas/server/temp/galious_timeline_shots/galious_t38.png
SHOT t=39 pc=1A08
SHOTERR C:/Users/salam/Documents/Programacion/Mideas/server/temp/galious_timeline_shots/galious_t39.png
SHOT t=40 pc=613D
SHOTERR C:/Users/salam/Documents/Programacion/Mideas/server/temp/galious_timeline_shots/galious_t40.png
SHOT t=41 pc=5C5C
SHOTERR C:/Users/salam/Documents/Programacion/Mideas/server/temp/galious_timeline_shots/galious_t41.png
SHOT t=42 pc=40D1
SHOTERR C:/Users/salam/Documents/Programacion/Mideas/server/temp/galious_timeline_shots/galious_t42.png
SHOT t=43 pc=54D8
SHOTERR C:/Users/salam/Documents/Programacion/Mideas/server/temp/galious_timeline_shots/galious_t43.png
SHOT t=44 pc=54D3
SHOTERR C:/Users/salam/Documents/Programacion/Mideas/server/temp/galious_timeline_shots/galious_t44.png
SHOT t=45 pc=54CE
SHOTERR C:/Users/salam/Documents/Programacion/Mideas/server/temp/galious_timeline_shots/galious_t45.png
SHOT t=46 pc=7476
SHOTERR C:/Users/salam/Documents/Programacion/Mideas/server/temp/galious_timeline_shots/galious_t46.png
SHOT t=47 pc=555E
SHOTERR C:/Users/salam/Documents/Programacion/Mideas/server/temp/galious_timeline_shots/galious_t47.png
SHOT t=48 pc=6F16
SHOTERR C:/Users/salam/Documents/Programacion/Mideas/server/temp/galious_timeline_shots/galious_t48.png
SHOT t=49 pc=71E3
SHOTERR C:/Users/salam/Documents/Programacion/Mideas/server/temp/galious_timeline_shots/galious_t49.png
SHOT t=50 pc=76F1
SHOTERR C:/Users/salam/Documents/Programacion/Mideas/server/temp/galious_timeline_shots/galious_t50.png
SHOT t=51 pc=54AF
SHOTERR C:/Users/salam/Documents/Programacion/Mideas/server/temp/galious_timeline_shots/galious_t51.png
SHOT t=52 pc=627A
SHOTERR C:/Users/salam/Documents/Programacion/Mideas/server/temp/galious_timeline_shots/galious_t52.png
SHOT t=53 pc=6015
SHOTERR C:/Users/salam/Documents/Programacion/Mideas/server/temp/galious_timeline_shots/galious_t53.png
SHOT t=54 pc=40D1
SHOTERR C:/Users/salam/Documents/Programacion/Mideas/server/temp/galious_timeline_shots/galious_t54.png
SHOT t=55 pc=40D1
SHOTERR C:/Users/salam/Documents/Programacion/Mideas/server/temp/galious_timeline_shots/galious_t55.png
SHOT t=56 pc=40D1
SHOTERR C:/Users/salam/Documents/Programacion/Mideas/server/temp/galious_timeline_shots/galious_t56.png
SHOT t=57 pc=40D1
SHOTERR C:/Users/salam/Documents/Programacion/Mideas/server/temp/galious_timeline_shots/galious_t57.png
SHOT t=58 pc=40D1
SHOTERR C:/Users/salam/Documents/Programacion/Mideas/server/temp/galious_timeline_shots/galious_t58.png
SHOT t=59 pc=40D1
SHOTERR C:/Users/salam/Documents/Programacion/Mideas/server/temp/galious_timeline_shots/galious_t59.png
SHOT t=60 pc=40D1
SHOTERR C:/Users/salam/Documents/Programacion/Mideas/server/temp/galious_timeline_shots/galious_t60.png
SHOT t=61 pc=40D1
SHOTERR C:/Users/salam/Documents/Programacion/Mideas/server/temp/galious_timeline_shots/galious_t61.png
SHOT t=62 pc=40D1
SHOTERR C:/Users/salam/Documents/Programacion/Mideas/server/temp/galious_timeline_shots/galious_t62.png
SHOT t=63 pc=5481
SHOTERR C:/Users/salam/Documents/Programacion/Mideas/server/temp/galious_timeline_shots/galious_t63.png
SHOT t=64 pc=02E4
SHOTERR C:/Users/salam/Documents/Programacion/Mideas/server/temp/galious_timeline_shots/galious_t64.png
SHOT t=65 pc=02E4
SHOTERR C:/Users/salam/Documents/Programacion/Mideas/server/temp/galious_timeline_shots/galious_t65.png
SHOT t=66 pc=5468
SHOTERR C:/Users/salam/Documents/Programacion/Mideas/server/temp/galious_timeline_shots/galious_t66.png
SHOT t=67 pc=40D1
SHOTERR C:/Users/salam/Documents/Programacion/Mideas/server/temp/galious_timeline_shots/galious_t67.png
SHOT t=68 pc=40D1
SHOTERR C:/Users/salam/Documents/Programacion/Mideas/server/temp/galious_timeline_shots/galious_t68.png
