start PC=0 SP=65535 AF=65535 BC=65535 DE=65535 HL=65535 IX=65535 IY=65535  ffff=255 romslot=255 primary=255 bios0=255 page2=255 page3=255 flow=255 screen=255
t4 PC=16659 SP=62316 AF=0 BC=3 DE=10792 HL=509 IX=31557 IY=504  ffff=95 romslot=1 primary=212 bios0=0 page2=1 page3=131 flow=0 screen=51
bp_map_game_rom PC=39867 SP=62310 AF=68 BC=96 DE=54356 HL=688 IX=31579 IY=688  ffff=95 romslot=1 primary=212 bios0=0 page2=1 page3=131 flow=0 screen=51
bp_map_entry PC=39830 SP=62310 AF=324 BC=96 DE=54356 HL=688 IX=31579 IY=688  ffff=95 romslot=1 primary=212 bios0=0 page2=1 page3=131 flow=0 screen=51
bp_map_after_out PC=39859 SP=62310 AF=384 BC=54273 DE=351 HL=688 IX=31579 IY=688  ffff=95 romslot=1 primary=212 bios0=0 page2=1 page3=131 flow=0 screen=51
bp_write_subslot PC=39862 SP=62310 AF=24320 BC=54273 DE=351 HL=688 IX=31579 IY=688  ffff=95 romslot=1 primary=212 bios0=0 page2=1 page3=131 flow=0 screen=51
bp_after_subslot_write PC=39866 SP=62310 AF=41010 BC=54273 DE=351 HL=688 IX=31579 IY=688  ffff=95 romslot=1 primary=212 bios0=0 page2=1 page3=131 flow=0 screen=51
bp_restore PC=39874 SP=62314 AF=40992 BC=0 DE=58976 HL=784 IX=31579 IY=688  ffff=95 romslot=1 primary=212 bios0=0 page2=1 page3=131 flow=0 screen=51
bp_map_entry PC=39830 SP=62312 AF=32 BC=0 DE=58976 HL=784 IX=31579 IY=688  ffff=95 romslot=1 primary=212 bios0=0 page2=1 page3=131 flow=0 screen=51
bp_map_after_out PC=39859 SP=62312 AF=388 BC=54272 DE=351 HL=784 IX=31579 IY=688  ffff=95 romslot=1 primary=212 bios0=0 page2=1 page3=131 flow=0 screen=51
bp_write_subslot PC=39862 SP=62312 AF=24320 BC=54272 DE=351 HL=784 IX=31579 IY=688  ffff=95 romslot=1 primary=212 bios0=0 page2=1 page3=131 flow=0 screen=51
bp_after_subslot_write PC=39866 SP=62312 AF=41010 BC=54272 DE=351 HL=784 IX=31579 IY=688  ffff=95 romslot=1 primary=212 bios0=0 page2=1 page3=131 flow=0 screen=51
bp_map_game_rom PC=39867 SP=62310 AF=68 BC=48 DE=50260 HL=784 IX=31579 IY=688  ffff=95 romslot=1 primary=212 bios0=0 page2=1 page3=131 flow=0 screen=51
bp_map_entry PC=39830 SP=62310 AF=324 BC=48 DE=50260 HL=784 IX=31579 IY=688  ffff=95 romslot=1 primary=212 bios0=0 page2=1 page3=131 flow=0 screen=51
bp_map_after_out PC=39859 SP=62310 AF=384 BC=54273 DE=351 HL=784 IX=31579 IY=688  ffff=95 romslot=1 primary=212 bios0=0 page2=1 page3=131 flow=0 screen=51
bp_write_subslot PC=39862 SP=62310 AF=24320 BC=54273 DE=351 HL=784 IX=31579 IY=688  ffff=95 romslot=1 primary=212 bios0=0 page2=1 page3=131 flow=0 screen=51
bp_after_subslot_write PC=39866 SP=62310 AF=41010 BC=54273 DE=351 HL=784 IX=31579 IY=688  ffff=95 romslot=1 primary=212 bios0=0 page2=1 page3=131 flow=0 screen=51
bp_restore PC=39874 SP=62314 AF=40992 BC=0 DE=58928 HL=832 IX=31579 IY=688  ffff=95 romslot=1 primary=212 bios0=0 page2=1 page3=131 flow=0 screen=51
bp_map_entry PC=39830 SP=62312 AF=32 BC=0 DE=58928 HL=832 IX=31579 IY=688  ffff=95 romslot=1 primary=212 bios0=0 page2=1 page3=131 flow=0 screen=51
bp_map_after_out PC=39859 SP=62312 AF=388 BC=54272 DE=351 HL=832 IX=31579 IY=688  ffff=95 romslot=1 primary=212 bios0=0 page2=1 page3=131 flow=0 screen=51
bp_write_subslot PC=39862 SP=62312 AF=24320 BC=54272 DE=351 HL=832 IX=31579 IY=688  ffff=95 romslot=1 primary=212 bios0=0 page2=1 page3=131 flow=0 screen=51
bp_after_subslot_write PC=39866 SP=62312 AF=41010 BC=54272 DE=351 HL=832 IX=31579 IY=688  ffff=95 romslot=1 primary=212 bios0=0 page2=1 page3=131 flow=0 screen=51
bp_map_game_rom PC=39867 SP=62310 AF=772 BC=256 DE=54356 HL=832 IX=31579 IY=688  ffff=95 romslot=1 primary=212 bios0=0 page2=1 page3=131 flow=0 screen=51
bp_map_entry PC=39830 SP=62310 AF=260 BC=256 DE=54356 HL=832 IX=31579 IY=688  ffff=95 romslot=1 primary=212 bios0=0 page2=1 page3=131 flow=0 screen=51
bp_map_after_out PC=39859 SP=62310 AF=384 BC=54273 DE=351 HL=832 IX=31579 IY=688  ffff=95 romslot=1 primary=212 bios0=0 page2=1 page3=131 flow=0 screen=51
bp_write_subslot PC=39862 SP=62310 AF=24320 BC=54273 DE=351 HL=832 IX=31579 IY=688  ffff=95 romslot=1 primary=212 bios0=0 page2=1 page3=131 flow=0 screen=51
bp_after_subslot_write PC=39866 SP=62310 AF=41010 BC=54273 DE=351 HL=832 IX=31579 IY=688  ffff=95 romslot=1 primary=212 bios0=0 page2=1 page3=131 flow=0 screen=51
bp_restore PC=39874 SP=62314 AF=41000 BC=0 DE=59136 HL=1088 IX=31579 IY=688  ffff=95 romslot=1 primary=212 bios0=0 page2=1 page3=131 flow=0 screen=51
bp_map_entry PC=39830 SP=62312 AF=40 BC=0 DE=59136 HL=1088 IX=31579 IY=688  ffff=95 romslot=1 primary=212 bios0=0 page2=1 page3=131 flow=0 screen=51
bp_map_after_out PC=39859 SP=62312 AF=388 BC=54272 DE=351 HL=1088 IX=31579 IY=688  ffff=95 romslot=1 primary=212 bios0=0 page2=1 page3=131 flow=0 screen=51
bp_write_subslot PC=39862 SP=62312 AF=24320 BC=54272 DE=351 HL=1088 IX=31579 IY=688  ffff=95 romslot=1 primary=212 bios0=0 page2=1 page3=131 flow=0 screen=51
bp_after_subslot_write PC=39866 SP=62312 AF=41010 BC=54272 DE=351 HL=1088 IX=31579 IY=688  ffff=95 romslot=1 primary=212 bios0=0 page2=1 page3=131 flow=0 screen=51
bp_map_game_rom PC=39867 SP=62310 AF=512 BC=256 DE=54612 HL=1088 IX=31579 IY=688  ffff=95 romslot=1 primary=212 bios0=0 page2=1 page3=131 flow=0 screen=51
bp_map_entry PC=39830 SP=62310 AF=256 BC=256 DE=54612 HL=1088 IX=31579 IY=688  ffff=95 romslot=1 primary=212 bios0=0 page2=1 page3=131 flow=0 screen=51
bp_map_after_out PC=39859 SP=62310 AF=384 BC=54273 DE=351 HL=1088 IX=31579 IY=688  ffff=95 romslot=1 primary=212 bios0=0 page2=1 page3=131 flow=0 screen=51
bp_write_subslot PC=39862 SP=62310 AF=24320 BC=54273 DE=351 HL=1088 IX=31579 IY=688  ffff=95 romslot=1 primary=212 bios0=0 page2=1 page3=131 flow=0 screen=51
bp_after_subslot_write PC=39866 SP=62310 AF=41010 BC=54273 DE=351 HL=1088 IX=31579 IY=688  ffff=95 romslot=1 primary=212 bios0=0 page2=1 page3=131 flow=0 screen=51
bp_restore PC=39874 SP=62314 AF=41000 BC=0 DE=59136 HL=1344 IX=31579 IY=688  ffff=95 romslot=1 primary=212 bios0=0 page2=1 page3=131 flow=0 screen=51
bp_map_entry PC=39830 SP=62312 AF=40 BC=0 DE=59136 HL=1344 IX=31579 IY=688  ffff=95 romslot=1 primary=212 bios0=0 page2=1 page3=131 flow=0 screen=51
bp_map_after_out PC=39859 SP=62312 AF=388 BC=54272 DE=351 HL=1344 IX=31579 IY=688  ffff=95 romslot=1 primary=212 bios0=0 page2=1 page3=131 flow=0 screen=51
bp_write_subslot PC=39862 SP=62312 AF=24320 BC=54272 DE=351 HL=1344 IX=31579 IY=688  ffff=95 romslot=1 primary=212 bios0=0 page2=1 page3=131 flow=0 screen=51
bp_after_subslot_write PC=39866 SP=62312 AF=41010 BC=54272 DE=351 HL=1344 IX=31579 IY=688  ffff=95 romslot=1 primary=212 bios0=0 page2=1 page3=131 flow=0 screen=51
bp_map_game_rom PC=39867 SP=62310 AF=256 BC=256 DE=54868 HL=1344 IX=31579 IY=688  ffff=95 romslot=1 primary=212 bios0=0 page2=1 page3=131 flow=0 screen=51
bp_map_entry PC=39830 SP=62310 AF=256 BC=256 DE=54868 HL=1344 IX=31579 IY=688  ffff=95 romslot=1 primary=212 bios0=0 page2=1 page3=131 flow=0 screen=51
bp_map_after_out PC=39859 SP=62310 AF=384 BC=54273 DE=351 HL=1344 IX=31579 IY=688  ffff=95 romslot=1 primary=212 bios0=0 page2=1 page3=131 flow=0 screen=51
bp_write_subslot PC=39862 SP=62310 AF=24320 BC=54273 DE=351 HL=1344 IX=31579 IY=688  ffff=95 romslot=1 primary=212 bios0=0 page2=1 page3=131 flow=0 screen=51
bp_after_subslot_write PC=39866 SP=62310 AF=41010 BC=54273 DE=351 HL=1344 IX=31579 IY=688  ffff=95 romslot=1 primary=212 bios0=0 page2=1 page3=131 flow=0 screen=51
bp_restore PC=39874 SP=62314 AF=41000 BC=0 DE=59136 HL=1600 IX=31579 IY=688  ffff=95 romslot=1 primary=212 bios0=0 page2=1 page3=131 flow=0 screen=51
bp_map_entry PC=39830 SP=62312 AF=40 BC=0 DE=59136 HL=1600 IX=31579 IY=688  ffff=95 romslot=1 primary=212 bios0=0 page2=1 page3=131 flow=0 screen=51
bp_map_after_out PC=39859 SP=62312 AF=388 BC=54272 DE=351 HL=1600 IX=31579 IY=688  ffff=95 romslot=1 primary=212 bios0=0 page2=1 page3=131 flow=0 screen=51
bp_write_subslot PC=39862 SP=62312 AF=24320 BC=54272 DE=351 HL=1600 IX=31579 IY=688  ffff=95 romslot=1 primary=212 bios0=0 page2=1 page3=131 flow=0 screen=51
bp_after_subslot_write PC=39866 SP=62312 AF=41010 BC=54272 DE=351 HL=1600 IX=31579 IY=688  ffff=95 romslot=1 primary=212 bios0=0 page2=1 page3=131 flow=0 screen=51
bp_map_game_rom PC=39867 SP=62310 AF=256 BC=256 DE=54100 HL=1600 IX=31579 IY=688  ffff=95 romslot=1 primary=212 bios0=0 page2=1 page3=131 flow=0 screen=51
bp_map_entry PC=39830 SP=62310 AF=256 BC=256 DE=54100 HL=1600 IX=31579 IY=688  ffff=95 romslot=1 primary=212 bios0=0 page2=1 page3=131 flow=0 screen=51
bp_map_after_out PC=39859 SP=62310 AF=384 BC=54273 DE=351 HL=1600 IX=31579 IY=688  ffff=95 romslot=1 primary=212 bios0=0 page2=1 page3=131 flow=0 screen=51
bp_write_subslot PC=39862 SP=62310 AF=24320 BC=54273 DE=351 HL=1600 IX=31579 IY=688  ffff=95 romslot=1 primary=212 bios0=0 page2=1 page3=131 flow=0 screen=51
bp_after_subslot_write PC=39866 SP=62310 AF=41010 BC=54273 DE=351 HL=1600 IX=31579 IY=688  ffff=95 romslot=1 primary=212 bios0=0 page2=1 page3=131 flow=0 screen=51
bp_restore PC=39874 SP=62314 AF=40960 BC=0 DE=59136 HL=1856 IX=31579 IY=688  ffff=95 romslot=1 primary=212 bios0=0 page2=1 page3=131 flow=0 screen=51
bp_map_entry PC=39830 SP=62312 AF=0 BC=0 DE=59136 HL=1856 IX=31579 IY=688  ffff=95 romslot=1 primary=212 bios0=0 page2=1 page3=131 flow=0 screen=51
bp_map_after_out PC=39859 SP=62312 AF=388 BC=54272 DE=351 HL=1856 IX=31579 IY=688  ffff=95 romslot=1 primary=212 bios0=0 page2=1 page3=131 flow=0 screen=51
bp_write_subslot PC=39862 SP=62312 AF=24320 BC=54272 DE=351 HL=1856 IX=31579 IY=688  ffff=95 romslot=1 primary=212 bios0=0 page2=1 page3=131 flow=0 screen=51
bp_after_subslot_write PC=39866 SP=62312 AF=41010 BC=54272 DE=351 HL=1856 IX=31579 IY=688  ffff=95 romslot=1 primary=212 bios0=0 page2=1 page3=131 flow=0 screen=51
bp_map_game_rom PC=39867 SP=62310 AF=772 BC=256 DE=51796 HL=1856 IX=31579 IY=688  ffff=95 romslot=1 primary=212 bios0=0 page2=1 page3=131 flow=0 screen=51
bp_map_entry PC=39830 SP=62310 AF=260 BC=256 DE=51796 HL=1856 IX=31579 IY=688  ffff=95 romslot=1 primary=212 bios0=0 page2=1 page3=131 flow=0 screen=51
bp_map_after_out PC=39859 SP=62310 AF=384 BC=54273 DE=351 HL=1856 IX=31579 IY=688  ffff=95 romslot=1 primary=212 bios0=0 page2=1 page3=131 flow=0 screen=51
bp_write_subslot PC=39862 SP=62310 AF=24320 BC=54273 DE=351 HL=1856 IX=31579 IY=688  ffff=95 romslot=1 primary=212 bios0=0 page2=1 page3=131 flow=0 screen=51
bp_after_subslot_write PC=39866 SP=62310 AF=41010 BC=54273 DE=351 HL=1856 IX=31579 IY=688  ffff=95 romslot=1 primary=212 bios0=0 page2=1 page3=131 flow=0 screen=51
bp_restore PC=39874 SP=62314 AF=40960 BC=0 DE=59136 HL=2112 IX=31579 IY=688  ffff=95 romslot=1 primary=212 bios0=0 page2=1 page3=131 flow=0 screen=51
bp_map_entry PC=39830 SP=62312 AF=0 BC=0 DE=59136 HL=2112 IX=31579 IY=688  ffff=95 romslot=1 primary=212 bios0=0 page2=1 page3=131 flow=0 screen=51
bp_map_after_out PC=39859 SP=62312 AF=388 BC=54272 DE=351 HL=2112 IX=31579 IY=688  ffff=95 romslot=1 primary=212 bios0=0 page2=1 page3=131 flow=0 screen=51
bp_write_subslot PC=39862 SP=62312 AF=24320 BC=54272 DE=351 HL=2112 IX=31579 IY=688  ffff=95 romslot=1 primary=212 bios0=0 page2=1 page3=131 flow=0 screen=51
bp_after_subslot_write PC=39866 SP=62312 AF=41010 BC=54272 DE=351 HL=2112 IX=31579 IY=688  ffff=95 romslot=1 primary=212 bios0=0 page2=1 page3=131 flow=0 screen=51
bp_map_game_rom PC=39867 SP=62310 AF=512 BC=256 DE=52052 HL=2112 IX=31579 IY=688  ffff=95 romslot=1 primary=212 bios0=0 page2=1 page3=131 flow=0 screen=51
bp_map_entry PC=39830 SP=62310 AF=256 BC=256 DE=52052 HL=2112 IX=31579 IY=688  ffff=95 romslot=1 primary=212 bios0=0 page2=1 page3=131 flow=0 screen=51
bp_map_after_out PC=39859 SP=62310 AF=384 BC=54273 DE=351 HL=2112 IX=31579 IY=688  ffff=95 romslot=1 primary=212 bios0=0 page2=1 page3=131 flow=0 screen=51
bp_write_subslot PC=39862 SP=62310 AF=24320 BC=54273 DE=351 HL=2112 IX=31579 IY=688  ffff=95 romslot=1 primary=212 bios0=0 page2=1 page3=131 flow=0 screen=51
bp_after_subslot_write PC=39866 SP=62310 AF=41010 BC=54273 DE=351 HL=2112 IX=31579 IY=688  ffff=95 romslot=1 primary=212 bios0=0 page2=1 page3=131 flow=0 screen=51
bp_restore PC=39874 SP=62314 AF=40960 BC=0 DE=59136 HL=2368 IX=31579 IY=688  ffff=95 romslot=1 primary=212 bios0=0 page2=1 page3=131 flow=0 screen=51
bp_map_entry PC=39830 SP=62312 AF=0 BC=0 DE=59136 HL=2368 IX=31579 IY=688  ffff=95 romslot=1 primary=212 bios0=0 page2=1 page3=131 flow=0 screen=51
bp_map_after_out PC=39859 SP=62312 AF=388 BC=54272 DE=351 HL=2368 IX=31579 IY=688  ffff=95 romslot=1 primary=212 bios0=0 page2=1 page3=131 flow=0 screen=51
bp_write_subslot PC=39862 SP=62312 AF=24320 BC=54272 DE=351 HL=2368 IX=31579 IY=688  ffff=95 romslot=1 primary=212 bios0=0 page2=1 page3=131 flow=0 screen=51
bp_after_subslot_write PC=39866 SP=62312 AF=41010 BC=54272 DE=351 HL=2368 IX=31579 IY=688  ffff=95 romslot=1 primary=212 bios0=0 page2=1 page3=131 flow=0 screen=51
bp_map_game_rom PC=39867 SP=62310 AF=256 BC=256 DE=52308 HL=2368 IX=31579 IY=688  ffff=95 romslot=1 primary=212 bios0=0 page2=1 page3=131 flow=0 screen=51
bp_map_entry PC=39830 SP=62310 AF=256 BC=256 DE=52308 HL=2368 IX=31579 IY=688  ffff=95 romslot=1 primary=212 bios0=0 page2=1 page3=131 flow=0 screen=51
bp_map_after_out PC=39859 SP=62310 AF=384 BC=54273 DE=351 HL=2368 IX=31579 IY=688  ffff=95 romslot=1 primary=212 bios0=0 page2=1 page3=131 flow=0 screen=51
bp_write_subslot PC=39862 SP=62310 AF=24320 BC=54273 DE=351 HL=2368 IX=31579 IY=688  ffff=95 romslot=1 primary=212 bios0=0 page2=1 page3=131 flow=0 screen=51
bp_after_subslot_write PC=39866 SP=62310 AF=41010 BC=54273 DE=351 HL=2368 IX=31579 IY=688  ffff=95 romslot=1 primary=212 bios0=0 page2=1 page3=131 flow=0 screen=51
bp_restore PC=39874 SP=62314 AF=40960 BC=0 DE=59136 HL=2624 IX=31579 IY=688  ffff=95 romslot=1 primary=212 bios0=0 page2=1 page3=131 flow=0 screen=51
bp_map_entry PC=39830 SP=62312 AF=0 BC=0 DE=59136 HL=2624 IX=31579 IY=688  ffff=95 romslot=1 primary=212 bios0=0 page2=1 page3=131 flow=0 screen=51
bp_map_after_out PC=39859 SP=62312 AF=388 BC=54272 DE=351 HL=2624 IX=31579 IY=688  ffff=95 romslot=1 primary=212 bios0=0 page2=1 page3=131 flow=0 screen=51
bp_write_subslot PC=39862 SP=62312 AF=24320 BC=54272 DE=351 HL=2624 IX=31579 IY=688  ffff=95 romslot=1 primary=212 bios0=0 page2=1 page3=131 flow=0 screen=51
bp_after_subslot_write PC=39866 SP=62312 AF=41010 BC=54272 DE=351 HL=2624 IX=31579 IY=688  ffff=95 romslot=1 primary=212 bios0=0 page2=1 page3=131 flow=0 screen=51
bp_map_game_rom PC=39867 SP=62310 AF=772 BC=256 DE=52564 HL=2624 IX=31579 IY=688  ffff=95 romslot=1 primary=212 bios0=0 page2=1 page3=131 flow=0 screen=51
bp_map_entry PC=39830 SP=62310 AF=260 BC=256 DE=52564 HL=2624 IX=31579 IY=688  ffff=95 romslot=1 primary=212 bios0=0 page2=1 page3=131 flow=0 screen=51
bp_map_after_out PC=39859 SP=62310 AF=384 BC=54273 DE=351 HL=2624 IX=31579 IY=688  ffff=95 romslot=1 primary=212 bios0=0 page2=1 page3=131 flow=0 screen=51
bp_write_subslot PC=39862 SP=62310 AF=24320 BC=54273 DE=351 HL=2624 IX=31579 IY=688  ffff=95 romslot=1 primary=212 bios0=0 page2=1 page3=131 flow=0 screen=51
bp_after_subslot_write PC=39866 SP=62310 AF=41010 BC=54273 DE=351 HL=2624 IX=31579 IY=688  ffff=95 romslot=1 primary=212 bios0=0 page2=1 page3=131 flow=0 screen=51
bp_restore PC=39874 SP=62314 AF=40960 BC=0 DE=59136 HL=2880 IX=31579 IY=688  ffff=95 romslot=1 primary=212 bios0=0 page2=1 page3=131 flow=0 screen=51
bp_map_entry PC=39830 SP=62312 AF=0 BC=0 DE=59136 HL=2880 IX=31579 IY=688  ffff=95 romslot=1 primary=212 bios0=0 page2=1 page3=131 flow=0 screen=51
bp_map_after_out PC=39859 SP=62312 AF=388 BC=54272 DE=351 HL=2880 IX=31579 IY=688  ffff=95 romslot=1 primary=212 bios0=0 page2=1 page3=131 flow=0 screen=51
bp_write_subslot PC=39862 SP=62312 AF=24320 BC=54272 DE=351 HL=2880 IX=31579 IY=688  ffff=95 romslot=1 primary=212 bios0=0 page2=1 page3=131 flow=0 screen=51
bp_after_subslot_write PC=39866 SP=62312 AF=41010 BC=54272 DE=351 HL=2880 IX=31579 IY=688  ffff=95 romslot=1 primary=212 bios0=0 page2=1 page3=131 flow=0 screen=51
bp_map_game_rom PC=39867 SP=62310 AF=512 BC=256 DE=52820 HL=2880 IX=31579 IY=688  ffff=95 romslot=1 primary=212 bios0=0 page2=1 page3=131 flow=0 screen=51
bp_map_entry PC=39830 SP=62310 AF=256 BC=256 DE=52820 HL=2880 IX=31579 IY=688  ffff=95 romslot=1 primary=212 bios0=0 page2=1 page3=131 flow=0 screen=51
bp_map_after_out PC=39859 SP=62310 AF=384 BC=54273 DE=351 HL=2880 IX=31579 IY=688  ffff=95 romslot=1 primary=212 bios0=0 page2=1 page3=131 flow=0 screen=51
bp_write_subslot PC=39862 SP=62310 AF=24320 BC=54273 DE=351 HL=2880 IX=31579 IY=688  ffff=95 romslot=1 primary=212 bios0=0 page2=1 page3=131 flow=0 screen=51
bp_after_subslot_write PC=39866 SP=62310 AF=41010 BC=54273 DE=351 HL=2880 IX=31579 IY=688  ffff=95 romslot=1 primary=212 bios0=0 page2=1 page3=131 flow=0 screen=51
bp_restore PC=39874 SP=62314 AF=40960 BC=0 DE=59136 HL=3136 IX=31579 IY=688  ffff=95 romslot=1 primary=212 bios0=0 page2=1 page3=131 flow=0 screen=51
bp_map_entry PC=39830 SP=62312 AF=0 BC=0 DE=59136 HL=3136 IX=31579 IY=688  ffff=95 romslot=1 primary=212 bios0=0 page2=1 page3=131 flow=0 screen=51
bp_map_after_out PC=39859 SP=62312 AF=388 BC=54272 DE=351 HL=3136 IX=31579 IY=688  ffff=95 romslot=1 primary=212 bios0=0 page2=1 page3=131 flow=0 screen=51
bp_write_subslot PC=39862 SP=62312 AF=24320 BC=54272 DE=351 HL=3136 IX=31579 IY=688  ffff=95 romslot=1 primary=212 bios0=0 page2=1 page3=131 flow=0 screen=51
bp_after_subslot_write PC=39866 SP=62312 AF=41010 BC=54272 DE=351 HL=3136 IX=31579 IY=688  ffff=95 romslot=1 primary=212 bios0=0 page2=1 page3=131 flow=0 screen=51
bp_map_game_rom PC=39867 SP=62310 AF=256 BC=256 DE=53076 HL=3136 IX=31579 IY=688  ffff=95 romslot=1 primary=212 bios0=0 page2=1 page3=131 flow=0 screen=51
bp_map_entry PC=39830 SP=62310 AF=256 BC=256 DE=53076 HL=3136 IX=31579 IY=688  ffff=95 romslot=1 primary=212 bios0=0 page2=1 page3=131 flow=0 screen=51
bp_map_after_out PC=39859 SP=62310 AF=384 BC=54273 DE=351 HL=3136 IX=31579 IY=688  ffff=95 romslot=1 primary=212 bios0=0 page2=1 page3=131 flow=0 screen=51
bp_write_subslot PC=39862 SP=62310 AF=24320 BC=54273 DE=351 HL=3136 IX=31579 IY=688  ffff=95 romslot=1 primary=212 bios0=0 page2=1 page3=131 flow=0 screen=51
bp_after_subslot_write PC=39866 SP=62310 AF=41010 BC=54273 DE=351 HL=3136 IX=31579 IY=688  ffff=95 romslot=1 primary=212 bios0=0 page2=1 page3=131 flow=0 screen=51
bp_restore PC=39874 SP=62314 AF=40960 BC=0 DE=59136 HL=3392 IX=31579 IY=688  ffff=95 romslot=1 primary=212 bios0=0 page2=1 page3=131 flow=0 screen=51
bp_map_entry PC=39830 SP=62312 AF=0 BC=0 DE=59136 HL=3392 IX=31579 IY=688  ffff=95 romslot=1 primary=212 bios0=0 page2=1 page3=131 flow=0 screen=51
bp_map_after_out PC=39859 SP=62312 AF=388 BC=54272 DE=351 HL=3392 IX=31579 IY=688  ffff=95 romslot=1 primary=212 bios0=0 page2=1 page3=131 flow=0 screen=51
bp_write_subslot PC=39862 SP=62312 AF=24320 BC=54272 DE=351 HL=3392 IX=31579 IY=688  ffff=95 romslot=1 primary=212 bios0=0 page2=1 page3=131 flow=0 screen=51
bp_after_subslot_write PC=39866 SP=62312 AF=41010 BC=54272 DE=351 HL=3392 IX=31579 IY=688  ffff=95 romslot=1 primary=212 bios0=0 page2=1 page3=131 flow=0 screen=51
bp_map_game_rom PC=39867 SP=62310 AF=772 BC=256 DE=53332 HL=3392 IX=31579 IY=688  ffff=95 romslot=1 primary=212 bios0=0 page2=1 page3=131 flow=0 screen=51
bp_map_entry PC=39830 SP=62310 AF=260 BC=256 DE=53332 HL=3392 IX=31579 IY=688  ffff=95 romslot=1 primary=212 bios0=0 page2=1 page3=131 flow=0 screen=51
bp_map_after_out PC=39859 SP=62310 AF=384 BC=54273 DE=351 HL=3392 IX=31579 IY=688  ffff=95 romslot=1 primary=212 bios0=0 page2=1 page3=131 flow=0 screen=51
bp_write_subslot PC=39862 SP=62310 AF=24320 BC=54273 DE=351 HL=3392 IX=31579 IY=688  ffff=95 romslot=1 primary=212 bios0=0 page2=1 page3=131 flow=0 screen=51
bp_after_subslot_write PC=39866 SP=62310 AF=41010 BC=54273 DE=351 HL=3392 IX=31579 IY=688  ffff=95 romslot=1 primary=212 bios0=0 page2=1 page3=131 flow=0 screen=51
bp_restore PC=39874 SP=62314 AF=40960 BC=0 DE=59136 HL=3648 IX=31579 IY=688  ffff=95 romslot=1 primary=212 bios0=0 page2=1 page3=131 flow=0 screen=51
bp_map_entry PC=39830 SP=62312 AF=0 BC=0 DE=59136 HL=3648 IX=31579 IY=688  ffff=95 romslot=1 primary=212 bios0=0 page2=1 page3=131 flow=0 screen=51
bp_map_after_out PC=39859 SP=62312 AF=388 BC=54272 DE=351 HL=3648 IX=31579 IY=688  ffff=95 romslot=1 primary=212 bios0=0 page2=1 page3=131 flow=0 screen=51
bp_write_subslot PC=39862 SP=62312 AF=24320 BC=54272 DE=351 HL=3648 IX=31579 IY=688  ffff=95 romslot=1 primary=212 bios0=0 page2=1 page3=131 flow=0 screen=51
bp_after_subslot_write PC=39866 SP=62312 AF=41010 BC=54272 DE=351 HL=3648 IX=31579 IY=688  ffff=95 romslot=1 primary=212 bios0=0 page2=1 page3=131 flow=0 screen=51
bp_map_game_rom PC=39867 SP=62310 AF=512 BC=256 DE=53588 HL=3648 IX=31579 IY=688  ffff=95 romslot=1 primary=212 bios0=0 page2=1 page3=131 flow=0 screen=51
bp_map_entry PC=39830 SP=62310 AF=256 BC=256 DE=53588 HL=3648 IX=31579 IY=688  ffff=95 romslot=1 primary=212 bios0=0 page2=1 page3=131 flow=0 screen=51
bp_map_after_out PC=39859 SP=62310 AF=384 BC=54273 DE=351 HL=3648 IX=31579 IY=688  ffff=95 romslot=1 primary=212 bios0=0 page2=1 page3=131 flow=0 screen=51
bp_write_subslot PC=39862 SP=62310 AF=24320 BC=54273 DE=351 HL=3648 IX=31579 IY=688  ffff=95 romslot=1 primary=212 bios0=0 page2=1 page3=131 flow=0 screen=51
bp_after_subslot_write PC=39866 SP=62310 AF=41010 BC=54273 DE=351 HL=3648 IX=31579 IY=688  ffff=95 romslot=1 primary=212 bios0=0 page2=1 page3=131 flow=0 screen=51
bp_restore PC=39874 SP=62314 AF=40960 BC=0 DE=59136 HL=3904 IX=31579 IY=688  ffff=95 romslot=1 primary=212 bios0=0 page2=1 page3=131 flow=0 screen=51
bp_map_entry PC=39830 SP=62312 AF=0 BC=0 DE=59136 HL=3904 IX=31579 IY=688  ffff=95 romslot=1 primary=212 bios0=0 page2=1 page3=131 flow=0 screen=51
bp_map_after_out PC=39859 SP=62312 AF=388 BC=54272 DE=351 HL=3904 IX=31579 IY=688  ffff=95 romslot=1 primary=212 bios0=0 page2=1 page3=131 flow=0 screen=51
bp_write_subslot PC=39862 SP=62312 AF=24320 BC=54272 DE=351 HL=3904 IX=31579 IY=688  ffff=95 romslot=1 primary=212 bios0=0 page2=1 page3=131 flow=0 screen=51
bp_after_subslot_write PC=39866 SP=62312 AF=41010 BC=54272 DE=351 HL=3904 IX=31579 IY=688  ffff=95 romslot=1 primary=212 bios0=0 page2=1 page3=131 flow=0 screen=51
bp_map_game_rom PC=39867 SP=62310 AF=256 BC=256 DE=53844 HL=3904 IX=31579 IY=688  ffff=95 romslot=1 primary=212 bios0=0 page2=1 page3=131 flow=0 screen=51
bp_map_entry PC=39830 SP=62310 AF=256 BC=256 DE=53844 HL=3904 IX=31579 IY=688  ffff=95 romslot=1 primary=212 bios0=0 page2=1 page3=131 flow=0 screen=51
bp_map_after_out PC=39859 SP=62310 AF=384 BC=54273 DE=351 HL=3904 IX=31579 IY=688  ffff=95 romslot=1 primary=212 bios0=0 page2=1 page3=131 flow=0 screen=51
bp_write_subslot PC=39862 SP=62310 AF=24320 BC=54273 DE=351 HL=3904 IX=31579 IY=688  ffff=95 romslot=1 primary=212 bios0=0 page2=1 page3=131 flow=0 screen=51
bp_after_subslot_write PC=39866 SP=62310 AF=41010 BC=54273 DE=351 HL=3904 IX=31579 IY=688  ffff=95 romslot=1 primary=212 bios0=0 page2=1 page3=131 flow=0 screen=51
bp_restore PC=39874 SP=62314 AF=40960 BC=0 DE=59136 HL=4160 IX=31579 IY=688  ffff=95 romslot=1 primary=212 bios0=0 page2=1 page3=131 flow=0 screen=51
bp_map_entry PC=39830 SP=62312 AF=0 BC=0 DE=59136 HL=4160 IX=31579 IY=688  ffff=95 romslot=1 primary=212 bios0=0 page2=1 page3=131 flow=0 screen=51
bp_map_after_out PC=39859 SP=62312 AF=388 BC=54272 DE=351 HL=4160 IX=31579 IY=688  ffff=95 romslot=1 primary=212 bios0=0 page2=1 page3=131 flow=0 screen=51
bp_write_subslot PC=39862 SP=62312 AF=24320 BC=54272 DE=351 HL=4160 IX=31579 IY=688  ffff=95 romslot=1 primary=212 bios0=0 page2=1 page3=131 flow=0 screen=51
bp_after_subslot_write PC=39866 SP=62312 AF=41010 BC=54272 DE=351 HL=4160 IX=31579 IY=688  ffff=95 romslot=1 primary=212 bios0=0 page2=1 page3=131 flow=0 screen=51
space1 PC=39158 SP=62332 AF=68 BC=0 DE=6912 HL=56956 IX=31579 IY=688  ffff=95 romslot=1 primary=212 bios0=0 page2=1 page3=131 flow=1 screen=51
t85 PC=28721 SP=62330 AF=68 BC=2560 DE=0 HL=55768 IX=31579 IY=688  ffff=95 romslot=1 primary=212 bios0=0 page2=1 page3=131 flow=1 screen=51
