BOSS_DONE pc=62D3 sp=F368 p=08/02/03 savedp3=03 srcBFE8=FF FF FF FF FF FF FF FF FF FF FF dstC00A=33 03 55 05 77 07 74 06 63 05 73 count=00 table=1100 bank=01
AFTER_SET_BEFORE_SRC pc=62BA sp=F368 p=08/02/03 savedp3=03 srcBFE8=FF FF FF FF FF FF FF FF FF FF FF dstC00A=33 03 55 05 77 07 74 06 63 05 73 count=00 table=1100 bank=01
BEFORE_LDIR pc=62C2 sp=F368 p=08/02/03 savedp3=03 srcBFE8=FF FF FF FF FF FF FF FF FF FF FF dstC00A=33 03 55 05 77 07 74 06 63 05 73 count=00 table=1100 bank=01
AFTER_LDIR pc=62C4 sp=F368 p=08/02/03 savedp3=03 srcBFE8=FF FF FF FF FF FF FF FF FF FF FF dstC00A=33 03 55 05 77 07 74 06 63 05 73 count=00 table=1100 bank=01
AFTER_SET_BEFORE_SRC pc=62BA sp=F366 p=05/02/10 savedp3=03 srcBFE8=34 65 36 65 18 0C 00 01 01 64 00 dstC00A=33 03 55 05 77 07 74 06 63 05 73 count=01 table=1100 bank=01
BOSS_DONE pc=62D3 sp=F366 p=05/02/03 savedp3=03 srcBFE8=FF FF FF FF FF FF FF FF FF FF FF dstC00A=34 65 36 65 18 0C 00 01 01 64 00 count=01 table=C00A bank=FF
AFTER_LDIR pc=62C4 sp=F36E p=01/02/03 savedp3=03 srcBFE8=FF FF FF FF FF FF FF FF FF FF FF dstC00A=34 65 36 65 18 0C 00 01 01 64 00 count=01 table=C00A bank=FF
BOSS_DONE pc=62D3 sp=F370 p=01/02/03 savedp3=03 srcBFE8=FF FF FF FF FF FF FF FF FF FF FF dstC00A=34 65 36 65 18 0C 00 01 01 64 00 count=01 table=C00A bank=FF
BEFORE_LDIR pc=62C2 sp=F36A p=04/02/03 savedp3=03 srcBFE8=FF FF FF FF FF FF FF FF FF FF FF dstC00A=34 65 36 65 18 0C 00 01 01 64 00 count=01 table=C00A bank=FF
AFTER_LDIR pc=62C4 sp=F36A p=04/02/03 savedp3=03 srcBFE8=FF FF FF FF FF FF FF FF FF FF FF dstC00A=34 65 36 65 18 0C 00 01 01 64 00 count=01 table=C00A bank=FF
BEFORE_LDIR pc=62C2 sp=F36A p=04/02/03 savedp3=03 srcBFE8=FF FF FF FF FF FF FF FF FF FF FF dstC00A=34 65 36 65 18 0C 00 01 01 64 00 count=01 table=C00A bank=FF
AFTER_LDIR pc=62C4 sp=F36A p=04/02/03 savedp3=03 srcBFE8=FF FF FF FF FF FF FF FF FF FF FF dstC00A=34 65 36 65 18 0C 00 01 01 64 00 count=01 table=C00A bank=FF
BEFORE_LDIR pc=62C2 sp=F36A p=04/02/03 savedp3=03 srcBFE8=FF FF FF FF FF FF FF FF FF FF FF dstC00A=34 65 36 65 18 0C 00 01 01 64 00 count=01 table=C00A bank=FF
AFTER_LDIR pc=62C4 sp=F36A p=04/02/03 savedp3=03 srcBFE8=FF FF FF FF FF FF FF FF FF FF FF dstC00A=34 65 36 65 18 0C 00 01 01 64 00 count=01 table=C00A bank=FF
BEFORE_LDIR pc=62C2 sp=F36A p=04/02/03 savedp3=03 srcBFE8=FF FF FF FF FF FF FF FF FF FF FF dstC00A=34 65 36 65 18 0C 00 01 01 64 00 count=01 table=C00A bank=FF
AFTER_LDIR pc=62C4 sp=F36A p=04/02/03 savedp3=03 srcBFE8=FF FF FF FF FF FF FF FF FF FF FF dstC00A=34 65 36 65 18 0C 00 01 01 64 00 count=01 table=C00A bank=FF
BEFORE_LDIR pc=62C2 sp=F36A p=04/02/03 savedp3=03 srcBFE8=FF FF FF FF FF FF FF FF FF FF FF dstC00A=34 65 36 65 18 0C 00 01 01 64 00 count=01 table=C00A bank=FF
AFTER_LDIR pc=62C4 sp=F36A p=04/02/03 savedp3=03 srcBFE8=FF FF FF FF FF FF FF FF FF FF FF dstC00A=34 65 36 65 18 0C 00 01 01 64 00 count=01 table=C00A bank=FF
BEFORE_LDIR pc=62C2 sp=F36A p=04/02/03 savedp3=03 srcBFE8=FF FF FF FF FF FF FF FF FF FF FF dstC00A=34 65 36 65 18 0C 00 01 01 64 00 count=01 table=C00A bank=FF
AFTER_LDIR pc=62C4 sp=F36A p=04/02/03 savedp3=03 srcBFE8=FF FF FF FF FF FF FF FF FF FF FF dstC00A=34 65 36 65 18 0C 00 01 01 64 00 count=01 table=C00A bank=FF
BEFORE_LDIR pc=62C2 sp=F36A p=04/02/03 savedp3=03 srcBFE8=FF FF FF FF FF FF FF FF FF FF FF dstC00A=34 65 36 65 18 0C 00 01 01 64 00 count=01 table=C00A bank=FF
AFTER_LDIR pc=62C4 sp=F36A p=04/02/03 savedp3=03 srcBFE8=FF FF FF FF FF FF FF FF FF FF FF dstC00A=34 65 36 65 18 0C 00 01 01 64 00 count=01 table=C00A bank=FF
BEFORE_LDIR pc=62C2 sp=F36A p=04/02/03 savedp3=03 srcBFE8=FF FF FF FF FF FF FF FF FF FF FF dstC00A=34 65 36 65 18 0C 00 01 01 64 00 count=01 table=C00A bank=FF
AFTER_LDIR pc=62C4 sp=F36A p=04/02/03 savedp3=03 srcBFE8=FF FF FF FF FF FF FF FF FF FF FF dstC00A=34 65 36 65 18 0C 00 01 01 64 00 count=01 table=C00A bank=FF
BEFORE_LDIR pc=62C2 sp=F36A p=04/02/03 savedp3=03 srcBFE8=FF FF FF FF FF FF FF FF FF FF FF dstC00A=34 65 36 65 18 0C 00 01 01 64 00 count=01 table=C00A bank=FF
AFTER_LDIR pc=62C4 sp=F36A p=04/02/03 savedp3=03 srcBFE8=FF FF FF FF FF FF FF FF FF FF FF dstC00A=34 65 36 65 18 0C 00 01 01 64 00 count=01 table=C00A bank=FF
BEFORE_LDIR pc=62C2 sp=F36A p=04/02/03 savedp3=03 srcBFE8=FF FF FF FF FF FF FF FF FF FF FF dstC00A=34 65 36 65 18 0C 00 01 01 64 00 count=01 table=C00A bank=FF
AFTER_LDIR pc=62C4 sp=F36A p=04/02/03 savedp3=03 srcBFE8=FF FF FF FF FF FF FF FF FF FF FF dstC00A=34 65 36 65 18 0C 00 01 01 64 00 count=01 table=C00A bank=FF
BEFORE_LDIR pc=62C2 sp=F36A p=04/02/03 savedp3=03 srcBFE8=FF FF FF FF FF FF FF FF FF FF FF dstC00A=34 65 36 65 18 0C 00 01 01 64 00 count=01 table=C00A bank=FF
AFTER_LDIR pc=62C4 sp=F36A p=04/02/03 savedp3=03 srcBFE8=FF FF FF FF FF FF FF FF FF FF FF dstC00A=34 65 36 65 18 0C 00 01 01 64 00 count=01 table=C00A bank=FF
BEFORE_LDIR pc=62C2 sp=F36A p=04/02/03 savedp3=03 srcBFE8=FF FF FF FF FF FF FF FF FF FF FF dstC00A=34 65 36 65 18 0C 00 01 01 64 00 count=01 table=C00A bank=FF
AFTER_LDIR pc=62C4 sp=F36A p=04/02/03 savedp3=03 srcBFE8=FF FF FF FF FF FF FF FF FF FF FF dstC00A=34 65 36 65 18 0C 00 01 01 64 00 count=01 table=C00A bank=FF
BEFORE_LDIR pc=62C2 sp=F36A p=04/02/03 savedp3=03 srcBFE8=FF FF FF FF FF FF FF FF FF FF FF dstC00A=34 65 36 65 18 0C 00 01 01 64 00 count=01 table=C00A bank=FF
AFTER_LDIR pc=62C4 sp=F36A p=04/02/03 savedp3=03 srcBFE8=FF FF FF FF FF FF FF FF FF FF FF dstC00A=34 65 36 65 18 0C 00 01 01 64 00 count=01 table=C00A bank=FF
BEFORE_LDIR pc=62C2 sp=F36A p=04/02/03 savedp3=03 srcBFE8=FF FF FF FF FF FF FF FF FF FF FF dstC00A=34 65 36 65 18 0C 00 01 01 64 00 count=01 table=C00A bank=FF
AFTER_LDIR pc=62C4 sp=F36A p=04/02/03 savedp3=03 srcBFE8=FF FF FF FF FF FF FF FF FF FF FF dstC00A=34 65 36 65 18 0C 00 01 01 64 00 count=01 table=C00A bank=FF
BEFORE_LDIR pc=62C2 sp=F36A p=04/02/03 savedp3=03 srcBFE8=FF FF FF FF FF FF FF FF FF FF FF dstC00A=34 65 36 65 18 0C 00 01 01 64 00 count=01 table=C00A bank=FF
AFTER_LDIR pc=62C4 sp=F36A p=04/02/03 savedp3=03 srcBFE8=FF FF FF FF FF FF FF FF FF FF FF dstC00A=34 65 36 65 18 0C 00 01 01 64 00 count=01 table=C00A bank=FF
BEFORE_LDIR pc=62C2 sp=F36A p=04/02/03 savedp3=03 srcBFE8=FF FF FF FF FF FF FF FF FF FF FF dstC00A=34 65 36 65 18 0C 00 01 01 64 00 count=01 table=C00A bank=FF
AFTER_LDIR pc=62C4 sp=F36A p=04/02/03 savedp3=03 srcBFE8=FF FF FF FF FF FF FF FF FF FF FF dstC00A=34 65 36 65 18 0C 00 01 01 64 00 count=01 table=C00A bank=FF
BEFORE_LDIR pc=62C2 sp=F36A p=04/02/03 savedp3=03 srcBFE8=FF FF FF FF FF FF FF FF FF FF FF dstC00A=34 65 36 65 18 0C 00 01 01 64 00 count=01 table=C00A bank=FF
AFTER_LDIR pc=62C4 sp=F36A p=04/02/03 savedp3=03 srcBFE8=FF FF FF FF FF FF FF FF FF FF FF dstC00A=34 65 36 65 18 0C 00 01 01 64 00 count=01 table=C00A bank=FF
BEFORE_LDIR pc=62C2 sp=F36A p=04/02/03 savedp3=03 srcBFE8=FF FF FF FF FF FF FF FF FF FF FF dstC00A=34 65 36 65 18 0C 00 01 01 64 00 count=01 table=C00A bank=FF
AFTER_LDIR pc=62C4 sp=F36A p=04/02/03 savedp3=03 srcBFE8=FF FF FF FF FF FF FF FF FF FF FF dstC00A=34 65 36 65 18 0C 00 01 01 64 00 count=01 table=C00A bank=FF
BEFORE_LDIR pc=62C2 sp=F36A p=04/02/03 savedp3=03 srcBFE8=FF FF FF FF FF FF FF FF FF FF FF dstC00A=34 65 36 65 18 0C 00 01 01 64 00 count=01 table=C00A bank=FF
AFTER_LDIR pc=62C4 sp=F36A p=04/02/03 savedp3=03 srcBFE8=FF FF FF FF FF FF FF FF FF FF FF dstC00A=34 65 36 65 18 0C 00 01 01 64 00 count=01 table=C00A bank=FF
BEFORE_LDIR pc=62C2 sp=F36A p=04/02/03 savedp3=03 srcBFE8=FF FF FF FF FF FF FF FF FF FF FF dstC00A=34 65 36 65 18 0C 00 01 01 64 00 count=01 table=C00A bank=FF
AFTER_LDIR pc=62C4 sp=F36A p=04/02/03 savedp3=03 srcBFE8=FF FF FF FF FF FF FF FF FF FF FF dstC00A=34 65 36 65 18 0C 00 01 01 64 00 count=01 table=C00A bank=FF
BEFORE_LDIR pc=62C2 sp=F36A p=04/02/03 savedp3=03 srcBFE8=FF FF FF FF FF FF FF FF FF FF FF dstC00A=34 65 36 65 18 0C 00 01 01 64 00 count=01 table=C00A bank=FF
AFTER_LDIR pc=62C4 sp=F36A p=04/02/03 savedp3=03 srcBFE8=FF FF FF FF FF FF FF FF FF FF FF dstC00A=34 65 36 65 18 0C 00 01 01 64 00 count=01 table=C00A bank=FF
BEFORE_LDIR pc=62C2 sp=F36A p=04/02/03 savedp3=03 srcBFE8=FF FF FF FF FF FF FF FF FF FF FF dstC00A=34 65 36 65 18 0C 00 01 01 64 00 count=01 table=C00A bank=FF
AFTER_LDIR pc=62C4 sp=F36A p=04/02/03 savedp3=03 srcBFE8=FF FF FF FF FF FF FF FF FF FF FF dstC00A=34 65 36 65 18 0C 00 01 01 64 00 count=01 table=C00A bank=FF
BEFORE_LDIR pc=62C2 sp=F36A p=04/02/03 savedp3=03 srcBFE8=FF FF FF FF FF FF FF FF FF FF FF dstC00A=34 65 36 65 18 0C 00 01 01 64 00 count=01 table=C00A bank=FF
AFTER_LDIR pc=62C4 sp=F36A p=04/02/03 savedp3=03 srcBFE8=FF FF FF FF FF FF FF FF FF FF FF dstC00A=34 65 36 65 18 0C 00 01 01 64 00 count=01 table=C00A bank=FF
BEFORE_LDIR pc=62C2 sp=F36A p=04/02/03 savedp3=03 srcBFE8=FF FF FF FF FF FF FF FF FF FF FF dstC00A=34 65 36 65 18 0C 00 01 01 64 00 count=01 table=C00A bank=FF
AFTER_LDIR pc=62C4 sp=F36A p=04/02/03 savedp3=03 srcBFE8=FF FF FF FF FF FF FF FF FF FF FF dstC00A=34 65 36 65 18 0C 00 01 01 64 00 count=01 table=C00A bank=FF
BEFORE_LDIR pc=62C2 sp=F36A p=04/02/03 savedp3=03 srcBFE8=FF FF FF FF FF FF FF FF FF FF FF dstC00A=34 65 36 65 18 0C 00 01 01 64 00 count=01 table=C00A bank=FF
AFTER_LDIR pc=62C4 sp=F36A p=04/02/03 savedp3=03 srcBFE8=FF FF FF FF FF FF FF FF FF FF FF dstC00A=34 65 36 65 18 0C 00 01 01 64 00 count=01 table=C00A bank=FF
BEFORE_LDIR pc=62C2 sp=F36A p=04/02/03 savedp3=03 srcBFE8=FF FF FF FF FF FF FF FF FF FF FF dstC00A=34 65 36 65 18 0C 00 01 01 64 00 count=01 table=C00A bank=FF
AFTER_LDIR pc=62C4 sp=F36A p=04/02/03 savedp3=03 srcBFE8=FF FF FF FF FF FF FF FF FF FF FF dstC00A=34 65 36 65 18 0C 00 01 01 64 00 count=01 table=C00A bank=FF
BEFORE_LDIR pc=62C2 sp=F36A p=04/02/03 savedp3=03 srcBFE8=FF FF FF FF FF FF FF FF FF FF FF dstC00A=34 65 36 65 18 0C 00 01 01 64 00 count=01 table=C00A bank=FF
AFTER_LDIR pc=62C4 sp=F36A p=04/02/03 savedp3=03 srcBFE8=FF FF FF FF FF FF FF FF FF FF FF dstC00A=34 65 36 65 18 0C 00 01 01 64 00 count=01 table=C00A bank=FF
BEFORE_LDIR pc=62C2 sp=F36A p=04/02/03 savedp3=03 srcBFE8=FF FF FF FF FF FF FF FF FF FF FF dstC00A=34 65 36 65 18 0C 00 01 01 64 00 count=01 table=C00A bank=FF
AFTER_LDIR pc=62C4 sp=F36A p=04/02/03 savedp3=03 srcBFE8=FF FF FF FF FF FF FF FF FF FF FF dstC00A=34 65 36 65 18 0C 00 01 01 64 00 count=01 table=C00A bank=FF
BEFORE_LDIR pc=62C2 sp=F36A p=04/02/03 savedp3=03 srcBFE8=FF FF FF FF FF FF FF FF FF FF FF dstC00A=34 65 36 65 18 0C 00 01 01 64 00 count=01 table=C00A bank=FF
AFTER_LDIR pc=62C4 sp=F36A p=04/02/03 savedp3=03 srcBFE8=FF FF FF FF FF FF FF FF FF FF FF dstC00A=34 65 36 65 18 0C 00 01 01 64 00 count=01 table=C00A bank=FF
BEFORE_LDIR pc=62C2 sp=F36A p=04/02/03 savedp3=03 srcBFE8=FF FF FF FF FF FF FF FF FF FF FF dstC00A=34 65 36 65 18 0C 00 01 01 64 00 count=01 table=C00A bank=FF
AFTER_LDIR pc=62C4 sp=F36A p=04/02/03 savedp3=03 srcBFE8=FF FF FF FF FF FF FF FF FF FF FF dstC00A=34 65 36 65 18 0C 00 01 01 64 00 count=01 table=C00A bank=FF
BEFORE_LDIR pc=62C2 sp=F36A p=04/02/03 savedp3=03 srcBFE8=FF FF FF FF FF FF FF FF FF FF FF dstC00A=34 65 36 65 18 0C 00 01 01 64 00 count=01 table=C00A bank=FF
AFTER_LDIR pc=62C4 sp=F36A p=04/02/03 savedp3=03 srcBFE8=FF FF FF FF FF FF FF FF FF FF FF dstC00A=34 65 36 65 18 0C 00 01 01 64 00 count=01 table=C00A bank=FF
BEFORE_LDIR pc=62C2 sp=F36A p=04/02/03 savedp3=03 srcBFE8=FF FF FF FF FF FF FF FF FF FF FF dstC00A=34 65 36 65 18 0C 00 01 01 64 00 count=01 table=C00A bank=FF
AFTER_LDIR pc=62C4 sp=F36A p=04/02/03 savedp3=03 srcBFE8=FF FF FF FF FF FF FF FF FF FF FF dstC00A=34 65 36 65 18 0C 00 01 01 64 00 count=01 table=C00A bank=FF
BEFORE_LDIR pc=62C2 sp=F36A p=04/02/03 savedp3=03 srcBFE8=FF FF FF FF FF FF FF FF FF FF FF dstC00A=34 65 36 65 18 0C 00 01 01 64 00 count=01 table=C00A bank=FF
AFTER_LDIR pc=62C4 sp=F36A p=04/02/03 savedp3=03 srcBFE8=FF FF FF FF FF FF FF FF FF FF FF dstC00A=34 65 36 65 18 0C 00 01 01 64 00 count=01 table=C00A bank=FF
BEFORE_LDIR pc=62C2 sp=F36A p=04/02/03 savedp3=03 srcBFE8=FF FF FF FF FF FF FF FF FF FF FF dstC00A=34 65 36 65 18 0C 00 01 01 64 00 count=01 table=C00A bank=FF
AFTER_LDIR pc=62C4 sp=F36A p=04/02/03 savedp3=03 srcBFE8=FF FF FF FF FF FF FF FF FF FF FF dstC00A=34 65 36 65 18 0C 00 01 01 64 00 count=01 table=C00A bank=FF
BEFORE_LDIR pc=62C2 sp=F36A p=04/02/03 savedp3=03 srcBFE8=FF FF FF FF FF FF FF FF FF FF FF dstC00A=34 65 36 65 18 0C 00 01 01 64 00 count=01 table=C00A bank=FF
AFTER_LDIR pc=62C4 sp=F36A p=04/02/03 savedp3=03 srcBFE8=FF FF FF FF FF FF FF FF FF FF FF dstC00A=34 65 36 65 18 0C 00 01 01 64 00 count=01 table=C00A bank=FF
BEFORE_LDIR pc=62C2 sp=F36A p=04/02/03 savedp3=03 srcBFE8=FF FF FF FF FF FF FF FF FF FF FF dstC00A=34 65 36 65 18 0C 00 01 01 64 00 count=01 table=C00A bank=FF
AFTER_LDIR pc=62C4 sp=F36A p=04/02/03 savedp3=03 srcBFE8=FF FF FF FF FF FF FF FF FF FF FF dstC00A=34 65 36 65 18 0C 00 01 01 64 00 count=01 table=C00A bank=FF
