BP_4010_RESET_OR_INIT pc=4010 sp=F2EC af=1F08 bc=0101 de=4010 hl=4004 banks=00/00/00/04 flow=00 exit=00 screen=22 irq=0000 last=20 secfr=33 time=0000 player=33 pxy=13107,13107 v=33/33 boss=05 bossxy=00,04 bt=00 bbeh=00 bstep=00 stack=F392,F043 bytes=F3 ED 56 31 80 F3 CD 9F
intro_space_before pc=624D sp=F36C af=99BB bc=000A de=6730 hl=6765 banks=04/02/03/03 flow=01 exit=00 screen=22 irq=00B9 last=B7 secfr=10 time=003A player=01 pxy=16,144 v=00/00 boss=01 bossxy=11,0A bt=00 bbeh=3E bstep=04 stack=6183,6070 bytes=3A 43 C0 3C 32 43 C0 C3
intro_space_after pc=625F sp=F36A af=0242 bc=0200 de=0000 hl=DA02 banks=01/02/03/03 flow=01 exit=00 screen=22 irq=00C8 last=C8 secfr=3B time=0039 player=01 pxy=16,112 v=00/FE boss=01 bossxy=0F,0A bt=00 bbeh=34 bstep=02 stack=61D7,0200 bytes=20 FA 7D 87 87 C9 3A 22
start_space_before pc=61B2 sp=F36C af=11BB bc=1103 de=6630 hl=6663 banks=04/02/03/03 flow=01 exit=00 screen=22 irq=01E5 last=E4 secfr=0F time=0035 player=01 pxy=16,144 v=00/00 boss=01 bossxy=11,0A bt=00 bbeh=0E bstep=02 stack=6183,606D bytes=3A 41 C0 80 FE 20 D2 D1
start_space_after pc=1810 sp=F36A af=0E10 bc=2008 de=008F hl=4128 banks=01/02/03/03 flow=01 exit=00 screen=22 irq=01F4 last=F3 secfr=3C time=0034 player=01 pxy=16,120 v=00/FD boss=01 bossxy=14,0A bt=00 bbeh=07 bstep=01 stack=18EF,00FF bytes=D3 A0 DB A2 C9 B7 3E 0E
t12_8 pc=1A50 sp=F364 af=FF44 bc=0001 de=FBEF hl=2873 banks=01/02/03/03 flow=01 exit=00 screen=22 irq=0215 last=14 secfr=1B time=0034 player=01 pxy=16,126 v=00/03 boss=01 bossxy=18,0A bt=00 bbeh=57 bstep=01 stack=19DD,6183 bytes=08 06 08 0F 38 1A 23 10
SHOTOK C:/Users/salam/Documents/Programacion/Mideas/server/temp/joc52_long_hang_shots/t12_8_game_start.png
t14 pc=19D0 sp=F366 af=0342 bc=04F3 de=01FF hl=0334 banks=01/02/03/03 flow=01 exit=00 screen=22 irq=025D last=5C secfr=0F time=0033 player=01 pxy=16,144 v=00/00 boss=01 bossxy=18,0A bt=00 bbeh=0F bstep=01 stack=6183,632D bytes=AF CD B6 18 2F E6 01 32
t15 pc=A165 sp=F37C af=0044 bc=0000 de=1B00 hl=DF50 banks=01/02/03/03 flow=01 exit=00 screen=22 irq=0298 last=98 secfr=0F time=0032 player=01 pxy=16,144 v=00/00 boss=01 bossxy=11,0A bt=00 bbeh=3B bstep=01 stack=A08A,A294 bytes=CD C8 4C CD 92 45 CD 95
t16 pc=A165 sp=F37C af=0044 bc=0000 de=1B00 hl=DF50 banks=01/02/03/03 flow=01 exit=00 screen=22 irq=02D4 last=D4 secfr=0F time=0031 player=01 pxy=16,144 v=00/00 boss=01 bossxy=07,0A bt=00 bbeh=13 bstep=01 stack=A08A,A294 bytes=CD C8 4C CD 92 45 CD 95
t17 pc=A165 sp=F37C af=0044 bc=0000 de=1B00 hl=DF50 banks=01/02/03/03 flow=01 exit=00 screen=22 irq=0310 last=10 secfr=0F time=0030 player=01 pxy=16,144 v=00/00 boss=01 bossxy=04,0A bt=00 bbeh=03 bstep=01 stack=A08A,A294 bytes=CD C8 4C CD 92 45 CD 95
t18 pc=A165 sp=F37C af=0044 bc=0000 de=1B00 hl=DF50 banks=01/02/03/03 flow=01 exit=00 screen=22 irq=034C last=4C secfr=0F time=002F player=01 pxy=16,144 v=00/00 boss=01 bossxy=04,0A bt=00 bbeh=42 bstep=01 stack=A08A,A294 bytes=CD C8 4C CD 92 45 CD 95
t19 pc=A165 sp=F37C af=0044 bc=0000 de=1B00 hl=DF50 banks=01/02/03/03 flow=01 exit=00 screen=22 irq=0388 last=88 secfr=0F time=002E player=01 pxy=16,144 v=00/00 boss=01 bossxy=04,0A bt=00 bbeh=06 bstep=01 stack=A08A,A294 bytes=CD C8 4C CD 92 45 CD 95
t20 pc=62F6 sp=F36A af=0B8B bc=0A04 de=6630 hl=663C banks=04/02/03/03 flow=01 exit=00 screen=22 irq=03C4 last=C4 secfr=0F time=002D player=01 pxy=16,144 v=00/00 boss=01 bossxy=12,0A bt=00 bbeh=0C bstep=02 stack=61D1,6183 bytes=3A 46 C0 6F 26 00 29 29
t21 pc=40DC sp=F378 af=0628 bc=0029 de=1B00 hl=DF27 banks=01/02/03/03 flow=01 exit=00 screen=22 irq=0400 last=00 secfr=0F time=002C player=01 pxy=16,144 v=00/00 boss=01 bossxy=18,0A bt=00 bbeh=47 bstep=01 stack=4D31,A198 bytes=D3 98 23 0B 78 B1 20 F7
t22 pc=A189 sp=F37C af=0042 bc=0000 de=0000 hl=E504 banks=01/02/03/03 flow=01 exit=00 screen=22 irq=043C last=3C secfr=0F time=002B player=01 pxy=16,144 v=00/00 boss=01 bossxy=18,0A bt=00 bbeh=0C bstep=01 stack=A08A,A294 bytes=CD DA 4C CD D5 69 CD 95
SHOTOK C:/Users/salam/Documents/Programacion/Mideas/server/temp/joc52_long_hang_shots/t22.png
t23 pc=626F sp=F36A af=1093 bc=1302 de=6730 hl=675A banks=04/02/03/03 flow=01 exit=00 screen=22 irq=0478 last=76 secfr=11 time=002A player=01 pxy=16,144 v=00/00 boss=01 bossxy=10,0A bt=00 bbeh=3A bstep=04 stack=6241,6183 bytes=D2 B7 62 78 47 3A 21 C0
t24 pc=62F6 sp=F36A af=FF44 bc=000A de=C457 hl=C624 banks=04/02/03/03 flow=01 exit=00 screen=22 irq=04B4 last=B2 secfr=11 time=0029 player=01 pxy=16,144 v=00/00 boss=01 bossxy=06,0A bt=00 bbeh=12 bstep=04 stack=624D,6183 bytes=3A 46 C0 6F 26 00 29 29
SHOTOK C:/Users/salam/Documents/Programacion/Mideas/server/temp/joc52_long_hang_shots/t24_near_time40.png
t25 pc=62F6 sp=F376 af=0044 bc=0000 de=0000 hl=E5CB banks=01/02/03/03 flow=01 exit=00 screen=22 irq=04F0 last=F0 secfr=0F time=0028 player=01 pxy=16,144 v=00/00 boss=01 bossxy=04,0A bt=00 bbeh=01 bstep=01 stack=62EA,75E7 bytes=32 EB E5 3A 88 E5 B7 C8
SHOTOK C:/Users/salam/Documents/Programacion/Mideas/server/temp/joc52_long_hang_shots/t25_time40.png
t26 pc=7BF3 sp=F37A af=0088 bc=0F00 de=0000 hl=D99B banks=01/02/03/03 flow=01 exit=00 screen=22 irq=052C last=2B secfr=10 time=0027 player=01 pxy=16,144 v=00/00 boss=01 bossxy=04,0A bt=00 bbeh=40 bstep=01 stack=A16E,A08A bytes=D5 21 BB D9 59 16 00 19
SHOTOK C:/Users/salam/Documents/Programacion/Mideas/server/temp/joc52_long_hang_shots/t26_after_time40.png
t27 pc=4528 sp=F358 af=0044 bc=0100 de=01FF hl=E600 banks=01/02/03/03 flow=01 exit=00 screen=22 irq=0568 last=67 secfr=10 time=0026 player=01 pxy=16,144 v=00/00 boss=01 bossxy=04,0A bt=00 bbeh=04 bstep=01 stack=632D,6183 bytes=B1 28 11 2B 2B C5 E5 4E
t28 pc=A165 sp=F37C af=0044 bc=0000 de=1B00 hl=DF50 banks=01/02/03/03 flow=01 exit=00 screen=22 irq=05A3 last=A1 secfr=12 time=0025 player=01 pxy=16,144 v=00/00 boss=01 bossxy=12,0A bt=00 bbeh=0C bstep=02 stack=A08A,A294 bytes=CD C8 4C CD 92 45 CD 95
t29 pc=A165 sp=F37C af=0044 bc=0000 de=1B00 hl=DF50 banks=01/02/03/03 flow=01 exit=00 screen=22 irq=05DF last=DF secfr=10 time=0024 player=01 pxy=16,144 v=00/00 boss=01 bossxy=18,0A bt=00 bbeh=45 bstep=01 stack=A08A,A294 bytes=CD C8 4C CD 92 45 CD 95
t30 pc=A165 sp=F37C af=0044 bc=0000 de=1B00 hl=DF50 banks=01/02/03/03 flow=01 exit=00 screen=22 irq=061B last=1B secfr=10 time=0023 player=01 pxy=16,144 v=00/00 boss=01 bossxy=18,0A bt=00 bbeh=09 bstep=01 stack=A08A,A294 bytes=CD C8 4C CD 92 45 CD 95
SHOTOK C:/Users/salam/Documents/Programacion/Mideas/server/temp/joc52_long_hang_shots/t30.png
t32 pc=A165 sp=F37C af=0044 bc=0000 de=1B00 hl=DF50 banks=01/02/03/03 flow=01 exit=00 screen=22 irq=0693 last=93 secfr=10 time=0021 player=01 pxy=16,144 v=00/00 boss=01 bossxy=06,0A bt=00 bbeh=0F bstep=01 stack=A08A,A294 bytes=CD C8 4C CD 92 45 CD 95
t34 pc=40DE sp=F378 af=1024 bc=0027 de=1B00 hl=DF29 banks=01/02/03/03 flow=01 exit=00 screen=22 irq=070B last=0B secfr=10 time=001F player=01 pxy=16,144 v=00/00 boss=01 bossxy=04,0A bt=00 bbeh=3C bstep=01 stack=4D31,A198 bytes=23 0B 78 B1 20 F7 FB C9
t36 pc=6221 sp=F36C af=1202 bc=0004 de=1800 hl=19F5 banks=04/02/03/03 flow=01 exit=00 screen=22 irq=0783 last=81 secfr=12 time=001D player=01 pxy=16,144 v=00/00 boss=01 bossxy=13,0A bt=00 bbeh=0A bstep=02 stack=6183,6070 bytes=47 3A 43 C0 80 FE 20 D2
SHOTOK C:/Users/salam/Documents/Programacion/Mideas/server/temp/joc52_long_hang_shots/t36.png
t38 pc=62BF sp=F36E af=FF6A bc=0100 de=0000 hl=E2D2 banks=01/02/03/03 flow=01 exit=00 screen=22 irq=07FB last=FB secfr=10 time=001B player=01 pxy=16,144 v=00/00 boss=01 bossxy=18,0A bt=00 bbeh=06 bstep=01 stack=E58A,0000 bytes=20 14 21 F2 E2 19 7E B7
t40 pc=453C sp=F358 af=0044 bc=0500 de=01FF hl=E5F8 banks=01/02/03/03 flow=01 exit=00 screen=22 irq=0873 last=70 secfr=13 time=0019 player=01 pxy=16,144 v=00/00 boss=01 bossxy=05,0A bt=00 bbeh=0E bstep=04 stack=632D,6183 bytes=10 E5 AF 32 0B E6 FD E1
SHOTOK C:/Users/salam/Documents/Programacion/Mideas/server/temp/joc52_long_hang_shots/t40.png
