HIT n=1 ret=6312 hl=1800 a=00 sp=F352 p=04/02/03 saved=06
DIS 6308 {ld     de,#1800    } 11 00 18
DIS 6309 {nop                } 00
DIS 630A {jr     #6325       } 18 19
DIS 630B {add    hl,de       } 19
DIS 630C {ld     a,(#c044)   } 3A 44 C0
DIS 630D {ld     b,h         } 44
DIS 630E {ret    nz          } C0
DIS 630F {call   #40e6       } CD E6 40
DIS 6310 {and    #40         } E6 40
DIS 6311 {ld     b,b         } 40
DIS 6312 {ret                } C9
DIS 6313 {push   ix          } DD E5
DIS 6314 {push   hl          } E5
DIS 6315 {ld     a,(#c030)   } 3A 30 C0
DIS 6316 {jr     nc,#62d8    } 30 C0
DIS 6317 {ret    nz          } C0
DIS 6318 {or     a           } B7
DIS 6319 {jp     z,#6389     } CA 89 63
DIS 631A {adc    a,c         } 89
DIS 631B {ld     h,e         } 63
DIS 631C {ld     a,(#c032)   } 3A 32 C0
DIS 631D {ld     (#b7c0),a   } 32 C0 B7
DIS 631E {ret    nz          } C0
DIS 631F {or     a           } B7
HIT n=2 ret=6312 hl=1801 a=00 sp=F352 p=04/02/03 saved=06
HIT n=3 ret=6312 hl=1802 a=00 sp=F352 p=04/02/03 saved=06
HIT n=4 ret=6312 hl=1803 a=00 sp=F352 p=04/02/03 saved=06
HIT n=5 ret=6312 hl=1804 a=00 sp=F352 p=04/02/03 saved=06
HIT n=6 ret=6312 hl=1805 a=00 sp=F352 p=04/02/03 saved=06
HIT n=7 ret=6312 hl=1806 a=00 sp=F352 p=04/02/03 saved=06
HIT n=8 ret=6312 hl=1807 a=00 sp=F352 p=04/02/03 saved=06
HIT n=9 ret=6312 hl=1808 a=00 sp=F352 p=04/02/03 saved=06
HIT n=10 ret=6312 hl=1809 a=00 sp=F352 p=04/02/03 saved=06
HIT n=11 ret=6312 hl=180A a=00 sp=F352 p=04/02/03 saved=06
HIT n=12 ret=6312 hl=180B a=00 sp=F352 p=04/02/03 saved=06
HIT n=13 ret=6312 hl=180C a=00 sp=F352 p=04/02/03 saved=06
HIT n=14 ret=6312 hl=180D a=00 sp=F352 p=04/02/03 saved=06
HIT n=15 ret=6312 hl=180E a=00 sp=F352 p=04/02/03 saved=06
HIT n=16 ret=6312 hl=180F a=00 sp=F352 p=04/02/03 saved=06
HIT n=17 ret=6312 hl=1810 a=00 sp=F352 p=04/02/03 saved=06
HIT n=18 ret=6312 hl=1811 a=00 sp=F352 p=04/02/03 saved=06
HIT n=19 ret=6312 hl=1812 a=00 sp=F352 p=04/02/03 saved=06
HIT n=20 ret=6312 hl=1813 a=00 sp=F352 p=04/02/03 saved=06
HIT n=21 ret=6312 hl=1814 a=00 sp=F352 p=04/02/03 saved=06
HIT n=22 ret=6312 hl=1815 a=00 sp=F352 p=04/02/03 saved=06
HIT n=23 ret=6312 hl=1816 a=00 sp=F352 p=04/02/03 saved=06
HIT n=24 ret=6312 hl=1817 a=00 sp=F352 p=04/02/03 saved=06
HIT n=25 ret=6312 hl=1818 a=00 sp=F352 p=04/02/03 saved=06
HIT n=26 ret=6312 hl=1819 a=00 sp=F352 p=04/02/03 saved=06
HIT n=27 ret=6312 hl=181A a=00 sp=F352 p=04/02/03 saved=06
HIT n=28 ret=6312 hl=181B a=00 sp=F352 p=04/02/03 saved=06
HIT n=29 ret=6312 hl=181C a=00 sp=F352 p=04/02/03 saved=06
HIT n=30 ret=6312 hl=181D a=00 sp=F352 p=04/02/03 saved=06
HIT n=31 ret=6312 hl=181E a=00 sp=F352 p=04/02/03 saved=06
HIT n=32 ret=6312 hl=181F a=00 sp=F352 p=04/02/03 saved=06
HIT n=33 ret=6312 hl=1820 a=00 sp=F352 p=04/02/03 saved=06
HIT n=34 ret=6312 hl=1821 a=00 sp=F352 p=04/02/03 saved=06
HIT n=35 ret=6312 hl=1822 a=00 sp=F352 p=04/02/03 saved=06
HIT n=36 ret=6312 hl=1823 a=00 sp=F352 p=04/02/03 saved=06
HIT n=37 ret=6312 hl=1824 a=00 sp=F352 p=04/02/03 saved=06
HIT n=38 ret=6312 hl=1825 a=00 sp=F352 p=04/02/03 saved=06
HIT n=39 ret=6312 hl=1826 a=00 sp=F352 p=04/02/03 saved=06
HIT n=40 ret=6312 hl=1827 a=00 sp=F352 p=04/02/03 saved=06
HIT n=41 ret=6312 hl=1828 a=00 sp=F352 p=04/02/03 saved=06
HIT n=42 ret=6312 hl=1829 a=00 sp=F352 p=04/02/03 saved=06
HIT n=43 ret=6312 hl=182A a=00 sp=F352 p=04/02/03 saved=06
HIT n=44 ret=6312 hl=182B a=00 sp=F352 p=04/02/03 saved=06
HIT n=45 ret=6312 hl=182C a=00 sp=F352 p=04/02/03 saved=06
HIT n=46 ret=6312 hl=182D a=00 sp=F352 p=04/02/03 saved=06
HIT n=47 ret=6312 hl=182E a=00 sp=F352 p=04/02/03 saved=06
HIT n=48 ret=6312 hl=182F a=00 sp=F352 p=04/02/03 saved=06
HIT n=49 ret=6312 hl=1830 a=00 sp=F352 p=04/02/03 saved=06
HIT n=50 ret=6312 hl=1831 a=00 sp=F352 p=04/02/03 saved=06
HIT n=51 ret=6312 hl=1832 a=00 sp=F352 p=04/02/03 saved=06
HIT n=52 ret=6312 hl=1833 a=00 sp=F352 p=04/02/03 saved=06
HIT n=53 ret=6312 hl=1834 a=00 sp=F352 p=04/02/03 saved=06
HIT n=54 ret=6312 hl=1835 a=00 sp=F352 p=04/02/03 saved=06
HIT n=55 ret=6312 hl=1836 a=00 sp=F352 p=04/02/03 saved=06
HIT n=56 ret=6312 hl=1837 a=00 sp=F352 p=04/02/03 saved=06
HIT n=57 ret=6312 hl=1838 a=00 sp=F352 p=04/02/03 saved=06
HIT n=58 ret=6312 hl=1839 a=00 sp=F352 p=04/02/03 saved=06
HIT n=59 ret=6312 hl=183A a=00 sp=F352 p=04/02/03 saved=06
HIT n=60 ret=6312 hl=183B a=00 sp=F352 p=04/02/03 saved=06
HIT n=61 ret=6312 hl=183C a=00 sp=F352 p=04/02/03 saved=06
HIT n=62 ret=6312 hl=183D a=00 sp=F352 p=04/02/03 saved=06
HIT n=63 ret=6312 hl=183E a=00 sp=F352 p=04/02/03 saved=06
HIT n=64 ret=6312 hl=183F a=00 sp=F352 p=04/02/03 saved=06
HIT n=65 ret=6312 hl=1840 a=00 sp=F352 p=04/02/03 saved=06
HIT n=66 ret=6312 hl=1841 a=00 sp=F352 p=04/02/03 saved=06
HIT n=67 ret=6312 hl=1842 a=00 sp=F352 p=04/02/03 saved=06
HIT n=68 ret=6312 hl=1843 a=00 sp=F352 p=04/02/03 saved=06
HIT n=69 ret=6312 hl=1844 a=00 sp=F352 p=04/02/03 saved=06
HIT n=70 ret=6312 hl=1845 a=00 sp=F352 p=04/02/03 saved=06
HIT n=71 ret=6312 hl=1846 a=00 sp=F352 p=04/02/03 saved=06
HIT n=72 ret=6312 hl=1847 a=00 sp=F352 p=04/02/03 saved=06
HIT n=73 ret=6312 hl=1848 a=00 sp=F352 p=04/02/03 saved=06
HIT n=74 ret=6312 hl=1849 a=00 sp=F352 p=04/02/03 saved=06
HIT n=75 ret=6312 hl=184A a=00 sp=F352 p=04/02/03 saved=06
HIT n=76 ret=6312 hl=184B a=00 sp=F352 p=04/02/03 saved=06
HIT n=77 ret=6312 hl=184C a=00 sp=F352 p=04/02/03 saved=06
HIT n=78 ret=6312 hl=184D a=00 sp=F352 p=04/02/03 saved=06
HIT n=79 ret=6312 hl=184E a=00 sp=F352 p=04/02/03 saved=06
HIT n=80 ret=6312 hl=184F a=00 sp=F352 p=04/02/03 saved=06
HIT n=81 ret=6312 hl=1850 a=00 sp=F352 p=04/02/03 saved=06
HIT n=82 ret=6312 hl=1851 a=00 sp=F352 p=04/02/03 saved=06
HIT n=83 ret=6312 hl=1852 a=00 sp=F352 p=04/02/03 saved=06
HIT n=84 ret=6312 hl=1853 a=00 sp=F352 p=04/02/03 saved=06
HIT n=85 ret=6312 hl=1854 a=00 sp=F352 p=04/02/03 saved=06
HIT n=86 ret=6312 hl=1855 a=00 sp=F352 p=04/02/03 saved=06
HIT n=87 ret=6312 hl=1856 a=00 sp=F352 p=04/02/03 saved=06
HIT n=88 ret=6312 hl=1857 a=00 sp=F352 p=04/02/03 saved=06
HIT n=89 ret=6312 hl=1858 a=00 sp=F352 p=04/02/03 saved=06
HIT n=90 ret=6312 hl=1859 a=00 sp=F352 p=04/02/03 saved=06
HIT n=91 ret=6312 hl=185A a=00 sp=F352 p=04/02/03 saved=06
HIT n=92 ret=6312 hl=185B a=00 sp=F352 p=04/02/03 saved=06
HIT n=93 ret=6312 hl=185C a=00 sp=F352 p=04/02/03 saved=06
HIT n=94 ret=6312 hl=185D a=00 sp=F352 p=04/02/03 saved=06
HIT n=95 ret=6312 hl=185E a=00 sp=F352 p=04/02/03 saved=06
HIT n=96 ret=6312 hl=185F a=00 sp=F352 p=04/02/03 saved=06
HIT n=97 ret=6312 hl=1860 a=00 sp=F352 p=04/02/03 saved=06
HIT n=98 ret=6312 hl=1861 a=00 sp=F352 p=04/02/03 saved=06
HIT n=99 ret=6312 hl=1862 a=00 sp=F352 p=04/02/03 saved=06
HIT n=100 ret=6312 hl=1863 a=00 sp=F352 p=04/02/03 saved=06
HIT n=101 ret=6312 hl=1864 a=00 sp=F352 p=04/02/03 saved=06
HIT n=102 ret=6312 hl=1865 a=00 sp=F352 p=04/02/03 saved=06
HIT n=103 ret=6312 hl=1866 a=00 sp=F352 p=04/02/03 saved=06
HIT n=104 ret=6312 hl=1867 a=00 sp=F352 p=04/02/03 saved=06
HIT n=105 ret=6312 hl=1868 a=00 sp=F352 p=04/02/03 saved=06
HIT n=106 ret=6312 hl=1869 a=00 sp=F352 p=04/02/03 saved=06
HIT n=107 ret=6312 hl=186A a=00 sp=F352 p=04/02/03 saved=06
HIT n=108 ret=6312 hl=186B a=00 sp=F352 p=04/02/03 saved=06
HIT n=109 ret=6312 hl=186C a=00 sp=F352 p=04/02/03 saved=06
HIT n=110 ret=6312 hl=186D a=00 sp=F352 p=04/02/03 saved=06
HIT n=111 ret=6312 hl=186E a=00 sp=F352 p=04/02/03 saved=06
HIT n=112 ret=6312 hl=186F a=00 sp=F352 p=04/02/03 saved=06
HIT n=113 ret=6312 hl=1870 a=00 sp=F352 p=04/02/03 saved=06
HIT n=114 ret=6312 hl=1871 a=00 sp=F352 p=04/02/03 saved=06
HIT n=115 ret=6312 hl=1872 a=00 sp=F352 p=04/02/03 saved=06
HIT n=116 ret=6312 hl=1873 a=00 sp=F352 p=04/02/03 saved=06
HIT n=117 ret=6312 hl=1874 a=00 sp=F352 p=04/02/03 saved=06
HIT n=118 ret=6312 hl=1875 a=00 sp=F352 p=04/02/03 saved=06
HIT n=119 ret=6312 hl=1876 a=00 sp=F352 p=04/02/03 saved=06
HIT n=120 ret=6312 hl=1877 a=00 sp=F352 p=04/02/03 saved=06
HIT n=121 ret=6312 hl=1878 a=00 sp=F352 p=04/02/03 saved=06
HIT n=122 ret=6312 hl=1879 a=00 sp=F352 p=04/02/03 saved=06
HIT n=123 ret=6312 hl=187A a=00 sp=F352 p=04/02/03 saved=06
HIT n=124 ret=6312 hl=187B a=00 sp=F352 p=04/02/03 saved=06
HIT n=125 ret=6312 hl=187C a=00 sp=F352 p=04/02/03 saved=06
HIT n=126 ret=6312 hl=187D a=00 sp=F352 p=04/02/03 saved=06
HIT n=127 ret=6312 hl=187E a=00 sp=F352 p=04/02/03 saved=06
HIT n=128 ret=6312 hl=187F a=00 sp=F352 p=04/02/03 saved=06
HIT n=129 ret=6312 hl=1880 a=00 sp=F352 p=04/02/03 saved=06
HIT n=130 ret=6312 hl=1881 a=00 sp=F352 p=04/02/03 saved=06
HIT n=131 ret=6312 hl=1882 a=00 sp=F352 p=04/02/03 saved=06
HIT n=132 ret=6312 hl=1883 a=00 sp=F352 p=04/02/03 saved=06
HIT n=133 ret=6312 hl=1884 a=00 sp=F352 p=04/02/03 saved=06
HIT n=134 ret=6312 hl=1885 a=00 sp=F352 p=04/02/03 saved=06
HIT n=135 ret=6312 hl=1886 a=00 sp=F352 p=04/02/03 saved=06
HIT n=136 ret=6312 hl=1887 a=00 sp=F352 p=04/02/03 saved=06
HIT n=137 ret=6312 hl=1888 a=00 sp=F352 p=04/02/03 saved=06
HIT n=138 ret=6312 hl=1889 a=00 sp=F352 p=04/02/03 saved=06
HIT n=139 ret=6312 hl=188A a=00 sp=F352 p=04/02/03 saved=06
HIT n=140 ret=6312 hl=188B a=00 sp=F352 p=04/02/03 saved=06
HIT n=141 ret=6312 hl=188C a=00 sp=F352 p=04/02/03 saved=06
HIT n=142 ret=6312 hl=188D a=00 sp=F352 p=04/02/03 saved=06
HIT n=143 ret=6312 hl=188E a=00 sp=F352 p=04/02/03 saved=06
HIT n=144 ret=6312 hl=188F a=00 sp=F352 p=04/02/03 saved=06
HIT n=145 ret=6312 hl=1890 a=00 sp=F352 p=04/02/03 saved=06
HIT n=146 ret=6312 hl=1891 a=00 sp=F352 p=04/02/03 saved=06
HIT n=147 ret=6312 hl=1892 a=00 sp=F352 p=04/02/03 saved=06
HIT n=148 ret=6312 hl=1893 a=00 sp=F352 p=04/02/03 saved=06
HIT n=149 ret=6312 hl=1894 a=00 sp=F352 p=04/02/03 saved=06
HIT n=150 ret=6312 hl=1895 a=00 sp=F352 p=04/02/03 saved=06
HIT n=151 ret=6312 hl=1896 a=00 sp=F352 p=04/02/03 saved=06
HIT n=152 ret=6312 hl=1897 a=00 sp=F352 p=04/02/03 saved=06
HIT n=153 ret=6312 hl=1898 a=00 sp=F352 p=04/02/03 saved=06
HIT n=154 ret=6312 hl=1899 a=00 sp=F352 p=04/02/03 saved=06
HIT n=155 ret=6312 hl=189A a=00 sp=F352 p=04/02/03 saved=06
HIT n=156 ret=6312 hl=189B a=00 sp=F352 p=04/02/03 saved=06
HIT n=157 ret=6312 hl=189C a=00 sp=F352 p=04/02/03 saved=06
HIT n=158 ret=6312 hl=189D a=00 sp=F352 p=04/02/03 saved=06
HIT n=159 ret=6312 hl=189E a=00 sp=F352 p=04/02/03 saved=06
HIT n=160 ret=6312 hl=189F a=00 sp=F352 p=04/02/03 saved=06
HIT n=161 ret=6312 hl=18A0 a=00 sp=F352 p=04/02/03 saved=06
HIT n=162 ret=6312 hl=18A1 a=00 sp=F352 p=04/02/03 saved=06
HIT n=163 ret=6312 hl=18A2 a=00 sp=F352 p=04/02/03 saved=06
HIT n=164 ret=6312 hl=18A3 a=00 sp=F352 p=04/02/03 saved=06
HIT n=165 ret=6312 hl=18A4 a=00 sp=F352 p=04/02/03 saved=06
HIT n=166 ret=6312 hl=18A5 a=00 sp=F352 p=04/02/03 saved=06
HIT n=167 ret=6312 hl=18A6 a=00 sp=F352 p=04/02/03 saved=06
HIT n=168 ret=6312 hl=18A7 a=00 sp=F352 p=04/02/03 saved=06
HIT n=169 ret=6312 hl=18A8 a=01 sp=F352 p=04/02/03 saved=06
HIT n=170 ret=6312 hl=18A9 a=00 sp=F352 p=04/02/03 saved=06
HIT n=171 ret=6312 hl=18AA a=00 sp=F352 p=04/02/03 saved=06
HIT n=172 ret=6312 hl=18AB a=00 sp=F352 p=04/02/03 saved=06
HIT n=173 ret=6312 hl=18AC a=00 sp=F352 p=04/02/03 saved=06
HIT n=174 ret=6312 hl=18AD a=00 sp=F352 p=04/02/03 saved=06
HIT n=175 ret=6312 hl=18AE a=00 sp=F352 p=04/02/03 saved=06
HIT n=176 ret=6312 hl=18AF a=00 sp=F352 p=04/02/03 saved=06
HIT n=177 ret=6312 hl=18B0 a=00 sp=F352 p=04/02/03 saved=06
HIT n=178 ret=6312 hl=18B1 a=00 sp=F352 p=04/02/03 saved=06
HIT n=179 ret=6312 hl=18B2 a=00 sp=F352 p=04/02/03 saved=06
HIT n=180 ret=6312 hl=18B3 a=00 sp=F352 p=04/02/03 saved=06
HIT n=181 ret=6312 hl=18B4 a=00 sp=F352 p=04/02/03 saved=06
HIT n=182 ret=6312 hl=18B5 a=00 sp=F352 p=04/02/03 saved=06
HIT n=183 ret=6312 hl=18B6 a=00 sp=F352 p=04/02/03 saved=06
HIT n=184 ret=6312 hl=18B7 a=00 sp=F352 p=04/02/03 saved=06
HIT n=185 ret=6312 hl=18B8 a=00 sp=F352 p=04/02/03 saved=06
HIT n=186 ret=6312 hl=18B9 a=00 sp=F352 p=04/02/03 saved=06
HIT n=187 ret=6312 hl=18BA a=00 sp=F352 p=04/02/03 saved=06
HIT n=188 ret=6312 hl=18BB a=00 sp=F352 p=04/02/03 saved=06
HIT n=189 ret=6312 hl=18BC a=00 sp=F352 p=04/02/03 saved=06
HIT n=190 ret=6312 hl=18BD a=00 sp=F352 p=04/02/03 saved=06
HIT n=191 ret=6312 hl=18BE a=00 sp=F352 p=04/02/03 saved=06
HIT n=192 ret=6312 hl=18BF a=00 sp=F352 p=04/02/03 saved=06
HIT n=193 ret=6312 hl=18C0 a=00 sp=F352 p=04/02/03 saved=06
HIT n=194 ret=6312 hl=18C1 a=00 sp=F352 p=04/02/03 saved=06
HIT n=195 ret=6312 hl=18C2 a=00 sp=F352 p=04/02/03 saved=06
HIT n=196 ret=6312 hl=18C3 a=00 sp=F352 p=04/02/03 saved=06
HIT n=197 ret=6312 hl=18C4 a=00 sp=F352 p=04/02/03 saved=06
HIT n=198 ret=6312 hl=18C5 a=00 sp=F352 p=04/02/03 saved=06
HIT n=199 ret=6312 hl=18C6 a=00 sp=F352 p=04/02/03 saved=06
HIT n=200 ret=6312 hl=18C7 a=01 sp=F352 p=04/02/03 saved=06
HIT n=201 ret=6312 hl=18C8 a=00 sp=F352 p=04/02/03 saved=06
HIT n=202 ret=6312 hl=18C9 a=00 sp=F352 p=04/02/03 saved=06
HIT n=203 ret=6312 hl=18CA a=00 sp=F352 p=04/02/03 saved=06
HIT n=204 ret=6312 hl=18CB a=00 sp=F352 p=04/02/03 saved=06
HIT n=205 ret=6312 hl=18CC a=00 sp=F352 p=04/02/03 saved=06
HIT n=206 ret=6312 hl=18CD a=00 sp=F352 p=04/02/03 saved=06
HIT n=207 ret=6312 hl=18CE a=00 sp=F352 p=04/02/03 saved=06
HIT n=208 ret=6312 hl=18CF a=00 sp=F352 p=04/02/03 saved=06
HIT n=209 ret=6312 hl=18D0 a=00 sp=F352 p=04/02/03 saved=06
HIT n=210 ret=6312 hl=18D1 a=00 sp=F352 p=04/02/03 saved=06
HIT n=211 ret=6312 hl=18D2 a=00 sp=F352 p=04/02/03 saved=06
HIT n=212 ret=6312 hl=18D3 a=00 sp=F352 p=04/02/03 saved=06
HIT n=213 ret=6312 hl=18D4 a=00 sp=F352 p=04/02/03 saved=06
HIT n=214 ret=6312 hl=18D5 a=00 sp=F352 p=04/02/03 saved=06
HIT n=215 ret=6312 hl=18D6 a=00 sp=F352 p=04/02/03 saved=06
HIT n=216 ret=6312 hl=18D7 a=00 sp=F352 p=04/02/03 saved=06
HIT n=217 ret=6312 hl=18D8 a=00 sp=F352 p=04/02/03 saved=06
HIT n=218 ret=6312 hl=18D9 a=00 sp=F352 p=04/02/03 saved=06
HIT n=219 ret=6312 hl=18DA a=00 sp=F352 p=04/02/03 saved=06
HIT n=220 ret=6312 hl=18DB a=00 sp=F352 p=04/02/03 saved=06
HIT n=221 ret=6312 hl=18DC a=00 sp=F352 p=04/02/03 saved=06
HIT n=222 ret=6312 hl=18DD a=00 sp=F352 p=04/02/03 saved=06
HIT n=223 ret=6312 hl=18DE a=00 sp=F352 p=04/02/03 saved=06
HIT n=224 ret=6312 hl=18DF a=00 sp=F352 p=04/02/03 saved=06
HIT n=225 ret=6312 hl=18E0 a=00 sp=F352 p=04/02/03 saved=06
HIT n=226 ret=6312 hl=18E1 a=00 sp=F352 p=04/02/03 saved=06
HIT n=227 ret=6312 hl=18E2 a=00 sp=F352 p=04/02/03 saved=06
HIT n=228 ret=6312 hl=18E3 a=00 sp=F352 p=04/02/03 saved=06
HIT n=229 ret=6312 hl=18E4 a=00 sp=F352 p=04/02/03 saved=06
HIT n=230 ret=6312 hl=18E5 a=00 sp=F352 p=04/02/03 saved=06
HIT n=231 ret=6312 hl=18E6 a=01 sp=F352 p=04/02/03 saved=06
HIT n=232 ret=6312 hl=18E7 a=00 sp=F352 p=04/02/03 saved=06
HIT n=233 ret=6312 hl=18E8 a=00 sp=F352 p=04/02/03 saved=06
HIT n=234 ret=6312 hl=18E9 a=00 sp=F352 p=04/02/03 saved=06
HIT n=235 ret=6312 hl=18EA a=00 sp=F352 p=04/02/03 saved=06
HIT n=236 ret=6312 hl=18EB a=00 sp=F352 p=04/02/03 saved=06
HIT n=237 ret=6312 hl=18EC a=00 sp=F352 p=04/02/03 saved=06
HIT n=238 ret=6312 hl=18ED a=00 sp=F352 p=04/02/03 saved=06
HIT n=239 ret=6312 hl=18EE a=00 sp=F352 p=04/02/03 saved=06
HIT n=240 ret=6312 hl=18EF a=00 sp=F352 p=04/02/03 saved=06
HIT n=241 ret=6312 hl=18F0 a=00 sp=F352 p=04/02/03 saved=06
HIT n=242 ret=6312 hl=18F1 a=00 sp=F352 p=04/02/03 saved=06
HIT n=243 ret=6312 hl=18F2 a=00 sp=F352 p=04/02/03 saved=06
HIT n=244 ret=6312 hl=18F3 a=00 sp=F352 p=04/02/03 saved=06
HIT n=245 ret=6312 hl=18F4 a=00 sp=F352 p=04/02/03 saved=06
HIT n=246 ret=6312 hl=18F5 a=00 sp=F352 p=04/02/03 saved=06
HIT n=247 ret=6312 hl=18F6 a=00 sp=F352 p=04/02/03 saved=06
HIT n=248 ret=6312 hl=18F7 a=00 sp=F352 p=04/02/03 saved=06
HIT n=249 ret=6312 hl=18F8 a=00 sp=F352 p=04/02/03 saved=06
HIT n=250 ret=6312 hl=18F9 a=00 sp=F352 p=04/02/03 saved=06
HIT n=251 ret=6312 hl=18FA a=00 sp=F352 p=04/02/03 saved=06
HIT n=252 ret=6312 hl=18FB a=00 sp=F352 p=04/02/03 saved=06
HIT n=253 ret=6312 hl=18FC a=00 sp=F352 p=04/02/03 saved=06
HIT n=254 ret=6312 hl=18FD a=00 sp=F352 p=04/02/03 saved=06
HIT n=255 ret=6312 hl=18FE a=00 sp=F352 p=04/02/03 saved=06
HIT n=256 ret=6312 hl=18FF a=00 sp=F352 p=04/02/03 saved=06
HIT n=257 ret=6312 hl=1900 a=00 sp=F352 p=04/02/03 saved=06
HIT n=258 ret=6312 hl=1901 a=00 sp=F352 p=04/02/03 saved=06
HIT n=259 ret=6312 hl=1902 a=00 sp=F352 p=04/02/03 saved=06
HIT n=260 ret=6312 hl=1903 a=00 sp=F352 p=04/02/03 saved=06
HIT n=261 ret=6312 hl=1904 a=00 sp=F352 p=04/02/03 saved=06
HIT n=262 ret=6312 hl=1905 a=01 sp=F352 p=04/02/03 saved=06
HIT n=263 ret=6312 hl=1906 a=00 sp=F352 p=04/02/03 saved=06
HIT n=264 ret=6312 hl=1907 a=00 sp=F352 p=04/02/03 saved=06
HIT n=265 ret=6312 hl=1908 a=00 sp=F352 p=04/02/03 saved=06
HIT n=266 ret=6312 hl=1909 a=00 sp=F352 p=04/02/03 saved=06
HIT n=267 ret=6312 hl=190A a=00 sp=F352 p=04/02/03 saved=06
HIT n=268 ret=6312 hl=190B a=00 sp=F352 p=04/02/03 saved=06
HIT n=269 ret=6312 hl=190C a=00 sp=F352 p=04/02/03 saved=06
HIT n=270 ret=6312 hl=190D a=00 sp=F352 p=04/02/03 saved=06
HIT n=271 ret=6312 hl=190E a=00 sp=F352 p=04/02/03 saved=06
HIT n=272 ret=6312 hl=190F a=00 sp=F352 p=04/02/03 saved=06
HIT n=273 ret=6312 hl=1910 a=00 sp=F352 p=04/02/03 saved=06
HIT n=274 ret=6312 hl=1911 a=00 sp=F352 p=04/02/03 saved=06
HIT n=275 ret=6312 hl=1912 a=00 sp=F352 p=04/02/03 saved=06
HIT n=276 ret=6312 hl=1913 a=00 sp=F352 p=04/02/03 saved=06
HIT n=277 ret=6312 hl=1914 a=00 sp=F352 p=04/02/03 saved=06
HIT n=278 ret=6312 hl=1915 a=00 sp=F352 p=04/02/03 saved=06
HIT n=279 ret=6312 hl=1916 a=00 sp=F352 p=04/02/03 saved=06
HIT n=280 ret=6312 hl=1917 a=00 sp=F352 p=04/02/03 saved=06
HIT n=281 ret=6312 hl=1918 a=00 sp=F352 p=04/02/03 saved=06
HIT n=282 ret=6312 hl=1919 a=00 sp=F352 p=04/02/03 saved=06
HIT n=283 ret=6312 hl=191A a=00 sp=F352 p=04/02/03 saved=06
HIT n=284 ret=6312 hl=191B a=00 sp=F352 p=04/02/03 saved=06
HIT n=285 ret=6312 hl=191C a=00 sp=F352 p=04/02/03 saved=06
HIT n=286 ret=6312 hl=191D a=00 sp=F352 p=04/02/03 saved=06
HIT n=287 ret=6312 hl=191E a=00 sp=F352 p=04/02/03 saved=06
HIT n=288 ret=6312 hl=191F a=00 sp=F352 p=04/02/03 saved=06
HIT n=289 ret=6312 hl=1920 a=00 sp=F352 p=04/02/03 saved=06
HIT n=290 ret=6312 hl=1921 a=00 sp=F352 p=04/02/03 saved=06
HIT n=291 ret=6312 hl=1922 a=00 sp=F352 p=04/02/03 saved=06
HIT n=292 ret=6312 hl=1923 a=00 sp=F352 p=04/02/03 saved=06
HIT n=293 ret=6312 hl=1924 a=01 sp=F352 p=04/02/03 saved=06
HIT n=294 ret=6312 hl=1925 a=00 sp=F352 p=04/02/03 saved=06
HIT n=295 ret=6312 hl=1926 a=00 sp=F352 p=04/02/03 saved=06
HIT n=296 ret=6312 hl=1927 a=00 sp=F352 p=04/02/03 saved=06
HIT n=297 ret=6312 hl=1928 a=00 sp=F352 p=04/02/03 saved=06
HIT n=298 ret=6312 hl=1929 a=00 sp=F352 p=04/02/03 saved=06
HIT n=299 ret=6312 hl=192A a=00 sp=F352 p=04/02/03 saved=06
HIT n=300 ret=6312 hl=192B a=00 sp=F352 p=04/02/03 saved=06
HIT n=301 ret=6312 hl=192C a=00 sp=F352 p=04/02/03 saved=06
HIT n=302 ret=6312 hl=192D a=00 sp=F352 p=04/02/03 saved=06
HIT n=303 ret=6312 hl=192E a=00 sp=F352 p=04/02/03 saved=06
HIT n=304 ret=6312 hl=192F a=00 sp=F352 p=04/02/03 saved=06
HIT n=305 ret=6312 hl=1930 a=00 sp=F352 p=04/02/03 saved=06
HIT n=306 ret=6312 hl=1931 a=00 sp=F352 p=04/02/03 saved=06
HIT n=307 ret=6312 hl=1932 a=00 sp=F352 p=04/02/03 saved=06
HIT n=308 ret=6312 hl=1933 a=00 sp=F352 p=04/02/03 saved=06
HIT n=309 ret=6312 hl=1934 a=00 sp=F352 p=04/02/03 saved=06
HIT n=310 ret=6312 hl=1935 a=00 sp=F352 p=04/02/03 saved=06
HIT n=311 ret=6312 hl=1936 a=00 sp=F352 p=04/02/03 saved=06
HIT n=312 ret=6312 hl=1937 a=00 sp=F352 p=04/02/03 saved=06
HIT n=313 ret=6312 hl=1938 a=00 sp=F352 p=04/02/03 saved=06
HIT n=314 ret=6312 hl=1939 a=00 sp=F352 p=04/02/03 saved=06
HIT n=315 ret=6312 hl=193A a=00 sp=F352 p=04/02/03 saved=06
HIT n=316 ret=6312 hl=193B a=00 sp=F352 p=04/02/03 saved=06
HIT n=317 ret=6312 hl=193C a=00 sp=F352 p=04/02/03 saved=06
HIT n=318 ret=6312 hl=193D a=00 sp=F352 p=04/02/03 saved=06
HIT n=319 ret=6312 hl=193E a=00 sp=F352 p=04/02/03 saved=06
HIT n=320 ret=6312 hl=193F a=00 sp=F352 p=04/02/03 saved=06
HIT n=321 ret=6312 hl=1940 a=00 sp=F352 p=04/02/03 saved=06
HIT n=322 ret=6312 hl=1941 a=00 sp=F352 p=04/02/03 saved=06
HIT n=323 ret=6312 hl=1942 a=00 sp=F352 p=04/02/03 saved=06
HIT n=324 ret=6312 hl=1943 a=01 sp=F352 p=04/02/03 saved=06
HIT n=325 ret=6312 hl=1944 a=00 sp=F352 p=04/02/03 saved=06
HIT n=326 ret=6312 hl=1945 a=00 sp=F352 p=04/02/03 saved=06
HIT n=327 ret=6312 hl=1946 a=00 sp=F352 p=04/02/03 saved=06
HIT n=328 ret=6312 hl=1947 a=00 sp=F352 p=04/02/03 saved=06
HIT n=329 ret=6312 hl=1948 a=00 sp=F352 p=04/02/03 saved=06
HIT n=330 ret=6312 hl=1949 a=00 sp=F352 p=04/02/03 saved=06
HIT n=331 ret=6312 hl=194A a=00 sp=F352 p=04/02/03 saved=06
HIT n=332 ret=6312 hl=194B a=00 sp=F352 p=04/02/03 saved=06
HIT n=333 ret=6312 hl=194C a=00 sp=F352 p=04/02/03 saved=06
HIT n=334 ret=6312 hl=194D a=00 sp=F352 p=04/02/03 saved=06
HIT n=335 ret=6312 hl=194E a=00 sp=F352 p=04/02/03 saved=06
HIT n=336 ret=6312 hl=194F a=00 sp=F352 p=04/02/03 saved=06
HIT n=337 ret=6312 hl=1950 a=00 sp=F352 p=04/02/03 saved=06
HIT n=338 ret=6312 hl=1951 a=00 sp=F352 p=04/02/03 saved=06
HIT n=339 ret=6312 hl=1952 a=00 sp=F352 p=04/02/03 saved=06
HIT n=340 ret=6312 hl=1953 a=00 sp=F352 p=04/02/03 saved=06
HIT n=341 ret=6312 hl=1954 a=00 sp=F352 p=04/02/03 saved=06
HIT n=342 ret=6312 hl=1955 a=00 sp=F352 p=04/02/03 saved=06
HIT n=343 ret=6312 hl=1956 a=00 sp=F352 p=04/02/03 saved=06
HIT n=344 ret=6312 hl=1957 a=00 sp=F352 p=04/02/03 saved=06
HIT n=345 ret=6312 hl=1958 a=00 sp=F352 p=04/02/03 saved=06
HIT n=346 ret=6312 hl=1959 a=00 sp=F352 p=04/02/03 saved=06
HIT n=347 ret=6312 hl=195A a=00 sp=F352 p=04/02/03 saved=06
HIT n=348 ret=6312 hl=195B a=00 sp=F352 p=04/02/03 saved=06
HIT n=349 ret=6312 hl=195C a=00 sp=F352 p=04/02/03 saved=06
HIT n=350 ret=6312 hl=195D a=00 sp=F352 p=04/02/03 saved=06
HIT n=351 ret=6312 hl=195E a=00 sp=F352 p=04/02/03 saved=06
HIT n=352 ret=6312 hl=195F a=00 sp=F352 p=04/02/03 saved=06
HIT n=353 ret=6312 hl=1960 a=00 sp=F352 p=04/02/03 saved=06
HIT n=354 ret=6312 hl=1961 a=00 sp=F352 p=04/02/03 saved=06
HIT n=355 ret=6312 hl=1962 a=01 sp=F352 p=04/02/03 saved=06
HIT n=356 ret=6312 hl=1963 a=00 sp=F352 p=04/02/03 saved=06
HIT n=357 ret=6312 hl=1964 a=00 sp=F352 p=04/02/03 saved=06
HIT n=358 ret=6312 hl=1965 a=00 sp=F352 p=04/02/03 saved=06
HIT n=359 ret=6312 hl=1966 a=00 sp=F352 p=04/02/03 saved=06
HIT n=360 ret=6312 hl=1967 a=00 sp=F352 p=04/02/03 saved=06
HIT n=361 ret=6312 hl=1968 a=00 sp=F352 p=04/02/03 saved=06
HIT n=362 ret=6312 hl=1969 a=00 sp=F352 p=04/02/03 saved=06
HIT n=363 ret=6312 hl=196A a=00 sp=F352 p=04/02/03 saved=06
HIT n=364 ret=6312 hl=196B a=00 sp=F352 p=04/02/03 saved=06
HIT n=365 ret=6312 hl=196C a=00 sp=F352 p=04/02/03 saved=06
HIT n=366 ret=6312 hl=196D a=00 sp=F352 p=04/02/03 saved=06
HIT n=367 ret=6312 hl=196E a=00 sp=F352 p=04/02/03 saved=06
HIT n=368 ret=6312 hl=196F a=00 sp=F352 p=04/02/03 saved=06
HIT n=369 ret=6312 hl=1970 a=00 sp=F352 p=04/02/03 saved=06
HIT n=370 ret=6312 hl=1971 a=00 sp=F352 p=04/02/03 saved=06
HIT n=371 ret=6312 hl=1972 a=00 sp=F352 p=04/02/03 saved=06
HIT n=372 ret=6312 hl=1973 a=00 sp=F352 p=04/02/03 saved=06
HIT n=373 ret=6312 hl=1974 a=00 sp=F352 p=04/02/03 saved=06
HIT n=374 ret=6312 hl=1975 a=00 sp=F352 p=04/02/03 saved=06
HIT n=375 ret=6312 hl=1976 a=00 sp=F352 p=04/02/03 saved=06
HIT n=376 ret=6312 hl=1977 a=00 sp=F352 p=04/02/03 saved=06
HIT n=377 ret=6312 hl=1978 a=00 sp=F352 p=04/02/03 saved=06
HIT n=378 ret=6312 hl=1979 a=00 sp=F352 p=04/02/03 saved=06
HIT n=379 ret=6312 hl=197A a=00 sp=F352 p=04/02/03 saved=06
HIT n=380 ret=6312 hl=197B a=00 sp=F352 p=04/02/03 saved=06
HIT n=381 ret=6312 hl=197C a=00 sp=F352 p=04/02/03 saved=06
HIT n=382 ret=6312 hl=197D a=00 sp=F352 p=04/02/03 saved=06
HIT n=383 ret=6312 hl=197E a=00 sp=F352 p=04/02/03 saved=06
HIT n=384 ret=6312 hl=197F a=00 sp=F352 p=04/02/03 saved=06
HIT n=385 ret=6312 hl=1980 a=00 sp=F352 p=04/02/03 saved=06
HIT n=386 ret=6312 hl=1981 a=01 sp=F352 p=04/02/03 saved=06
HIT n=387 ret=6312 hl=1982 a=00 sp=F352 p=04/02/03 saved=06
HIT n=388 ret=6312 hl=1983 a=00 sp=F352 p=04/02/03 saved=06
HIT n=389 ret=6312 hl=1984 a=00 sp=F352 p=04/02/03 saved=06
HIT n=390 ret=6312 hl=1985 a=00 sp=F352 p=04/02/03 saved=06
HIT n=391 ret=6312 hl=1986 a=00 sp=F352 p=04/02/03 saved=06
HIT n=392 ret=6312 hl=1987 a=00 sp=F352 p=04/02/03 saved=06
HIT n=393 ret=6312 hl=1988 a=00 sp=F352 p=04/02/03 saved=06
HIT n=394 ret=6312 hl=1989 a=00 sp=F352 p=04/02/03 saved=06
HIT n=395 ret=6312 hl=198A a=00 sp=F352 p=04/02/03 saved=06
HIT n=396 ret=6312 hl=198B a=00 sp=F352 p=04/02/03 saved=06
HIT n=397 ret=6312 hl=198C a=00 sp=F352 p=04/02/03 saved=06
HIT n=398 ret=6312 hl=198D a=00 sp=F352 p=04/02/03 saved=06
HIT n=399 ret=6312 hl=198E a=00 sp=F352 p=04/02/03 saved=06
HIT n=400 ret=6312 hl=198F a=00 sp=F352 p=04/02/03 saved=06
HIT n=401 ret=6312 hl=1990 a=00 sp=F352 p=04/02/03 saved=06
HIT n=402 ret=6312 hl=1991 a=00 sp=F352 p=04/02/03 saved=06
HIT n=403 ret=6312 hl=1992 a=00 sp=F352 p=04/02/03 saved=06
HIT n=404 ret=6312 hl=1993 a=00 sp=F352 p=04/02/03 saved=06
HIT n=405 ret=6312 hl=1994 a=00 sp=F352 p=04/02/03 saved=06
HIT n=406 ret=6312 hl=1995 a=00 sp=F352 p=04/02/03 saved=06
HIT n=407 ret=6312 hl=1996 a=00 sp=F352 p=04/02/03 saved=06
HIT n=408 ret=6312 hl=1997 a=00 sp=F352 p=04/02/03 saved=06
HIT n=409 ret=6312 hl=1998 a=00 sp=F352 p=04/02/03 saved=06
HIT n=410 ret=6312 hl=1999 a=00 sp=F352 p=04/02/03 saved=06
HIT n=411 ret=6312 hl=199A a=00 sp=F352 p=04/02/03 saved=06
HIT n=412 ret=6312 hl=199B a=00 sp=F352 p=04/02/03 saved=06
HIT n=413 ret=6312 hl=199C a=00 sp=F352 p=04/02/03 saved=06
HIT n=414 ret=6312 hl=199D a=00 sp=F352 p=04/02/03 saved=06
HIT n=415 ret=6312 hl=199E a=00 sp=F352 p=04/02/03 saved=06
HIT n=416 ret=6312 hl=199F a=00 sp=F352 p=04/02/03 saved=06
HIT n=417 ret=6312 hl=19A0 a=01 sp=F352 p=04/02/03 saved=06
HIT n=418 ret=6312 hl=19A1 a=00 sp=F352 p=04/02/03 saved=06
HIT n=419 ret=6312 hl=19A2 a=00 sp=F352 p=04/02/03 saved=06
HIT n=420 ret=6312 hl=19A3 a=00 sp=F352 p=04/02/03 saved=06
HIT n=421 ret=6312 hl=19A4 a=00 sp=F352 p=04/02/03 saved=06
HIT n=422 ret=6312 hl=19A5 a=00 sp=F352 p=04/02/03 saved=06
HIT n=423 ret=6312 hl=19A6 a=00 sp=F352 p=04/02/03 saved=06
HIT n=424 ret=6312 hl=19A7 a=00 sp=F352 p=04/02/03 saved=06
HIT n=425 ret=6312 hl=19A8 a=00 sp=F352 p=04/02/03 saved=06
HIT n=426 ret=6312 hl=19A9 a=00 sp=F352 p=04/02/03 saved=06
HIT n=427 ret=6312 hl=19AA a=00 sp=F352 p=04/02/03 saved=06
HIT n=428 ret=6312 hl=19AB a=00 sp=F352 p=04/02/03 saved=06
HIT n=429 ret=6312 hl=19AC a=00 sp=F352 p=04/02/03 saved=06
HIT n=430 ret=6312 hl=19AD a=00 sp=F352 p=04/02/03 saved=06
HIT n=431 ret=6312 hl=19AE a=00 sp=F352 p=04/02/03 saved=06
HIT n=432 ret=6312 hl=19AF a=00 sp=F352 p=04/02/03 saved=06
HIT n=433 ret=6312 hl=19B0 a=00 sp=F352 p=04/02/03 saved=06
HIT n=434 ret=6312 hl=19B1 a=00 sp=F352 p=04/02/03 saved=06
HIT n=435 ret=6312 hl=19B2 a=00 sp=F352 p=04/02/03 saved=06
HIT n=436 ret=6312 hl=19B3 a=00 sp=F352 p=04/02/03 saved=06
HIT n=437 ret=6312 hl=19B4 a=00 sp=F352 p=04/02/03 saved=06
HIT n=438 ret=6312 hl=19B5 a=00 sp=F352 p=04/02/03 saved=06
HIT n=439 ret=6312 hl=19B6 a=00 sp=F352 p=04/02/03 saved=06
HIT n=440 ret=6312 hl=19B7 a=00 sp=F352 p=04/02/03 saved=06
HIT n=441 ret=6312 hl=19B8 a=00 sp=F352 p=04/02/03 saved=06
HIT n=442 ret=6312 hl=19B9 a=00 sp=F352 p=04/02/03 saved=06
HIT n=443 ret=6312 hl=19BA a=00 sp=F352 p=04/02/03 saved=06
HIT n=444 ret=6312 hl=19BB a=00 sp=F352 p=04/02/03 saved=06
HIT n=445 ret=6312 hl=19BC a=00 sp=F352 p=04/02/03 saved=06
HIT n=446 ret=6312 hl=19BD a=00 sp=F352 p=04/02/03 saved=06
HIT n=447 ret=6312 hl=19BE a=00 sp=F352 p=04/02/03 saved=06
HIT n=448 ret=6312 hl=19BF a=00 sp=F352 p=04/02/03 saved=06
HIT n=449 ret=6312 hl=19C0 a=00 sp=F352 p=04/02/03 saved=06
HIT n=450 ret=6312 hl=19C1 a=00 sp=F352 p=04/02/03 saved=06
HIT n=451 ret=6312 hl=19C2 a=00 sp=F352 p=04/02/03 saved=06
HIT n=452 ret=6312 hl=19C3 a=00 sp=F352 p=04/02/03 saved=06
HIT n=453 ret=6312 hl=19C4 a=00 sp=F352 p=04/02/03 saved=06
HIT n=454 ret=6312 hl=19C5 a=00 sp=F352 p=04/02/03 saved=06
HIT n=455 ret=6312 hl=19C6 a=00 sp=F352 p=04/02/03 saved=06
HIT n=456 ret=6312 hl=19C7 a=00 sp=F352 p=04/02/03 saved=06
HIT n=457 ret=6312 hl=19C8 a=00 sp=F352 p=04/02/03 saved=06
HIT n=458 ret=6312 hl=19C9 a=00 sp=F352 p=04/02/03 saved=06
HIT n=459 ret=6312 hl=19CA a=00 sp=F352 p=04/02/03 saved=06
HIT n=460 ret=6312 hl=19CB a=00 sp=F352 p=04/02/03 saved=06
HIT n=461 ret=6312 hl=19CC a=00 sp=F352 p=04/02/03 saved=06
HIT n=462 ret=6312 hl=19CD a=00 sp=F352 p=04/02/03 saved=06
HIT n=463 ret=6312 hl=19CE a=00 sp=F352 p=04/02/03 saved=06
HIT n=464 ret=6312 hl=19CF a=00 sp=F352 p=04/02/03 saved=06
HIT n=465 ret=6312 hl=19D0 a=00 sp=F352 p=04/02/03 saved=06
HIT n=466 ret=6312 hl=19D1 a=00 sp=F352 p=04/02/03 saved=06
HIT n=467 ret=6312 hl=19D2 a=00 sp=F352 p=04/02/03 saved=06
HIT n=468 ret=6312 hl=19D3 a=00 sp=F352 p=04/02/03 saved=06
HIT n=469 ret=6312 hl=19D4 a=00 sp=F352 p=04/02/03 saved=06
HIT n=470 ret=6312 hl=19D5 a=00 sp=F352 p=04/02/03 saved=06
HIT n=471 ret=6312 hl=19D6 a=00 sp=F352 p=04/02/03 saved=06
HIT n=472 ret=6312 hl=19D7 a=00 sp=F352 p=04/02/03 saved=06
HIT n=473 ret=6312 hl=19D8 a=00 sp=F352 p=04/02/03 saved=06
HIT n=474 ret=6312 hl=19D9 a=00 sp=F352 p=04/02/03 saved=06
HIT n=475 ret=6312 hl=19DA a=00 sp=F352 p=04/02/03 saved=06
HIT n=476 ret=6312 hl=19DB a=00 sp=F352 p=04/02/03 saved=06
HIT n=477 ret=6312 hl=19DC a=00 sp=F352 p=04/02/03 saved=06
HIT n=478 ret=6312 hl=19DD a=00 sp=F352 p=04/02/03 saved=06
HIT n=479 ret=6312 hl=19DE a=00 sp=F352 p=04/02/03 saved=06
HIT n=480 ret=6312 hl=19DF a=01 sp=F352 p=04/02/03 saved=06
HIT n=481 ret=6312 hl=19E0 a=00 sp=F352 p=04/02/03 saved=06
HIT n=482 ret=6312 hl=19E1 a=00 sp=F352 p=04/02/03 saved=06
HIT n=483 ret=6312 hl=19E2 a=00 sp=F352 p=04/02/03 saved=06
HIT n=484 ret=6312 hl=19E3 a=00 sp=F352 p=04/02/03 saved=06
HIT n=485 ret=6312 hl=19E4 a=00 sp=F352 p=04/02/03 saved=06
HIT n=486 ret=6312 hl=19E5 a=00 sp=F352 p=04/02/03 saved=06
HIT n=487 ret=6312 hl=19E6 a=00 sp=F352 p=04/02/03 saved=06
HIT n=488 ret=6312 hl=19E7 a=00 sp=F352 p=04/02/03 saved=06
HIT n=489 ret=6312 hl=19E8 a=00 sp=F352 p=04/02/03 saved=06
HIT n=490 ret=6312 hl=19E9 a=00 sp=F352 p=04/02/03 saved=06
HIT n=491 ret=6312 hl=19EA a=00 sp=F352 p=04/02/03 saved=06
HIT n=492 ret=6312 hl=19EB a=00 sp=F352 p=04/02/03 saved=06
HIT n=493 ret=6312 hl=19EC a=00 sp=F352 p=04/02/03 saved=06
HIT n=494 ret=6312 hl=19ED a=00 sp=F352 p=04/02/03 saved=06
HIT n=495 ret=6312 hl=19EE a=00 sp=F352 p=04/02/03 saved=06
HIT n=496 ret=6312 hl=19EF a=00 sp=F352 p=04/02/03 saved=06
HIT n=497 ret=6312 hl=19F0 a=00 sp=F352 p=04/02/03 saved=06
HIT n=498 ret=6312 hl=19F1 a=00 sp=F352 p=04/02/03 saved=06
HIT n=499 ret=6312 hl=19F2 a=00 sp=F352 p=04/02/03 saved=06
HIT n=500 ret=6312 hl=19F3 a=00 sp=F352 p=04/02/03 saved=06
HIT n=501 ret=6312 hl=19F4 a=00 sp=F352 p=04/02/03 saved=06
HIT n=502 ret=6312 hl=19F5 a=00 sp=F352 p=04/02/03 saved=06
HIT n=503 ret=6312 hl=19F6 a=00 sp=F352 p=04/02/03 saved=06
HIT n=504 ret=6312 hl=19F7 a=00 sp=F352 p=04/02/03 saved=06
HIT n=505 ret=6312 hl=19F8 a=00 sp=F352 p=04/02/03 saved=06
HIT n=506 ret=6312 hl=19F9 a=00 sp=F352 p=04/02/03 saved=06
HIT n=507 ret=6312 hl=19FA a=00 sp=F352 p=04/02/03 saved=06
HIT n=508 ret=6312 hl=19FB a=00 sp=F352 p=04/02/03 saved=06
HIT n=509 ret=6312 hl=19FC a=00 sp=F352 p=04/02/03 saved=06
HIT n=510 ret=6312 hl=19FD a=00 sp=F352 p=04/02/03 saved=06
HIT n=511 ret=6312 hl=19FE a=01 sp=F352 p=04/02/03 saved=06
HIT n=512 ret=6312 hl=19FF a=00 sp=F352 p=04/02/03 saved=06
HIT n=513 ret=6312 hl=1A00 a=00 sp=F352 p=04/02/03 saved=06
HIT n=514 ret=6312 hl=1A01 a=00 sp=F352 p=04/02/03 saved=06
HIT n=515 ret=6312 hl=1A02 a=00 sp=F352 p=04/02/03 saved=06
HIT n=516 ret=6312 hl=1A03 a=00 sp=F352 p=04/02/03 saved=06
HIT n=517 ret=6312 hl=1A04 a=00 sp=F352 p=04/02/03 saved=06
HIT n=518 ret=6312 hl=1A05 a=00 sp=F352 p=04/02/03 saved=06
HIT n=519 ret=6312 hl=1A06 a=00 sp=F352 p=04/02/03 saved=06
HIT n=520 ret=6312 hl=1A07 a=00 sp=F352 p=04/02/03 saved=06
HIT n=521 ret=6312 hl=1A08 a=00 sp=F352 p=04/02/03 saved=06
HIT n=522 ret=6312 hl=1A09 a=00 sp=F352 p=04/02/03 saved=06
HIT n=523 ret=6312 hl=1A0A a=00 sp=F352 p=04/02/03 saved=06
HIT n=524 ret=6312 hl=1A0B a=00 sp=F352 p=04/02/03 saved=06
HIT n=525 ret=6312 hl=1A0C a=00 sp=F352 p=04/02/03 saved=06
HIT n=526 ret=6312 hl=1A0D a=00 sp=F352 p=04/02/03 saved=06
HIT n=527 ret=6312 hl=1A0E a=00 sp=F352 p=04/02/03 saved=06
HIT n=528 ret=6312 hl=1A0F a=00 sp=F352 p=04/02/03 saved=06
HIT n=529 ret=6312 hl=1A10 a=00 sp=F352 p=04/02/03 saved=06
HIT n=530 ret=6312 hl=1A11 a=00 sp=F352 p=04/02/03 saved=06
HIT n=531 ret=6312 hl=1A12 a=00 sp=F352 p=04/02/03 saved=06
HIT n=532 ret=6312 hl=1A13 a=00 sp=F352 p=04/02/03 saved=06
HIT n=533 ret=6312 hl=1A14 a=00 sp=F352 p=04/02/03 saved=06
HIT n=534 ret=6312 hl=1A15 a=00 sp=F352 p=04/02/03 saved=06
HIT n=535 ret=6312 hl=1A16 a=00 sp=F352 p=04/02/03 saved=06
HIT n=536 ret=6312 hl=1A17 a=00 sp=F352 p=04/02/03 saved=06
HIT n=537 ret=6312 hl=1A18 a=00 sp=F352 p=04/02/03 saved=06
HIT n=538 ret=6312 hl=1A19 a=00 sp=F352 p=04/02/03 saved=06
HIT n=539 ret=6312 hl=1A1A a=00 sp=F352 p=04/02/03 saved=06
HIT n=540 ret=6312 hl=1A1B a=00 sp=F352 p=04/02/03 saved=06
HIT n=541 ret=6312 hl=1A1C a=00 sp=F352 p=04/02/03 saved=06
HIT n=542 ret=6312 hl=1A1D a=01 sp=F352 p=04/02/03 saved=06
HIT n=543 ret=6312 hl=1A1E a=00 sp=F352 p=04/02/03 saved=06
HIT n=544 ret=6312 hl=1A1F a=00 sp=F352 p=04/02/03 saved=06
HIT n=545 ret=6312 hl=1A20 a=00 sp=F352 p=04/02/03 saved=06
HIT n=546 ret=6312 hl=1A21 a=00 sp=F352 p=04/02/03 saved=06
HIT n=547 ret=6312 hl=1A22 a=00 sp=F352 p=04/02/03 saved=06
HIT n=548 ret=6312 hl=1A23 a=00 sp=F352 p=04/02/03 saved=06
HIT n=549 ret=6312 hl=1A24 a=00 sp=F352 p=04/02/03 saved=06
HIT n=550 ret=6312 hl=1A25 a=00 sp=F352 p=04/02/03 saved=06
HIT n=551 ret=6312 hl=1A26 a=00 sp=F352 p=04/02/03 saved=06
HIT n=552 ret=6312 hl=1A27 a=00 sp=F352 p=04/02/03 saved=06
HIT n=553 ret=6312 hl=1A28 a=00 sp=F352 p=04/02/03 saved=06
HIT n=554 ret=6312 hl=1A29 a=00 sp=F352 p=04/02/03 saved=06
HIT n=555 ret=6312 hl=1A2A a=00 sp=F352 p=04/02/03 saved=06
HIT n=556 ret=6312 hl=1A2B a=00 sp=F352 p=04/02/03 saved=06
HIT n=557 ret=6312 hl=1A2C a=00 sp=F352 p=04/02/03 saved=06
HIT n=558 ret=6312 hl=1A2D a=00 sp=F352 p=04/02/03 saved=06
HIT n=559 ret=6312 hl=1A2E a=00 sp=F352 p=04/02/03 saved=06
HIT n=560 ret=6312 hl=1A2F a=00 sp=F352 p=04/02/03 saved=06
HIT n=561 ret=6312 hl=1A30 a=00 sp=F352 p=04/02/03 saved=06
HIT n=562 ret=6312 hl=1A31 a=00 sp=F352 p=04/02/03 saved=06
HIT n=563 ret=6312 hl=1A32 a=00 sp=F352 p=04/02/03 saved=06
HIT n=564 ret=6312 hl=1A33 a=00 sp=F352 p=04/02/03 saved=06
HIT n=565 ret=6312 hl=1A34 a=00 sp=F352 p=04/02/03 saved=06
HIT n=566 ret=6312 hl=1A35 a=00 sp=F352 p=04/02/03 saved=06
HIT n=567 ret=6312 hl=1A36 a=00 sp=F352 p=04/02/03 saved=06
HIT n=568 ret=6312 hl=1A37 a=00 sp=F352 p=04/02/03 saved=06
HIT n=569 ret=6312 hl=1A38 a=00 sp=F352 p=04/02/03 saved=06
HIT n=570 ret=6312 hl=1A39 a=00 sp=F352 p=04/02/03 saved=06
HIT n=571 ret=6312 hl=1A3A a=00 sp=F352 p=04/02/03 saved=06
HIT n=572 ret=6312 hl=1A3B a=00 sp=F352 p=04/02/03 saved=06
HIT n=573 ret=6312 hl=1A3C a=01 sp=F352 p=04/02/03 saved=06
HIT n=574 ret=6312 hl=1A3D a=00 sp=F352 p=04/02/03 saved=06
HIT n=575 ret=6312 hl=1A3E a=00 sp=F352 p=04/02/03 saved=06
HIT n=576 ret=6312 hl=1A3F a=00 sp=F352 p=04/02/03 saved=06
HIT n=577 ret=6312 hl=1A40 a=00 sp=F352 p=04/02/03 saved=06
HIT n=578 ret=6312 hl=1A41 a=00 sp=F352 p=04/02/03 saved=06
HIT n=579 ret=6312 hl=1A42 a=00 sp=F352 p=04/02/03 saved=06
HIT n=580 ret=6312 hl=1A43 a=00 sp=F352 p=04/02/03 saved=06
HIT n=581 ret=6312 hl=1A44 a=00 sp=F352 p=04/02/03 saved=06
HIT n=582 ret=6312 hl=1A45 a=00 sp=F352 p=04/02/03 saved=06
HIT n=583 ret=6312 hl=1A46 a=00 sp=F352 p=04/02/03 saved=06
HIT n=584 ret=6312 hl=1A47 a=00 sp=F352 p=04/02/03 saved=06
HIT n=585 ret=6312 hl=1A48 a=00 sp=F352 p=04/02/03 saved=06
HIT n=586 ret=6312 hl=1A49 a=00 sp=F352 p=04/02/03 saved=06
HIT n=587 ret=6312 hl=1A4A a=00 sp=F352 p=04/02/03 saved=06
HIT n=588 ret=6312 hl=1A4B a=00 sp=F352 p=04/02/03 saved=06
HIT n=589 ret=6312 hl=1A4C a=00 sp=F352 p=04/02/03 saved=06
HIT n=590 ret=6312 hl=1A4D a=00 sp=F352 p=04/02/03 saved=06
HIT n=591 ret=6312 hl=1A4E a=00 sp=F352 p=04/02/03 saved=06
HIT n=592 ret=6312 hl=1A4F a=00 sp=F352 p=04/02/03 saved=06
HIT n=593 ret=6312 hl=1A50 a=00 sp=F352 p=04/02/03 saved=06
HIT n=594 ret=6312 hl=1A51 a=00 sp=F352 p=04/02/03 saved=06
HIT n=595 ret=6312 hl=1A52 a=00 sp=F352 p=04/02/03 saved=06
HIT n=596 ret=6312 hl=1A53 a=00 sp=F352 p=04/02/03 saved=06
HIT n=597 ret=6312 hl=1A54 a=00 sp=F352 p=04/02/03 saved=06
HIT n=598 ret=6312 hl=1A55 a=00 sp=F352 p=04/02/03 saved=06
HIT n=599 ret=6312 hl=1A56 a=00 sp=F352 p=04/02/03 saved=06
HIT n=600 ret=6312 hl=1A57 a=00 sp=F352 p=04/02/03 saved=06
HIT n=601 ret=6312 hl=1A58 a=00 sp=F352 p=04/02/03 saved=06
HIT n=602 ret=6312 hl=1A59 a=00 sp=F352 p=04/02/03 saved=06
HIT n=603 ret=6312 hl=1A5A a=00 sp=F352 p=04/02/03 saved=06
HIT n=604 ret=6312 hl=1A5B a=01 sp=F352 p=04/02/03 saved=06
HIT n=605 ret=6312 hl=1A5C a=00 sp=F352 p=04/02/03 saved=06
HIT n=606 ret=6312 hl=1A5D a=00 sp=F352 p=04/02/03 saved=06
HIT n=607 ret=6312 hl=1A5E a=00 sp=F352 p=04/02/03 saved=06
HIT n=608 ret=6312 hl=1A5F a=00 sp=F352 p=04/02/03 saved=06
HIT n=609 ret=6312 hl=1A60 a=00 sp=F352 p=04/02/03 saved=06
HIT n=610 ret=6312 hl=1A61 a=00 sp=F352 p=04/02/03 saved=06
HIT n=611 ret=6312 hl=1A62 a=00 sp=F352 p=04/02/03 saved=06
HIT n=612 ret=6312 hl=1A63 a=00 sp=F352 p=04/02/03 saved=06
HIT n=613 ret=6312 hl=1A64 a=00 sp=F352 p=04/02/03 saved=06
HIT n=614 ret=6312 hl=1A65 a=00 sp=F352 p=04/02/03 saved=06
HIT n=615 ret=6312 hl=1A66 a=00 sp=F352 p=04/02/03 saved=06
HIT n=616 ret=6312 hl=1A67 a=00 sp=F352 p=04/02/03 saved=06
HIT n=617 ret=6312 hl=1A68 a=00 sp=F352 p=04/02/03 saved=06
HIT n=618 ret=6312 hl=1A69 a=00 sp=F352 p=04/02/03 saved=06
HIT n=619 ret=6312 hl=1A6A a=00 sp=F352 p=04/02/03 saved=06
HIT n=620 ret=6312 hl=1A6B a=00 sp=F352 p=04/02/03 saved=06
HIT n=621 ret=6312 hl=1A6C a=00 sp=F352 p=04/02/03 saved=06
HIT n=622 ret=6312 hl=1A6D a=00 sp=F352 p=04/02/03 saved=06
HIT n=623 ret=6312 hl=1A6E a=00 sp=F352 p=04/02/03 saved=06
HIT n=624 ret=6312 hl=1A6F a=00 sp=F352 p=04/02/03 saved=06
HIT n=625 ret=6312 hl=1A70 a=00 sp=F352 p=04/02/03 saved=06
HIT n=626 ret=6312 hl=1A71 a=00 sp=F352 p=04/02/03 saved=06
HIT n=627 ret=6312 hl=1A72 a=00 sp=F352 p=04/02/03 saved=06
HIT n=628 ret=6312 hl=1A73 a=00 sp=F352 p=04/02/03 saved=06
HIT n=629 ret=6312 hl=1A74 a=00 sp=F352 p=04/02/03 saved=06
HIT n=630 ret=6312 hl=1A75 a=00 sp=F352 p=04/02/03 saved=06
HIT n=631 ret=6312 hl=1A76 a=00 sp=F352 p=04/02/03 saved=06
HIT n=632 ret=6312 hl=1A77 a=00 sp=F352 p=04/02/03 saved=06
HIT n=633 ret=6312 hl=1A78 a=00 sp=F352 p=04/02/03 saved=06
HIT n=634 ret=6312 hl=1A79 a=00 sp=F352 p=04/02/03 saved=06
HIT n=635 ret=6312 hl=1A7A a=01 sp=F352 p=04/02/03 saved=06
HIT n=636 ret=6312 hl=1A7B a=00 sp=F352 p=04/02/03 saved=06
HIT n=637 ret=6312 hl=1A7C a=00 sp=F352 p=04/02/03 saved=06
HIT n=638 ret=6312 hl=1A7D a=00 sp=F352 p=04/02/03 saved=06
HIT n=639 ret=6312 hl=1A7E a=00 sp=F352 p=04/02/03 saved=06
HIT n=640 ret=6312 hl=1A7F a=00 sp=F352 p=04/02/03 saved=06
HIT n=641 ret=6312 hl=1A80 a=00 sp=F352 p=04/02/03 saved=06
HIT n=642 ret=6312 hl=1A81 a=00 sp=F352 p=04/02/03 saved=06
HIT n=643 ret=6312 hl=1A82 a=00 sp=F352 p=04/02/03 saved=06
HIT n=644 ret=6312 hl=1A83 a=00 sp=F352 p=04/02/03 saved=06
HIT n=645 ret=6312 hl=1A84 a=00 sp=F352 p=04/02/03 saved=06
HIT n=646 ret=6312 hl=1A85 a=00 sp=F352 p=04/02/03 saved=06
HIT n=647 ret=6312 hl=1A86 a=00 sp=F352 p=04/02/03 saved=06
HIT n=648 ret=6312 hl=1A87 a=00 sp=F352 p=04/02/03 saved=06
HIT n=649 ret=6312 hl=1A88 a=00 sp=F352 p=04/02/03 saved=06
HIT n=650 ret=6312 hl=1A89 a=00 sp=F352 p=04/02/03 saved=06
HIT n=651 ret=6312 hl=1A8A a=00 sp=F352 p=04/02/03 saved=06
HIT n=652 ret=6312 hl=1A8B a=00 sp=F352 p=04/02/03 saved=06
HIT n=653 ret=6312 hl=1A8C a=00 sp=F352 p=04/02/03 saved=06
HIT n=654 ret=6312 hl=1A8D a=00 sp=F352 p=04/02/03 saved=06
HIT n=655 ret=6312 hl=1A8E a=00 sp=F352 p=04/02/03 saved=06
HIT n=656 ret=6312 hl=1A8F a=00 sp=F352 p=04/02/03 saved=06
HIT n=657 ret=6312 hl=1A90 a=00 sp=F352 p=04/02/03 saved=06
HIT n=658 ret=6312 hl=1A91 a=00 sp=F352 p=04/02/03 saved=06
HIT n=659 ret=6312 hl=1A92 a=00 sp=F352 p=04/02/03 saved=06
HIT n=660 ret=6312 hl=1A93 a=00 sp=F352 p=04/02/03 saved=06
HIT n=661 ret=6312 hl=1A94 a=00 sp=F352 p=04/02/03 saved=06
HIT n=662 ret=6312 hl=1A95 a=00 sp=F352 p=04/02/03 saved=06
HIT n=663 ret=6312 hl=1A96 a=00 sp=F352 p=04/02/03 saved=06
HIT n=664 ret=6312 hl=1A97 a=00 sp=F352 p=04/02/03 saved=06
HIT n=665 ret=6312 hl=1A98 a=00 sp=F352 p=04/02/03 saved=06
HIT n=666 ret=6312 hl=1A99 a=01 sp=F352 p=04/02/03 saved=06
HIT n=667 ret=6312 hl=1A9A a=01 sp=F352 p=04/02/03 saved=06
HIT n=668 ret=6312 hl=1A9B a=01 sp=F352 p=04/02/03 saved=06
HIT n=669 ret=6312 hl=1A9C a=01 sp=F352 p=04/02/03 saved=06
HIT n=670 ret=6312 hl=1A9D a=01 sp=F352 p=04/02/03 saved=06
HIT n=671 ret=6312 hl=1A9E a=01 sp=F352 p=04/02/03 saved=06
HIT n=672 ret=6312 hl=1A9F a=01 sp=F352 p=04/02/03 saved=06
HIT n=673 ret=6312 hl=1AA0 a=01 sp=F352 p=04/02/03 saved=06
HIT n=674 ret=6312 hl=1AA1 a=01 sp=F352 p=04/02/03 saved=06
HIT n=675 ret=6312 hl=1AA2 a=01 sp=F352 p=04/02/03 saved=06
HIT n=676 ret=6312 hl=1AA3 a=01 sp=F352 p=04/02/03 saved=06
HIT n=677 ret=6312 hl=1AA4 a=01 sp=F352 p=04/02/03 saved=06
HIT n=678 ret=6312 hl=1AA5 a=01 sp=F352 p=04/02/03 saved=06
HIT n=679 ret=6312 hl=1AA6 a=01 sp=F352 p=04/02/03 saved=06
HIT n=680 ret=6312 hl=1AA7 a=01 sp=F352 p=04/02/03 saved=06
HIT n=681 ret=6312 hl=1AA8 a=01 sp=F352 p=04/02/03 saved=06
HIT n=682 ret=6312 hl=1AA9 a=01 sp=F352 p=04/02/03 saved=06
HIT n=683 ret=6312 hl=1AAA a=01 sp=F352 p=04/02/03 saved=06
HIT n=684 ret=6312 hl=1AAB a=01 sp=F352 p=04/02/03 saved=06
HIT n=685 ret=6312 hl=1AAC a=01 sp=F352 p=04/02/03 saved=06
HIT n=686 ret=6312 hl=1AAD a=01 sp=F352 p=04/02/03 saved=06
HIT n=687 ret=6312 hl=1AAE a=01 sp=F352 p=04/02/03 saved=06
HIT n=688 ret=6312 hl=1AAF a=01 sp=F352 p=04/02/03 saved=06
HIT n=689 ret=6312 hl=1AB0 a=01 sp=F352 p=04/02/03 saved=06
HIT n=690 ret=6312 hl=1AB1 a=01 sp=F352 p=04/02/03 saved=06
HIT n=691 ret=6312 hl=1AB2 a=01 sp=F352 p=04/02/03 saved=06
HIT n=692 ret=6312 hl=1AB3 a=01 sp=F352 p=04/02/03 saved=06
HIT n=693 ret=6312 hl=1AB4 a=01 sp=F352 p=04/02/03 saved=06
HIT n=694 ret=6312 hl=1AB5 a=01 sp=F352 p=04/02/03 saved=06
HIT n=695 ret=6312 hl=1AB6 a=01 sp=F352 p=04/02/03 saved=06
HIT n=696 ret=6312 hl=1AB7 a=01 sp=F352 p=04/02/03 saved=06
HIT n=697 ret=6312 hl=1AB8 a=01 sp=F352 p=04/02/03 saved=06
HIT n=698 ret=6312 hl=1AB9 a=01 sp=F352 p=04/02/03 saved=06
HIT n=699 ret=6312 hl=1ABA a=01 sp=F352 p=04/02/03 saved=06
HIT n=700 ret=6312 hl=1ABB a=01 sp=F352 p=04/02/03 saved=06
HIT n=701 ret=6312 hl=1ABC a=01 sp=F352 p=04/02/03 saved=06
HIT n=702 ret=6312 hl=1ABD a=01 sp=F352 p=04/02/03 saved=06
HIT n=703 ret=6312 hl=1ABE a=01 sp=F352 p=04/02/03 saved=06
HIT n=704 ret=6312 hl=1ABF a=01 sp=F352 p=04/02/03 saved=06
HIT n=705 ret=6312 hl=1AC0 a=01 sp=F352 p=04/02/03 saved=06
HIT n=706 ret=6312 hl=1AC1 a=01 sp=F352 p=04/02/03 saved=06
HIT n=707 ret=6312 hl=1AC2 a=01 sp=F352 p=04/02/03 saved=06
HIT n=708 ret=6312 hl=1AC3 a=01 sp=F352 p=04/02/03 saved=06
HIT n=709 ret=6312 hl=1AC4 a=01 sp=F352 p=04/02/03 saved=06
HIT n=710 ret=6312 hl=1AC5 a=01 sp=F352 p=04/02/03 saved=06
HIT n=711 ret=6312 hl=1AC6 a=01 sp=F352 p=04/02/03 saved=06
HIT n=712 ret=6312 hl=1AC7 a=01 sp=F352 p=04/02/03 saved=06
HIT n=713 ret=6312 hl=1AC8 a=01 sp=F352 p=04/02/03 saved=06
HIT n=714 ret=6312 hl=1AC9 a=01 sp=F352 p=04/02/03 saved=06
HIT n=715 ret=6312 hl=1ACA a=01 sp=F352 p=04/02/03 saved=06
HIT n=716 ret=6312 hl=1ACB a=01 sp=F352 p=04/02/03 saved=06
HIT n=717 ret=6312 hl=1ACC a=01 sp=F352 p=04/02/03 saved=06
HIT n=718 ret=6312 hl=1ACD a=01 sp=F352 p=04/02/03 saved=06
HIT n=719 ret=6312 hl=1ACE a=01 sp=F352 p=04/02/03 saved=06
HIT n=720 ret=6312 hl=1ACF a=01 sp=F352 p=04/02/03 saved=06
HIT n=721 ret=6312 hl=1AD0 a=01 sp=F352 p=04/02/03 saved=06
HIT n=722 ret=6312 hl=1AD1 a=01 sp=F352 p=04/02/03 saved=06
HIT n=723 ret=6312 hl=1AD2 a=01 sp=F352 p=04/02/03 saved=06
HIT n=724 ret=6312 hl=1AD3 a=01 sp=F352 p=04/02/03 saved=06
HIT n=725 ret=6312 hl=1AD4 a=01 sp=F352 p=04/02/03 saved=06
HIT n=726 ret=6312 hl=1AD5 a=01 sp=F352 p=04/02/03 saved=06
HIT n=727 ret=6312 hl=1AD6 a=01 sp=F352 p=04/02/03 saved=06
HIT n=728 ret=6312 hl=1AD7 a=01 sp=F352 p=04/02/03 saved=06
HIT n=729 ret=6312 hl=1AD8 a=01 sp=F352 p=04/02/03 saved=06
HIT n=730 ret=6312 hl=1AD9 a=01 sp=F352 p=04/02/03 saved=06
HIT n=731 ret=6312 hl=1ADA a=01 sp=F352 p=04/02/03 saved=06
HIT n=732 ret=6312 hl=1ADB a=01 sp=F352 p=04/02/03 saved=06
HIT n=733 ret=6312 hl=1ADC a=01 sp=F352 p=04/02/03 saved=06
HIT n=734 ret=6312 hl=1ADD a=01 sp=F352 p=04/02/03 saved=06
HIT n=735 ret=6312 hl=1ADE a=01 sp=F352 p=04/02/03 saved=06
HIT n=736 ret=6312 hl=1ADF a=01 sp=F352 p=04/02/03 saved=06
HIT n=737 ret=6312 hl=1AE0 a=01 sp=F352 p=04/02/03 saved=06
HIT n=738 ret=6312 hl=1AE1 a=01 sp=F352 p=04/02/03 saved=06
HIT n=739 ret=6312 hl=1AE2 a=01 sp=F352 p=04/02/03 saved=06
HIT n=740 ret=6312 hl=1AE3 a=01 sp=F352 p=04/02/03 saved=06
HIT n=741 ret=6312 hl=1AE4 a=01 sp=F352 p=04/02/03 saved=06
HIT n=742 ret=6312 hl=1AE5 a=01 sp=F352 p=04/02/03 saved=06
HIT n=743 ret=6312 hl=1AE6 a=01 sp=F352 p=04/02/03 saved=06
HIT n=744 ret=6312 hl=1AE7 a=01 sp=F352 p=04/02/03 saved=06
HIT n=745 ret=6312 hl=1AE8 a=01 sp=F352 p=04/02/03 saved=06
HIT n=746 ret=6312 hl=1AE9 a=01 sp=F352 p=04/02/03 saved=06
HIT n=747 ret=6312 hl=1AEA a=01 sp=F352 p=04/02/03 saved=06
HIT n=748 ret=6312 hl=1AEB a=01 sp=F352 p=04/02/03 saved=06
HIT n=749 ret=6312 hl=1AEC a=01 sp=F352 p=04/02/03 saved=06
HIT n=750 ret=6312 hl=1AED a=01 sp=F352 p=04/02/03 saved=06
HIT n=751 ret=6312 hl=1AEE a=01 sp=F352 p=04/02/03 saved=06
HIT n=752 ret=6312 hl=1AEF a=01 sp=F352 p=04/02/03 saved=06
HIT n=753 ret=6312 hl=1AF0 a=01 sp=F352 p=04/02/03 saved=06
HIT n=754 ret=6312 hl=1AF1 a=01 sp=F352 p=04/02/03 saved=06
HIT n=755 ret=6312 hl=1AF2 a=01 sp=F352 p=04/02/03 saved=06
HIT n=756 ret=6312 hl=1AF3 a=01 sp=F352 p=04/02/03 saved=06
HIT n=757 ret=6312 hl=1AF4 a=01 sp=F352 p=04/02/03 saved=06
HIT n=758 ret=6312 hl=1AF5 a=01 sp=F352 p=04/02/03 saved=06
HIT n=759 ret=6312 hl=1AF6 a=01 sp=F352 p=04/02/03 saved=06
HIT n=760 ret=6312 hl=1AF7 a=01 sp=F352 p=04/02/03 saved=06
HIT n=761 ret=6312 hl=1AF8 a=01 sp=F352 p=04/02/03 saved=06
HIT n=762 ret=6312 hl=1AF9 a=01 sp=F352 p=04/02/03 saved=06
HIT n=763 ret=6312 hl=1AFA a=01 sp=F352 p=04/02/03 saved=06
HIT n=764 ret=6312 hl=1AFB a=01 sp=F352 p=04/02/03 saved=06
HIT n=765 ret=6312 hl=1AFC a=01 sp=F352 p=04/02/03 saved=06
HIT n=766 ret=6312 hl=1AFD a=01 sp=F352 p=04/02/03 saved=06
HIT n=767 ret=6312 hl=1AFE a=01 sp=F352 p=04/02/03 saved=06
HIT n=768 ret=6312 hl=1AFF a=01 sp=F352 p=04/02/03 saved=06
done hits=768 p=01/02/03 saved=01
