DIS 62A0 {nop                } 00
DIS 62A1 {nop                } 00
DIS 62A2 {nop                } 00
DIS 62A3 {nop                } 00
DIS 62A4 {nop                } 00
DIS 62A5 {nop                } 00
DIS 62A6 {nop                } 00
DIS 62A7 {nop                } 00
DIS 62A8 {nop                } 00
DIS 62A9 {nop                } 00
DIS 62AA {nop                } 00
DIS 62AB {nop                } 00
DIS 62AC {nop                } 00
DIS 62AD {nop                } 00
DIS 62AE {nop                } 00
DIS 62AF {nop                } 00
DIS 62B0 {nop                } 00
DIS 62B1 {nop                } 00
DIS 62B2 {nop                } 00
DIS 62B3 {nop                } 00
DIS 62B4 {nop                } 00
DIS 62B5 {nop                } 00
DIS 62B6 {nop                } 00
DIS 62B7 {nop                } 00
DIS 62B8 {nop                } 00
DIS 62B9 {nop                } 00
DIS 62BA {nop                } 00
DIS 62BB {nop                } 00
DIS 62BC {nop                } 00
DIS 62BD {nop                } 00
DIS 62BE {nop                } 00
DIS 62BF {nop                } 00
DIS 62C0 {nop                } 00
DIS 62C1 {nop                } 00
DIS 62C2 {nop                } 00
DIS 62C3 {nop                } 00
DIS 62C4 {nop                } 00
DIS 62C5 {nop                } 00
DIS 62C6 {nop                } 00
DIS 62C7 {nop                } 00
DIS 62C8 {nop                } 00
DIS 62C9 {nop                } 00
DIS 62CA {nop                } 00
DIS 62CB {nop                } 00
DIS 62CC {nop                } 00
DIS 62CD {nop                } 00
DIS 62CE {nop                } 00
DIS 62CF {nop                } 00
DIS 62D0 {nop                } 00
DIS 62D1 {nop                } 00
DIS 62D2 {nop                } 00
DIS 62D3 {nop                } 00
DIS 62D4 {nop                } 00
DIS 62D5 {nop                } 00
DIS 62D6 {nop                } 00
DIS 62D7 {nop                } 00
DIS 62D8 {nop                } 00
DIS 62D9 {nop                } 00
DIS 62DA {nop                } 00
DIS 62DB {nop                } 00
DIS 62DC {nop                } 00
DIS 62DD {nop                } 00
DIS 62DE {nop                } 00
DIS 62DF {nop                } 00
