BP_4010 pc=4010 sp=F2EC bank=00/00/00/04 flow=00 screen=33 irq=0000 inirq=00
VRAM_LOAD id=20 de=0400 pc=4574 sp=F36C bank=0E/02/03/03 flow=00 screen=00 irq=0000 inirq=00
VRAM_LOAD id=20 de=0C00 pc=4574 sp=F36C bank=0E/02/03/03 flow=00 screen=00 irq=0001 inirq=00
VRAM_LOAD id=20 de=1400 pc=4574 sp=F36C bank=0E/02/03/03 flow=00 screen=00 irq=0001 inirq=00
VRAM_LOAD id=23 de=2400 pc=4574 sp=F36C bank=0F/02/03/03 flow=00 screen=00 irq=0002 inirq=00
VRAM_LOAD id=23 de=2C00 pc=4574 sp=F36C bank=0F/02/03/03 flow=00 screen=00 irq=0002 inirq=00
VRAM_LOAD id=23 de=3400 pc=4574 sp=F36C bank=0F/02/03/03 flow=00 screen=00 irq=0002 inirq=00
VRAM_LOAD id=00 de=3800 pc=4574 sp=F36A bank=08/02/03/03 flow=00 screen=00 irq=0007 inirq=00
VRAM_LOAD id=01 de=3820 pc=4574 sp=F36A bank=08/02/03/03 flow=00 screen=00 irq=0007 inirq=00
VRAM_LOAD id=02 de=3840 pc=4574 sp=F36A bank=08/02/03/03 flow=00 screen=00 irq=0007 inirq=00
VRAM_LOAD id=03 de=3860 pc=4574 sp=F36A bank=08/02/03/03 flow=00 screen=00 irq=0008 inirq=00
VRAM_LOAD id=1F de=3880 pc=4574 sp=F36A bank=08/02/03/03 flow=00 screen=00 irq=0008 inirq=00
VRAM_LOAD id=0D de=38A0 pc=4574 sp=F36A bank=08/02/03/03 flow=00 screen=00 irq=0008 inirq=00
VRAM_LOAD id=0E de=38C0 pc=4574 sp=F36A bank=08/02/03/03 flow=00 screen=00 irq=0008 inirq=00
VRAM_LOAD id=0F de=38E0 pc=4574 sp=F36A bank=08/02/03/03 flow=00 screen=00 irq=0008 inirq=00
VRAM_LOAD id=10 de=3900 pc=4574 sp=F36A bank=08/02/03/03 flow=00 screen=00 irq=0008 inirq=00
VRAM_LOAD id=11 de=3920 pc=4574 sp=F36A bank=08/02/03/03 flow=00 screen=00 irq=0008 inirq=00
VRAM_LOAD id=12 de=3940 pc=4574 sp=F36A bank=08/02/03/03 flow=00 screen=00 irq=0008 inirq=00
VRAM_LOAD id=13 de=3960 pc=4574 sp=F36A bank=08/02/03/03 flow=00 screen=00 irq=0008 inirq=00
VRAM_LOAD id=14 de=3980 pc=4574 sp=F36A bank=08/02/03/03 flow=00 screen=00 irq=0008 inirq=00
VRAM_LOAD id=1B de=39A0 pc=4574 sp=F36A bank=08/02/03/03 flow=00 screen=00 irq=0008 inirq=00
VRAM_LOAD id=1C de=39C0 pc=4574 sp=F36A bank=08/02/03/03 flow=00 screen=00 irq=0008 inirq=00
VRAM_LOAD id=1D de=39E0 pc=4574 sp=F36A bank=08/02/03/03 flow=00 screen=00 irq=0008 inirq=00
VRAM_LOAD id=1E de=3A00 pc=4574 sp=F36A bank=08/02/03/03 flow=00 screen=00 irq=0008 inirq=00
VRAM_LOAD id=1F de=3A20 pc=4574 sp=F36A bank=08/02/03/03 flow=00 screen=00 irq=0008 inirq=00
VRAM_LOAD id=21 de=0400 pc=4574 sp=F35E bank=0E/02/03/03 flow=00 screen=00 irq=0008 inirq=00
VRAM_LOAD id=22 de=0C00 pc=4574 sp=F35E bank=0E/02/03/03 flow=00 screen=00 irq=0009 inirq=00
VRAM_LOAD id=22 de=1400 pc=4574 sp=F35E bank=0E/02/03/03 flow=00 screen=00 irq=0009 inirq=00
VRAM_LOAD id=24 de=2400 pc=4574 sp=F35E bank=0F/02/03/03 flow=00 screen=00 irq=0009 inirq=00
VRAM_LOAD id=25 de=2C00 pc=4574 sp=F35E bank=0F/02/03/03 flow=00 screen=00 irq=0009 inirq=00
VRAM_LOAD id=25 de=3400 pc=4574 sp=F35E bank=0F/02/03/03 flow=00 screen=00 irq=000A inirq=00
RAM_LOAD id=26 de=D45A pc=4555 sp=F368 bank=05/02/03/03 flow=00 screen=00 irq=000D inirq=00
ZX0_DECOMP desc_id=26 bank=10 addr=A1DA size=001D raw=0060 flags=01 pc=450A sp=F368 bank=05/02/03/03 flow=00 screen=00 irq=000D inirq=00
BP_4010 pc=4010 sp=F2EC bank=05/02/10/03 flow=00 screen=3E irq=F3B0 inirq=C0
VRAM_LOAD id=20 de=0400 pc=4574 sp=F36C bank=0E/02/03/03 flow=00 screen=00 irq=0000 inirq=C0
VRAM_LOAD id=20 de=0C00 pc=4574 sp=F36C bank=0E/02/03/03 flow=00 screen=00 irq=0000 inirq=C0
VRAM_LOAD id=20 de=1400 pc=4574 sp=F36C bank=0E/02/03/03 flow=00 screen=00 irq=0000 inirq=C0
VRAM_LOAD id=23 de=2400 pc=4574 sp=F36C bank=0F/02/03/03 flow=00 screen=00 irq=0000 inirq=C0
VRAM_LOAD id=23 de=2C00 pc=4574 sp=F36C bank=0F/02/03/03 flow=00 screen=00 irq=0000 inirq=C0
VRAM_LOAD id=23 de=3400 pc=4574 sp=F36C bank=0F/02/03/03 flow=00 screen=00 irq=0000 inirq=C0
VRAM_LOAD id=00 de=3800 pc=4574 sp=F36A bank=08/02/03/03 flow=00 screen=00 irq=0005 inirq=00
VRAM_LOAD id=01 de=3820 pc=4574 sp=F36A bank=08/02/03/03 flow=00 screen=00 irq=0005 inirq=00
VRAM_LOAD id=02 de=3840 pc=4574 sp=F36A bank=08/02/03/03 flow=00 screen=00 irq=0005 inirq=00
VRAM_LOAD id=03 de=3860 pc=4574 sp=F36A bank=08/02/03/03 flow=00 screen=00 irq=0005 inirq=00
VRAM_LOAD id=1F de=3880 pc=4574 sp=F36A bank=08/02/03/03 flow=00 screen=00 irq=0006 inirq=00
VRAM_LOAD id=0D de=38A0 pc=4574 sp=F36A bank=08/02/03/03 flow=00 screen=00 irq=0006 inirq=00
VRAM_LOAD id=0E de=38C0 pc=4574 sp=F36A bank=08/02/03/03 flow=00 screen=00 irq=0006 inirq=00
VRAM_LOAD id=0F de=38E0 pc=4574 sp=F36A bank=08/02/03/03 flow=00 screen=00 irq=0006 inirq=00
VRAM_LOAD id=10 de=3900 pc=4574 sp=F36A bank=08/02/03/03 flow=00 screen=00 irq=0006 inirq=00
VRAM_LOAD id=11 de=3920 pc=4574 sp=F36A bank=08/02/03/03 flow=00 screen=00 irq=0006 inirq=00
VRAM_LOAD id=12 de=3940 pc=4574 sp=F36A bank=08/02/03/03 flow=00 screen=00 irq=0006 inirq=00
VRAM_LOAD id=13 de=3960 pc=4574 sp=F36A bank=08/02/03/03 flow=00 screen=00 irq=0006 inirq=00
VRAM_LOAD id=14 de=3980 pc=4574 sp=F36A bank=08/02/03/03 flow=00 screen=00 irq=0006 inirq=00
VRAM_LOAD id=1B de=39A0 pc=4574 sp=F36A bank=08/02/03/03 flow=00 screen=00 irq=0006 inirq=00
VRAM_LOAD id=1C de=39C0 pc=4574 sp=F36A bank=08/02/03/03 flow=00 screen=00 irq=0006 inirq=00
VRAM_LOAD id=1D de=39E0 pc=4574 sp=F36A bank=08/02/03/03 flow=00 screen=00 irq=0006 inirq=00
VRAM_LOAD id=1E de=3A00 pc=4574 sp=F36A bank=08/02/03/03 flow=00 screen=00 irq=0006 inirq=00
VRAM_LOAD id=1F de=3A20 pc=4574 sp=F36A bank=08/02/03/03 flow=00 screen=00 irq=0006 inirq=00
VRAM_LOAD id=21 de=0400 pc=4574 sp=F35E bank=0E/02/03/03 flow=00 screen=00 irq=0006 inirq=00
VRAM_LOAD id=22 de=0C00 pc=4574 sp=F35E bank=0E/02/03/03 flow=00 screen=00 irq=0007 inirq=00
VRAM_LOAD id=22 de=1400 pc=4574 sp=F35E bank=0E/02/03/03 flow=00 screen=00 irq=0007 inirq=00
VRAM_LOAD id=24 de=2400 pc=4574 sp=F35E bank=0F/02/03/03 flow=00 screen=00 irq=0007 inirq=00
VRAM_LOAD id=25 de=2C00 pc=4574 sp=F35E bank=0F/02/03/03 flow=00 screen=00 irq=0007 inirq=00
VRAM_LOAD id=25 de=3400 pc=4574 sp=F35E bank=0F/02/03/03 flow=00 screen=00 irq=0008 inirq=00
space_before pc=40DF sp=F358 bank=0B/02/03/03 flow=00 screen=00 irq=000B inirq=00
RAM_LOAD id=26 de=D45A pc=4555 sp=F368 bank=05/02/03/03 flow=00 screen=00 irq=000B inirq=00
ZX0_DECOMP desc_id=26 bank=10 addr=A1DA size=001D raw=0060 flags=01 pc=450A sp=F368 bank=05/02/03/03 flow=00 screen=00 irq=000B inirq=00
BP_4010 pc=4010 sp=F2EC bank=05/02/10/03 flow=00 screen=3E irq=F3B0 inirq=C0
VRAM_LOAD id=20 de=0400 pc=4574 sp=F36C bank=0E/02/03/03 flow=00 screen=00 irq=0000 inirq=C0
VRAM_LOAD id=20 de=0C00 pc=4574 sp=F36C bank=0E/02/03/03 flow=00 screen=00 irq=0000 inirq=C0
VRAM_LOAD id=20 de=1400 pc=4574 sp=F36C bank=0E/02/03/03 flow=00 screen=00 irq=0000 inirq=C0
VRAM_LOAD id=23 de=2400 pc=4574 sp=F36C bank=0F/02/03/03 flow=00 screen=00 irq=0000 inirq=C0
VRAM_LOAD id=23 de=2C00 pc=4574 sp=F36C bank=0F/02/03/03 flow=00 screen=00 irq=0000 inirq=C0
VRAM_LOAD id=23 de=3400 pc=4574 sp=F36C bank=0F/02/03/03 flow=00 screen=00 irq=0000 inirq=C0
VRAM_LOAD id=00 de=3800 pc=4574 sp=F36A bank=08/02/03/03 flow=00 screen=00 irq=0005 inirq=00
VRAM_LOAD id=01 de=3820 pc=4574 sp=F36A bank=08/02/03/03 flow=00 screen=00 irq=0005 inirq=00
VRAM_LOAD id=02 de=3840 pc=4574 sp=F36A bank=08/02/03/03 flow=00 screen=00 irq=0005 inirq=00
VRAM_LOAD id=03 de=3860 pc=4574 sp=F36A bank=08/02/03/03 flow=00 screen=00 irq=0005 inirq=00
VRAM_LOAD id=1F de=3880 pc=4574 sp=F36A bank=08/02/03/03 flow=00 screen=00 irq=0006 inirq=00
VRAM_LOAD id=0D de=38A0 pc=4574 sp=F36A bank=08/02/03/03 flow=00 screen=00 irq=0006 inirq=00
VRAM_LOAD id=0E de=38C0 pc=4574 sp=F36A bank=08/02/03/03 flow=00 screen=00 irq=0006 inirq=00
VRAM_LOAD id=0F de=38E0 pc=4574 sp=F36A bank=08/02/03/03 flow=00 screen=00 irq=0006 inirq=00
VRAM_LOAD id=10 de=3900 pc=4574 sp=F36A bank=08/02/03/03 flow=00 screen=00 irq=0006 inirq=00
VRAM_LOAD id=11 de=3920 pc=4574 sp=F36A bank=08/02/03/03 flow=00 screen=00 irq=0006 inirq=00
VRAM_LOAD id=12 de=3940 pc=4574 sp=F36A bank=08/02/03/03 flow=00 screen=00 irq=0006 inirq=00
VRAM_LOAD id=13 de=3960 pc=4574 sp=F36A bank=08/02/03/03 flow=00 screen=00 irq=0006 inirq=00
VRAM_LOAD id=14 de=3980 pc=4574 sp=F36A bank=08/02/03/03 flow=00 screen=00 irq=0006 inirq=00
VRAM_LOAD id=1B de=39A0 pc=4574 sp=F36A bank=08/02/03/03 flow=00 screen=00 irq=0006 inirq=00
VRAM_LOAD id=1C de=39C0 pc=4574 sp=F36A bank=08/02/03/03 flow=00 screen=00 irq=0006 inirq=00
VRAM_LOAD id=1D de=39E0 pc=4574 sp=F36A bank=08/02/03/03 flow=00 screen=00 irq=0006 inirq=00
VRAM_LOAD id=1E de=3A00 pc=4574 sp=F36A bank=08/02/03/03 flow=00 screen=00 irq=0006 inirq=00
VRAM_LOAD id=1F de=3A20 pc=4574 sp=F36A bank=08/02/03/03 flow=00 screen=00 irq=0006 inirq=00
VRAM_LOAD id=21 de=0400 pc=4574 sp=F35E bank=0E/02/03/03 flow=00 screen=00 irq=0006 inirq=00
VRAM_LOAD id=22 de=0C00 pc=4574 sp=F35E bank=0E/02/03/03 flow=00 screen=00 irq=0007 inirq=00
VRAM_LOAD id=22 de=1400 pc=4574 sp=F35E bank=0E/02/03/03 flow=00 screen=00 irq=0007 inirq=00
VRAM_LOAD id=24 de=2400 pc=4574 sp=F35E bank=0F/02/03/03 flow=00 screen=00 irq=0007 inirq=00
VRAM_LOAD id=25 de=2C00 pc=4574 sp=F35E bank=0F/02/03/03 flow=00 screen=00 irq=0007 inirq=00
VRAM_LOAD id=25 de=3400 pc=4574 sp=F35E bank=0F/02/03/03 flow=00 screen=00 irq=0008 inirq=00
RAM_LOAD id=26 de=D45A pc=4555 sp=F368 bank=05/02/03/03 flow=00 screen=00 irq=000B inirq=00
ZX0_DECOMP desc_id=26 bank=10 addr=A1DA size=001D raw=0060 flags=01 pc=450A sp=F368 bank=05/02/03/03 flow=00 screen=00 irq=000B inirq=00
t10 pc=43DD sp=F362 bank=05/02/10/03 flow=00 screen=3E irq=F3B0 inirq=C0
