BP_4010 pc=4010 sp=F2EC bank=00/00/00/04 flow=00 screen=FF irq=0000 inirq=00 old=000000 htim=C9C9C9 px=13107
BP_IRQ_EXIT_RAM pc=C277 sp=F356 bank=00/00/01/01 flow=00 screen=00 irq=0001 inirq=00 old=C9C9C9 htim=C337C2 px=13107
BP_IRQ_EXIT_RAM pc=C277 sp=F33C bank=00/00/01/01 flow=00 screen=00 irq=0002 inirq=00 old=C9C9C9 htim=C337C2 px=13107
BP_IRQ_EXIT_RAM pc=C277 sp=F344 bank=00/00/01/01 flow=00 screen=00 irq=0003 inirq=00 old=C9C9C9 htim=C337C2 px=13107
BP_IRQ_EXIT_RAM pc=C277 sp=F33C bank=00/00/01/01 flow=00 screen=00 irq=0004 inirq=00 old=C9C9C9 htim=C337C2 px=13107
BP_IRQ_EXIT_RAM pc=C277 sp=F344 bank=00/00/01/01 flow=00 screen=00 irq=0005 inirq=00 old=C9C9C9 htim=C337C2 px=13107
t4 pc=43D0 sp=F350 bank=00/00/01/01 flow=00 screen=00 irq=0005 inirq=00 old=C9C9C9 htim=C337C2 px=13107
BP_IRQ_EXIT_RAM pc=C277 sp=F33C bank=00/00/01/01 flow=00 screen=00 irq=0006 inirq=00 old=C9C9C9 htim=C337C2 px=13107
BP_IRQ_EXIT_RAM pc=C277 sp=F344 bank=00/00/01/01 flow=00 screen=00 irq=0007 inirq=00 old=C9C9C9 htim=C337C2 px=13107
BP_IRQ_EXIT_RAM pc=C277 sp=F33C bank=00/00/01/01 flow=00 screen=00 irq=0008 inirq=00 old=C9C9C9 htim=C337C2 px=13107
BP_IRQ_EXIT_RAM pc=C277 sp=F344 bank=00/00/01/01 flow=00 screen=00 irq=0009 inirq=00 old=C9C9C9 htim=C337C2 px=13107
BP_IRQ_EXIT_RAM pc=C277 sp=F33C bank=00/00/01/01 flow=00 screen=00 irq=000A inirq=00 old=C9C9C9 htim=C337C2 px=13107
BP_IRQ_EXIT_RAM pc=C277 sp=F344 bank=00/00/01/01 flow=00 screen=00 irq=000B inirq=00 old=C9C9C9 htim=C337C2 px=13107
BP_IRQ_EXIT_RAM pc=C277 sp=F33C bank=00/00/01/01 flow=00 screen=00 irq=000C inirq=00 old=C9C9C9 htim=C337C2 px=13107
BP_IRQ_EXIT_RAM pc=C277 sp=F344 bank=00/00/01/01 flow=00 screen=00 irq=000D inirq=00 old=C9C9C9 htim=C337C2 px=13107
BP_IRQ_EXIT_RAM pc=C277 sp=F34A bank=00/00/01/01 flow=00 screen=00 irq=000E inirq=00 old=C9C9C9 htim=C337C2 px=0
BP_IRQ_EXIT_RAM pc=C277 sp=F328 bank=00/00/01/01 flow=00 screen=00 irq=000F inirq=00 old=C9C9C9 htim=C337C2 px=0
BP_IRQ_EXIT_RAM pc=C277 sp=F306 bank=00/00/01/01 flow=00 screen=00 irq=0010 inirq=00 old=C9C9C9 htim=C337C2 px=0
BP_IRQ_EXIT_RAM pc=C277 sp=F2E6 bank=00/00/01/01 flow=00 screen=00 irq=0011 inirq=00 old=C9C9C9 htim=C337C2 px=0
BP_IRQ_EXIT_RAM pc=C277 sp=F2C6 bank=00/00/01/01 flow=00 screen=00 irq=0012 inirq=00 old=C9C9C9 htim=C337C2 px=0
BP_IRQ_EXIT_RAM pc=C277 sp=F2AA bank=00/00/01/01 flow=00 screen=00 irq=0013 inirq=00 old=C9C9C9 htim=C337C2 px=0
BP_IRQ_EXIT_RAM pc=C277 sp=F284 bank=00/00/01/01 flow=00 screen=00 irq=0014 inirq=00 old=C9C9C9 htim=C337C2 px=0
BP_IRQ_EXIT_RAM pc=C277 sp=F264 bank=00/00/01/01 flow=00 screen=00 irq=0015 inirq=00 old=C9C9C9 htim=C337C2 px=0
BP_IRQ_EXIT_RAM pc=C277 sp=F244 bank=00/00/01/01 flow=00 screen=00 irq=0016 inirq=00 old=C9C9C9 htim=C337C2 px=0
BP_IRQ_EXIT_RAM pc=C277 sp=F224 bank=00/00/01/01 flow=00 screen=00 irq=0017 inirq=00 old=C9C9C9 htim=C337C2 px=0
BP_IRQ_EXIT_RAM pc=C277 sp=F204 bank=00/00/01/01 flow=00 screen=00 irq=0018 inirq=00 old=C9C9C9 htim=C337C2 px=0
BP_IRQ_EXIT_RAM pc=C277 sp=F1E4 bank=00/00/01/01 flow=00 screen=00 irq=0019 inirq=00 old=C9C9C9 htim=C337C2 px=0
BP_IRQ_EXIT_RAM pc=C277 sp=F1C4 bank=00/00/01/01 flow=00 screen=00 irq=001A inirq=00 old=C9C9C9 htim=C337C2 px=0
BP_IRQ_EXIT_RAM pc=C277 sp=F1A4 bank=00/00/01/01 flow=00 screen=00 irq=001B inirq=00 old=C9C9C9 htim=C337C2 px=0
BP_IRQ_EXIT_RAM pc=C277 sp=F184 bank=00/00/01/01 flow=00 screen=00 irq=001C inirq=00 old=C9C9C9 htim=C337C2 px=0
BP_IRQ_EXIT_RAM pc=C277 sp=F164 bank=00/00/01/01 flow=00 screen=00 irq=001D inirq=00 old=C9C9C9 htim=C337C2 px=0
BP_IRQ_EXIT_RAM pc=C277 sp=F144 bank=00/00/01/01 flow=00 screen=00 irq=001E inirq=00 old=C9C9C9 htim=C337C2 px=0
space1_before pc=CA29 sp=E98B bank=00/00/01/01 flow=00 screen=00 irq=7A05 inirq=01 old=1040FF htim=C337C2 px=0
space1_after pc=CA29 sp=E98B bank=00/00/01/01 flow=00 screen=00 irq=7A05 inirq=01 old=1040FF htim=C337C2 px=0
t8 pc=CA29 sp=E98B bank=00/00/01/01 flow=00 screen=00 irq=7A05 inirq=01 old=1040FF htim=C337C2 px=0
space2_before pc=CA29 sp=E98B bank=00/00/01/01 flow=00 screen=00 irq=7A05 inirq=01 old=1040FF htim=C337C2 px=0
space2_after pc=CA29 sp=E98B bank=00/00/01/01 flow=00 screen=00 irq=7A05 inirq=01 old=1040FF htim=C337C2 px=0
t10 pc=CA29 sp=E98B bank=00/00/01/01 flow=00 screen=00 irq=7A05 inirq=01 old=1040FF htim=C337C2 px=0
t12 pc=CA29 sp=E98B bank=00/00/01/01 flow=00 screen=00 irq=7A05 inirq=01 old=1040FF htim=C337C2 px=0
