AFTER_SAT_UPLOAD pc=619E sp=F372 top=6019/C156 bank=08/08 irq=0000 inirq=00
AFTER_TILE_INTERACTION pc=6183 sp=F352 top=C156/0044 bank=07/07 irq=000D inirq=00
AFTER_PLAYER_SM pc=6186 sp=F352 top=C156/0044 bank=07/07 irq=000D inirq=00
AFTER_ALL_SM pc=6189 sp=F352 top=C156/0044 bank=07/07 irq=000D inirq=00
AFTER_WALLGRAB_REFRESH pc=618C sp=F352 top=C156/0044 bank=07/07 irq=000D inirq=00
AFTER_WALLGRAB_REFRESH pc=618C sp=F352 top=C156/0044 bank=07/07 irq=000D inirq=00
AFTER_WALLGRAB_REFRESH pc=618C sp=F352 top=C156/0044 bank=07/07 irq=000D inirq=00
AFTER_WALLGRAB_REFRESH pc=618C sp=F352 top=C156/0044 bank=07/07 irq=000D inirq=00
AFTER_WALLGRAB_REFRESH pc=618C sp=F352 top=C156/0044 bank=07/07 irq=000D inirq=00
AFTER_WALLGRAB_REFRESH pc=618C sp=F352 top=C156/0044 bank=07/07 irq=000D inirq=00
AFTER_WALLGRAB_REFRESH pc=618C sp=F352 top=C156/0044 bank=07/07 irq=000D inirq=00
AFTER_WALLGRAB_REFRESH pc=618C sp=F352 top=C156/0044 bank=07/07 irq=000D inirq=00
AFTER_WALLGRAB_REFRESH pc=618C sp=F352 top=C156/0044 bank=07/07 irq=000D inirq=00
AFTER_WALLGRAB_REFRESH pc=618C sp=F352 top=C156/0044 bank=07/07 irq=000D inirq=00
AFTER_WALLGRAB_REFRESH pc=618C sp=F352 top=C156/0044 bank=07/07 irq=000D inirq=00
LOOP_START pc=6165 sp=F362 top=60A5/C156 bank=06/06 irq=000D inirq=00
AFTER_INPUT pc=6171 sp=F362 top=60A5/C156 bank=06/06 irq=000E inirq=00
AFTER_TIMER pc=6177 sp=F362 top=60A5/C156 bank=06/06 irq=000E inirq=00
AFTER_TRANSITION pc=617A sp=F362 top=60A5/C156 bank=06/06 irq=000E inirq=00
AFTER_ENTITIES pc=617D sp=F362 top=60A5/C156 bank=06/06 irq=000E inirq=00
AFTER_PLAYER_SM pc=6186 sp=F362 top=60A5/C156 bank=06/06 irq=000E inirq=00
AFTER_ALL_SM pc=6189 sp=F362 top=60A5/C156 bank=06/06 irq=000E inirq=00
AFTER_SFX pc=6192 sp=F362 top=60A5/C156 bank=06/06 irq=000E inirq=00
AFTER_ANIM pc=6195 sp=F362 top=60A5/C156 bank=06/06 irq=000E inirq=00
LOOP_START pc=6165 sp=F360 top=6198/60A5 bank=06/06 irq=000E inirq=00
AFTER_INPUT pc=6171 sp=F360 top=6198/60A5 bank=06/06 irq=000E inirq=00
AFTER_TIMER pc=6177 sp=F360 top=6198/60A5 bank=06/06 irq=000E inirq=00
AFTER_TRANSITION pc=617A sp=F360 top=6198/60A5 bank=06/06 irq=000E inirq=00
AFTER_ENTITIES pc=617D sp=F360 top=6198/60A5 bank=06/06 irq=000E inirq=00
AFTER_PLAYER_SM pc=6186 sp=F360 top=6198/60A5 bank=06/06 irq=000E inirq=00
AFTER_ALL_SM pc=6189 sp=F360 top=6198/60A5 bank=06/06 irq=000E inirq=00
AFTER_SFX pc=6192 sp=F360 top=6198/60A5 bank=06/06 irq=000E inirq=00
AFTER_ANIM pc=6195 sp=F360 top=6198/60A5 bank=06/06 irq=000E inirq=00
LOOP_START pc=6165 sp=F35E top=6198/6198 bank=06/06 irq=000E inirq=00
AFTER_INPUT pc=6171 sp=F35E top=6198/6198 bank=06/06 irq=000E inirq=00
AFTER_TIMER pc=6177 sp=F35E top=6198/6198 bank=06/06 irq=000E inirq=00
AFTER_TRANSITION pc=617A sp=F35E top=6198/6198 bank=06/06 irq=000E inirq=00
AFTER_ENTITIES pc=617D sp=F35E top=6198/6198 bank=06/06 irq=000E inirq=00
AFTER_PLAYER_SM pc=6186 sp=F35E top=6198/6198 bank=06/06 irq=000E inirq=00
AFTER_ALL_SM pc=6189 sp=F35E top=6198/6198 bank=06/06 irq=000E inirq=00
AFTER_SFX pc=6192 sp=F35E top=6198/6198 bank=06/06 irq=000E inirq=00
AFTER_ANIM pc=6195 sp=F35E top=6198/6198 bank=06/06 irq=000E inirq=00
LOOP_START pc=6165 sp=F35C top=6198/6198 bank=06/06 irq=000E inirq=00
AFTER_INPUT pc=6171 sp=F35C top=6198/6198 bank=06/06 irq=000E inirq=00
AFTER_TIMER pc=6177 sp=F35C top=6198/6198 bank=06/06 irq=000E inirq=00
AFTER_TRANSITION pc=617A sp=F35C top=6198/6198 bank=06/06 irq=000E inirq=00
AFTER_ENTITIES pc=617D sp=F35C top=6198/6198 bank=06/06 irq=000E inirq=00
AFTER_PLAYER_SM pc=6186 sp=F35C top=6198/6198 bank=06/06 irq=000E inirq=00
AFTER_ALL_SM pc=6189 sp=F35C top=6198/6198 bank=06/06 irq=000E inirq=00
AFTER_SFX pc=6192 sp=F35C top=6198/6198 bank=06/06 irq=000E inirq=00
AFTER_ANIM pc=6195 sp=F35C top=6198/6198 bank=06/06 irq=000E inirq=00
LOOP_START pc=6165 sp=F35A top=6198/6198 bank=06/06 irq=000E inirq=00
AFTER_INPUT pc=6171 sp=F35A top=6198/6198 bank=06/06 irq=000E inirq=00
AFTER_TIMER pc=6177 sp=F35A top=6198/6198 bank=06/06 irq=000E inirq=00
AFTER_TRANSITION pc=617A sp=F35A top=6198/6198 bank=06/06 irq=000E inirq=00
AFTER_ENTITIES pc=617D sp=F35A top=6198/6198 bank=06/06 irq=000E inirq=00
AFTER_PLAYER_SM pc=6186 sp=F35A top=6198/6198 bank=06/06 irq=000E inirq=00
AFTER_ALL_SM pc=6189 sp=F35A top=6198/6198 bank=06/06 irq=000E inirq=00
AFTER_SFX pc=6192 sp=F35A top=6198/6198 bank=06/06 irq=000E inirq=00
AFTER_ANIM pc=6195 sp=F35A top=6198/6198 bank=06/06 irq=000E inirq=00
LOOP_START pc=6165 sp=F358 top=6198/6198 bank=06/06 irq=000E inirq=00
AFTER_INPUT pc=6171 sp=F358 top=6198/6198 bank=06/06 irq=000E inirq=00
AFTER_TIMER pc=6177 sp=F358 top=6198/6198 bank=06/06 irq=000E inirq=00
AFTER_TRANSITION pc=617A sp=F358 top=6198/6198 bank=06/06 irq=000E inirq=00
AFTER_ENTITIES pc=617D sp=F358 top=6198/6198 bank=06/06 irq=000E inirq=00
AFTER_PLAYER_SM pc=6186 sp=F358 top=6198/6198 bank=06/06 irq=000E inirq=00
AFTER_ALL_SM pc=6189 sp=F358 top=6198/6198 bank=06/06 irq=000E inirq=00
AFTER_SFX pc=6192 sp=F358 top=6198/6198 bank=06/06 irq=000E inirq=00
AFTER_ANIM pc=6195 sp=F358 top=6198/6198 bank=06/06 irq=000E inirq=00
LOOP_START pc=6165 sp=F356 top=6198/6198 bank=06/06 irq=000E inirq=00
AFTER_INPUT pc=6171 sp=F356 top=6198/6198 bank=06/06 irq=000E inirq=00
AFTER_TIMER pc=6177 sp=F356 top=6198/6198 bank=06/06 irq=000E inirq=00
AFTER_TRANSITION pc=617A sp=F356 top=6198/6198 bank=06/06 irq=000E inirq=00
AFTER_ENTITIES pc=617D sp=F356 top=6198/6198 bank=06/06 irq=000E inirq=00
AFTER_PLAYER_SM pc=6186 sp=F356 top=6198/6198 bank=06/06 irq=000E inirq=00
AFTER_ALL_SM pc=6189 sp=F356 top=6198/6198 bank=06/06 irq=000E inirq=00
AFTER_SFX pc=6192 sp=F356 top=6198/6198 bank=06/06 irq=000E inirq=00
AFTER_ANIM pc=6195 sp=F356 top=6198/6198 bank=06/06 irq=000E inirq=00
LOOP_START pc=6165 sp=F354 top=6198/6198 bank=06/06 irq=000E inirq=00
AFTER_INPUT pc=6171 sp=F354 top=6198/6198 bank=06/06 irq=000E inirq=00
AFTER_TIMER pc=6177 sp=F354 top=6198/6198 bank=06/06 irq=000E inirq=00
AFTER_TRANSITION pc=617A sp=F354 top=6198/6198 bank=06/06 irq=000E inirq=00
AFTER_ENTITIES pc=617D sp=F354 top=6198/6198 bank=06/06 irq=000E inirq=00
AFTER_PLAYER_SM pc=6186 sp=F354 top=6198/6198 bank=06/06 irq=000E inirq=00
AFTER_ALL_SM pc=6189 sp=F354 top=6198/6198 bank=06/06 irq=000E inirq=00
AFTER_SFX pc=6192 sp=F354 top=6198/6198 bank=06/06 irq=000E inirq=00
AFTER_ANIM pc=6195 sp=F354 top=6198/6198 bank=06/06 irq=000E inirq=00
LOOP_START pc=6165 sp=F352 top=6198/6198 bank=06/06 irq=000E inirq=00
AFTER_INPUT pc=6171 sp=F352 top=6198/6198 bank=06/06 irq=000E inirq=00
AFTER_TIMER pc=6177 sp=F352 top=6198/6198 bank=06/06 irq=000E inirq=00
AFTER_TRANSITION pc=617A sp=F352 top=6198/6198 bank=06/06 irq=000E inirq=00
AFTER_ENTITIES pc=617D sp=F352 top=6198/6198 bank=06/06 irq=000E inirq=00
AFTER_PLAYER_SM pc=6186 sp=F352 top=6198/6198 bank=06/06 irq=000E inirq=00
AFTER_ALL_SM pc=6189 sp=F352 top=6198/6198 bank=06/06 irq=000E inirq=00
AFTER_SFX pc=6192 sp=F352 top=6198/6198 bank=06/06 irq=000E inirq=00
AFTER_ANIM pc=6195 sp=F352 top=6198/6198 bank=06/06 irq=000E inirq=00
LOOP_START pc=6165 sp=F350 top=6198/6198 bank=06/06 irq=000E inirq=00
AFTER_INPUT pc=6171 sp=F350 top=6198/6198 bank=06/06 irq=000E inirq=00
AFTER_TIMER pc=6177 sp=F350 top=6198/6198 bank=06/06 irq=000E inirq=00
AFTER_TRANSITION pc=617A sp=F350 top=6198/6198 bank=06/06 irq=000E inirq=00
AFTER_ENTITIES pc=617D sp=F350 top=6198/6198 bank=06/06 irq=000E inirq=00
AFTER_PLAYER_SM pc=6186 sp=F350 top=6198/6198 bank=06/06 irq=000E inirq=00
AFTER_ALL_SM pc=6189 sp=F350 top=6198/6198 bank=06/06 irq=000E inirq=00
AFTER_SFX pc=6192 sp=F350 top=6198/6198 bank=06/06 irq=000E inirq=00
AFTER_ANIM pc=6195 sp=F350 top=6198/6198 bank=06/06 irq=000E inirq=00
LOOP_START pc=6165 sp=F34E top=6198/6198 bank=06/06 irq=000E inirq=00
AFTER_INPUT pc=6171 sp=F34E top=6198/6198 bank=06/06 irq=000E inirq=00
AFTER_TIMER pc=6177 sp=F34E top=6198/6198 bank=06/06 irq=000E inirq=00
AFTER_TRANSITION pc=617A sp=F34E top=6198/6198 bank=06/06 irq=000E inirq=00
AFTER_ENTITIES pc=617D sp=F34E top=6198/6198 bank=06/06 irq=000E inirq=00
AFTER_PLAYER_SM pc=6186 sp=F34E top=6198/6198 bank=06/06 irq=000F inirq=00
AFTER_ALL_SM pc=6189 sp=F34E top=6198/6198 bank=06/06 irq=000F inirq=00
AFTER_SFX pc=6192 sp=F34E top=6198/6198 bank=06/06 irq=000F inirq=00
AFTER_ANIM pc=6195 sp=F34E top=6198/6198 bank=06/06 irq=000F inirq=00
LOOP_START pc=6165 sp=F34C top=6198/6198 bank=06/06 irq=000F inirq=00
AFTER_INPUT pc=6171 sp=F34C top=6198/6198 bank=06/06 irq=000F inirq=00
AFTER_TIMER pc=6177 sp=F34C top=6198/6198 bank=06/06 irq=000F inirq=00
AFTER_TRANSITION pc=617A sp=F34C top=6198/6198 bank=06/06 irq=000F inirq=00
AFTER_ENTITIES pc=617D sp=F34C top=6198/6198 bank=06/06 irq=000F inirq=00
AFTER_PLAYER_SM pc=6186 sp=F34C top=6198/6198 bank=06/06 irq=000F inirq=00
AFTER_ALL_SM pc=6189 sp=F34C top=6198/6198 bank=06/06 irq=000F inirq=00
AFTER_SFX pc=6192 sp=F34C top=6198/6198 bank=06/06 irq=000F inirq=00
AFTER_ANIM pc=6195 sp=F34C top=6198/6198 bank=06/06 irq=000F inirq=00
LOOP_START pc=6165 sp=F34A top=6198/6198 bank=06/06 irq=000F inirq=00
AFTER_INPUT pc=6171 sp=F34A top=6198/6198 bank=06/06 irq=000F inirq=00
AFTER_TIMER pc=6177 sp=F34A top=6198/6198 bank=06/06 irq=000F inirq=00
AFTER_TRANSITION pc=617A sp=F34A top=6198/6198 bank=06/06 irq=000F inirq=00
AFTER_ENTITIES pc=617D sp=F34A top=6198/6198 bank=06/06 irq=000F inirq=00
AFTER_PLAYER_SM pc=6186 sp=F34A top=6198/6198 bank=06/06 irq=000F inirq=00
AFTER_ALL_SM pc=6189 sp=F34A top=6198/6198 bank=06/06 irq=000F inirq=00
AFTER_SFX pc=6192 sp=F34A top=6198/6198 bank=06/06 irq=000F inirq=00
AFTER_ANIM pc=6195 sp=F34A top=6198/6198 bank=06/06 irq=000F inirq=00
LOOP_START pc=6165 sp=F348 top=6198/6198 bank=06/06 irq=000F inirq=00
AFTER_INPUT pc=6171 sp=F348 top=6198/6198 bank=06/06 irq=000F inirq=00
AFTER_TIMER pc=6177 sp=F348 top=6198/6198 bank=06/06 irq=000F inirq=00
AFTER_TRANSITION pc=617A sp=F348 top=6198/6198 bank=06/06 irq=000F inirq=00
AFTER_ENTITIES pc=617D sp=F348 top=6198/6198 bank=06/06 irq=000F inirq=00
AFTER_PLAYER_SM pc=6186 sp=F348 top=6198/6198 bank=06/06 irq=000F inirq=00
AFTER_ALL_SM pc=6189 sp=F348 top=6198/6198 bank=06/06 irq=000F inirq=00
AFTER_SFX pc=6192 sp=F348 top=6198/6198 bank=06/06 irq=000F inirq=00
AFTER_ANIM pc=6195 sp=F348 top=6198/6198 bank=06/06 irq=000F inirq=00
LOOP_START pc=6165 sp=F346 top=6198/6198 bank=06/06 irq=000F inirq=00
AFTER_INPUT pc=6171 sp=F346 top=6198/6198 bank=06/06 irq=000F inirq=00
AFTER_TIMER pc=6177 sp=F346 top=6198/6198 bank=06/06 irq=000F inirq=00
AFTER_TRANSITION pc=617A sp=F346 top=6198/6198 bank=06/06 irq=000F inirq=00
AFTER_ENTITIES pc=617D sp=F346 top=6198/6198 bank=06/06 irq=000F inirq=00
AFTER_PLAYER_SM pc=6186 sp=F346 top=6198/6198 bank=06/06 irq=000F inirq=00
AFTER_ALL_SM pc=6189 sp=F346 top=6198/6198 bank=06/06 irq=000F inirq=00
AFTER_SFX pc=6192 sp=F346 top=6198/6198 bank=06/06 irq=000F inirq=00
AFTER_ANIM pc=6195 sp=F346 top=6198/6198 bank=06/06 irq=000F inirq=00
LOOP_START pc=6165 sp=F344 top=6198/6198 bank=06/06 irq=000F inirq=00
AFTER_INPUT pc=6171 sp=F344 top=6198/6198 bank=06/06 irq=000F inirq=00
AFTER_TIMER pc=6177 sp=F344 top=6198/6198 bank=06/06 irq=000F inirq=00
AFTER_TRANSITION pc=617A sp=F344 top=6198/6198 bank=06/06 irq=000F inirq=00
AFTER_ENTITIES pc=617D sp=F344 top=6198/6198 bank=06/06 irq=000F inirq=00
AFTER_PLAYER_SM pc=6186 sp=F344 top=6198/6198 bank=06/06 irq=000F inirq=00
AFTER_ALL_SM pc=6189 sp=F344 top=6198/6198 bank=06/06 irq=000F inirq=00
AFTER_SFX pc=6192 sp=F344 top=6198/6198 bank=06/06 irq=000F inirq=00
AFTER_ANIM pc=6195 sp=F344 top=6198/6198 bank=06/06 irq=000F inirq=00
LOOP_START pc=6165 sp=F342 top=6198/6198 bank=06/06 irq=000F inirq=00
AFTER_INPUT pc=6171 sp=F342 top=6198/6198 bank=06/06 irq=000F inirq=00
AFTER_TIMER pc=6177 sp=F342 top=6198/6198 bank=06/06 irq=000F inirq=00
AFTER_TRANSITION pc=617A sp=F342 top=6198/6198 bank=06/06 irq=000F inirq=00
AFTER_ENTITIES pc=617D sp=F342 top=6198/6198 bank=06/06 irq=000F inirq=00
AFTER_PLAYER_SM pc=6186 sp=F342 top=6198/6198 bank=06/06 irq=000F inirq=00
AFTER_ALL_SM pc=6189 sp=F342 top=6198/6198 bank=06/06 irq=000F inirq=00
AFTER_SFX pc=6192 sp=F342 top=6198/6198 bank=06/06 irq=000F inirq=00
AFTER_ANIM pc=6195 sp=F342 top=6198/6198 bank=06/06 irq=000F inirq=00
LOOP_START pc=6165 sp=F340 top=6198/6198 bank=06/06 irq=000F inirq=00
AFTER_INPUT pc=6171 sp=F340 top=6198/6198 bank=06/06 irq=000F inirq=00
AFTER_TIMER pc=6177 sp=F340 top=6198/6198 bank=06/06 irq=000F inirq=00
AFTER_TRANSITION pc=617A sp=F340 top=6198/6198 bank=06/06 irq=000F inirq=00
AFTER_ENTITIES pc=617D sp=F340 top=6198/6198 bank=06/06 irq=000F inirq=00
AFTER_PLAYER_SM pc=6186 sp=F340 top=6198/6198 bank=06/06 irq=000F inirq=00
AFTER_ALL_SM pc=6189 sp=F340 top=6198/6198 bank=06/06 irq=000F inirq=00
AFTER_SFX pc=6192 sp=F340 top=6198/6198 bank=06/06 irq=000F inirq=00
AFTER_ANIM pc=6195 sp=F340 top=6198/6198 bank=06/06 irq=000F inirq=00
LOOP_START pc=6165 sp=F33E top=6198/6198 bank=06/06 irq=000F inirq=00
AFTER_INPUT pc=6171 sp=F33E top=6198/6198 bank=06/06 irq=000F inirq=00
AFTER_TIMER pc=6177 sp=F33E top=6198/6198 bank=06/06 irq=000F inirq=00
AFTER_TRANSITION pc=617A sp=F33E top=6198/6198 bank=06/06 irq=000F inirq=00
AFTER_ENTITIES pc=617D sp=F33E top=6198/6198 bank=06/06 irq=000F inirq=00
AFTER_PLAYER_SM pc=6186 sp=F33E top=6198/6198 bank=06/06 irq=000F inirq=00
AFTER_ALL_SM pc=6189 sp=F33E top=6198/6198 bank=06/06 irq=000F inirq=00
AFTER_SFX pc=6192 sp=F33E top=6198/6198 bank=06/06 irq=000F inirq=00
AFTER_ANIM pc=6195 sp=F33E top=6198/6198 bank=06/06 irq=000F inirq=00
LOOP_START pc=6165 sp=F33C top=6198/6198 bank=06/06 irq=000F inirq=00
AFTER_INPUT pc=6171 sp=F33C top=6198/6198 bank=06/06 irq=000F inirq=00
AFTER_TIMER pc=6177 sp=F33C top=6198/6198 bank=06/06 irq=000F inirq=00
AFTER_TRANSITION pc=617A sp=F33C top=6198/6198 bank=06/06 irq=000F inirq=00
AFTER_ENTITIES pc=617D sp=F33C top=6198/6198 bank=06/06 irq=000F inirq=00
AFTER_SFX pc=6192 sp=F33C top=6198/6198 bank=06/06 irq=000F inirq=00
AFTER_ANIM pc=6195 sp=F33C top=6198/6198 bank=06/06 irq=000F inirq=00
space1_before pc=FD9A sp=E334 top=19AB/4010 bank=47/47 irq=B20F inirq=01
space1_after pc=FD9A sp=DFCA top=19AB/4010 bank=47/47 irq=B21E inirq=01
space2_before pc=199E sp=C7FC top=47C7/0701 bank=47/47 irq=B287 inirq=01
space2_after pc=199E sp=C492 top=47C7/0701 bank=47/47 irq=B296 inirq=01
final pc=1B19 sp=F300 top=C9C9/C9C9 bank=42/62 irq=B2A0 inirq=01
