RESCALL_ENTRY pc=C1B7 sp=F374 top=6499/6284/6327 bank=05/05 px=3333 enabled=33 pidx=33
RESCALL_ENTRY pc=C1B7 sp=F35E top=6063/6008/6023 bank=0E/0E px=3333 enabled=33 pidx=33
RESCALL_EXIT pc=C1F4 sp=F35E top=6063/6008/6023 bank=0E/0E px=3333 enabled=33 pidx=33
RESCALL_ENTRY pc=C1B7 sp=F35E top=6063/6011/6026 bank=0E/0E px=3333 enabled=33 pidx=33
RESCALL_EXIT pc=C1F4 sp=F35E top=6063/6011/6026 bank=0E/0E px=3333 enabled=33 pidx=33
RESCALL_ENTRY pc=C1B7 sp=F35E top=6063/601A/6029 bank=0E/0E px=3333 enabled=33 pidx=33
RESCALL_EXIT pc=C1F4 sp=F35E top=6063/601A/6029 bank=0E/0E px=3333 enabled=33 pidx=33
RESCALL_ENTRY pc=C1B7 sp=F35E top=6063/6008/6023 bank=0F/0F px=3333 enabled=33 pidx=33
RESCALL_EXIT pc=C1F4 sp=F35E top=6063/6008/6023 bank=0F/0F px=3333 enabled=33 pidx=33
RESCALL_ENTRY pc=C1B7 sp=F35E top=6063/6011/6026 bank=0F/0F px=3333 enabled=33 pidx=33
RESCALL_EXIT pc=C1F4 sp=F35E top=6063/6011/6026 bank=0F/0F px=3333 enabled=33 pidx=33
RESCALL_ENTRY pc=C1B7 sp=F35E top=6063/601A/6029 bank=0F/0F px=3333 enabled=33 pidx=33
RESCALL_EXIT pc=C1F4 sp=F35E top=6063/601A/6029 bank=0F/0F px=3333 enabled=33 pidx=33
BEFORE_FORCE_CALL pc=61AC sp=F362 top=600F/C156/0044 bank=0B/0B px=3333 enabled=33 pidx=33
RESCALL_ENTRY pc=C1B7 sp=F360 top=61AF/600F/C156 bank=0B/0B px=3333 enabled=33 pidx=33
FORCE_ENTRY pc=61B0 sp=F33C top=60B0/60CA/0430 bank=0B/0B px=3333 enabled=33 pidx=33
RESCALL_ENTRY pc=C1B7 sp=F33A top=61BF/60B0/60CA bank=0B/0B px=3333 enabled=33 pidx=33
RESCALL_EXIT pc=C1F4 sp=F33A top=61BF/60B0/60CA bank=0B/0B px=3333 enabled=33 pidx=33
FORCE_ENTRY pc=61B0 sp=F33C top=60B0/60D5/0430 bank=0B/0B px=3333 enabled=33 pidx=33
RESCALL_ENTRY pc=C1B7 sp=F33A top=61BF/60B0/60D5 bank=0B/0B px=3333 enabled=33 pidx=33
RESCALL_EXIT pc=C1F4 sp=F33A top=61BF/60B0/60D5 bank=0B/0B px=3333 enabled=33 pidx=33
FORCE_ENTRY pc=61B0 sp=F33E top=60B0/60DF/0430 bank=0B/0B px=3333 enabled=33 pidx=33
RESCALL_ENTRY pc=C1B7 sp=F33C top=61BF/60B0/60DF bank=0B/0B px=3333 enabled=33 pidx=33
RESCALL_EXIT pc=C1F4 sp=F33C top=61BF/60B0/60DF bank=0B/0B px=3333 enabled=33 pidx=33
FORCE_ENTRY pc=61B0 sp=F33C top=60B0/60E9/0430 bank=0B/0B px=3333 enabled=33 pidx=33
RESCALL_ENTRY pc=C1B7 sp=F33A top=61BF/60B0/60E9 bank=0B/0B px=3333 enabled=33 pidx=33
RESCALL_EXIT pc=C1F4 sp=F33A top=61BF/60B0/60E9 bank=0B/0B px=3333 enabled=33 pidx=33
FORCE_ENTRY pc=61B0 sp=F33C top=60B0/60F4/0430 bank=0B/0B px=3333 enabled=33 pidx=33
RESCALL_ENTRY pc=C1B7 sp=F33A top=61BF/60B0/60F4 bank=0B/0B px=3333 enabled=33 pidx=33
RESCALL_EXIT pc=C1F4 sp=F33A top=61BF/60B0/60F4 bank=0B/0B px=3333 enabled=33 pidx=33
FORCE_ENTRY pc=61B0 sp=F33E top=60B0/60FE/0430 bank=0B/0B px=3333 enabled=33 pidx=33
RESCALL_ENTRY pc=C1B7 sp=F33C top=61BF/60B0/60FE bank=0B/0B px=3333 enabled=33 pidx=33
RESCALL_EXIT pc=C1F4 sp=F33C top=61BF/60B0/60FE bank=0B/0B px=3333 enabled=33 pidx=33
FORCE_ENTRY pc=61B0 sp=F33C top=60B0/60CA/0468 bank=0B/0B px=3333 enabled=33 pidx=33
RESCALL_ENTRY pc=C1B7 sp=F33A top=61BF/60B0/60CA bank=0B/0B px=3333 enabled=33 pidx=33
RESCALL_EXIT pc=C1F4 sp=F33A top=61BF/60B0/60CA bank=0B/0B px=3333 enabled=33 pidx=33
FORCE_ENTRY pc=61B0 sp=F33C top=60B0/60D5/0468 bank=0B/0B px=3333 enabled=33 pidx=33
RESCALL_ENTRY pc=C1B7 sp=F33A top=61BF/60B0/60D5 bank=0B/0B px=3333 enabled=33 pidx=33
RESCALL_EXIT pc=C1F4 sp=F33A top=61BF/60B0/60D5 bank=0B/0B px=3333 enabled=33 pidx=33
FORCE_ENTRY pc=61B0 sp=F33E top=60B0/60DF/0468 bank=0B/0B px=3333 enabled=33 pidx=33
RESCALL_ENTRY pc=C1B7 sp=F33C top=61BF/60B0/60DF bank=0B/0B px=3333 enabled=33 pidx=33
RESCALL_EXIT pc=C1F4 sp=F33C top=61BF/60B0/60DF bank=0B/0B px=3333 enabled=33 pidx=33
FORCE_ENTRY pc=61B0 sp=F33C top=60B0/60E9/0468 bank=0B/0B px=3333 enabled=33 pidx=33
RESCALL_ENTRY pc=C1B7 sp=F33A top=61BF/60B0/60E9 bank=0B/0B px=3333 enabled=33 pidx=33
RESCALL_EXIT pc=C1F4 sp=F33A top=61BF/60B0/60E9 bank=0B/0B px=3333 enabled=33 pidx=33
FORCE_ENTRY pc=61B0 sp=F33C top=60B0/60F4/0468 bank=0B/0B px=3333 enabled=33 pidx=33
RESCALL_ENTRY pc=C1B7 sp=F33A top=61BF/60B0/60F4 bank=0B/0B px=3333 enabled=33 pidx=33
RESCALL_EXIT pc=C1F4 sp=F33A top=61BF/60B0/60F4 bank=0B/0B px=3333 enabled=33 pidx=33
FORCE_ENTRY pc=61B0 sp=F33E top=60B0/60FE/0468 bank=0B/0B px=3333 enabled=33 pidx=33
RESCALL_ENTRY pc=C1B7 sp=F33C top=61BF/60B0/60FE bank=0B/0B px=3333 enabled=33 pidx=33
RESCALL_EXIT pc=C1F4 sp=F33C top=61BF/60B0/60FE bank=0B/0B px=3333 enabled=33 pidx=33
FORCE_ENTRY pc=61B0 sp=F33C top=60B0/60CA/0540 bank=0B/0B px=3333 enabled=33 pidx=33
RESCALL_ENTRY pc=C1B7 sp=F33A top=61BF/60B0/60CA bank=0B/0B px=3333 enabled=33 pidx=33
RESCALL_EXIT pc=C1F4 sp=F33A top=61BF/60B0/60CA bank=0B/0B px=3333 enabled=33 pidx=33
FORCE_ENTRY pc=61B0 sp=F33C top=60B0/60D5/0540 bank=0B/0B px=3333 enabled=33 pidx=33
RESCALL_ENTRY pc=C1B7 sp=F33A top=61BF/60B0/60D5 bank=0B/0B px=3333 enabled=33 pidx=33
RESCALL_EXIT pc=C1F4 sp=F33A top=61BF/60B0/60D5 bank=0B/0B px=3333 enabled=33 pidx=33
FORCE_ENTRY pc=61B0 sp=F33E top=60B0/60DF/0540 bank=0B/0B px=3333 enabled=33 pidx=33
RESCALL_ENTRY pc=C1B7 sp=F33C top=61BF/60B0/60DF bank=0B/0B px=3333 enabled=33 pidx=33
RESCALL_EXIT pc=C1F4 sp=F33C top=61BF/60B0/60DF bank=0B/0B px=3333 enabled=33 pidx=33
FORCE_ENTRY pc=61B0 sp=F33C top=60B0/60E9/0540 bank=0B/0B px=3333 enabled=33 pidx=33
RESCALL_ENTRY pc=C1B7 sp=F33A top=61BF/60B0/60E9 bank=0B/0B px=3333 enabled=33 pidx=33
RESCALL_EXIT pc=C1F4 sp=F33A top=61BF/60B0/60E9 bank=0B/0B px=3333 enabled=33 pidx=33
FORCE_ENTRY pc=61B0 sp=F33C top=60B0/60F4/0540 bank=0B/0B px=3333 enabled=33 pidx=33
RESCALL_ENTRY pc=C1B7 sp=F33A top=61BF/60B0/60F4 bank=0B/0B px=3333 enabled=33 pidx=33
RESCALL_EXIT pc=C1F4 sp=F33A top=61BF/60B0/60F4 bank=0B/0B px=3333 enabled=33 pidx=33
FORCE_ENTRY pc=61B0 sp=F33E top=60B0/60FE/0540 bank=0B/0B px=3333 enabled=33 pidx=33
RESCALL_ENTRY pc=C1B7 sp=F33C top=61BF/60B0/60FE bank=0B/0B px=3333 enabled=33 pidx=33
RESCALL_EXIT pc=C1F4 sp=F33C top=61BF/60B0/60FE bank=0B/0B px=3333 enabled=33 pidx=33
RESCALL_EXIT pc=C1F4 sp=F360 top=61AF/600F/C156 bank=0B/0B px=3333 enabled=33 pidx=33
AFTER_FORCE_CALL pc=61AF sp=F362 top=600F/C156/0044 bank=0B/0B px=3333 enabled=33 pidx=33
RESCALL_ENTRY pc=C1B7 sp=F360 top=66A2/6003/C156 bank=06/06 px=3333 enabled=33 pidx=33
AFTER_FORCE_CALL pc=61AF sp=F352 top=C156/0044/C156 bank=07/07 px=3333 enabled=33 pidx=33
RESCALL_ENTRY pc=C1B7 sp=F34E top=636A/61FF/C156 bank=07/07 px=3333 enabled=33 pidx=33
RESCALL_EXIT pc=C1F4 sp=F34E top=636A/61FF/C156 bank=07/07 px=3333 enabled=33 pidx=33
RESCALL_EXIT pc=C1F4 sp=F360 top=66A2/6003/C156 bank=06/06 px=3333 enabled=33 pidx=33
RESCALL_ENTRY pc=C1B7 sp=F35E top=66B2/60D0/60A5 bank=06/06 px=0000 enabled=00 pidx=FF
RESCALL_EXIT pc=C1F4 sp=F35E top=66B2/60D0/60A5 bank=06/06 px=0000 enabled=00 pidx=FF
RESCALL_ENTRY pc=C1B7 sp=F35E top=66C2/60D9/60A5 bank=06/06 px=0000 enabled=00 pidx=FF
RESCALL_EXIT pc=C1F4 sp=F35E top=66C2/60D9/60A5 bank=06/06 px=0000 enabled=00 pidx=FF
RESCALL_ENTRY pc=C1B7 sp=F35E top=66D2/6182/60A5 bank=06/06 px=0000 enabled=00 pidx=FF
FORCE_ENTRY pc=61B0 sp=F358 top=50CE/C1DF/0644 bank=00/00 px=0000 enabled=00 pidx=FF
RESCALL_EXIT pc=C1F4 sp=F35E top=66D2/6182/60A5 bank=06/06 px=0000 enabled=00 pidx=FF
REFRESH_ENTRY pc=6195 sp=F362 top=60A5/C156/0044 bank=06/06 px=0000 enabled=00 pidx=FF
RESCALL_ENTRY pc=C1B7 sp=F35C top=66B2/60D0/6198 bank=06/06 px=0000 enabled=00 pidx=FF
RESCALL_EXIT pc=C1F4 sp=F35C top=66B2/60D0/6198 bank=06/06 px=0000 enabled=00 pidx=FF
RESCALL_ENTRY pc=C1B7 sp=F35C top=66C2/60D9/6198 bank=06/06 px=0000 enabled=00 pidx=FF
RESCALL_EXIT pc=C1F4 sp=F35C top=66C2/60D9/6198 bank=06/06 px=0000 enabled=00 pidx=FF
RESCALL_ENTRY pc=C1B7 sp=F35C top=66D2/6182/6198 bank=06/06 px=0000 enabled=00 pidx=FF
FORCE_ENTRY pc=61B0 sp=F356 top=50CE/C1DF/0644 bank=00/00 px=0000 enabled=00 pidx=FF
RESCALL_EXIT pc=C1F4 sp=F35C top=66D2/6182/6198 bank=06/06 px=0000 enabled=00 pidx=FF
REFRESH_ENTRY pc=6195 sp=F360 top=6198/60A5/C156 bank=06/06 px=0000 enabled=00 pidx=FF
RESCALL_ENTRY pc=C1B7 sp=F35A top=66B2/60D0/6198 bank=06/06 px=0000 enabled=00 pidx=FF
RESCALL_EXIT pc=C1F4 sp=F35A top=66B2/60D0/6198 bank=06/06 px=0000 enabled=00 pidx=FF
RESCALL_ENTRY pc=C1B7 sp=F35A top=66C2/60D9/6198 bank=06/06 px=0000 enabled=00 pidx=FF
RESCALL_EXIT pc=C1F4 sp=F35A top=66C2/60D9/6198 bank=06/06 px=0000 enabled=00 pidx=FF
RESCALL_ENTRY pc=C1B7 sp=F35A top=66D2/6182/6198 bank=06/06 px=0000 enabled=00 pidx=FF
FORCE_ENTRY pc=61B0 sp=F354 top=50CE/C1DF/0644 bank=00/00 px=0000 enabled=00 pidx=FF
RESCALL_EXIT pc=C1F4 sp=F35A top=66D2/6182/6198 bank=06/06 px=0000 enabled=00 pidx=FF
REFRESH_ENTRY pc=6195 sp=F35E top=6198/6198/60A5 bank=06/06 px=0000 enabled=00 pidx=FF
RESCALL_ENTRY pc=C1B7 sp=F358 top=66B2/60D0/6198 bank=06/06 px=0000 enabled=00 pidx=FF
RESCALL_EXIT pc=C1F4 sp=F358 top=66B2/60D0/6198 bank=06/06 px=0000 enabled=00 pidx=FF
RESCALL_ENTRY pc=C1B7 sp=F358 top=66C2/60D9/6198 bank=06/06 px=0000 enabled=00 pidx=FF
RESCALL_EXIT pc=C1F4 sp=F358 top=66C2/60D9/6198 bank=06/06 px=0000 enabled=00 pidx=FF
RESCALL_ENTRY pc=C1B7 sp=F358 top=66D2/6182/6198 bank=06/06 px=0000 enabled=00 pidx=FF
FORCE_ENTRY pc=61B0 sp=F352 top=50CE/C1DF/0644 bank=00/00 px=0000 enabled=00 pidx=FF
RESCALL_EXIT pc=C1F4 sp=F358 top=66D2/6182/6198 bank=06/06 px=0000 enabled=00 pidx=FF
REFRESH_ENTRY pc=6195 sp=F35C top=6198/6198/6198 bank=06/06 px=0000 enabled=00 pidx=FF
RESCALL_ENTRY pc=C1B7 sp=F356 top=66B2/60D0/6198 bank=06/06 px=0000 enabled=00 pidx=FF
RESCALL_EXIT pc=C1F4 sp=F356 top=66B2/60D0/6198 bank=06/06 px=0000 enabled=00 pidx=FF
RESCALL_ENTRY pc=C1B7 sp=F356 top=66C2/60D9/6198 bank=06/06 px=0000 enabled=00 pidx=FF
RESCALL_EXIT pc=C1F4 sp=F356 top=66C2/60D9/6198 bank=06/06 px=0000 enabled=00 pidx=FF
RESCALL_ENTRY pc=C1B7 sp=F356 top=66D2/6182/6198 bank=06/06 px=0000 enabled=00 pidx=FF
FORCE_ENTRY pc=61B0 sp=F350 top=50CE/C1DF/0644 bank=00/00 px=0000 enabled=00 pidx=FF
RESCALL_EXIT pc=C1F4 sp=F356 top=66D2/6182/6198 bank=06/06 px=0000 enabled=00 pidx=FF
REFRESH_ENTRY pc=6195 sp=F35A top=6198/6198/6198 bank=06/06 px=0000 enabled=00 pidx=FF
RESCALL_ENTRY pc=C1B7 sp=F354 top=66B2/60D0/6198 bank=06/06 px=0000 enabled=00 pidx=FF
RESCALL_EXIT pc=C1F4 sp=F354 top=66B2/60D0/6198 bank=06/06 px=0000 enabled=00 pidx=FF
RESCALL_ENTRY pc=C1B7 sp=F354 top=66C2/60D9/6198 bank=06/06 px=0000 enabled=00 pidx=FF
RESCALL_EXIT pc=C1F4 sp=F354 top=66C2/60D9/6198 bank=06/06 px=0000 enabled=00 pidx=FF
RESCALL_ENTRY pc=C1B7 sp=F354 top=66D2/6182/6198 bank=06/06 px=0000 enabled=00 pidx=FF
FORCE_ENTRY pc=61B0 sp=F34E top=50CE/C1DF/0644 bank=00/00 px=0000 enabled=00 pidx=FF
RESCALL_EXIT pc=C1F4 sp=F354 top=66D2/6182/6198 bank=06/06 px=0000 enabled=00 pidx=FF
REFRESH_ENTRY pc=6195 sp=F358 top=6198/6198/6198 bank=06/06 px=0000 enabled=00 pidx=FF
RESCALL_ENTRY pc=C1B7 sp=F352 top=66B2/60D0/6198 bank=06/06 px=0000 enabled=00 pidx=FF
RESCALL_EXIT pc=C1F4 sp=F352 top=66B2/60D0/6198 bank=06/06 px=0000 enabled=00 pidx=FF
RESCALL_ENTRY pc=C1B7 sp=F352 top=66C2/60D9/6198 bank=06/06 px=0000 enabled=00 pidx=FF
RESCALL_EXIT pc=C1F4 sp=F352 top=66C2/60D9/6198 bank=06/06 px=0000 enabled=00 pidx=FF
RESCALL_ENTRY pc=C1B7 sp=F352 top=66D2/6182/6198 bank=06/06 px=0000 enabled=00 pidx=FF
FORCE_ENTRY pc=61B0 sp=F34C top=50CE/C1DF/0644 bank=00/00 px=0000 enabled=00 pidx=FF
RESCALL_EXIT pc=C1F4 sp=F352 top=66D2/6182/6198 bank=06/06 px=0000 enabled=00 pidx=FF
REFRESH_ENTRY pc=6195 sp=F356 top=6198/6198/6198 bank=06/06 px=0000 enabled=00 pidx=FF
RESCALL_ENTRY pc=C1B7 sp=F350 top=66B2/60D0/6198 bank=06/06 px=0000 enabled=00 pidx=FF
RESCALL_EXIT pc=C1F4 sp=F350 top=66B2/60D0/6198 bank=06/06 px=0000 enabled=00 pidx=FF
RESCALL_ENTRY pc=C1B7 sp=F350 top=66C2/60D9/6198 bank=06/06 px=0000 enabled=00 pidx=FF
RESCALL_EXIT pc=C1F4 sp=F350 top=66C2/60D9/6198 bank=06/06 px=0000 enabled=00 pidx=FF
RESCALL_ENTRY pc=C1B7 sp=F350 top=66D2/6182/6198 bank=06/06 px=0000 enabled=00 pidx=FF
FORCE_ENTRY pc=61B0 sp=F34A top=50CE/C1DF/0644 bank=00/00 px=0000 enabled=00 pidx=FF
RESCALL_EXIT pc=C1F4 sp=F350 top=66D2/6182/6198 bank=06/06 px=0000 enabled=00 pidx=FF
REFRESH_ENTRY pc=6195 sp=F354 top=6198/6198/6198 bank=06/06 px=0000 enabled=00 pidx=FF
RESCALL_ENTRY pc=C1B7 sp=F34E top=66B2/60D0/6198 bank=06/06 px=0000 enabled=00 pidx=FF
RESCALL_EXIT pc=C1F4 sp=F34E top=66B2/60D0/6198 bank=06/06 px=0000 enabled=00 pidx=FF
RESCALL_ENTRY pc=C1B7 sp=F34E top=66C2/60D9/6198 bank=06/06 px=0000 enabled=00 pidx=FF
RESCALL_EXIT pc=C1F4 sp=F34E top=66C2/60D9/6198 bank=06/06 px=0000 enabled=00 pidx=FF
RESCALL_ENTRY pc=C1B7 sp=F34E top=66D2/6182/6198 bank=06/06 px=0000 enabled=00 pidx=FF
FORCE_ENTRY pc=61B0 sp=F348 top=50CE/C1DF/0644 bank=00/00 px=0000 enabled=00 pidx=FF
RESCALL_EXIT pc=C1F4 sp=F34E top=66D2/6182/6198 bank=06/06 px=0000 enabled=00 pidx=FF
REFRESH_ENTRY pc=6195 sp=F352 top=6198/6198/6198 bank=06/06 px=0000 enabled=00 pidx=FF
RESCALL_ENTRY pc=C1B7 sp=F34C top=66B2/60D0/6198 bank=06/06 px=0000 enabled=00 pidx=FF
RESCALL_EXIT pc=C1F4 sp=F34C top=66B2/60D0/6198 bank=06/06 px=0000 enabled=00 pidx=FF
RESCALL_ENTRY pc=C1B7 sp=F34C top=66C2/60D9/6198 bank=06/06 px=0000 enabled=00 pidx=FF
RESCALL_EXIT pc=C1F4 sp=F34C top=66C2/60D9/6198 bank=06/06 px=0000 enabled=00 pidx=FF
RESCALL_ENTRY pc=C1B7 sp=F34C top=66D2/6182/6198 bank=06/06 px=0000 enabled=00 pidx=FF
FORCE_ENTRY pc=61B0 sp=F346 top=50CE/C1DF/0644 bank=00/00 px=0000 enabled=00 pidx=FF
RESCALL_EXIT pc=C1F4 sp=F34C top=66D2/6182/6198 bank=06/06 px=0000 enabled=00 pidx=FF
REFRESH_ENTRY pc=6195 sp=F350 top=6198/6198/6198 bank=06/06 px=0000 enabled=00 pidx=FF
RESCALL_ENTRY pc=C1B7 sp=F34A top=66B2/60D0/6198 bank=06/06 px=0000 enabled=00 pidx=FF
RESCALL_EXIT pc=C1F4 sp=F34A top=66B2/60D0/6198 bank=06/06 px=0000 enabled=00 pidx=FF
RESCALL_ENTRY pc=C1B7 sp=F34A top=66C2/60D9/6198 bank=06/06 px=0000 enabled=00 pidx=FF
RESCALL_EXIT pc=C1F4 sp=F34A top=66C2/60D9/6198 bank=06/06 px=0000 enabled=00 pidx=FF
RESCALL_ENTRY pc=C1B7 sp=F34A top=66D2/6182/6198 bank=06/06 px=0000 enabled=00 pidx=FF
FORCE_ENTRY pc=61B0 sp=F344 top=50CE/C1DF/0644 bank=00/00 px=0000 enabled=00 pidx=FF
RESCALL_EXIT pc=C1F4 sp=F34A top=66D2/6182/6198 bank=06/06 px=0000 enabled=00 pidx=FF
REFRESH_ENTRY pc=6195 sp=F34E top=6198/6198/6198 bank=06/06 px=0000 enabled=00 pidx=FF
RESCALL_ENTRY pc=C1B7 sp=F348 top=66B2/60D0/6198 bank=06/06 px=0000 enabled=00 pidx=FF
RESCALL_EXIT pc=C1F4 sp=F348 top=66B2/60D0/6198 bank=06/06 px=0000 enabled=00 pidx=FF
RESCALL_ENTRY pc=C1B7 sp=F348 top=66C2/60D9/6198 bank=06/06 px=0000 enabled=00 pidx=FF
RESCALL_EXIT pc=C1F4 sp=F348 top=66C2/60D9/6198 bank=06/06 px=0000 enabled=00 pidx=FF
RESCALL_ENTRY pc=C1B7 sp=F348 top=66D2/6182/6198 bank=06/06 px=0000 enabled=00 pidx=FF
FORCE_ENTRY pc=61B0 sp=F342 top=50CE/C1DF/0644 bank=00/00 px=0000 enabled=00 pidx=FF
RESCALL_EXIT pc=C1F4 sp=F348 top=66D2/6182/6198 bank=06/06 px=0000 enabled=00 pidx=FF
REFRESH_ENTRY pc=6195 sp=F34C top=6198/6198/6198 bank=06/06 px=0000 enabled=00 pidx=FF
RESCALL_ENTRY pc=C1B7 sp=F346 top=66B2/60D0/6198 bank=06/06 px=0000 enabled=00 pidx=FF
RESCALL_EXIT pc=C1F4 sp=F346 top=66B2/60D0/6198 bank=06/06 px=0000 enabled=00 pidx=FF
RESCALL_ENTRY pc=C1B7 sp=F346 top=66C2/60D9/6198 bank=06/06 px=0000 enabled=00 pidx=FF
RESCALL_EXIT pc=C1F4 sp=F346 top=66C2/60D9/6198 bank=06/06 px=0000 enabled=00 pidx=FF
RESCALL_ENTRY pc=C1B7 sp=F346 top=66D2/6182/6198 bank=06/06 px=0000 enabled=00 pidx=FF
FORCE_ENTRY pc=61B0 sp=F340 top=50CE/C1DF/0644 bank=00/00 px=0000 enabled=00 pidx=FF
RESCALL_EXIT pc=C1F4 sp=F346 top=66D2/6182/6198 bank=06/06 px=0000 enabled=00 pidx=FF
REFRESH_ENTRY pc=6195 sp=F34A top=6198/6198/6198 bank=06/06 px=0000 enabled=00 pidx=FF
RESCALL_ENTRY pc=C1B7 sp=F344 top=66B2/60D0/6198 bank=06/06 px=0000 enabled=00 pidx=FF
RESCALL_EXIT pc=C1F4 sp=F344 top=66B2/60D0/6198 bank=06/06 px=0000 enabled=00 pidx=FF
RESCALL_ENTRY pc=C1B7 sp=F344 top=66C2/60D9/6198 bank=06/06 px=0000 enabled=00 pidx=FF
RESCALL_EXIT pc=C1F4 sp=F344 top=66C2/60D9/6198 bank=06/06 px=0000 enabled=00 pidx=FF
RESCALL_ENTRY pc=C1B7 sp=F344 top=66D2/6182/6198 bank=06/06 px=0000 enabled=00 pidx=FF
FORCE_ENTRY pc=61B0 sp=F33E top=50CE/C1DF/0644 bank=00/00 px=0000 enabled=00 pidx=FF
RESCALL_EXIT pc=C1F4 sp=F344 top=66D2/6182/6198 bank=06/06 px=0000 enabled=00 pidx=FF
REFRESH_ENTRY pc=6195 sp=F348 top=6198/6198/6198 bank=06/06 px=0000 enabled=00 pidx=FF
RESCALL_ENTRY pc=C1B7 sp=F342 top=66B2/60D0/6198 bank=06/06 px=0000 enabled=00 pidx=FF
RESCALL_EXIT pc=C1F4 sp=F342 top=66B2/60D0/6198 bank=06/06 px=0000 enabled=00 pidx=FF
RESCALL_ENTRY pc=C1B7 sp=F342 top=66C2/60D9/6198 bank=06/06 px=0000 enabled=00 pidx=FF
RESCALL_EXIT pc=C1F4 sp=F342 top=66C2/60D9/6198 bank=06/06 px=0000 enabled=00 pidx=FF
RESCALL_ENTRY pc=C1B7 sp=F342 top=66D2/6182/6198 bank=06/06 px=0000 enabled=00 pidx=FF
FORCE_ENTRY pc=61B0 sp=F33C top=50CE/C1DF/0644 bank=00/00 px=0000 enabled=00 pidx=FF
RESCALL_EXIT pc=C1F4 sp=F342 top=66D2/6182/6198 bank=06/06 px=0000 enabled=00 pidx=FF
REFRESH_ENTRY pc=6195 sp=F346 top=6198/6198/6198 bank=06/06 px=0000 enabled=00 pidx=FF
RESCALL_ENTRY pc=C1B7 sp=F340 top=66B2/60D0/6198 bank=06/06 px=0000 enabled=00 pidx=FF
RESCALL_EXIT pc=C1F4 sp=F340 top=66B2/60D0/6198 bank=06/06 px=0000 enabled=00 pidx=FF
RESCALL_ENTRY pc=C1B7 sp=F340 top=66C2/60D9/6198 bank=06/06 px=0000 enabled=00 pidx=FF
RESCALL_EXIT pc=C1F4 sp=F340 top=66C2/60D9/6198 bank=06/06 px=0000 enabled=00 pidx=FF
RESCALL_ENTRY pc=C1B7 sp=F340 top=66D2/6182/6198 bank=06/06 px=0000 enabled=00 pidx=FF
FORCE_ENTRY pc=61B0 sp=F33A top=50CE/C1DF/0644 bank=00/00 px=0000 enabled=00 pidx=FF
RESCALL_EXIT pc=C1F4 sp=F340 top=66D2/6182/6198 bank=06/06 px=0000 enabled=00 pidx=FF
REFRESH_ENTRY pc=6195 sp=F344 top=6198/6198/6198 bank=06/06 px=0000 enabled=00 pidx=FF
RESCALL_ENTRY pc=C1B7 sp=F33E top=66B2/60D0/6198 bank=06/06 px=0000 enabled=00 pidx=FF
RESCALL_EXIT pc=C1F4 sp=F33E top=66B2/60D0/6198 bank=06/06 px=0000 enabled=00 pidx=FF
RESCALL_ENTRY pc=C1B7 sp=F33E top=66C2/60D9/6198 bank=06/06 px=0000 enabled=00 pidx=FF
RESCALL_EXIT pc=C1F4 sp=F33E top=66C2/60D9/6198 bank=06/06 px=0000 enabled=00 pidx=FF
RESCALL_ENTRY pc=C1B7 sp=F33E top=66D2/6182/6198 bank=06/06 px=0000 enabled=00 pidx=FF
FORCE_ENTRY pc=61B0 sp=F338 top=50CE/C1DF/0644 bank=00/00 px=0000 enabled=00 pidx=FF
RESCALL_EXIT pc=C1F4 sp=F33E top=66D2/6182/6198 bank=06/06 px=0000 enabled=00 pidx=FF
REFRESH_ENTRY pc=6195 sp=F342 top=6198/6198/6198 bank=06/06 px=0000 enabled=00 pidx=FF
RESCALL_ENTRY pc=C1B7 sp=F33C top=66B2/60D0/6198 bank=06/06 px=0000 enabled=00 pidx=FF
RESCALL_EXIT pc=C1F4 sp=F33C top=66B2/60D0/6198 bank=06/06 px=0000 enabled=00 pidx=FF
RESCALL_EXIT pc=C1F4 sp=F33C top=66C2/60D9/6198 bank=06/06 px=0000 enabled=00 pidx=FF
FORCE_ENTRY pc=61B0 sp=F336 top=50CE/C1DF/0644 bank=00/00 px=0000 enabled=00 pidx=FF
REFRESH_ENTRY pc=6195 sp=F340 top=6198/6198/6198 bank=06/06 px=0000 enabled=00 pidx=FF
FORCE_ENTRY pc=61B0 sp=F334 top=50CE/C1DF/0644 bank=00/00 px=0000 enabled=00 pidx=FF
REFRESH_ENTRY pc=6195 sp=F33E top=6198/6198/6198 bank=06/06 px=0000 enabled=00 pidx=FF
FORCE_ENTRY pc=61B0 sp=F332 top=50CE/C1DF/0644 bank=00/00 px=0000 enabled=00 pidx=FF
REFRESH_ENTRY pc=6195 sp=F33C top=6198/6198/6198 bank=06/06 px=0000 enabled=00 pidx=FF
FORCE_ENTRY pc=61B0 sp=F330 top=50CE/C1DF/0644 bank=00/00 px=0000 enabled=00 pidx=FF
REFRESH_ENTRY pc=6195 sp=F33A top=6198/6198/6198 bank=06/06 px=0000 enabled=00 pidx=FF
FORCE_ENTRY pc=61B0 sp=F32E top=50CE/C1DF/0644 bank=00/00 px=0000 enabled=00 pidx=FF
REFRESH_ENTRY pc=6195 sp=F338 top=6198/6198/6198 bank=06/06 px=0000 enabled=00 pidx=FF
REFRESH_ENTRY pc=6195 sp=F336 top=6198/6198/6198 bank=06/06 px=0000 enabled=00 pidx=FF
REFRESH_ENTRY pc=6195 sp=F334 top=6198/6198/6198 bank=06/06 px=0000 enabled=00 pidx=FF
REFRESH_ENTRY pc=6195 sp=F332 top=6198/6198/6198 bank=06/06 px=0000 enabled=00 pidx=FF
REFRESH_ENTRY pc=6195 sp=F330 top=6198/6198/6198 bank=06/06 px=0000 enabled=00 pidx=FF
REFRESH_ENTRY pc=6195 sp=F32E top=6198/6198/6198 bank=06/06 px=0000 enabled=00 pidx=FF
REFRESH_ENTRY pc=6195 sp=F32C top=6198/6198/6198 bank=06/06 px=0000 enabled=00 pidx=FF
REFRESH_ENTRY pc=6195 sp=F32A top=6198/6198/6198 bank=06/06 px=0000 enabled=00 pidx=FF
REFRESH_ENTRY pc=6195 sp=F328 top=6198/6198/6198 bank=06/06 px=0000 enabled=00 pidx=FF
REFRESH_ENTRY pc=6195 sp=F326 top=6198/6198/6198 bank=06/06 px=0000 enabled=00 pidx=FF
REFRESH_ENTRY pc=6195 sp=F324 top=6198/6198/6198 bank=06/06 px=0000 enabled=00 pidx=FF
REFRESH_ENTRY pc=6195 sp=F322 top=6198/6198/6198 bank=06/06 px=0000 enabled=00 pidx=FF
REFRESH_ENTRY pc=6195 sp=F320 top=6198/6198/6198 bank=06/06 px=0000 enabled=00 pidx=FF
REFRESH_ENTRY pc=6195 sp=F31E top=6198/6198/6198 bank=06/06 px=0000 enabled=00 pidx=FF
REFRESH_ENTRY pc=6195 sp=F31C top=6198/6198/6198 bank=06/06 px=0000 enabled=00 pidx=FF
REFRESH_ENTRY pc=6195 sp=F31A top=6198/6198/6198 bank=06/06 px=0000 enabled=00 pidx=FF
REFRESH_ENTRY pc=6195 sp=F318 top=6198/6198/6198 bank=06/06 px=0000 enabled=00 pidx=FF
REFRESH_ENTRY pc=6195 sp=F316 top=6198/6198/6198 bank=06/06 px=0000 enabled=00 pidx=FF
REFRESH_ENTRY pc=6195 sp=F314 top=6198/6198/6198 bank=06/06 px=0000 enabled=00 pidx=FF
space1_before pc=FD9A sp=E334 top=19AB/4010/0104 bank=47/47 px=0000 enabled=00 pidx=FF
space1_after pc=FD9A sp=DFCA top=19AB/4010/0104 bank=47/47 px=F01A enabled=47 pidx=01
space2_before pc=199E sp=C7FC top=47C7/0701/C156 bank=47/47 px=F01A enabled=47 pidx=01
space2_after pc=199E sp=C492 top=47C7/0701/C156 bank=47/47 px=F01A enabled=47 pidx=01
final pc=1B19 sp=F300 top=C9C9/C9C9/C9C9 bank=42/62 px=F01A enabled=47 pidx=01
