? Generating modular ASM files...
? Project: joc_tales_9, Assets: 198, Config: {
  generateUnified: true,
  romMode: 'megarom',
  targetFormat: 'konami',
  executionMode: 'interruptTaskManager',
  autoMegaROM: false
}
? Analysis complete: 1 sprites, 136 tiles
? [MSX GENERATOR] Generating all ASM files...
? Hardware Mode: HYBRID, Optimize: safe
[MSX GENERATOR] ROM config: mode=megarom, mapper=konami, autoMegaROM=false
ÐYZî [INTERRUPT GENERATOR] Generating interrupt.asm...
ƒo. [INTERRUPT GENERATOR] Generated interrupt.asm (22023 chars)
? Analyzing component usage...
? Total entities in project: 1
  - Entity: Player 1 (template: tpl_player)
? Active entities: 1
? Used templates: tpl_player
  ? Analyzing template "Player" for entity "Player 1"
    - Component: comp_pos ? Position
    - Component: comp_render ? Sprite
    - Component: comp_behavior ? Behavior
    - Component: comp_health ? Health
    - Component: comp_deadly_tiles ? DeadlyTiles
    - Component: comp_tile_collector ? TileInteraction
    - Component: comp_jump ? Jump
    - Component: comp_gravity ? Gravity
    - Component: comp_animation ? Animation
    - Component: comp_collision ? Collision
    - Component: comp_carry ? Carry
    - Component: comp_player_input ? Input
    - Component: comp_statemachine ? StateMachine
    - Component: comp_cursors ? Cursors
    - Component: comp_wall_collision ? WallCollision
    - Override: comp_render ? Sprite
    - Override: comp_statemachine ? StateMachine
? Component usage summary:
  - Total used components: 15
    • Position: 1 entities
    • Sprite: 1 entities
    • Behavior: 1 entities
    • Health: 1 entities
    • DeadlyTiles: 1 entities
    • TileInteraction: 1 entities
    • Jump: 1 entities
    • Gravity: 1 entities
    • Animation: 1 entities
    • Collision: 1 entities
    • Carry: 1 entities
    • Input: 1 entities
    • StateMachine: 1 entities
    • Cursors: 1 entities
    • WallCollision: 1 entities
? Generating optimized components.asm...
  - Active entities: 1 
  - Used components: Position, Sprite, Behavior, Health, DeadlyTiles, TileInteraction, Jump, Gravity, Animation, Collision, Carry, Input, StateMachine, Cursors, WallCollision 
  - Dynamic platform riding: STUB 
  - Filtered out: 12 unused components
? Analyzing component usage...
? Total entities in project: 1
  - Entity: Player 1 (template: tpl_player)
? Active entities: 1
? Used templates: tpl_player
  ? Analyzing template "Player" for entity "Player 1"
    - Component: comp_pos ? Position
    - Component: comp_render ? Sprite
    - Component: comp_behavior ? Behavior
    - Component: comp_health ? Health
    - Component: comp_deadly_tiles ? DeadlyTiles
    - Component: comp_tile_collector ? TileInteraction
    - Component: comp_jump ? Jump
    - Component: comp_gravity ? Gravity
    - Component: comp_animation ? Animation
    - Component: comp_collision ? Collision
    - Component: comp_carry ? Carry
    - Component: comp_player_input ? Input
    - Component: comp_statemachine ? StateMachine
    - Component: comp_cursors ? Cursors
    - Component: comp_wall_collision ? WallCollision
    - Override: comp_render ? Sprite
    - Override: comp_statemachine ? StateMachine
? Component usage summary:
  - Total used components: 15
    • Position: 1 entities
    • Sprite: 1 entities
    • Behavior: 1 entities
    • Health: 1 entities
    • DeadlyTiles: 1 entities
    • TileInteraction: 1 entities
    • Jump: 1 entities
    • Gravity: 1 entities
    • Animation: 1 entities
    • Collision: 1 entities
    • Carry: 1 entities
    • Input: 1 entities
    • StateMachine: 1 entities
    • Cursors: 1 entities
    • WallCollision: 1 entities
? Generating optimized entities.asm...
  - Total entity templates in JSON: 17
  - Actually instantiated entities: 1
  - Used entity templates: 1
  - Filtered out: 16 unused templates
? First tile structure check: {
  tileId: 'pngmsx_boss_empedocles_rodillas_antes_golpe_1777832954692_b0_t17',
  position: { x: 0, y: 23 },
  banksCount: 3,
  banks: [
    {
      name: 'Bank 0 - HUD/Fonts',
      assignedTileIds: [Array],
      hasThisTile: true,
      assignedTilesType: 'object',
      assignedTilesSample: [Array]
    },
    {
      name: 'Bank 1 - Game Tileset',
      assignedTileIds: [Array],
      hasThisTile: true,
      assignedTilesType: 'object',
      assignedTilesSample: [Array]
    },
    {
      name: 'Bank 2 - Background/Status',
      assignedTileIds: [Array],
      hasThisTile: true,
      assignedTilesType: 'object',
      assignedTilesSample: [Array]
    }
  ]
}
? generateSpritesFile() called:
  - analysis.sprites.length: 1
  - expandedSprites.length: 1
  - analysis.entities.length: 1
  - analysis.templates.length: 17
? Analyzing component usage...
? Total entities in project: 1
  - Entity: Player 1 (template: tpl_player)
? Active entities: 1
? Used templates: tpl_player
  ? Analyzing template "Player" for entity "Player 1"
    - Component: comp_pos ? Position
    - Component: comp_render ? Sprite
    - Component: comp_behavior ? Behavior
    - Component: comp_health ? Health
    - Component: comp_deadly_tiles ? DeadlyTiles
    - Component: comp_tile_collector ? TileInteraction
    - Component: comp_jump ? Jump
    - Component: comp_gravity ? Gravity
    - Component: comp_animation ? Animation
    - Component: comp_collision ? Collision
    - Component: comp_carry ? Carry
    - Component: comp_player_input ? Input
    - Component: comp_statemachine ? StateMachine
    - Component: comp_cursors ? Cursors
    - Component: comp_wall_collision ? WallCollision
    - Override: comp_render ? Sprite
    - Override: comp_statemachine ? StateMachine
? Component usage summary:
  - Total used components: 15
    • Position: 1 entities
    • Sprite: 1 entities
    • Behavior: 1 entities
    • Health: 1 entities
    • DeadlyTiles: 1 entities
    • TileInteraction: 1 entities
    • Jump: 1 entities
    • Gravity: 1 entities
    • Animation: 1 entities
    • Collision: 1 entities
    • Carry: 1 entities
    • Input: 1 entities
    • StateMachine: 1 entities
    • Cursors: 1 entities
    • WallCollision: 1 entities
  - activeEntities.length: 1

? getEntitySpriteInfo for entity: "Player 1" (template: tpl_player)
   Available sprites: "New Sprite" (sprite_1777833184355)
   Template found: "Player"
   Template components: comp_pos, comp_render, comp_behavior, comp_health, comp_deadly_tiles, comp_tile_collector, comp_jump, comp_gravity, comp_animation, comp_collision, comp_carry, comp_player_input, comp_statemachine, comp_cursors, comp_wall_collision
   ? Found spriteAssetId in overrides: "sprite_1777833184355"
   Resolved spriteAssetId: "sprite_1777833184355"
   ? Found sprite "New Sprite" at index 0
? [HUD Generator] Total screens: 1
  ? Screen "New Playable Screen" (screenmap_1777833014252): hudConfiguration=true, elements=0
? [HUD Generator] Total HUD elements found: 0
? Analyzing component usage...
? Total entities in project: 1
  - Entity: Player 1 (template: tpl_player)
? Active entities: 1
? Used templates: tpl_player
  ? Analyzing template "Player" for entity "Player 1"
    - Component: comp_pos ? Position
    - Component: comp_render ? Sprite
    - Component: comp_behavior ? Behavior
    - Component: comp_health ? Health
    - Component: comp_deadly_tiles ? DeadlyTiles
    - Component: comp_tile_collector ? TileInteraction
    - Component: comp_jump ? Jump
    - Component: comp_gravity ? Gravity
    - Component: comp_animation ? Animation
    - Component: comp_collision ? Collision
    - Component: comp_carry ? Carry
    - Component: comp_player_input ? Input
    - Component: comp_statemachine ? StateMachine
    - Component: comp_cursors ? Cursors
    - Component: comp_wall_collision ? WallCollision
    - Override: comp_render ? Sprite
    - Override: comp_statemachine ? StateMachine
? Component usage summary:
  - Total used components: 15
    • Position: 1 entities
    • Sprite: 1 entities
    • Behavior: 1 entities
    • Health: 1 entities
    • DeadlyTiles: 1 entities
    • TileInteraction: 1 entities
    • Jump: 1 entities
    • Gravity: 1 entities
    • Animation: 1 entities
    • Collision: 1 entities
    • Carry: 1 entities
    • Input: 1 entities
    • StateMachine: 1 entities
    • Cursors: 1 entities
    • WallCollision: 1 entities
? Analyzing component usage...
? Total entities in project: 1
  - Entity: Player 1 (template: tpl_player)
? Active entities: 1
? Used templates: tpl_player
  ? Analyzing template "Player" for entity "Player 1"
    - Component: comp_pos ? Position
    - Component: comp_render ? Sprite
    - Component: comp_behavior ? Behavior
    - Component: comp_health ? Health
    - Component: comp_deadly_tiles ? DeadlyTiles
    - Component: comp_tile_collector ? TileInteraction
    - Component: comp_jump ? Jump
    - Component: comp_gravity ? Gravity
    - Component: comp_animation ? Animation
    - Component: comp_collision ? Collision
    - Component: comp_carry ? Carry
    - Component: comp_player_input ? Input
    - Component: comp_statemachine ? StateMachine
    - Component: comp_cursors ? Cursors
    - Component: comp_wall_collision ? WallCollision
    - Override: comp_render ? Sprite
    - Override: comp_statemachine ? StateMachine
? Component usage summary:
  - Total used components: 15
    • Position: 1 entities
    • Sprite: 1 entities
    • Behavior: 1 entities
    • Health: 1 entities
    • DeadlyTiles: 1 entities
    • TileInteraction: 1 entities
    • Jump: 1 entities
    • Gravity: 1 entities
    • Animation: 1 entities
    • Collision: 1 entities
    • Carry: 1 entities
    • Input: 1 entities
    • StateMachine: 1 entities
    • Cursors: 1 entities
    • WallCollision: 1 entities
? Modular ASM files generated successfully!
? Generated 28 files
? [DEBUG] Files generated: [
  'page0.asm',          'bios.asm',
  'constants.asm',      'variables.asm',
  'mapper.asm',         'resource_ids.asm',
  'resource_table.asm', 'resource_manager.asm',
  'interrupt.asm',      'header.asm',
  'patterns.asm',       'colors.asm',
  'components.asm',     'entities.asm',
  'worlds.asm',         'screens.asm',
  'sprites.asm',        'font.asm',
  'hud.asm',            'menus.asm',
  'sound.asm',          'scroll.asm',
  'animtiles.asm',      'bosses.asm',
  'statemachine.asm',   'gameflow.asm',
  'main.asm',           'unitedFiles.asm'
]
? [DEBUG] interrupt.asm length: 22023
ASM generated: C:\Users\salam\Documents\Programacion\Mideas\server\temp\joc_tales_9_matrix_megarom_konami.asm
Project: joc_tales_9
Assets: 198
ASM chars: 824787
ROM config: mode=megarom, mapper=konami, engine=interruptTaskManager, autoMegaROM=false
Running: C:\Program Files\nodejs\npx.cmd tsc --pretty false --module commonjs --target ES2020 --outDir C:\Users\salam\Documents\Programacion\Mideas\server\temp\tsbuild_skill --moduleResolution node --skipLibCheck --noEmitOnError false utils\msxGenerator\index.ts
Running: node C:\Users\salam\AppData\Local\Temp\tmpdivzltti.cjs C:\Users\salam\Documents\Programacion\Mideas\server\temp\tsbuild_skill\utils\msxGenerator\index.js C:\Users\salam\Downloads\joc_tales_9.json C:\Users\salam\Documents\Programacion\Mideas\server\temp\joc_tales_9_matrix_megarom_konami.asm joc_tales_9 megarom konami interruptTaskManager false
Skipping base SCREEN 2 pattern load for boss_empedocles_rodillas_antes_golpe_B1_072: chars 254/255 are reserved
Skipping base SCREEN 2 pattern load for boss_empedocles_rodillas_antes_golpe_B1_073: chars 254/255 are reserved
Skipping base SCREEN 2 pattern load for boss_empedocles_rodillas_antes_golpe_B1_074: chars 254/255 are reserved
Skipping base SCREEN 2 pattern load for boss_empedocles_rodillas_antes_golpe_B1_075: chars 254/255 are reserved
Skipping base SCREEN 2 pattern load for boss_empedocles_rodillas_antes_golpe_B1_076: chars 254/255 are reserved
Skipping base SCREEN 2 pattern load for boss_empedocles_rodillas_antes_golpe_B1_077: chars 254/255 are reserved
Skipping base SCREEN 2 pattern load for boss_empedocles_rodillas_antes_golpe_B1_078: chars 254/255 are reserved
Skipping base SCREEN 2 pattern load for boss_empedocles_rodillas_antes_golpe_B1_079: chars 254/255 are reserved
Skipping base SCREEN 2 pattern load for boss_empedocles_rodillas_antes_golpe_B1_080: chars 254/255 are reserved
Skipping base SCREEN 2 pattern load for boss_empedocles_rodillas_antes_golpe_B1_081: chars 254/255 are reserved
Skipping base SCREEN 2 color load for boss_empedocles_rodillas_antes_golpe_B1_072: chars 254/255 are reserved
Skipping base SCREEN 2 color load for boss_empedocles_rodillas_antes_golpe_B1_073: chars 254/255 are reserved
Skipping base SCREEN 2 color load for boss_empedocles_rodillas_antes_golpe_B1_074: chars 254/255 are reserved
Skipping base SCREEN 2 color load for boss_empedocles_rodillas_antes_golpe_B1_075: chars 254/255 are reserved
Skipping base SCREEN 2 color load for boss_empedocles_rodillas_antes_golpe_B1_076: chars 254/255 are reserved
Skipping base SCREEN 2 color load for boss_empedocles_rodillas_antes_golpe_B1_077: chars 254/255 are reserved
Skipping base SCREEN 2 color load for boss_empedocles_rodillas_antes_golpe_B1_078: chars 254/255 are reserved
Skipping base SCREEN 2 color load for boss_empedocles_rodillas_antes_golpe_B1_079: chars 254/255 are reserved
Skipping base SCREEN 2 color load for boss_empedocles_rodillas_antes_golpe_B1_080: chars 254/255 are reserved
Skipping base SCREEN 2 color load for boss_empedocles_rodillas_antes_golpe_B1_081: chars 254/255 are reserved
Skipping base SCREEN 2 pattern load for boss_empedocles_rodillas_antes_golpe_B1_072: chars 254/255 are reserved
Skipping base SCREEN 2 pattern load for boss_empedocles_rodillas_antes_golpe_B1_073: chars 254/255 are reserved
Skipping base SCREEN 2 pattern load for boss_empedocles_rodillas_antes_golpe_B1_074: chars 254/255 are reserved
Skipping base SCREEN 2 pattern load for boss_empedocles_rodillas_antes_golpe_B1_075: chars 254/255 are reserved
Skipping base SCREEN 2 pattern load for boss_empedocles_rodillas_antes_golpe_B1_076: chars 254/255 are reserved
Skipping base SCREEN 2 pattern load for boss_empedocles_rodillas_antes_golpe_B1_077: chars 254/255 are reserved
Skipping base SCREEN 2 pattern load for boss_empedocles_rodillas_antes_golpe_B1_078: chars 254/255 are reserved
Skipping base SCREEN 2 pattern load for boss_empedocles_rodillas_antes_golpe_B1_079: chars 254/255 are reserved
Skipping base SCREEN 2 pattern load for boss_empedocles_rodillas_antes_golpe_B1_080: chars 254/255 are reserved
Skipping base SCREEN 2 pattern load for boss_empedocles_rodillas_antes_golpe_B1_081: chars 254/255 are reserved
Skipping base SCREEN 2 color load for boss_empedocles_rodillas_antes_golpe_B1_072: chars 254/255 are reserved
Skipping base SCREEN 2 color load for boss_empedocles_rodillas_antes_golpe_B1_073: chars 254/255 are reserved
Skipping base SCREEN 2 color load for boss_empedocles_rodillas_antes_golpe_B1_074: chars 254/255 are reserved
Skipping base SCREEN 2 color load for boss_empedocles_rodillas_antes_golpe_B1_075: chars 254/255 are reserved
Skipping base SCREEN 2 color load for boss_empedocles_rodillas_antes_golpe_B1_076: chars 254/255 are reserved
Skipping base SCREEN 2 color load for boss_empedocles_rodillas_antes_golpe_B1_077: chars 254/255 are reserved
Skipping base SCREEN 2 color load for boss_empedocles_rodillas_antes_golpe_B1_078: chars 254/255 are reserved
Skipping base SCREEN 2 color load for boss_empedocles_rodillas_antes_golpe_B1_079: chars 254/255 are reserved
Skipping base SCREEN 2 color load for boss_empedocles_rodillas_antes_golpe_B1_080: chars 254/255 are reserved
Skipping base SCREEN 2 color load for boss_empedocles_rodillas_antes_golpe_B1_081: chars 254/255 are reserved
{"outputPath":"C:\\Users\\salam\\Documents\\Programacion\\Mideas\\server\\temp\\joc_tales_9_matrix_megarom_konami_compressed.asm","info":{"attempted":true,"applied":true,"method":"ZX0","candidateScreens":9,"candidateScreenBlockMaps":0,"candidateEffects":0,"candidateBehaviorMaps":0,"candidateTilePatterns":2,"candidateTileColors":2,"candidateFontPatterns":0,"candidateFontColors":0,"candidateSpritePatterns":2,"compressedScreens":7,"compressedScreenBlockMaps":0,"compressedEffects":0,"compressedBehaviorMaps":0,"compressedTilePatterns":2,"compressedTileColors":2,"compressedFontPatterns":0,"compressedFontColors":0,"compressedSpritePatterns":2,"originalBytes":9134,"compressedBytes":2409,"savedBytes":6725,"netSavedBytes":6725,"warning":null,"screenBufferSymbol":null,"effectsBufferSymbol":"runtime_effects_layout","behaviorBufferSymbol":null,"tilePatternBufferSymbol":null,"tileColorBufferSymbol":null,"fontPatternBufferSymbol":null,"fontColorBufferSymbol":null,"spritePatternBufferSymbol":null}}
Running: node C:\Users\salam\AppData\Local\Temp\tmp2l6zj1yw.cjs C:\Users\salam\Documents\Programacion\Mideas\server\server.js C:\Users\salam\Documents\Programacion\Mideas\server\temp\joc_tales_9_matrix_megarom_konami.asm C:\Users\salam\Documents\Programacion\Mideas\server\temp\joc_tales_9_matrix_megarom_konami_compressed.asm C:\Users\salam\Documents\Programacion\Mideas\server\temp
Findings: 6
Mideas blocks: 102
Dead-block candidates: 25 (275 lines, 8727 source bytes)
Mideas block marker errors: 2
Markdown report: C:\Users\salam\Documents\Programacion\Mideas\server\temp\joc_tales_9_matrix_megarom_konami_compressed.post-asm-report.md
JSON report: C:\Users\salam\Documents\Programacion\Mideas\server\temp\joc_tales_9_matrix_megarom_konami_compressed.post-asm-report.json
- [report-only] state-machine-dispatch-handlers Action_Nop:16740-16746 State-machine handler is table-dispatched
- [report-only] state-machine-dispatch-handlers Action_SetVelocity:16747-16823 State-machine handler is table-dispatched
- [report-only] state-machine-dispatch-handlers Condition_Nop:17000-17011 State-machine handler is table-dispatched
- [report-only] state-machine-dispatch-handlers Condition_KeyPressed:17121-17182 State-machine handler is table-dispatched
- [report-only] state-machine-dispatch-handlers Condition_AnimComplete:17183-17205 State-machine handler is table-dispatched
- [report-only] state-machine-dispatch-handlers Condition_VariableCompare:17206-17391 State-machine handler is table-dispatched
Running: C:\Users\salam\AppData\Local\Microsoft\WindowsApps\PythonSoftwareFoundation.Python.3.11_qbz5n2kfra8p0\python.exe C:\Users\salam\Documents\Programacion\Mideas\scripts\post_asm_optimize.py --input C:\Users\salam\Documents\Programacion\Mideas\server\temp\joc_tales_9_matrix_megarom_konami_compressed.asm --rules state-machine-dispatch-handlers --passes 1
Running: java -jar C:\Users\salam\Documents\Programacion\Mideas\server\glass.jar -I C:\Users\salam\Documents\Programacion\Mideas\server C:\Users\salam\Documents\Programacion\Mideas\server\temp\joc_tales_9_matrix_megarom_konami_compressed.asm C:\Users\salam\Documents\Programacion\Mideas\server\temp\joc_tales_9_matrix_megarom_konami.rom C:\Users\salam\Documents\Programacion\Mideas\server\temp\joc_tales_9_matrix_megarom_konami.sym

Done.
Project: joc_tales_9
JSON: C:\Users\salam\Downloads\joc_tales_9.json
ASM: C:\Users\salam\Documents\Programacion\Mideas\server\temp\joc_tales_9_matrix_megarom_konami.asm (824787 chars)
Generated artifacts: C:\Users\salam\Documents\Programacion\Mideas\server\temp\joc_tales_9_matrix_megarom_konami_compressed_generated
ZX0 ASM: C:\Users\salam\Documents\Programacion\Mideas\server\temp\joc_tales_9_matrix_megarom_konami_compressed.asm
ZX0: applied=True, netSavedBytes=6725, warning=none
ROM: C:\Users\salam\Documents\Programacion\Mideas\server\temp\joc_tales_9_matrix_megarom_konami.rom (original=155648 bytes, padded=262144 bytes)
Konami8K validation: segments=32, size=262144 bytes, header=AB, boot maps 6000h=1 8000h=2 A000h=3, resources=15, windowRange=#A000-#A95F
Konami8K artifacts: banks=2, resources=15, codeBanks=16, maxCodeUsed=5928, residentP3Used=0, largeVramResources=0, maxLargeVramRaw=0, tilebankIssueScreens=0, tilebankIssueCells=0, tilebankMissingAssetCells=0, tilebankUnassignedCells=0, manifestV2=mideas-v2:200f1989, packing_manifest.json=ok, manifest_v2.json=ok, banks.json=ok, project_usage.json=ok, load_plan.json=ok, bank_optimizer.json=ok, tilebank_integrity.json=ok, unused_report.txt=ok, segment_budget.json=ok
MegaROM mapper artifacts: format=konami, segmentSize=8192, window=p3/#A000, banks=2, resources=15, manifestV2=mideas-v2:200f1989, tilebankIssueScreens=0, tilebankIssueCells=0, tilebankMissingAssetCells=0, tilebankUnassignedCells=0
Glass: C:\Users\salam\Documents\Programacion\Mideas\server\glass.jar
Generator config: mode=megarom, mapper=konami, engine=interruptTaskManager, autoMegaROM=False
Post-ASM: enabled=False, check_only=True, rules=state-machine-dispatch-handlers, passes=1, strictNoDeadBlocks=False
Post-ASM report: findings=6, applied=0, deadBlocks=25 (275 lines / 8727 bytes), report=C:\Users\salam\Documents\Programacion\Mideas\server\temp\joc_tales_9_matrix_megarom_konami_compressed.post-asm-report.json
OpenMSX smoke lock acquired
OpenMSX smoke attempt 1:
Running: C:\Program Files\openMSX\openmsx.exe -cart C:\Users\salam\Documents\Programacion\Mideas\server\temp\joc_tales_9_matrix_megarom_konami.rom -romtype konami -script C:\Users\salam\Documents\Programacion\Mideas\server\temp\joc_tales_9_matrix_megarom_konami_openmsx_smoke.tcl
OpenMSX smoke: ok, playerX=216->80, movement=ok, romtype=forced, log=C:\Users\salam\Documents\Programacion\Mideas\server\temp\joc_tales_9_matrix_megarom_konami_openmsx_smoke.log, screenshots=C:\Users\salam\Documents\Programacion\Mideas\server\temp\joc_tales_9_matrix_megarom_konami_openmsx_smoke_shots
