volcall01 row=01 cd=07 chA=00 Bvol=0F Creg=00 notes=34/FF/FF inst=01/00/00 vstep=01/00/00
volcall02 row=01 cd=07 chA=01 Bvol=00 Creg=01 notes=34/FF/FF inst=01/00/00 vstep=01/00/00
volcall03 row=01 cd=07 chA=02 Bvol=00 Creg=02 notes=34/FF/FF inst=01/00/00 vstep=01/00/00
volcall04 row=01 cd=06 chA=00 Bvol=0E Creg=00 notes=34/FF/FF inst=01/00/00 vstep=02/00/00
volcall05 row=01 cd=06 chA=01 Bvol=00 Creg=01 notes=34/FF/FF inst=01/00/00 vstep=02/00/00
volcall06 row=01 cd=06 chA=02 Bvol=00 Creg=02 notes=34/FF/FF inst=01/00/00 vstep=02/00/00
volcall07 row=01 cd=05 chA=00 Bvol=0D Creg=00 notes=34/FF/FF inst=01/00/00 vstep=03/00/00
volcall08 row=01 cd=05 chA=01 Bvol=00 Creg=01 notes=34/FF/FF inst=01/00/00 vstep=03/00/00
volcall09 row=01 cd=05 chA=02 Bvol=00 Creg=02 notes=34/FF/FF inst=01/00/00 vstep=03/00/00
volcall10 row=01 cd=04 chA=00 Bvol=0B Creg=00 notes=34/FF/FF inst=01/00/00 vstep=04/00/00
volcall11 row=01 cd=04 chA=01 Bvol=00 Creg=01 notes=34/FF/FF inst=01/00/00 vstep=04/00/00
volcall12 row=01 cd=04 chA=02 Bvol=00 Creg=02 notes=34/FF/FF inst=01/00/00 vstep=04/00/00
volcall13 row=01 cd=03 chA=00 Bvol=09 Creg=00 notes=34/FF/FF inst=01/00/00 vstep=05/00/00
volcall14 row=01 cd=03 chA=01 Bvol=00 Creg=01 notes=34/FF/FF inst=01/00/00 vstep=05/00/00
volcall15 row=01 cd=03 chA=02 Bvol=00 Creg=02 notes=34/FF/FF inst=01/00/00 vstep=05/00/00
volcall16 row=01 cd=02 chA=00 Bvol=07 Creg=00 notes=34/FF/FF inst=01/00/00 vstep=06/00/00
volcall17 row=01 cd=02 chA=01 Bvol=00 Creg=01 notes=34/FF/FF inst=01/00/00 vstep=06/00/00
volcall18 row=01 cd=02 chA=02 Bvol=00 Creg=02 notes=34/FF/FF inst=01/00/00 vstep=06/00/00
volcall19 row=01 cd=01 chA=00 Bvol=05 Creg=00 notes=34/FF/FF inst=01/00/00 vstep=07/00/00
volcall20 row=01 cd=01 chA=01 Bvol=00 Creg=01 notes=34/FF/FF inst=01/00/00 vstep=07/00/00
volcall21 row=01 cd=01 chA=02 Bvol=00 Creg=02 notes=34/FF/FF inst=01/00/00 vstep=07/00/00
volcall22 row=02 cd=07 chA=00 Bvol=0F Creg=00 notes=33/34/FF inst=01/01/00 vstep=01/00/00
volcall23 row=02 cd=07 chA=01 Bvol=0F Creg=01 notes=33/34/FF inst=01/01/00 vstep=01/01/00
volcall24 row=02 cd=07 chA=02 Bvol=00 Creg=02 notes=33/34/FF inst=01/01/00 vstep=01/01/00
volcall25 row=02 cd=06 chA=00 Bvol=0E Creg=00 notes=33/34/FF inst=01/01/00 vstep=02/01/00
volcall26 row=02 cd=06 chA=01 Bvol=0E Creg=01 notes=33/34/FF inst=01/01/00 vstep=02/02/00
volcall27 row=02 cd=06 chA=02 Bvol=00 Creg=02 notes=33/34/FF inst=01/01/00 vstep=02/02/00
volcall28 row=02 cd=05 chA=00 Bvol=0D Creg=00 notes=33/34/FF inst=01/01/00 vstep=03/02/00
volcall29 row=02 cd=05 chA=01 Bvol=0D Creg=01 notes=33/34/FF inst=01/01/00 vstep=03/03/00
volcall30 row=02 cd=05 chA=02 Bvol=00 Creg=02 notes=33/34/FF inst=01/01/00 vstep=03/03/00
volcall31 row=02 cd=04 chA=00 Bvol=0B Creg=00 notes=33/34/FF inst=01/01/00 vstep=04/03/00
volcall32 row=02 cd=04 chA=01 Bvol=0B Creg=01 notes=33/34/FF inst=01/01/00 vstep=04/04/00
volcall33 row=02 cd=04 chA=02 Bvol=00 Creg=02 notes=33/34/FF inst=01/01/00 vstep=04/04/00
volcall34 row=02 cd=03 chA=00 Bvol=09 Creg=00 notes=33/34/FF inst=01/01/00 vstep=05/04/00
volcall35 row=02 cd=03 chA=01 Bvol=09 Creg=01 notes=33/34/FF inst=01/01/00 vstep=05/05/00
volcall36 row=02 cd=03 chA=02 Bvol=00 Creg=02 notes=33/34/FF inst=01/01/00 vstep=05/05/00
volcall37 row=02 cd=02 chA=00 Bvol=07 Creg=00 notes=33/34/FF inst=01/01/00 vstep=06/05/00
volcall38 row=02 cd=02 chA=01 Bvol=07 Creg=01 notes=33/34/FF inst=01/01/00 vstep=06/06/00
volcall39 row=02 cd=02 chA=02 Bvol=00 Creg=02 notes=33/34/FF inst=01/01/00 vstep=06/06/00
volcall40 row=02 cd=01 chA=00 Bvol=05 Creg=00 notes=33/34/FF inst=01/01/00 vstep=07/06/00
volcall41 row=02 cd=01 chA=01 Bvol=05 Creg=01 notes=33/34/FF inst=01/01/00 vstep=07/07/00
volcall42 row=02 cd=01 chA=02 Bvol=00 Creg=02 notes=33/34/FF inst=01/01/00 vstep=07/07/00
volcall43 row=03 cd=07 chA=00 Bvol=0F Creg=00 notes=32/24/FF inst=01/01/00 vstep=01/00/00
volcall44 row=03 cd=07 chA=01 Bvol=0F Creg=01 notes=32/24/FF inst=01/01/00 vstep=01/01/00
volcall45 row=03 cd=07 chA=02 Bvol=00 Creg=02 notes=32/24/FF inst=01/01/00 vstep=01/01/00
volcall46 row=03 cd=06 chA=00 Bvol=0E Creg=00 notes=32/24/FF inst=01/01/00 vstep=02/01/00
volcall47 row=03 cd=06 chA=01 Bvol=0E Creg=01 notes=32/24/FF inst=01/01/00 vstep=02/02/00
volcall48 row=03 cd=06 chA=02 Bvol=00 Creg=02 notes=32/24/FF inst=01/01/00 vstep=02/02/00
volcall49 row=03 cd=05 chA=00 Bvol=0D Creg=00 notes=32/24/FF inst=01/01/00 vstep=03/02/00
volcall50 row=03 cd=05 chA=01 Bvol=0D Creg=01 notes=32/24/FF inst=01/01/00 vstep=03/03/00
volcall51 row=03 cd=05 chA=02 Bvol=00 Creg=02 notes=32/24/FF inst=01/01/00 vstep=03/03/00
volcall52 row=03 cd=04 chA=00 Bvol=0B Creg=00 notes=32/24/FF inst=01/01/00 vstep=04/03/00
volcall53 row=03 cd=04 chA=01 Bvol=0B Creg=01 notes=32/24/FF inst=01/01/00 vstep=04/04/00
volcall54 row=03 cd=04 chA=02 Bvol=00 Creg=02 notes=32/24/FF inst=01/01/00 vstep=04/04/00
volcall55 row=03 cd=03 chA=00 Bvol=09 Creg=00 notes=32/24/FF inst=01/01/00 vstep=05/04/00
volcall56 row=03 cd=03 chA=01 Bvol=09 Creg=01 notes=32/24/FF inst=01/01/00 vstep=05/05/00
volcall57 row=03 cd=03 chA=02 Bvol=00 Creg=02 notes=32/24/FF inst=01/01/00 vstep=05/05/00
volcall58 row=03 cd=02 chA=00 Bvol=07 Creg=00 notes=32/24/FF inst=01/01/00 vstep=06/05/00
volcall59 row=03 cd=02 chA=01 Bvol=07 Creg=01 notes=32/24/FF inst=01/01/00 vstep=06/06/00
volcall60 row=03 cd=02 chA=02 Bvol=00 Creg=02 notes=32/24/FF inst=01/01/00 vstep=06/06/00
volcall61 row=03 cd=01 chA=00 Bvol=05 Creg=00 notes=32/24/FF inst=01/01/00 vstep=07/06/00
volcall62 row=03 cd=01 chA=01 Bvol=05 Creg=01 notes=32/24/FF inst=01/01/00 vstep=07/07/00
volcall63 row=03 cd=01 chA=02 Bvol=00 Creg=02 notes=32/24/FF inst=01/01/00 vstep=07/07/00
volcall64 row=04 cd=07 chA=00 Bvol=03 Creg=00 notes=32/24/FF inst=01/01/00 vstep=08/07/00
volcall65 row=04 cd=07 chA=01 Bvol=03 Creg=01 notes=32/24/FF inst=01/01/00 vstep=08/08/00
volcall66 row=04 cd=07 chA=02 Bvol=00 Creg=02 notes=32/24/FF inst=01/01/00 vstep=08/08/00
volcall67 row=04 cd=06 chA=00 Bvol=02 Creg=00 notes=32/24/FF inst=01/01/00 vstep=09/08/00
volcall68 row=04 cd=06 chA=01 Bvol=02 Creg=01 notes=32/24/FF inst=01/01/00 vstep=09/09/00
volcall69 row=04 cd=06 chA=02 Bvol=00 Creg=02 notes=32/24/FF inst=01/01/00 vstep=09/09/00
volcall70 row=04 cd=05 chA=00 Bvol=01 Creg=00 notes=32/24/FF inst=01/01/00 vstep=0A/09/00
volcall71 row=04 cd=05 chA=01 Bvol=01 Creg=01 notes=32/24/FF inst=01/01/00 vstep=0A/0A/00
volcall72 row=04 cd=05 chA=02 Bvol=00 Creg=02 notes=32/24/FF inst=01/01/00 vstep=0A/0A/00
volcall73 row=04 cd=04 chA=00 Bvol=00 Creg=00 notes=32/24/FF inst=01/01/00 vstep=0B/0A/00
volcall74 row=04 cd=04 chA=01 Bvol=00 Creg=01 notes=32/24/FF inst=01/01/00 vstep=0B/0B/00
volcall75 row=04 cd=04 chA=02 Bvol=00 Creg=02 notes=32/24/FF inst=01/01/00 vstep=0B/0B/00
volcall76 row=04 cd=03 chA=00 Bvol=00 Creg=00 notes=FF/24/FF inst=01/01/00 vstep=0B/0B/00
volcall77 row=04 cd=03 chA=01 Bvol=00 Creg=01 notes=FF/FF/FF inst=01/01/00 vstep=0B/0B/00
volcall78 row=04 cd=03 chA=02 Bvol=00 Creg=02 notes=FF/FF/FF inst=01/01/00 vstep=0B/0B/00
volcall79 row=04 cd=02 chA=00 Bvol=00 Creg=00 notes=FF/FF/FF inst=01/01/00 vstep=0B/0B/00
volcall80 row=04 cd=02 chA=01 Bvol=00 Creg=01 notes=FF/FF/FF inst=01/01/00 vstep=0B/0B/00
