t04 row=01 cd=01 notes=34/FF/FF tone=153/000/000 vol=05/00/00 noise=00 mix=BE
t04_1 row=02 cd=02 notes=33/34/FF tone=168/153/000 vol=07/07/00 noise=00 mix=BC
t04_2 row=03 cd=03 notes=32/24/FF tone=17D/357/000 vol=09/09/00 noise=00 mix=BC
t04_3 row=04 cd=04 notes=32/24/FF tone=17D/357/000 vol=00/00/00 noise=00 mix=BC
t04_4 row=05 cd=05 notes=FF/FF/FF tone=17D/357/000 vol=00/00/00 noise=00 mix=BF
t04_5 row=06 cd=06 notes=FF/FF/FF tone=17D/357/000 vol=00/00/00 noise=00 mix=BF
t04_6 row=07 cd=07 notes=FF/FF/FF tone=17D/357/000 vol=00/00/00 noise=00 mix=BF
t04_7 row=07 cd=01 notes=FF/FF/FF tone=17D/357/000 vol=00/00/00 noise=00 mix=BF
t04_8 row=08 cd=02 notes=FF/FF/FF tone=17D/357/000 vol=00/00/00 noise=00 mix=BF
t04_9 row=09 cd=03 notes=32/FF/FF tone=17D/357/000 vol=09/00/00 noise=00 mix=BE
t05 row=0A cd=04 notes=33/FF/FF tone=168/357/000 vol=0B/00/00 noise=00 mix=BE
t05_1 row=0B cd=05 notes=34/FF/FF tone=153/357/000 vol=0D/00/00 noise=00 mix=BE
t05_2 row=0C cd=06 notes=35/FF/FF tone=140/357/000 vol=0E/00/00 noise=00 mix=BE
t05_3 row=0D cd=07 notes=36/FF/FF tone=12E/357/000 vol=0F/00/00 noise=00 mix=BE
t05_4 row=0D cd=01 notes=36/FF/FF tone=12E/357/000 vol=05/00/00 noise=00 mix=BE
t05_5 row=0E cd=02 notes=37/FF/FF tone=11D/357/000 vol=07/00/00 noise=00 mix=BE
t05_6 row=0F cd=03 notes=FF/FF/FF tone=11D/357/000 vol=00/00/00 noise=00 mix=BE
t05_7 row=10 cd=04 notes=FF/FF/FF tone=11D/357/000 vol=00/00/00 noise=00 mix=BF
t05_8 row=11 cd=05 notes=FF/FF/FF tone=11D/357/000 vol=00/00/00 noise=00 mix=BF
t05_9 row=12 cd=06 notes=FF/FF/FF tone=11D/357/000 vol=00/00/00 noise=00 mix=BF
final row=13 cd=07 notes=FF/FF/FF tone=11D/357/000 vol=00/00/00 noise=00 mix=BF
