script_started
rom_loaded
screen_id=255 hero_x=255 hero_y=255 hero_deadly=255
debug_screen_id=255 debug_hero_x=255 debug_hero_y=255 debug_hero_deadly=255
row_08 FF/FF FF/FF FF/FF FF/FF FF/FF FF/FF FF/FF FF/FF FF/FF FF/FF FF/FF FF/FF FF/FF FF/FF FF/FF FF/FF FF/FF FF/FF FF/FF FF/FF FF/FF FF/FF FF/FF FF/FF FF/FF FF/FF FF/FF FF/FF FF/FF FF/FF FF/FF FF/FF
row_09 FF/FF FF/FF FF/FF FF/FF FF/FF FF/FF FF/FF FF/FF FF/FF FF/FF FF/FF FF/FF FF/FF FF/FF FF/FF FF/FF FF/FF FF/FF FF/FF FF/FF FF/FF FF/FF FF/FF FF/FF FF/FF FF/FF FF/FF FF/FF FF/FF FF/FF FF/FF FF/FF
row_10 FF/FF FF/FF FF/FF FF/FF FF/FF FF/FF FF/FF FF/FF FF/FF FF/FF FF/FF FF/FF FF/FF FF/FF FF/FF FF/FF FF/FF FF/FF FF/FF FF/FF FF/FF FF/FF FF/FF FF/FF FF/FF FF/FF FF/FF FF/FF FF/FF FF/FF FF/FF FF/FF
row_11 FF/FF FF/FF FF/FF FF/FF FF/FF FF/FF FF/FF FF/FF FF/FF FF/FF FF/FF FF/FF FF/FF FF/FF FF/FF FF/FF FF/FF FF/FF FF/FF FF/FF FF/FF FF/FF FF/FF FF/FF FF/FF FF/FF FF/FF FF/FF FF/FF FF/FF FF/FF FF/FF
row_12 FF/FF FF/FF FF/FF FF/FF FF/FF FF/FF FF/FF FF/FF FF/FF FF/FF FF/FF FF/FF FF/FF FF/FF FF/FF FF/FF FF/FF FF/FF FF/FF FF/FF FF/FF FF/FF FF/FF FF/FF FF/FF FF/FF FF/FF FF/FF FF/FF FF/FF FF/FF FF/FF
row_13 FF/FF FF/FF FF/FF FF/FF FF/FF FF/FF FF/FF FF/FF FF/FF FF/FF FF/FF FF/FF FF/FF FF/FF FF/FF FF/FF FF/FF FF/FF FF/FF FF/FF FF/FF FF/FF FF/FF FF/FF FF/FF FF/FF FF/FF FF/FF FF/FF FF/FF FF/FF FF/FF
row_20 FF/FF FF/FF FF/FF FF/FF FF/FF FF/FF FF/FF FF/FF FF/FF FF/FF FF/FF FF/FF FF/FF FF/FF FF/FF FF/FF FF/FF FF/FF FF/FF FF/FF FF/FF FF/FF FF/FF FF/FF FF/FF FF/FF FF/FF FF/FF FF/FF FF/FF FF/FF FF/FF
row_21 FF/FF FF/FF FF/FF FF/FF FF/FF FF/FF FF/FF FF/FF FF/FF FF/FF FF/FF FF/FF FF/FF FF/FF FF/FF FF/FF FF/FF FF/FF FF/FF FF/FF FF/FF FF/FF FF/FF FF/FF FF/FF FF/FF FF/FF FF/FF FF/FF FF/FF FF/FF FF/FF
row_22 FF/FF FF/FF FF/FF FF/FF FF/FF FF/FF FF/FF FF/FF FF/FF FF/FF FF/FF FF/FF FF/FF FF/FF FF/FF FF/FF FF/FF FF/FF FF/FF FF/FF FF/FF FF/FF FF/FF FF/FF FF/FF FF/FF FF/FF FF/FF FF/FF FF/FF FF/FF FF/FF
row_23 FF/FF FF/FF FF/FF FF/FF FF/FF FF/FF FF/FF FF/FF FF/FF FF/FF FF/FF FF/FF FF/FF FF/FF FF/FF FF/FF FF/FF FF/FF FF/FF FF/FF FF/FF FF/FF FF/FF FF/FF FF/FF FF/FF FF/FF FF/FF FF/FF FF/FF FF/FF FF/FF
idx_309=FF/FF
idx_310=FF/FF
idx_311=FF/FF
idx_335=FF/FF
idx_341=FF/FF
idx_342=FF/FF
idx_343=FF/FF
idx_360=FF/FF
idx_361=FF/FF
idx_367=FF/FF
idx_373=FF/FF
idx_374=FF/FF
idx_375=FF/FF
idx_401=FF/FF
idx_402=FF/FF
idx_403=FF/FF
idx_697=FF/FF
idx_698=FF/FF
idx_699=FF/FF
idx_731=FF/FF
idx_763=FF/FF
