001 RAM_far_enter                pc=C139 sp=F37A s=5161/0144/406C bank=00/00/01 depth=00 far=00:0000 res=0000 player=FF x=17220
002 addr_6000                    pc=6000 sp=F376 s=C16D/0000/5161 bank=0A/0A/01 depth=01 far=0A:6000 res=0000 player=FF x=17220
003 RAM_far_enter                pc=C139 sp=F37A s=4F06/4B28/4073 bank=00/00/01 depth=00 far=0A:6000 res=0000 player=FF x=17220
004 addr_6000                    pc=6000 sp=F376 s=C16D/0000/4F06 bank=06/06/01 depth=01 far=06:6000 res=0000 player=FF x=17220
005 RAM_tail_jump                pc=C259 sp=F380 s=A8D3/185E/D303 bank=00/00/01 depth=00 far=06:6000 res=0000 player=FF x=17220
006 RAM_res_enter                pc=C1F9 sp=F37A s=6B61/6594/6985 bank=06/06/01 depth=00 far=06:6008 res=4E90 player=FF x=17220
007 RAM_far_enter                pc=C139 sp=F372 s=4E9A/0D4A/C221 bank=00/00/01 depth=00 far=06:6008 res=4E90 player=FF x=17220
008 RAM_far_enter                pc=C139 sp=F300 s=51B2/F5A4/4A44 bank=00/00/01 depth=01 far=05:6047 res=4E90 player=FF x=17220
009 RAM_far_enter                pc=C139 sp=F302 s=51B2/F5A4/4A44 bank=00/00/01 depth=01 far=0A:6245 res=4E90 player=FF x=17220
010 RAM_far_enter                pc=C139 sp=F306 s=51B2/F5A4/4A44 bank=00/00/01 depth=01 far=0A:6245 res=4E90 player=FF x=17220
011 RAM_res_enter                pc=C1F9 sp=F36A s=709F/6052/C16D bank=05/05/01 depth=01 far=0A:6245 res=46D0 player=FF x=17220
012 RAM_res_enter                pc=C1F9 sp=F36A s=70AF/6055/C16D bank=05/05/01 depth=01 far=0A:6245 res=550F player=FF x=17220
013 RAM_res_enter                pc=C1F9 sp=F36A s=70BF/6058/C16D bank=05/05/01 depth=01 far=0A:6245 res=54F9 player=FF x=17220
014 RAM_res_enter                pc=C1F9 sp=F36A s=70CF/6060/C16D bank=05/05/01 depth=01 far=0A:6245 res=48BD player=FF x=17220
015 RAM_far_enter                pc=C139 sp=F338 s=51B2/F5A4/4A44 bank=00/00/01 depth=01 far=0A:6245 res=48BD player=FF x=17220
016 RAM_res_enter                pc=C1F9 sp=F36A s=70CF/6068/C16D bank=05/05/01 depth=01 far=0A:6245 res=48BD player=FF x=17220
017 RAM_far_enter                pc=C139 sp=F338 s=51B2/F5A4/4A44 bank=00/00/01 depth=01 far=0A:6245 res=48BD player=FF x=17220
018 RAM_res_enter                pc=C1F9 sp=F36A s=70CF/6070/C16D bank=05/05/01 depth=01 far=0A:6245 res=48BD player=FF x=17220
019 RAM_far_enter                pc=C139 sp=F338 s=51B2/F5A4/4A44 bank=00/00/01 depth=01 far=0A:6245 res=48BD player=FF x=17220
020 RAM_res_enter                pc=C1F9 sp=F36A s=70CF/6078/C16D bank=05/05/01 depth=01 far=0A:6245 res=48BD player=FF x=17220
021 RAM_res_enter                pc=C1F9 sp=F36A s=70CF/6080/C16D bank=05/05/01 depth=01 far=0A:6245 res=48BD player=FF x=17220
022 RAM_far_enter                pc=C139 sp=F338 s=51B2/F5A4/4A44 bank=00/00/01 depth=01 far=0A:6245 res=48BD player=FF x=17220
023 RAM_res_enter                pc=C1F9 sp=F36A s=70CF/6088/C16D bank=05/05/01 depth=01 far=0A:6245 res=48BD player=FF x=17220
024 RAM_res_enter                pc=C1F9 sp=F36A s=70CF/6090/C16D bank=05/05/01 depth=01 far=0A:6245 res=48BD player=FF x=17220
025 RAM_far_enter                pc=C139 sp=F338 s=51B2/F5A4/4A44 bank=00/00/01 depth=01 far=0A:6245 res=48BD player=FF x=17220
026 RAM_far_enter                pc=C139 sp=F34E s=51B2/F5A4/4A44 bank=00/00/01 depth=00 far=0A:6245 res=48BD player=FF x=17220
027 RAM_res_enter                pc=C1F9 sp=F376 s=6B81/65C2/65B2 bank=06/06/01 depth=00 far=0A:6245 res=4162 player=FF x=17220
028 RAM_far_enter                pc=C139 sp=F34E s=51B2/F5A4/4A44 bank=00/00/01 depth=00 far=0A:6245 res=4162 player=FF x=17220
029 RAM_res_enter                pc=C1F9 sp=F376 s=6B81/65C2/65B2 bank=06/06/01 depth=00 far=0A:6245 res=4162 player=FF x=17220
030 RAM_far_enter                pc=C139 sp=F34E s=51B2/F5A4/4A44 bank=00/00/01 depth=00 far=0A:6245 res=4162 player=FF x=17220
031 RAM_res_enter                pc=C1F9 sp=F376 s=6B81/65C2/65B2 bank=06/06/01 depth=00 far=0A:6245 res=4162 player=FF x=17220
032 RAM_far_enter                pc=C139 sp=F34E s=51B2/F5A4/4A44 bank=00/00/01 depth=00 far=0A:6245 res=4162 player=FF x=17220
033 RAM_res_enter                pc=C1F9 sp=F376 s=6B81/65C2/65B2 bank=06/06/01 depth=00 far=0A:6245 res=4162 player=FF x=17220
034 RAM_far_enter                pc=C139 sp=F34E s=51B2/F5A4/4A44 bank=00/00/01 depth=00 far=0A:6245 res=4162 player=FF x=17220
035 RAM_res_enter                pc=C1F9 sp=F376 s=6B81/65C2/65B2 bank=06/06/01 depth=00 far=0A:6245 res=4162 player=FF x=17220
036 RAM_far_enter                pc=C139 sp=F34E s=51B2/F5A4/4A44 bank=00/00/01 depth=00 far=0A:6245 res=4162 player=FF x=17220
037 RAM_res_enter                pc=C1F9 sp=F376 s=6B81/65C2/65B2 bank=06/06/01 depth=00 far=0A:6245 res=4162 player=FF x=17220
038 RAM_far_enter                pc=C139 sp=F34E s=51B2/F5A4/4A44 bank=00/00/01 depth=00 far=0A:6245 res=4162 player=FF x=17220
039 RAM_res_enter                pc=C1F9 sp=F376 s=6B81/65C2/65B2 bank=06/06/01 depth=00 far=0A:6245 res=4162 player=FF x=17220
040 RAM_far_enter                pc=C139 sp=F34E s=51B2/F5A4/4A44 bank=00/00/01 depth=00 far=0A:6245 res=4162 player=FF x=17220
041 RAM_res_enter                pc=C1F9 sp=F376 s=6B81/65C2/65B2 bank=06/06/01 depth=00 far=0A:6245 res=4162 player=FF x=17220
042 RAM_far_enter                pc=C139 sp=F34E s=51B2/F5A4/4A44 bank=00/00/01 depth=00 far=0A:6245 res=4162 player=FF x=17220
043 RAM_res_enter                pc=C1F9 sp=F376 s=6B81/65C2/65B2 bank=06/06/01 depth=00 far=0A:6245 res=4162 player=FF x=17220
044 RAM_far_enter                pc=C139 sp=F34E s=51B2/F5A4/4A44 bank=00/00/01 depth=00 far=0A:6245 res=4162 player=FF x=17220
045 RAM_res_enter                pc=C1F9 sp=F376 s=6B81/65C2/65B2 bank=06/06/01 depth=00 far=0A:6245 res=4162 player=FF x=17220
046 RAM_far_enter                pc=C139 sp=F34E s=51B2/F5A4/4A44 bank=00/00/01 depth=00 far=0A:6245 res=4162 player=FF x=17220
047 RAM_res_enter                pc=C1F9 sp=F376 s=6B81/65C2/65B2 bank=06/06/01 depth=00 far=0A:6245 res=4162 player=FF x=17220
048 RAM_far_enter                pc=C139 sp=F34E s=51B2/F5A4/4A44 bank=00/00/01 depth=00 far=0A:6245 res=4162 player=FF x=17220
049 RAM_res_enter                pc=C1F9 sp=F376 s=6B81/65C2/65B2 bank=06/06/01 depth=00 far=0A:6245 res=4162 player=FF x=17220
050 RAM_far_enter                pc=C139 sp=F34E s=51B2/F5A4/4A44 bank=00/00/01 depth=00 far=0A:6245 res=4162 player=FF x=17220
051 RAM_res_enter                pc=C1F9 sp=F376 s=6B81/65C2/65B2 bank=06/06/01 depth=00 far=0A:6245 res=4162 player=FF x=17220
052 RAM_far_enter                pc=C139 sp=F34E s=51B2/F5A4/4A44 bank=00/00/01 depth=00 far=0A:6245 res=4162 player=FF x=17220
053 RAM_res_enter                pc=C1F9 sp=F376 s=6B81/65C2/65B2 bank=06/06/01 depth=00 far=0A:6245 res=4162 player=FF x=17220
054 RAM_far_enter                pc=C139 sp=F34E s=51B2/F5A4/4A44 bank=00/00/01 depth=00 far=0A:6245 res=4162 player=FF x=17220
055 RAM_res_enter                pc=C1F9 sp=F376 s=6B81/65C2/65B2 bank=06/06/01 depth=00 far=0A:6245 res=4162 player=FF x=17220
056 RAM_far_enter                pc=C139 sp=F34E s=51B2/F5A4/4A44 bank=00/00/01 depth=00 far=0A:6245 res=4162 player=FF x=17220
057 RAM_res_enter                pc=C1F9 sp=F376 s=6B81/65C2/65B2 bank=06/06/01 depth=00 far=0A:6245 res=4162 player=FF x=17220
058 RAM_far_enter                pc=C139 sp=F34E s=51B2/F5A4/4A44 bank=00/00/01 depth=00 far=0A:6245 res=4162 player=FF x=17220
059 RAM_res_enter                pc=C1F9 sp=F376 s=6B81/65C2/65B2 bank=06/06/01 depth=00 far=0A:6245 res=4162 player=FF x=17220
060 RAM_far_enter                pc=C139 sp=F34E s=51B2/F5A4/4A44 bank=00/00/01 depth=00 far=0A:6245 res=4162 player=FF x=17220
061 RAM_res_enter                pc=C1F9 sp=F376 s=6B81/65C2/65B2 bank=06/06/01 depth=00 far=0A:6245 res=4162 player=FF x=17220
062 RAM_far_enter                pc=C139 sp=F34E s=51B2/F5A4/4A44 bank=00/00/01 depth=00 far=0A:6245 res=4162 player=FF x=17220
063 RAM_res_enter                pc=C1F9 sp=F376 s=6B81/65C2/65B2 bank=06/06/01 depth=00 far=0A:6245 res=4162 player=FF x=17220
064 RAM_far_enter                pc=C139 sp=F34E s=51B2/F5A4/4A44 bank=00/00/01 depth=00 far=0A:6245 res=4162 player=FF x=17220
065 RAM_res_enter                pc=C1F9 sp=F376 s=6B81/65C2/65B2 bank=06/06/01 depth=00 far=0A:6245 res=4162 player=FF x=17220
066 RAM_far_enter                pc=C139 sp=F34E s=51B2/F5A4/4A44 bank=00/00/01 depth=00 far=0A:6245 res=4162 player=FF x=17220
067 RAM_res_enter                pc=C1F9 sp=F376 s=6B81/65C2/65B2 bank=06/06/01 depth=00 far=0A:6245 res=4162 player=FF x=17220
068 RAM_far_enter                pc=C139 sp=F34E s=51B2/F5A4/4A44 bank=00/00/01 depth=00 far=0A:6245 res=4162 player=FF x=17220
069 RAM_res_enter                pc=C1F9 sp=F376 s=6B81/65C2/65B2 bank=06/06/01 depth=00 far=0A:6245 res=4162 player=FF x=17220
070 RAM_far_enter                pc=C139 sp=F34E s=51B2/F5A4/4A44 bank=00/00/01 depth=00 far=0A:6245 res=4162 player=FF x=17220
071 RAM_res_enter                pc=C1F9 sp=F376 s=6B81/65C2/65B2 bank=06/06/01 depth=00 far=0A:6245 res=4162 player=FF x=17220
072 RAM_far_enter                pc=C139 sp=F34E s=51B2/F5A4/4A44 bank=00/00/01 depth=00 far=0A:6245 res=4162 player=FF x=17220
073 RAM_res_enter                pc=C1F9 sp=F376 s=6B81/65C2/65B2 bank=06/06/01 depth=00 far=0A:6245 res=4162 player=FF x=17220
074 RAM_far_enter                pc=C139 sp=F34E s=51B2/F5A4/4A44 bank=00/00/01 depth=00 far=0A:6245 res=4162 player=FF x=17220
075 RAM_res_enter                pc=C1F9 sp=F376 s=6B81/65C2/65B2 bank=06/06/01 depth=00 far=0A:6245 res=4162 player=FF x=17220
076 RAM_far_enter                pc=C139 sp=F34E s=51B2/F5A4/4A44 bank=00/00/01 depth=00 far=0A:6245 res=4162 player=FF x=17220
077 RAM_res_enter                pc=C1F9 sp=F376 s=6B81/65C2/65B2 bank=06/06/01 depth=00 far=0A:6245 res=4162 player=FF x=17220
078 RAM_far_enter                pc=C139 sp=F34E s=51B2/F5A4/4A44 bank=00/00/01 depth=00 far=0A:6245 res=4162 player=FF x=17220
079 RAM_res_enter                pc=C1F9 sp=F376 s=6B81/65C2/65B2 bank=06/06/01 depth=00 far=0A:6245 res=4162 player=FF x=17220
080 RAM_far_enter                pc=C139 sp=F34E s=51B2/F5A4/4A44 bank=00/00/01 depth=00 far=0A:6245 res=4162 player=FF x=17220
081 RAM_res_enter                pc=C1F9 sp=F376 s=6B81/65C2/65B2 bank=06/06/01 depth=00 far=0A:6245 res=4162 player=FF x=17220
082 RAM_far_enter                pc=C139 sp=F34E s=51B2/F5A4/4A44 bank=00/00/01 depth=00 far=0A:6245 res=4162 player=FF x=17220
083 RAM_res_enter                pc=C1F9 sp=F376 s=6B81/65C2/65B2 bank=06/06/01 depth=00 far=0A:6245 res=4162 player=FF x=17220
084 RAM_far_enter                pc=C139 sp=F34E s=51B2/F5A4/4A44 bank=00/00/01 depth=00 far=0A:6245 res=4162 player=FF x=17220
085 RAM_res_enter                pc=C1F9 sp=F376 s=6B81/65C2/65B2 bank=06/06/01 depth=00 far=0A:6245 res=4162 player=FF x=17220
086 RAM_far_enter                pc=C139 sp=F34E s=51B2/F5A4/4A44 bank=00/00/01 depth=00 far=0A:6245 res=4162 player=FF x=17220
087 RAM_res_enter                pc=C1F9 sp=F376 s=6B81/65C2/65B2 bank=06/06/01 depth=00 far=0A:6245 res=4162 player=FF x=17220
088 RAM_far_enter                pc=C139 sp=F34E s=51B2/F5A4/4A44 bank=00/00/01 depth=00 far=0A:6245 res=4162 player=FF x=17220
089 RAM_res_enter                pc=C1F9 sp=F376 s=6B81/65C2/65B2 bank=06/06/01 depth=00 far=0A:6245 res=4162 player=FF x=17220
090 RAM_far_enter                pc=C139 sp=F34E s=51B2/F5A4/4A44 bank=00/00/01 depth=00 far=0A:6245 res=4162 player=FF x=17220
091 RAM_res_enter                pc=C1F9 sp=F376 s=6B81/65C2/65B2 bank=06/06/01 depth=00 far=0A:6245 res=4162 player=FF x=17220
092 RAM_far_enter                pc=C139 sp=F34E s=51B2/F5A4/4A44 bank=00/00/01 depth=00 far=0A:6245 res=4162 player=FF x=17220
093 RAM_res_enter                pc=C1F9 sp=F376 s=6B81/65C2/65B2 bank=06/06/01 depth=00 far=0A:6245 res=4162 player=FF x=17220
094 RAM_far_enter                pc=C139 sp=F34E s=51B2/F5A4/4A44 bank=00/00/01 depth=00 far=0A:6245 res=4162 player=FF x=17220
095 RAM_res_enter                pc=C1F9 sp=F376 s=6B81/65C2/65B2 bank=06/06/01 depth=00 far=0A:6245 res=4162 player=FF x=17220
096 RAM_far_enter                pc=C139 sp=F34E s=51B2/F5A4/4A44 bank=00/00/01 depth=00 far=0A:6245 res=4162 player=FF x=17220
097 RAM_res_enter                pc=C1F9 sp=F376 s=6B81/65C2/65B2 bank=06/06/01 depth=00 far=0A:6245 res=4162 player=FF x=17220
098 RAM_far_enter                pc=C139 sp=F34E s=51B2/F5A4/4A44 bank=00/00/01 depth=00 far=0A:6245 res=4162 player=FF x=17220
099 RAM_res_enter                pc=C1F9 sp=F376 s=6B81/65C2/65B2 bank=06/06/01 depth=00 far=0A:6245 res=4162 player=FF x=17220
100 RAM_far_enter                pc=C139 sp=F34E s=51B2/F5A4/4A44 bank=00/00/01 depth=00 far=0A:6245 res=4162 player=FF x=17220
101 RAM_res_enter                pc=C1F9 sp=F376 s=6B81/65C2/65B2 bank=06/06/01 depth=00 far=0A:6245 res=4162 player=FF x=17220
102 RAM_far_enter                pc=C139 sp=F34E s=51B2/F5A4/4A44 bank=00/00/01 depth=00 far=0A:6245 res=4162 player=FF x=17220
103 RAM_res_enter                pc=C1F9 sp=F376 s=6B81/65C2/65B2 bank=06/06/01 depth=00 far=0A:6245 res=4162 player=FF x=17220
104 RAM_far_enter                pc=C139 sp=F34E s=51B2/F5A4/4A44 bank=00/00/01 depth=00 far=0A:6245 res=4162 player=FF x=17220
105 RAM_res_enter                pc=C1F9 sp=F376 s=6B81/65C2/65B2 bank=06/06/01 depth=00 far=0A:6245 res=4162 player=FF x=17220
106 RAM_far_enter                pc=C139 sp=F34E s=51B2/F5A4/4A44 bank=00/00/01 depth=00 far=0A:6245 res=4162 player=FF x=17220
107 RAM_res_enter                pc=C1F9 sp=F376 s=6B81/65C2/65B2 bank=06/06/01 depth=00 far=0A:6245 res=4162 player=FF x=17220
108 RAM_far_enter                pc=C139 sp=F34E s=51B2/F5A4/4A44 bank=00/00/01 depth=00 far=0A:6245 res=4162 player=FF x=17220
109 RAM_res_enter                pc=C1F9 sp=F376 s=6B81/65C2/65B2 bank=06/06/01 depth=00 far=0A:6245 res=4162 player=FF x=17220
110 RAM_far_enter                pc=C139 sp=F34E s=51B2/F5A4/4A44 bank=00/00/01 depth=00 far=0A:6245 res=4162 player=FF x=17220
111 RAM_res_enter                pc=C1F9 sp=F376 s=6B81/65C2/65B2 bank=06/06/01 depth=00 far=0A:6245 res=4162 player=FF x=17220
112 RAM_far_enter                pc=C139 sp=F34E s=51B2/F5A4/4A44 bank=00/00/01 depth=00 far=0A:6245 res=4162 player=FF x=17220
113 RAM_res_enter                pc=C1F9 sp=F376 s=6B81/65C2/65B2 bank=06/06/01 depth=00 far=0A:6245 res=4162 player=FF x=17220
114 RAM_far_enter                pc=C139 sp=F34E s=51B2/F5A4/4A44 bank=00/00/01 depth=00 far=0A:6245 res=4162 player=FF x=17220
115 RAM_res_enter                pc=C1F9 sp=F376 s=6B81/65C2/65B2 bank=06/06/01 depth=00 far=0A:6245 res=4162 player=FF x=17220
116 RAM_far_enter                pc=C139 sp=F34E s=51B2/F5A4/4A44 bank=00/00/01 depth=00 far=0A:6245 res=4162 player=FF x=17220
117 RAM_res_enter                pc=C1F9 sp=F376 s=6B81/65C2/65B2 bank=06/06/01 depth=00 far=0A:6245 res=4162 player=FF x=17220
118 RAM_far_enter                pc=C139 sp=F34E s=51B2/F5A4/4A44 bank=00/00/01 depth=00 far=0A:6245 res=4162 player=FF x=17220
119 RAM_res_enter                pc=C1F9 sp=F376 s=6B81/65C2/65B2 bank=06/06/01 depth=00 far=0A:6245 res=4162 player=FF x=17220
120 RAM_far_enter                pc=C139 sp=F34E s=51B2/F5A4/4A44 bank=00/00/01 depth=00 far=0A:6245 res=4162 player=FF x=17220
121 RAM_res_enter                pc=C1F9 sp=F376 s=6B81/65C2/65B2 bank=06/06/01 depth=00 far=0A:6245 res=4162 player=FF x=17220
122 RAM_far_enter                pc=C139 sp=F34E s=51B2/F5A4/4A44 bank=00/00/01 depth=00 far=0A:6245 res=4162 player=FF x=17220
123 RAM_res_enter                pc=C1F9 sp=F376 s=6B81/65C2/65B2 bank=06/06/01 depth=00 far=0A:6245 res=4162 player=FF x=17220
124 RAM_far_enter                pc=C139 sp=F34E s=51B2/F5A4/4A44 bank=00/00/01 depth=00 far=0A:6245 res=4162 player=FF x=17220
125 RAM_res_enter                pc=C1F9 sp=F376 s=6B81/65C2/65B2 bank=06/06/01 depth=00 far=0A:6245 res=4162 player=FF x=17220
126 RAM_far_enter                pc=C139 sp=F34E s=51B2/F5A4/4A44 bank=00/00/01 depth=00 far=0A:6245 res=4162 player=FF x=17220
127 RAM_res_enter                pc=C1F9 sp=F376 s=6B81/65C2/65B2 bank=06/06/01 depth=00 far=0A:6245 res=4162 player=FF x=17220
128 RAM_far_enter                pc=C139 sp=F34E s=51B2/F5A4/4A44 bank=00/00/01 depth=00 far=0A:6245 res=4162 player=FF x=17220
129 RAM_res_enter                pc=C1F9 sp=F376 s=6B81/65C2/65B2 bank=06/06/01 depth=00 far=0A:6245 res=4162 player=FF x=17220
130 RAM_far_enter                pc=C139 sp=F34E s=51B2/F5A4/4A44 bank=00/00/01 depth=00 far=0A:6245 res=4162 player=FF x=17220
131 RAM_res_enter                pc=C1F9 sp=F376 s=6B81/65C2/65B2 bank=06/06/01 depth=00 far=0A:6245 res=4162 player=FF x=17220
132 RAM_far_enter                pc=C139 sp=F34E s=51B2/F5A4/4A44 bank=00/00/01 depth=00 far=0A:6245 res=4162 player=FF x=17220
133 RAM_res_enter                pc=C1F9 sp=F376 s=6B81/65C2/65B2 bank=06/06/01 depth=00 far=0A:6245 res=4162 player=FF x=17220
134 RAM_far_enter                pc=C139 sp=F34E s=51B2/F5A4/4A44 bank=00/00/01 depth=00 far=0A:6245 res=4162 player=FF x=17220
135 RAM_res_enter                pc=C1F9 sp=F376 s=6B81/65C2/65B2 bank=06/06/01 depth=00 far=0A:6245 res=4162 player=FF x=17220
136 RAM_far_enter                pc=C139 sp=F34E s=51B2/F5A4/4A44 bank=00/00/01 depth=00 far=0A:6245 res=4162 player=FF x=17220
137 RAM_res_enter                pc=C1F9 sp=F376 s=6B81/65C2/65B2 bank=06/06/01 depth=00 far=0A:6245 res=4162 player=FF x=17220
138 RAM_far_enter                pc=C139 sp=F34E s=51B2/F5A4/4A44 bank=00/00/01 depth=00 far=0A:6245 res=4162 player=FF x=17220
139 RAM_res_enter                pc=C1F9 sp=F376 s=6B81/65C2/65B2 bank=06/06/01 depth=00 far=0A:6245 res=4162 player=FF x=17220
140 RAM_far_enter                pc=C139 sp=F34E s=51B2/F5A4/4A44 bank=00/00/01 depth=00 far=0A:6245 res=4162 player=FF x=17220
141 RAM_res_enter                pc=C1F9 sp=F376 s=6B81/65C2/65B2 bank=06/06/01 depth=00 far=0A:6245 res=4162 player=FF x=17220
142 RAM_far_enter                pc=C139 sp=F34E s=51B2/F5A4/4A44 bank=00/00/01 depth=00 far=0A:6245 res=4162 player=FF x=17220
143 RAM_res_enter                pc=C1F9 sp=F376 s=6B81/65C2/65B2 bank=06/06/01 depth=00 far=0A:6245 res=4162 player=FF x=17220
144 RAM_far_enter                pc=C139 sp=F34E s=51B2/F5A4/4A44 bank=00/00/01 depth=00 far=0A:6245 res=4162 player=FF x=17220
145 RAM_res_enter                pc=C1F9 sp=F376 s=6B81/65C2/65B2 bank=06/06/01 depth=00 far=0A:6245 res=4162 player=FF x=17220
146 RAM_far_enter                pc=C139 sp=F34E s=51B2/F5A4/4A44 bank=00/00/01 depth=00 far=0A:6245 res=4162 player=FF x=17220
147 RAM_res_enter                pc=C1F9 sp=F376 s=6B81/65C2/65B2 bank=06/06/01 depth=00 far=0A:6245 res=4162 player=FF x=17220
148 RAM_far_enter                pc=C139 sp=F34E s=51B2/F5A4/4A44 bank=00/00/01 depth=00 far=0A:6245 res=4162 player=FF x=17220
149 RAM_res_enter                pc=C1F9 sp=F376 s=6B81/65C2/65B2 bank=06/06/01 depth=00 far=0A:6245 res=4162 player=FF x=17220
150 RAM_far_enter                pc=C139 sp=F34E s=51B2/F5A4/4A44 bank=00/00/01 depth=00 far=0A:6245 res=4162 player=FF x=17220
151 RAM_res_enter                pc=C1F9 sp=F376 s=6B81/65C2/65B2 bank=06/06/01 depth=00 far=0A:6245 res=4162 player=FF x=17220
152 RAM_far_enter                pc=C139 sp=F34E s=51B2/F5A4/4A44 bank=00/00/01 depth=00 far=0A:6245 res=4162 player=FF x=17220
153 RAM_res_enter                pc=C1F9 sp=F376 s=6B81/65C2/65B2 bank=06/06/01 depth=00 far=0A:6245 res=4162 player=FF x=17220
154 RAM_far_enter                pc=C139 sp=F34E s=51B2/F5A4/4A44 bank=00/00/01 depth=00 far=0A:6245 res=4162 player=FF x=17220
155 RAM_res_enter                pc=C1F9 sp=F376 s=6B81/65C2/65B2 bank=06/06/01 depth=00 far=0A:6245 res=4162 player=FF x=17220
156 RAM_far_enter                pc=C139 sp=F34E s=51B2/F5A4/4A44 bank=00/00/01 depth=00 far=0A:6245 res=4162 player=FF x=17220
157 RAM_res_enter                pc=C1F9 sp=F376 s=6B81/65C2/65B2 bank=06/06/01 depth=00 far=0A:6245 res=4162 player=FF x=17220
158 RAM_far_enter                pc=C139 sp=F34E s=51B2/F5A4/4A44 bank=00/00/01 depth=00 far=0A:6245 res=4162 player=FF x=17220
159 RAM_res_enter                pc=C1F9 sp=F376 s=6B81/65C2/65B2 bank=06/06/01 depth=00 far=0A:6245 res=4162 player=FF x=17220
160 RAM_far_enter                pc=C139 sp=F34E s=51B2/F5A4/4A44 bank=00/00/01 depth=00 far=0A:6245 res=4162 player=FF x=17220
161 RAM_res_enter                pc=C1F9 sp=F376 s=6B81/65C2/65B2 bank=06/06/01 depth=00 far=0A:6245 res=4162 player=FF x=17220
162 RAM_far_enter                pc=C139 sp=F34E s=51B2/F5A4/4A44 bank=00/00/01 depth=00 far=0A:6245 res=4162 player=FF x=17220
163 RAM_res_enter                pc=C1F9 sp=F376 s=6B81/65C2/65B2 bank=06/06/01 depth=00 far=0A:6245 res=4162 player=FF x=17220
164 RAM_far_enter                pc=C139 sp=F34E s=51B2/F5A4/4A44 bank=00/00/01 depth=00 far=0A:6245 res=4162 player=FF x=17220
165 RAM_res_enter                pc=C1F9 sp=F376 s=6B81/65C2/65B2 bank=06/06/01 depth=00 far=0A:6245 res=4162 player=FF x=17220
166 RAM_far_enter                pc=C139 sp=F34E s=51B2/F5A4/4A44 bank=00/00/01 depth=00 far=0A:6245 res=4162 player=FF x=17220
167 RAM_res_enter                pc=C1F9 sp=F376 s=6B81/65C2/65B2 bank=06/06/01 depth=00 far=0A:6245 res=4162 player=FF x=17220
168 RAM_far_enter                pc=C139 sp=F34E s=51B2/F5A4/4A44 bank=00/00/01 depth=00 far=0A:6245 res=4162 player=FF x=17220
169 RAM_res_enter                pc=C1F9 sp=F376 s=6B81/65C2/65B2 bank=06/06/01 depth=00 far=0A:6245 res=4162 player=FF x=17220
170 RAM_far_enter                pc=C139 sp=F34E s=51B2/F5A4/4A44 bank=00/00/01 depth=00 far=0A:6245 res=4162 player=FF x=17220
171 RAM_res_enter                pc=C1F9 sp=F376 s=6B81/65C2/65B2 bank=06/06/01 depth=00 far=0A:6245 res=4162 player=FF x=17220
172 RAM_far_enter                pc=C139 sp=F34E s=51B2/F5A4/4A44 bank=00/00/01 depth=00 far=0A:6245 res=4162 player=FF x=17220
173 RAM_res_enter                pc=C1F9 sp=F376 s=6B81/65C2/65B2 bank=06/06/01 depth=00 far=0A:6245 res=4162 player=FF x=17220
174 RAM_far_enter                pc=C139 sp=F34E s=51B2/F5A4/4A44 bank=00/00/01 depth=00 far=0A:6245 res=4162 player=FF x=17220
175 RAM_res_enter                pc=C1F9 sp=F376 s=6B81/65C2/65B2 bank=06/06/01 depth=00 far=0A:6245 res=4162 player=FF x=17220
176 RAM_far_enter                pc=C139 sp=F34E s=51B2/F5A4/4A44 bank=00/00/01 depth=00 far=0A:6245 res=4162 player=FF x=17220
177 RAM_res_enter                pc=C1F9 sp=F376 s=6B81/65C2/65B2 bank=06/06/01 depth=00 far=0A:6245 res=4162 player=FF x=17220
178 RAM_far_enter                pc=C139 sp=F34E s=51B2/F5A4/4A44 bank=00/00/01 depth=00 far=0A:6245 res=4162 player=FF x=17220
179 RAM_res_enter                pc=C1F9 sp=F376 s=6B81/65C2/65B2 bank=06/06/01 depth=00 far=0A:6245 res=4162 player=FF x=17220
180 RAM_far_enter                pc=C139 sp=F34E s=51B2/F5A4/4A44 bank=00/00/01 depth=00 far=0A:6245 res=4162 player=FF x=17220
181 RAM_res_enter                pc=C1F9 sp=F376 s=6B81/65C2/65B2 bank=06/06/01 depth=00 far=0A:6245 res=4162 player=FF x=17220
182 RAM_far_enter                pc=C139 sp=F34E s=51B2/F5A4/4A44 bank=00/00/01 depth=00 far=0A:6245 res=4162 player=FF x=17220
183 RAM_res_enter                pc=C1F9 sp=F376 s=6B81/65C2/65B2 bank=06/06/01 depth=00 far=0A:6245 res=4162 player=FF x=17220
184 RAM_far_enter                pc=C139 sp=F34E s=51B2/F5A4/4A44 bank=00/00/01 depth=00 far=0A:6245 res=4162 player=FF x=17220
185 RAM_res_enter                pc=C1F9 sp=F376 s=6B81/65C2/65B2 bank=06/06/01 depth=00 far=0A:6245 res=4162 player=FF x=17220
186 RAM_far_enter                pc=C139 sp=F34E s=51B2/F5A4/4A44 bank=00/00/01 depth=00 far=0A:6245 res=4162 player=FF x=17220
187 RAM_res_enter                pc=C1F9 sp=F376 s=6B81/65C2/65B2 bank=06/06/01 depth=00 far=0A:6245 res=4162 player=FF x=17220
188 RAM_far_enter                pc=C139 sp=F34E s=51B2/F5A4/4A44 bank=00/00/01 depth=00 far=0A:6245 res=4162 player=FF x=17220
189 RAM_res_enter                pc=C1F9 sp=F376 s=6B81/65C2/65B2 bank=06/06/01 depth=00 far=0A:6245 res=4162 player=FF x=17220
190 RAM_far_enter                pc=C139 sp=F34E s=51B2/F5A4/4A44 bank=00/00/01 depth=00 far=0A:6245 res=4162 player=FF x=17220
191 RAM_res_enter                pc=C1F9 sp=F376 s=6B81/65C2/65B2 bank=06/06/01 depth=00 far=0A:6245 res=4162 player=FF x=17220
192 RAM_far_enter                pc=C139 sp=F34E s=51B2/F5A4/4A44 bank=00/00/01 depth=00 far=0A:6245 res=4162 player=FF x=17220
193 RAM_res_enter                pc=C1F9 sp=F376 s=6B81/65C2/65B2 bank=06/06/01 depth=00 far=0A:6245 res=4162 player=FF x=17220
194 RAM_far_enter                pc=C139 sp=F34E s=51B2/F5A4/4A44 bank=00/00/01 depth=00 far=0A:6245 res=4162 player=FF x=17220
195 RAM_res_enter                pc=C1F9 sp=F376 s=6B81/65C2/65B2 bank=06/06/01 depth=00 far=0A:6245 res=4162 player=FF x=17220
196 RAM_far_enter                pc=C139 sp=F34E s=51B2/F5A4/4A44 bank=00/00/01 depth=00 far=0A:6245 res=4162 player=FF x=17220
197 RAM_res_enter                pc=C1F9 sp=F376 s=6B81/65C2/65B2 bank=06/06/01 depth=00 far=0A:6245 res=4162 player=FF x=17220
198 RAM_far_enter                pc=C139 sp=F34E s=51B2/F5A4/4A44 bank=00/00/01 depth=00 far=0A:6245 res=4162 player=FF x=17220
199 RAM_res_enter                pc=C1F9 sp=F376 s=6B81/65C2/65B2 bank=06/06/01 depth=00 far=0A:6245 res=4162 player=FF x=17220
200 RAM_far_enter                pc=C139 sp=F34E s=51B2/F5A4/4A44 bank=00/00/01 depth=00 far=0A:6245 res=4162 player=FF x=17220
201 RAM_res_enter                pc=C1F9 sp=F376 s=6B81/65C2/65B2 bank=06/06/01 depth=00 far=0A:6245 res=4162 player=FF x=17220
202 RAM_far_enter                pc=C139 sp=F34E s=51B2/F5A4/4A44 bank=00/00/01 depth=00 far=0A:6245 res=4162 player=FF x=17220
203 RAM_res_enter                pc=C1F9 sp=F376 s=6B81/65C2/65B2 bank=06/06/01 depth=00 far=0A:6245 res=4162 player=FF x=17220
204 RAM_far_enter                pc=C139 sp=F34E s=51B2/F5A4/4A44 bank=00/00/01 depth=00 far=0A:6245 res=4162 player=FF x=17220
205 RAM_res_enter                pc=C1F9 sp=F376 s=6B81/65C2/65B2 bank=06/06/01 depth=00 far=0A:6245 res=4162 player=FF x=17220
206 RAM_far_enter                pc=C139 sp=F34E s=51B2/F5A4/4A44 bank=00/00/01 depth=00 far=0A:6245 res=4162 player=FF x=17220
207 RAM_res_enter                pc=C1F9 sp=F376 s=6B81/65C2/65B2 bank=06/06/01 depth=00 far=0A:6245 res=4162 player=FF x=17220
208 RAM_far_enter                pc=C139 sp=F34E s=51B2/F5A4/4A44 bank=00/00/01 depth=00 far=0A:6245 res=4162 player=FF x=17220
209 RAM_res_enter                pc=C1F9 sp=F376 s=6B81/65C2/65B2 bank=06/06/01 depth=00 far=0A:6245 res=4162 player=FF x=17220
210 RAM_far_enter                pc=C139 sp=F34E s=51B2/F5A4/4A44 bank=00/00/01 depth=00 far=0A:6245 res=4162 player=FF x=17220
211 RAM_res_enter                pc=C1F9 sp=F376 s=6B81/65C2/65B2 bank=06/06/01 depth=00 far=0A:6245 res=4162 player=FF x=17220
212 RAM_far_enter                pc=C139 sp=F34E s=51B2/F5A4/4A44 bank=00/00/01 depth=00 far=0A:6245 res=4162 player=FF x=17220
213 RAM_res_enter                pc=C1F9 sp=F376 s=6B81/65C2/65B2 bank=06/06/01 depth=00 far=0A:6245 res=4162 player=FF x=17220
214 RAM_far_enter                pc=C139 sp=F34E s=51B2/F5A4/4A44 bank=00/00/01 depth=00 far=0A:6245 res=4162 player=FF x=17220
215 RAM_res_enter                pc=C1F9 sp=F376 s=6B81/65C2/65B2 bank=06/06/01 depth=00 far=0A:6245 res=4162 player=FF x=17220
216 RAM_far_enter                pc=C139 sp=F34E s=51B2/F5A4/4A44 bank=00/00/01 depth=00 far=0A:6245 res=4162 player=FF x=17220
217 RAM_res_enter                pc=C1F9 sp=F376 s=6B81/65C2/65B2 bank=06/06/01 depth=00 far=0A:6245 res=4162 player=FF x=17220
218 RAM_far_enter                pc=C139 sp=F34E s=51B2/F5A4/4A44 bank=00/00/01 depth=00 far=0A:6245 res=4162 player=FF x=17220
219 RAM_res_enter                pc=C1F9 sp=F376 s=6B81/65C2/65B2 bank=06/06/01 depth=00 far=0A:6245 res=4162 player=FF x=17220
220 RAM_far_enter                pc=C139 sp=F34E s=51B2/F5A4/4A44 bank=00/00/01 depth=00 far=0A:6245 res=4162 player=FF x=17220
