BP_show pc=52D8 a=02 b=61 c=A0 d=70 e=0E h=01 l=02 flow=01 runtime=01 player=00 sat=E0 08 00 06 E0 08 04 0F E0 60 00 0E E0 FF FF FF
BP_refresh pc=618F a=00 b=00 c=B0 d=00 e=02 h=E5 l=5D flow=01 runtime=00 player=00 sat=E0 08 00 06 E0 08 04 0F A0 61 70 0E E0 FF FF FF
BP_refresh pc=618F a=00 b=00 c=B0 d=00 e=02 h=E5 l=5C flow=01 runtime=00 player=00 sat=E0 08 00 06 E0 08 04 0F A0 61 70 0E E0 FF FF FF
BP_refresh pc=618F a=00 b=00 c=B0 d=00 e=02 h=E5 l=5C flow=01 runtime=00 player=00 sat=E0 08 00 06 E0 08 04 0F A0 61 70 0E E0 FF FF FF
BP_show pc=52D8 a=02 b=62 c=A0 d=70 e=0E h=01 l=02 flow=01 runtime=01 player=00 sat=E0 08 00 06 E0 08 04 0F A0 61 70 0E E0 FF FF FF
BP_refresh pc=618F a=00 b=00 c=B0 d=00 e=02 h=E5 l=5D flow=01 runtime=00 player=00 sat=E0 08 00 06 E0 08 04 0F A0 62 70 0E E0 FF FF FF
BP_refresh pc=618F a=00 b=00 c=B0 d=00 e=02 h=E5 l=5C flow=01 runtime=00 player=00 sat=E0 08 00 06 E0 08 04 0F A0 62 70 0E E0 FF FF FF
BP_refresh pc=618F a=00 b=00 c=B0 d=00 e=02 h=E5 l=5C flow=01 runtime=00 player=00 sat=E0 08 00 06 E0 08 04 0F A0 62 70 0E E0 FF FF FF
BP_show pc=52D8 a=02 b=63 c=A0 d=70 e=0E h=01 l=02 flow=01 runtime=01 player=00 sat=E0 08 00 06 E0 08 04 0F A0 62 70 0E E0 FF FF FF
BP_refresh pc=618F a=00 b=00 c=B0 d=00 e=02 h=E5 l=5D flow=01 runtime=00 player=00 sat=E0 08 00 06 E0 08 04 0F A0 63 70 0E E0 FF FF FF
BP_refresh pc=618F a=00 b=00 c=B0 d=00 e=02 h=E5 l=5C flow=01 runtime=00 player=00 sat=E0 08 00 06 E0 08 04 0F A0 63 70 0E E0 FF FF FF
BP_show pc=52D8 a=02 b=64 c=A0 d=70 e=0E h=01 l=02 flow=01 runtime=01 player=00 sat=E0 08 00 06 E0 08 04 0F A0 63 70 0E E0 FF FF FF
BP_show pc=52D8 a=02 b=65 c=A0 d=70 e=0E h=01 l=02 flow=01 runtime=01 player=00 sat=E0 08 00 06 E0 08 04 0F A0 64 70 0E E0 FF FF FF
BP_show pc=52D8 a=02 b=66 c=A0 d=74 e=0E h=01 l=02 flow=01 runtime=01 player=00 sat=E0 08 00 06 E0 08 04 0F A0 65 70 0E E0 FF FF FF
BP_show pc=52D8 a=02 b=67 c=A0 d=74 e=0E h=01 l=02 flow=01 runtime=01 player=00 sat=E0 08 00 06 E0 08 04 0F A0 66 74 0E E0 FF FF FF
BP_show pc=52D8 a=02 b=68 c=A0 d=74 e=0E h=01 l=02 flow=01 runtime=01 player=00 sat=E0 08 00 06 E0 08 04 0F A0 67 74 0E E0 FF FF FF
BP_show pc=52D8 a=02 b=69 c=A0 d=74 e=0E h=01 l=02 flow=01 runtime=01 player=00 sat=E0 08 00 06 E0 08 04 0F A0 68 74 0E E0 FF FF FF
BP_show pc=52D8 a=02 b=6A c=A0 d=74 e=0E h=01 l=02 flow=01 runtime=01 player=00 sat=E0 08 00 06 E0 08 04 0F A0 69 74 0E E0 FF FF FF
BP_show pc=52D8 a=02 b=6B c=A0 d=74 e=0E h=01 l=02 flow=01 runtime=01 player=00 sat=E0 08 00 06 E0 08 04 0F A0 6A 74 0E E0 FF FF FF
BP_show pc=52D8 a=02 b=6C c=A0 d=70 e=0E h=01 l=02 flow=01 runtime=01 player=00 sat=E0 08 00 06 E0 08 04 0F A0 6B 74 0E E0 FF FF FF
BP_show pc=52D8 a=02 b=6D c=A0 d=70 e=0E h=01 l=02 flow=01 runtime=01 player=00 sat=E0 08 00 06 E0 08 04 0F A0 6C 70 0E E0 FF FF FF
BP_show pc=52D8 a=02 b=6E c=A0 d=70 e=0E h=01 l=02 flow=01 runtime=01 player=00 sat=E0 08 00 06 E0 08 04 0F A0 6D 70 0E E0 FF FF FF
BP_show pc=52D8 a=02 b=6F c=A0 d=70 e=0E h=01 l=02 flow=01 runtime=01 player=00 sat=E0 08 00 06 E0 08 04 0F A0 6E 70 0E E0 FF FF FF
BP_show pc=52D8 a=02 b=70 c=A0 d=70 e=0E h=01 l=02 flow=01 runtime=01 player=00 sat=E0 08 00 06 E0 08 04 0F A0 6F 70 0E E0 FF FF FF
BP_show pc=52D8 a=02 b=71 c=A0 d=70 e=0E h=01 l=02 flow=01 runtime=01 player=00 sat=E0 08 00 06 E0 08 04 0F A0 70 70 0E E0 FF FF FF
BP_show pc=52D8 a=02 b=72 c=A0 d=74 e=0E h=01 l=02 flow=01 runtime=01 player=00 sat=E0 08 00 06 E0 08 04 0F A0 71 70 0E E0 FF FF FF
BP_show pc=52D8 a=02 b=73 c=A0 d=74 e=0E h=01 l=02 flow=01 runtime=01 player=00 sat=E0 08 00 06 E0 08 04 0F A0 72 74 0E E0 FF FF FF
BP_show pc=52D8 a=02 b=74 c=A0 d=74 e=0E h=01 l=02 flow=01 runtime=01 player=00 sat=E0 08 00 06 E0 08 04 0F A0 73 74 0E E0 FF FF FF
BP_show pc=52D8 a=02 b=75 c=A0 d=74 e=0E h=01 l=02 flow=01 runtime=01 player=00 sat=E0 08 00 06 E0 08 04 0F A0 74 74 0E E0 FF FF FF
BP_show pc=52D8 a=02 b=76 c=A0 d=74 e=0E h=01 l=02 flow=01 runtime=01 player=00 sat=E0 08 00 06 E0 08 04 0F A0 75 74 0E E0 FF FF FF
BP_show pc=52D8 a=02 b=77 c=A0 d=74 e=0E h=01 l=02 flow=01 runtime=01 player=00 sat=E0 08 00 06 E0 08 04 0F A0 76 74 0E E0 FF FF FF
BP_show pc=52D8 a=02 b=78 c=A0 d=70 e=0E h=01 l=02 flow=01 runtime=01 player=00 sat=E0 08 00 06 E0 08 04 0F A0 77 74 0E E0 FF FF FF
BP_show pc=52D8 a=02 b=79 c=A0 d=70 e=0E h=01 l=02 flow=01 runtime=01 player=00 sat=E0 08 00 06 E0 08 04 0F A0 78 70 0E E0 FF FF FF
BP_show pc=52D8 a=02 b=7A c=A0 d=70 e=0E h=01 l=02 flow=01 runtime=01 player=00 sat=E0 08 00 06 E0 08 04 0F A0 79 70 0E E0 FF FF FF
BP_show pc=52D8 a=02 b=7B c=A0 d=70 e=0E h=01 l=02 flow=01 runtime=01 player=00 sat=E0 08 00 06 E0 08 04 0F A0 7A 70 0E E0 FF FF FF
BP_show pc=52D8 a=02 b=7C c=A0 d=70 e=0E h=01 l=02 flow=01 runtime=01 player=00 sat=E0 08 00 06 E0 08 04 0F A0 7B 70 0E E0 FF FF FF
t14_end pc=A708 a=00 b=00 c=8F d=62 e=04 h=61 l=22 flow=01 runtime=00 player=00 sat=E0 08 00 06 E0 08 04 0F A0 7C 70 0E E0 FF FF FF
