BP_init_rom_1 pc=4010 op=F3,ED,56 sp=F2EC af=1F08 bc=0101 de=4010 hl=4004 ix=4010 iy=0104 p=00/00/00 flow=00 exit=00 screen=00 engine=FF lives=0 time=0000 frames=55 last=5555 irq=FFFF
first_SPC_DOWN
second_SPC_DOWN
dense_000 pc=63DF op=2A,BE,EA sp=F324 af=1B44 bc=0006 de=001B hl=0000 ix=EB22 iy=1B98 p=08/02/07 flow=00 exit=00 screen=00 engine=FF lives=3 time=003C frames=55 last=5555 irq=0144
dense_001 pc=40F4 op=FB,C9,7D sp=F362 af=000C bc=003F de=1800 hl=1821 ix=A195 iy=A34F p=04/02/07 flow=00 exit=00 screen=00 engine=00 lives=3 time=003C frames=3C last=0145 irq=0146
dense_002 pc=A5DC op=7E,B7,28 sp=F372 af=FFAC bc=A06B de=3152 hl=9754 ix=A195 iy=A34F p=01/02/03 flow=01 exit=00 screen=00 engine=00 lives=3 time=003C frames=3A last=0148 irq=014C
dense_003 pc=A5EA op=18,F0,E1 sp=F372 af=FFAC bc=A06B de=360E hl=9C10 ix=A195 iy=A34F p=01/02/03 flow=01 exit=00 screen=00 engine=00 lives=3 time=003C frames=3A last=0148 irq=0152
dense_004 pc=A5E7 op=E1,23,13 sp=F370 af=C98C bc=9885 de=321E hl=321E ix=A195 iy=A34F p=01/02/03 flow=01 exit=00 screen=00 engine=00 lives=3 time=003C frames=3A last=0148 irq=0158
dense_005 pc=A5E2 op=EB,CD,E3 sp=F36E af=EDAC bc=87AF de=31D0 hl=4D53 ix=A195 iy=A34F p=01/02/03 flow=01 exit=00 screen=00 engine=00 lives=3 time=003C frames=3A last=0148 irq=015E
dense_006 pc=A5E6 op=D1,E1,23 sp=F36E af=FFAC bc=7F4C de=B325 hl=21F1 ix=A195 iy=A34F p=01/02/03 flow=01 exit=00 screen=00 engine=00 lives=3 time=003C frames=3A last=0148 irq=0164
dense_007 pc=40E4 op=4F,F5,F3 sp=F36A af=FFAC bc=7F4C de=B7E1 hl=26AD ix=A195 iy=A34F p=01/02/03 flow=01 exit=00 screen=00 engine=00 lives=3 time=003C frames=3A last=0148 irq=016A
dense_008 pc=A5E1 op=D5,EB,CD sp=F370 af=FFAC bc=7F4C de=2B69 hl=BC9D ix=A195 iy=A34F p=01/02/03 flow=01 exit=00 screen=00 engine=00 lives=3 time=003C frames=3A last=0148 irq=0170
dense_009 pc=40E3 op=C5,4F,F5 sp=F36C af=FFAC bc=7CB7 de=5424 hl=356E ix=A195 iy=A34F p=01/02/03 flow=01 exit=00 screen=00 engine=00 lives=3 time=003C frames=3A last=0148 irq=0176
dense_010 pc=40E7 op=7D,D3,99 sp=F368 af=FFAC bc=7CFF de=58D5 hl=3A1F ix=A195 iy=A34F p=01/02/03 flow=01 exit=00 screen=00 engine=00 lives=3 time=003C frames=3A last=0148 irq=017C
dense_011 pc=40ED op=D3,99,79 sp=F368 af=7E2C bc=7CFF de=5D86 hl=3ED0 ix=A195 iy=A34F p=01/02/03 flow=01 exit=00 screen=00 engine=00 lives=3 time=003C frames=3A last=0148 irq=0182
dense_012 pc=A5DE op=28,0C,E5 sp=F372 af=FFAC bc=7B60 de=1F92 hl=9EFF ix=A195 iy=A34F p=01/02/03 flow=01 exit=00 screen=00 engine=00 lives=3 time=003C frames=3A last=0148 irq=0188
dense_013 pc=40F3 op=C1,FB,C9 sp=F36A af=FFAC bc=76FF de=B908 hl=309B ix=A195 iy=A34F p=01/02/03 flow=01 exit=00 screen=00 engine=00 lives=3 time=003C frames=3A last=0148 irq=018E
dense_014 pc=40E4 op=4F,F5,F3 sp=F36A af=FFAC bc=764F de=BDBC hl=354F ix=A195 iy=A34F p=01/02/03 flow=01 exit=00 screen=00 engine=00 lives=3 time=003C frames=3A last=0148 irq=0194
dense_015 pc=40E6 op=F3,7D,D3 sp=F368 af=FFAC bc=75FF de=B9EA hl=1FB2 ix=A195 iy=A34F p=01/02/03 flow=01 exit=00 screen=00 engine=00 lives=3 time=003C frames=3A last=0148 irq=019A
dense_016 pc=A5DC op=7E,B7,28 sp=F372 af=FFAC bc=7544 de=2466 hl=BE9E ix=A195 iy=A34F p=01/02/03 flow=01 exit=00 screen=00 engine=00 lives=3 time=003C frames=3A last=0148 irq=01A0
dense_017 pc=A5EA op=18,F0,E1 sp=F372 af=FFAC bc=7404 de=1F54 hl=BECD ix=A195 iy=A34F p=01/02/03 flow=01 exit=00 screen=00 engine=00 lives=3 time=003C frames=3A last=0148 irq=01A6
dense_018 pc=A5DC op=7E,B7,28 sp=F372 af=FFAC bc=7333 de=22B2 hl=96FC ix=A195 iy=A34F p=01/02/03 flow=01 exit=00 screen=00 engine=00 lives=3 time=003C frames=3A last=0148 irq=01AC
dense_019 pc=40EF op=79,D3,98 sp=F368 af=6720 bc=73FF de=9BAF hl=2765 ix=A195 iy=A34F p=01/02/03 flow=01 exit=00 screen=00 engine=00 lives=3 time=003C frames=3A last=0148 irq=01B2
dense_020 pc=1A53 op=0F,38,1A sp=F356 af=0044 bc=0501 de=FBEF hl=2876 ix=FBE4 iy=A34F p=01/02/03 flow=01 exit=00 screen=00 engine=00 lives=3 time=003C frames=3A last=0148 irq=01B8
dense_021 pc=1A53 op=0F,38,1A sp=F35A af=0044 bc=0402 de=FBEE hl=286F ix=FBE3 iy=A34F p=01/02/03 flow=01 exit=00 screen=00 engine=00 lives=3 time=003C frames=3A last=0148 irq=01BE
dense_022 pc=1A53 op=0F,38,1A sp=F356 af=0044 bc=0503 de=FBED hl=2866 ix=FBE2 iy=A34F p=01/02/03 flow=01 exit=00 screen=00 engine=00 lives=3 time=003C frames=3A last=0148 irq=01C4
dense_023 pc=1A57 op=10,FA,DD sp=F356 af=0044 bc=0804 de=FBEC hl=285C ix=FBE1 iy=A34F p=01/02/03 flow=01 exit=00 screen=00 engine=00 lives=3 time=003C frames=3A last=0148 irq=01CA
dense_024 pc=1A57 op=10,FA,DD sp=F35A af=0044 bc=0605 de=FBEB hl=2856 ix=FBE0 iy=A34F p=01/02/03 flow=01 exit=00 screen=00 engine=00 lives=3 time=003C frames=3A last=0148 irq=01D0
dense_025 pc=1A50 op=08,06,08 sp=F356 af=FF18 bc=0006 de=FBEA hl=26FB ix=FBDF iy=A34F p=01/02/03 flow=01 exit=00 screen=00 engine=00 lives=3 time=003C frames=3A last=0148 irq=01D6
dense_026 pc=1A53 op=0F,38,1A sp=F35A af=0044 bc=0607 de=FBE9 hl=26F5 ix=FBDE iy=A34F p=01/02/03 flow=01 exit=00 screen=00 engine=00 lives=3 time=003C frames=3A last=0148 irq=01DC
dense_027 pc=1A56 op=23,10,FA sp=F356 af=0044 bc=0708 de=FBE8 hl=26EC ix=FBDD iy=A34F p=01/02/03 flow=01 exit=00 screen=00 engine=00 lives=3 time=003C frames=3A last=0148 irq=01E2
dense_028 pc=1A53 op=0F,38,1A sp=F356 af=0054 bc=0809 de=FBE7 hl=26E3 ix=FBDC iy=A34F p=01/02/03 flow=01 exit=00 screen=00 engine=00 lives=3 time=003C frames=3A last=0148 irq=01E8
dense_029 pc=1A54 op=38,1A,23 sp=F35A af=0044 bc=080A de=FBE6 hl=26DB ix=FBDB iy=A34F p=01/02/03 flow=01 exit=00 screen=00 engine=00 lives=3 time=003C frames=3A last=0148 irq=01EE
dense_030 pc=1A50 op=08,06,08 sp=F352 af=FF18 bc=000B de=FBE5 hl=26D3 ix=FBDA iy=A34F p=01/02/03 flow=01 exit=00 screen=00 engine=00 lives=3 time=003C frames=3A last=0148 irq=01F4
dense_031 pc=1A24 op=DB,A9,77 sp=F356 af=5600 bc=0556 de=01FF hl=FBEB ix=A195 iy=A34F p=01/02/03 flow=01 exit=00 screen=00 engine=00 lives=3 time=003C frames=3A last=0148 irq=01FA
dense_032 pc=1A17 op=DB,AA,E6 sp=F358 af=0110 bc=04F3 de=01FF hl=02D7 ix=A195 iy=A34F p=01/02/03 flow=01 exit=00 screen=00 engine=00 lives=3 time=003C frames=3A last=0148 irq=0200
dense_033 pc=485C op=23,B1,28 sp=F34A af=0044 bc=0100 de=01FF hl=EA81 ix=A195 iy=A34F p=01/02/03 flow=01 exit=00 screen=00 engine=00 lives=3 time=003C frames=3A last=0148 irq=0206
dense_034 pc=486F op=18,00,10 sp=F34A af=EFA8 bc=07AF de=01FF hl=EA76 ix=A195 iy=A34F p=01/02/03 flow=01 exit=00 screen=00 engine=00 lives=3 time=003C frames=3A last=0148 irq=020C
dense_035 pc=4ED9 op=F1,CD,69 sp=F332 af=FFBC bc=D0A0 de=0000 hl=EC06 ix=A195 iy=A34F p=08/02/03 flow=01 exit=00 screen=00 engine=00 lives=3 time=003C frames=3A last=0148 irq=0212
dense_036 pc=680D op=ED,79,0C sp=F32C af=079B bc=D6A0 de=0000 hl=EC00 ix=EB16 iy=A34F p=08/02/03 flow=01 exit=00 screen=00 engine=00 lives=3 time=003C frames=3A last=0148 irq=0218
dense_037 pc=6814 op=FE,0D,20 sp=F32E af=0100 bc=DCA0 de=0000 hl=EBFA ix=EB16 iy=A34F p=08/02/03 flow=01 exit=00 screen=00 engine=00 lives=3 time=003C frames=3A last=0148 irq=021E
dense_038 pc=66C9 op=18,0E,1F sp=F324 af=F4B1 bc=DDDD de=EBF9 hl=EAD6 ix=EB16 iy=A34F p=08/02/03 flow=01 exit=00 screen=00 engine=00 lives=3 time=003C frames=3A last=0148 irq=0224
dense_039 pc=6625 op=19,ED,7B sp=EBF7 af=BCAC bc=DDDD de=0000 hl=B93A ix=EB16 iy=A34F p=08/02/03 flow=01 exit=00 screen=00 engine=00 lives=3 time=003C frames=3A last=0148 irq=022A
dense_040 pc=65DE op=38,02,3E sp=15EC af=48A3 bc=DDDD de=DBCD hl=16BC ix=EB16 iy=A34F p=08/02/03 flow=01 exit=00 screen=00 engine=00 lives=3 time=003C frames=3A last=0148 irq=0230
dense_041 pc=66DD op=21,00,EC sp=F324 af=481C bc=DDDD de=EBF9 hl=EAD6 ix=EAF9 iy=A34F p=08/02/03 flow=01 exit=00 screen=00 engine=00 lives=3 time=003C frames=3A last=0148 irq=0236
dense_042 pc=662A op=E3,AF,DD sp=F328 af=9084 bc=DDDD de=0000 hl=52E8 ix=EAF9 iy=A34F p=08/02/03 flow=01 exit=00 screen=00 engine=00 lives=3 time=003C frames=3A last=0148 irq=023C
dense_043 pc=65E7 op=DD,66,10 sp=15EC af=3319 bc=DDDD de=DBCD hl=16C3 ix=EAF9 iy=A34F p=08/02/03 flow=01 exit=00 screen=00 engine=00 lives=3 time=003C frames=3A last=0148 irq=0242
dense_044 pc=66E3 op=E1,AF,DD sp=F328 af=2424 bc=DDDD de=EBF9 hl=EC00 ix=EADC iy=A34F p=08/02/03 flow=01 exit=00 screen=00 engine=00 lives=3 time=003C frames=3A last=0148 irq=0248
dense_045 pc=6625 op=19,ED,7B sp=EBF7 af=BCAC bc=DDDD de=0000 hl=EC4E ix=EADC iy=A34F p=08/02/03 flow=01 exit=00 screen=00 engine=00 lives=3 time=003C frames=3A last=0148 irq=024E
dense_046 pc=65EC op=26,00,DD sp=D1C5 af=FFAC bc=0882 de=3333 hl=D1C3 ix=EADC iy=A34F p=08/02/03 flow=01 exit=00 screen=00 engine=00 lives=3 time=003C frames=3A last=0148 irq=0254
dense_047 pc=6787 op=20,0F,DD sp=F32C af=FF22 bc=0882 de=01FF hl=EB31 ix=A195 iy=A34F p=08/02/03 flow=01 exit=00 screen=00 engine=00 lives=3 time=003C frames=3A last=0148 irq=025A
dense_048 pc=4ECB op=F5,F3,3A sp=F338 af=0040 bc=0882 de=01FF hl=5182 ix=A195 iy=A34F p=01/02/03 flow=01 exit=00 screen=00 engine=00 lives=3 time=003C frames=3A last=0148 irq=0260
dense_049 pc=4838 op=D5,DD,E5 sp=F350 af=E4A4 bc=04F3 de=01FF hl=247A ix=A195 iy=A34F p=01/02/03 flow=01 exit=00 screen=00 engine=00 lives=3 time=003C frames=3A last=0148 irq=0265
dense_050 pc=40EB op=F6,40,D3 sp=F368 af=1DAC bc=04FF de=58A6 hl=1D72 ix=A195 iy=A34F p=01/02/03 flow=01 exit=00 screen=00 engine=00 lives=3 time=003C frames=3A last=0148 irq=026B
dense_051 pc=A5E0 op=E5,D5,EB sp=F372 af=FFAC bc=04D4 de=2226 hl=5D5A ix=A195 iy=A34F p=01/02/03 flow=01 exit=00 screen=00 engine=00 lives=3 time=003C frames=3A last=0148 irq=0271
dense_052 pc=A5E9 op=13,18,F0 sp=F372 af=EAA8 bc=0120 de=2272 hl=4DF6 ix=A195 iy=A34F p=01/02/03 flow=01 exit=00 screen=00 engine=00 lives=3 time=003C frames=3A last=0148 irq=0277
BP_0000 pc=0000 op=F3,C3,12 sp=F409 af=E4BA bc=32E4 de=32D3 hl=3296 ix=A195 iy=A34F p=01/02/03 flow=01 exit=00 screen=00 engine=00 lives=3 time=003C frames=3A last=0148 irq=027D
dense_053 pc=0D43 op=BE,20,08 sp=F409 af=0F02 bc=E410 de=01FF hl=FF00 ix=A195 iy=A34F p=FF/FF/FF flow=FF exit=FF screen=FF engine=FF lives=255 time=FFFF frames=FF last=FFFF irq=FFFF
dense_054 pc=1130 op=10,FD,C9 sp=F2FE af=8E44 bc=7898 de=0E5E hl=FAFC ix=8010 iy=0000 p=01/02/03 flow=01 exit=00 screen=00 engine=00 lives=3 time=003C frames=3A last=0148 irq=027D
dense_055 pc=1130 op=10,FD,C9 sp=F2FE af=8E44 bc=7298 de=0E5E hl=FAFC ix=8010 iy=0000 p=01/02/03 flow=01 exit=00 screen=00 engine=00 lives=3 time=003C frames=3A last=0148 irq=027D
dense_056 pc=1130 op=10,FD,C9 sp=F2FE af=8E44 bc=6C98 de=0E5E hl=FAFC ix=8010 iy=0000 p=01/02/03 flow=01 exit=00 screen=00 engine=00 lives=3 time=003C frames=3A last=0148 irq=027D
dense_057 pc=1130 op=10,FD,C9 sp=F2FE af=8E44 bc=6698 de=0E5E hl=FAFC ix=8010 iy=0000 p=01/02/03 flow=01 exit=00 screen=00 engine=00 lives=3 time=003C frames=3A last=0148 irq=027D
dense_058 pc=1130 op=10,FD,C9 sp=F2FE af=8E44 bc=6098 de=0E5E hl=FAFC ix=8010 iy=0000 p=01/02/03 flow=01 exit=00 screen=00 engine=00 lives=3 time=003C frames=3A last=0148 irq=027D
dense_059 pc=1130 op=10,FD,C9 sp=F2FE af=8E44 bc=5A98 de=0E5E hl=FAFC ix=8010 iy=0000 p=01/02/03 flow=01 exit=00 screen=00 engine=00 lives=3 time=003C frames=3A last=0148 irq=027D
dense_060 pc=1130 op=10,FD,C9 sp=F2FE af=8E44 bc=5498 de=0E5E hl=FAFC ix=8010 iy=0000 p=01/02/03 flow=01 exit=00 screen=00 engine=00 lives=3 time=003C frames=3A last=0148 irq=027D
dense_061 pc=1130 op=10,FD,C9 sp=F2FE af=8E44 bc=4E98 de=0E5E hl=FAFC ix=8010 iy=0000 p=01/02/03 flow=01 exit=00 screen=00 engine=00 lives=3 time=003C frames=3A last=0148 irq=027D
dense_062 pc=1130 op=10,FD,C9 sp=F2FE af=8E44 bc=4898 de=0E5E hl=FAFC ix=8010 iy=0000 p=01/02/03 flow=01 exit=00 screen=00 engine=00 lives=3 time=003C frames=3A last=0148 irq=027D
dense_063 pc=1130 op=10,FD,C9 sp=F2FE af=8E44 bc=4298 de=0E5E hl=FAFC ix=8010 iy=0000 p=01/02/03 flow=01 exit=00 screen=00 engine=00 lives=3 time=003C frames=3A last=0148 irq=027D
dense_064 pc=1130 op=10,FD,C9 sp=F2FE af=8E44 bc=3C98 de=0E5E hl=FAFC ix=8010 iy=0000 p=01/02/03 flow=01 exit=00 screen=00 engine=00 lives=3 time=003C frames=3A last=0148 irq=027D
dense_065 pc=1130 op=10,FD,C9 sp=F2FE af=8E44 bc=3698 de=0E5E hl=FAFC ix=8010 iy=0000 p=01/02/03 flow=01 exit=00 screen=00 engine=00 lives=3 time=003C frames=3A last=0148 irq=027D
dense_066 pc=1130 op=10,FD,C9 sp=F2FE af=8E44 bc=3098 de=0E5E hl=FAFC ix=8010 iy=0000 p=01/02/03 flow=01 exit=00 screen=00 engine=00 lives=3 time=003C frames=3A last=0148 irq=027D
dense_067 pc=1130 op=10,FD,C9 sp=F2FE af=8E44 bc=2A98 de=0E5E hl=FAFC ix=8010 iy=0000 p=01/02/03 flow=01 exit=00 screen=00 engine=00 lives=3 time=003C frames=3A last=0148 irq=027D
dense_068 pc=1130 op=10,FD,C9 sp=F2FE af=8E44 bc=2498 de=0E5E hl=FAFC ix=8010 iy=0000 p=01/02/03 flow=01 exit=00 screen=00 engine=00 lives=3 time=003C frames=3A last=0148 irq=027D
dense_069 pc=1130 op=10,FD,C9 sp=F2FE af=8E44 bc=1E98 de=0E5E hl=FAFC ix=8010 iy=0000 p=01/02/03 flow=01 exit=00 screen=00 engine=00 lives=3 time=003C frames=3A last=0148 irq=027D
dense_070 pc=1130 op=10,FD,C9 sp=F2FE af=8E44 bc=1898 de=0E5E hl=FAFC ix=8010 iy=0000 p=01/02/03 flow=01 exit=00 screen=00 engine=00 lives=3 time=003C frames=3A last=0148 irq=027D
dense_071 pc=1130 op=10,FD,C9 sp=F2FE af=8E44 bc=1298 de=0E5E hl=FAFC ix=8010 iy=0000 p=01/02/03 flow=01 exit=00 screen=00 engine=00 lives=3 time=003C frames=3A last=0148 irq=027D
dense_072 pc=1130 op=10,FD,C9 sp=F2FE af=8E44 bc=0C98 de=0E5E hl=FAFC ix=8010 iy=0000 p=01/02/03 flow=01 exit=00 screen=00 engine=00 lives=3 time=003C frames=3A last=0148 irq=027D
dense_073 pc=1130 op=10,FD,C9 sp=F2FE af=8E44 bc=0698 de=0E5E hl=FAFC ix=8010 iy=0000 p=01/02/03 flow=01 exit=00 screen=00 engine=00 lives=3 time=003C frames=3A last=0148 irq=027D
dense_074 pc=23CE op=B1,20,F8 sp=F2FE af=3C44 bc=3C03 de=0E5E hl=FAFC ix=8010 iy=0000 p=01/02/03 flow=01 exit=00 screen=00 engine=00 lives=3 time=003C frames=3A last=0148 irq=027D
dense_075 pc=23C9 op=AF,D3,98 sp=F2FE af=9F8C bc=1E85 de=0E5E hl=FAFC ix=8010 iy=0000 p=01/02/03 flow=01 exit=00 screen=00 engine=00 lives=3 time=003C frames=3A last=0148 irq=027D
dense_076 pc=23CC op=0B,78,B1 sp=F2FE af=0044 bc=0107 de=0E5E hl=FAFC ix=8010 iy=0000 p=01/02/03 flow=01 exit=00 screen=00 engine=00 lives=3 time=003C frames=3A last=0148 irq=027D
BP_init_rom_2 pc=4010 op=F3,ED,56 sp=F2EC af=1F08 bc=0101 de=4010 hl=4004 ix=4010 iy=0104 p=01/02/03 flow=01 exit=00 screen=00 engine=00 lives=3 time=003C frames=3A last=0148 irq=027D
dense_077 pc=046D op=D3,98,10 sp=F35E af=0002 bc=6F12 de=00D1 hl=0000 ix=00D1 iy=8344 p=01/02/03 flow=01 exit=00 screen=00 engine=00 lives=3 time=003C frames=3A last=0148 irq=027D
dense_078 pc=40C3 op=B5,20,FB sp=F37E af=02AC bc=E201 de=88D1 hl=02EA ix=4010 iy=0104 p=01/02/03 flow=01 exit=00 screen=00 engine=00 lives=3 time=003C frames=3A last=0148 irq=027D
dense_079 pc=A1E4 op=10,DF,C9 sp=F368 af=0064 bc=1820 de=0800 hl=A0B0 ix=A17E iy=A0B0 p=01/02/0B flow=00 exit=00 screen=00 engine=00 lives=3 time=003C frames=3A last=0148 irq=0005
dense_080 pc=046F op=10,FC,0D sp=F352 af=0002 bc=2902 de=00D1 hl=0000 ix=00D1 iy=8344 p=04/02/03 flow=00 exit=00 screen=00 engine=00 lives=3 time=003C frames=3A last=0148 irq=000A
dense_081 pc=4738 op=78,B1,20 sp=F370 af=FF88 bc=00CA de=1000 hl=9EBE ix=A195 iy=A34F p=04/10/03 flow=00 exit=00 screen=00 engine=00 lives=3 time=003C frames=3A last=0148 irq=000E
dense_082 pc=602B op=CD,39,60 sp=F372 af=0044 bc=0008 de=1800 hl=8900 ix=A195 iy=A34F p=04/02/03 flow=00 exit=00 screen=00 engine=00 lives=3 time=003C frames=3A last=0148 irq=0014
dense_083 pc=602B op=CD,39,60 sp=F372 af=0044 bc=0008 de=1800 hl=8900 ix=A195 iy=A34F p=04/02/03 flow=00 exit=00 screen=00 engine=00 lives=3 time=003C frames=3A last=0148 irq=001A
dense_084 pc=602B op=CD,39,60 sp=F372 af=0044 bc=0008 de=1800 hl=8900 ix=A195 iy=A34F p=04/02/03 flow=00 exit=00 screen=00 engine=00 lives=3 time=003C frames=3A last=0148 irq=0020
dense_085 pc=602B op=CD,39,60 sp=F372 af=0044 bc=0008 de=1800 hl=8900 ix=A195 iy=A34F p=04/02/03 flow=00 exit=00 screen=00 engine=00 lives=3 time=003C frames=3A last=0148 irq=0026
dense_086 pc=602B op=CD,39,60 sp=F372 af=0044 bc=0008 de=1800 hl=8900 ix=A195 iy=A34F p=04/02/03 flow=00 exit=00 screen=00 engine=00 lives=3 time=003C frames=3A last=0148 irq=002C
dense_087 pc=602B op=CD,39,60 sp=F372 af=0044 bc=0008 de=1800 hl=8900 ix=A195 iy=A34F p=04/02/03 flow=00 exit=00 screen=00 engine=00 lives=3 time=003C frames=3A last=0148 irq=0032
dense_088 pc=602B op=CD,39,60 sp=F372 af=0044 bc=0008 de=1800 hl=8900 ix=A195 iy=A34F p=04/02/03 flow=00 exit=00 screen=00 engine=00 lives=3 time=003C frames=3A last=0148 irq=0038
dense_089 pc=602B op=CD,39,60 sp=F372 af=0044 bc=0008 de=1800 hl=8900 ix=A195 iy=A34F p=04/02/03 flow=00 exit=00 screen=00 engine=00 lives=3 time=003C frames=3A last=0148 irq=003E
dense_090 pc=602B op=CD,39,60 sp=F372 af=0044 bc=0008 de=1800 hl=8900 ix=A195 iy=A34F p=04/02/03 flow=00 exit=00 screen=00 engine=00 lives=3 time=003C frames=3A last=0148 irq=0044
final pc=602B op=CD,39,60 sp=F372 af=0044 bc=0008 de=1800 hl=8900 ix=A195 iy=A34F p=04/02/03 flow=00 exit=00 screen=00 engine=00 lives=3 time=003C frames=3A last=0148 irq=0068
