BP_4010 pc=4010 sp=F2EC ret=F392 bank=00/00/00/00 flow=00 screen=33 irq=0000 inirq=00 input=00 btn=27 key8=FF joy=3F pidx=33 hero=00 prun=33 ent=65535,65535 sprslot=FF spr=65535,65535 visbest=00,159,57 pos=13107,13107
space1_before pc=95EB sp=F37C ret=95D6 bank=01/02/03/03 flow=00 screen=33 irq=00A7 inirq=00 input=00 btn=27 key8=FF joy=3F pidx=33 hero=00 prun=33 ent=65535,65535 sprslot=FF spr=65535,65535 visbest=FF,65535,65535 pos=13107,13107
space1_during pc=95FC sp=F37C ret=95D6 bank=01/02/03/03 flow=00 screen=33 irq=00AE inirq=00 input=00 btn=27 key8=FE joy=3F pidx=33 hero=00 prun=33 ent=65535,65535 sprslot=FF spr=65535,65535 visbest=FF,65535,65535 pos=13107,13107
space1_after pc=1A53 sp=F362 ret=19DD bank=01/02/03/03 flow=00 screen=00 irq=00BF inirq=00 input=00 btn=00 key8=FF joy=3F pidx=33 hero=00 prun=33 ent=65535,65535 sprslot=FF spr=65535,65535 visbest=FF,65535,65535 pos=13107,13107
space2_before pc=955B sp=F376 ret=9E6B bank=01/02/03/03 flow=00 screen=00 irq=0117 inirq=00 input=00 btn=00 key8=FF joy=3F pidx=00 hero=00 prun=01 ent=8,80 sprslot=00 spr=8,224 visbest=FF,65535,65535 pos=8,80
space2_during pc=9598 sp=F376 ret=9E6B bank=01/02/03/03 flow=00 screen=00 irq=011E inirq=00 input=00 btn=00 key8=FE joy=3F pidx=00 hero=00 prun=01 ent=8,80 sprslot=00 spr=8,224 visbest=FF,65535,65535 pos=8,80
space2_after pc=46E0 sp=F35E ret=46C6 bank=0C/02/03/03 flow=00 screen=00 irq=012D inirq=00 input=00 btn=00 key8=FF joy=3F pidx=00 hero=00 prun=01 ent=8,80 sprslot=00 spr=8,224 visbest=FF,65535,65535 pos=8,80
BP_task_input_1 pc=4B10 sp=F37A ret=9D8D bank=01/02/03/03 flow=01 screen=00 irq=012F inirq=00 input=00 btn=00 key8=FF joy=3F pidx=00 hero=00 prun=01 ent=8,80 sprslot=00 spr=8,224 visbest=FF,65535,65535 pos=8,80
BP_task_input_2 pc=4B10 sp=F37A ret=9D8D bank=01/02/03/03 flow=01 screen=00 irq=0130 inirq=00 input=00 btn=00 key8=FF joy=3F pidx=00 hero=00 prun=01 ent=8,80 sprslot=00 spr=8,224 visbest=02,97,160 pos=8,80
t12 pc=66B3 sp=F360 ret=024F bank=0D/02/03/03 flow=01 screen=00 irq=01AF inirq=00 input=00 btn=00 key8=FF joy=3F pidx=00 hero=00 prun=01 ent=8,80 sprslot=00 spr=8,224 visbest=02,139,160 pos=8,80
SHOTOK patoantic248_matrix_megarom_konami_t12.png
space3_before pc=1A50 sp=F364 ret=19DD bank=01/02/03/03 flow=01 screen=00 irq=01DF inirq=00 input=00 btn=00 key8=FF joy=3F pidx=00 hero=00 prun=01 ent=8,80 sprslot=00 spr=8,224 visbest=02,155,160 pos=8,80
BP_task_input_177 pc=4B10 sp=F37A ret=9D8D bank=01/02/03/03 flow=01 screen=00 irq=01DF inirq=00 input=00 btn=00 key8=FE joy=3F pidx=00 hero=00 prun=01 ent=8,80 sprslot=00 spr=8,224 visbest=02,155,160 pos=8,80
BP_task_input_178 pc=4B10 sp=F37A ret=9D8D bank=01/02/03/03 flow=01 screen=00 irq=01E0 inirq=00 input=00 btn=01 key8=FE joy=3F pidx=00 hero=00 prun=01 ent=8,80 sprslot=00 spr=8,224 visbest=02,155,160 pos=8,80
BP_task_input_179 pc=4B10 sp=F37A ret=9D8D bank=01/02/03/03 flow=01 screen=00 irq=01E1 inirq=00 input=00 btn=01 key8=FE joy=3F pidx=00 hero=00 prun=01 ent=8,80 sprslot=00 spr=8,224 visbest=02,156,160 pos=8,80
BP_task_input_180 pc=4B10 sp=F37A ret=9D8D bank=01/02/03/03 flow=01 screen=00 irq=01E2 inirq=00 input=00 btn=01 key8=FE joy=3F pidx=00 hero=00 prun=01 ent=8,80 sprslot=00 spr=8,224 visbest=02,156,160 pos=8,80
BP_task_input_181 pc=4B10 sp=F37A ret=9D8D bank=01/02/03/03 flow=01 screen=00 irq=01E3 inirq=00 input=00 btn=01 key8=FE joy=3F pidx=00 hero=00 prun=01 ent=8,80 sprslot=00 spr=8,224 visbest=02,156,160 pos=8,80
BP_task_input_182 pc=4B10 sp=F37A ret=9D8D bank=01/02/03/03 flow=01 screen=00 irq=01E4 inirq=00 input=00 btn=01 key8=FE joy=3F pidx=00 hero=00 prun=01 ent=8,80 sprslot=00 spr=8,224 visbest=02,157,160 pos=8,80
BP_task_input_183 pc=4B10 sp=F37A ret=9D8D bank=01/02/03/03 flow=01 screen=00 irq=01E5 inirq=00 input=00 btn=01 key8=FE joy=3F pidx=00 hero=00 prun=01 ent=8,80 sprslot=00 spr=8,224 visbest=02,157,160 pos=8,80
BP_task_input_184 pc=4B10 sp=F37A ret=9D8D bank=01/02/03/03 flow=01 screen=00 irq=01E6 inirq=00 input=00 btn=01 key8=FE joy=3F pidx=00 hero=00 prun=01 ent=8,80 sprslot=00 spr=8,224 visbest=02,157,160 pos=8,80
space3_during pc=78A3 sp=F376 ret=5F46 bank=01/02/03/03 flow=01 screen=00 irq=01E6 inirq=00 input=00 btn=01 key8=FE joy=3F pidx=00 hero=00 prun=01 ent=8,80 sprslot=00 spr=8,224 visbest=02,157,160 pos=8,80
BP_task_input_185 pc=4B10 sp=F37A ret=9D8D bank=01/02/03/03 flow=01 screen=00 irq=01E7 inirq=00 input=00 btn=01 key8=FE joy=3F pidx=00 hero=00 prun=01 ent=8,80 sprslot=00 spr=8,224 visbest=02,158,160 pos=8,80
BP_task_input_186 pc=4B10 sp=F37A ret=9D8D bank=01/02/03/03 flow=01 screen=00 irq=01E8 inirq=00 input=00 btn=01 key8=FE joy=3F pidx=00 hero=00 prun=01 ent=8,80 sprslot=00 spr=8,224 visbest=02,158,160 pos=8,80
BP_task_input_187 pc=4B10 sp=F37A ret=9D8D bank=01/02/03/03 flow=01 screen=00 irq=01E9 inirq=00 input=00 btn=01 key8=FE joy=3F pidx=00 hero=00 prun=01 ent=8,80 sprslot=00 spr=8,224 visbest=02,158,160 pos=8,80
BP_task_input_188 pc=4B10 sp=F37A ret=9D8D bank=01/02/03/03 flow=01 screen=00 irq=01EA inirq=00 input=00 btn=01 key8=FE joy=3F pidx=00 hero=00 prun=01 ent=8,80 sprslot=00 spr=8,224 visbest=02,159,160 pos=8,80
BP_task_input_189 pc=4B10 sp=F37A ret=9D8D bank=01/02/03/03 flow=01 screen=00 irq=01EB inirq=00 input=00 btn=01 key8=FE joy=3F pidx=00 hero=00 prun=01 ent=8,80 sprslot=00 spr=8,224 visbest=02,159,160 pos=8,80
BP_task_input_190 pc=4B10 sp=F37A ret=9D8D bank=01/02/03/03 flow=01 screen=00 irq=01EC inirq=00 input=00 btn=01 key8=FE joy=3F pidx=00 hero=00 prun=01 ent=8,80 sprslot=00 spr=8,224 visbest=02,159,160 pos=8,80
BP_task_input_191 pc=4B10 sp=F37A ret=9D8D bank=01/02/03/03 flow=01 screen=00 irq=01ED inirq=00 input=00 btn=01 key8=FE joy=3F pidx=00 hero=00 prun=01 ent=8,80 sprslot=00 spr=8,224 visbest=02,160,160 pos=8,80
BP_task_input_192 pc=4B10 sp=F37A ret=9D8D bank=01/02/03/03 flow=01 screen=00 irq=01EE inirq=00 input=00 btn=01 key8=FE joy=3F pidx=00 hero=00 prun=01 ent=8,80 sprslot=00 spr=8,224 visbest=02,160,160 pos=8,80
BP_task_input_193 pc=4B10 sp=F37A ret=9D8D bank=01/02/03/03 flow=01 screen=00 irq=01EF inirq=00 input=00 btn=01 key8=FE joy=3F pidx=00 hero=00 prun=01 ent=8,80 sprslot=00 spr=8,224 visbest=02,160,160 pos=8,80
BP_task_input_194 pc=4B10 sp=F37A ret=9D8D bank=01/02/03/03 flow=01 screen=00 irq=01F0 inirq=00 input=00 btn=01 key8=FE joy=3F pidx=00 hero=00 prun=01 ent=8,80 sprslot=00 spr=8,224 visbest=02,161,160 pos=8,80
BP_task_input_195 pc=4B10 sp=F37A ret=9D8D bank=01/02/03/03 flow=01 screen=00 irq=01F1 inirq=00 input=00 btn=01 key8=FE joy=3F pidx=00 hero=00 prun=01 ent=8,80 sprslot=00 spr=8,224 visbest=02,161,160 pos=8,80
BP_task_input_196 pc=4B10 sp=F37A ret=9D8D bank=01/02/03/03 flow=01 screen=00 irq=01F2 inirq=00 input=00 btn=01 key8=FE joy=3F pidx=00 hero=00 prun=01 ent=8,80 sprslot=00 spr=8,224 visbest=02,161,160 pos=8,80
BP_task_input_197 pc=4B10 sp=F37A ret=9D8D bank=01/02/03/03 flow=01 screen=00 irq=01F3 inirq=00 input=00 btn=01 key8=FE joy=3F pidx=00 hero=00 prun=01 ent=8,80 sprslot=00 spr=8,224 visbest=02,162,160 pos=8,80
space3_after pc=1A56 sp=F364 ret=19DD bank=01/02/03/03 flow=01 screen=00 irq=01FA inirq=00 input=00 btn=00 key8=FF joy=3F pidx=00 hero=00 prun=01 ent=8,80 sprslot=00 spr=8,224 visbest=02,164,160 pos=8,80
right_before pc=19D0 sp=F366 ret=6195 bank=01/02/03/03 flow=01 screen=00 irq=0227 inirq=00 input=00 btn=00 key8=FF joy=3F pidx=00 hero=00 prun=01 ent=8,80 sprslot=00 spr=8,224 visbest=02,179,160 pos=8,80
BP_task_input_249 pc=4B10 sp=F37A ret=9D8D bank=01/02/03/03 flow=01 screen=00 irq=0227 inirq=00 input=00 btn=00 key8=7F joy=3F pidx=00 hero=00 prun=01 ent=8,80 sprslot=00 spr=8,224 visbest=02,179,160 pos=8,80
BP_task_input_250 pc=4B10 sp=F37A ret=9D8D bank=01/02/03/03 flow=01 screen=00 irq=0228 inirq=00 input=03 btn=00 key8=7F joy=3F pidx=00 hero=00 prun=01 ent=8,80 sprslot=00 spr=8,224 visbest=02,179,160 pos=8,80
BP_task_input_251 pc=4B10 sp=F37A ret=9D8D bank=01/02/03/03 flow=01 screen=00 irq=0229 inirq=00 input=03 btn=00 key8=7F joy=3F pidx=00 hero=00 prun=01 ent=8,80 sprslot=00 spr=8,224 visbest=02,180,160 pos=8,80
BP_task_input_252 pc=4B10 sp=F37A ret=9D8D bank=01/02/03/03 flow=01 screen=00 irq=022A inirq=00 input=03 btn=00 key8=7F joy=3F pidx=00 hero=00 prun=01 ent=8,80 sprslot=00 spr=8,224 visbest=02,180,160 pos=8,80
BP_task_input_253 pc=4B10 sp=F37A ret=9D8D bank=01/02/03/03 flow=01 screen=00 irq=022B inirq=00 input=03 btn=00 key8=7F joy=3F pidx=00 hero=00 prun=01 ent=8,80 sprslot=00 spr=8,224 visbest=02,180,160 pos=8,80
BP_task_input_254 pc=4B10 sp=F37A ret=9D8D bank=01/02/03/03 flow=01 screen=00 irq=022C inirq=00 input=03 btn=00 key8=7F joy=3F pidx=00 hero=00 prun=01 ent=8,80 sprslot=00 spr=8,224 visbest=02,181,160 pos=8,80
BP_task_input_255 pc=4B10 sp=F37A ret=9D8D bank=01/02/03/03 flow=01 screen=00 irq=022D inirq=00 input=03 btn=00 key8=7F joy=3F pidx=00 hero=00 prun=01 ent=8,80 sprslot=00 spr=8,224 visbest=02,181,160 pos=8,80
BP_task_input_256 pc=4B10 sp=F37A ret=9D8D bank=01/02/03/03 flow=01 screen=00 irq=022E inirq=00 input=03 btn=00 key8=7F joy=3F pidx=00 hero=00 prun=01 ent=8,80 sprslot=00 spr=8,224 visbest=02,181,160 pos=8,80
BP_task_input_257 pc=4B10 sp=F37A ret=9D8D bank=01/02/03/03 flow=01 screen=00 irq=022F inirq=00 input=03 btn=00 key8=7F joy=3F pidx=00 hero=00 prun=01 ent=8,80 sprslot=00 spr=8,224 visbest=02,182,160 pos=8,80
BP_task_input_258 pc=4B10 sp=F37A ret=9D8D bank=01/02/03/03 flow=01 screen=00 irq=0230 inirq=00 input=03 btn=00 key8=7F joy=3F pidx=00 hero=00 prun=01 ent=8,80 sprslot=00 spr=8,224 visbest=02,182,160 pos=8,80
BP_task_input_259 pc=4B10 sp=F37A ret=9D8D bank=01/02/03/03 flow=01 screen=00 irq=0231 inirq=00 input=03 btn=00 key8=7F joy=3F pidx=00 hero=00 prun=01 ent=8,80 sprslot=00 spr=8,224 visbest=02,182,160 pos=8,80
BP_task_input_260 pc=4B10 sp=F37A ret=9D8D bank=01/02/03/03 flow=01 screen=00 irq=0232 inirq=00 input=03 btn=00 key8=7F joy=3F pidx=00 hero=00 prun=01 ent=8,80 sprslot=00 spr=8,224 visbest=02,183,160 pos=8,80
BP_task_input_261 pc=4B10 sp=F37A ret=9D8D bank=01/02/03/03 flow=01 screen=00 irq=0233 inirq=00 input=03 btn=00 key8=7F joy=3F pidx=00 hero=00 prun=01 ent=8,80 sprslot=00 spr=8,224 visbest=02,183,160 pos=8,80
BP_task_input_262 pc=4B10 sp=F37A ret=9D8D bank=01/02/03/03 flow=01 screen=00 irq=0234 inirq=00 input=03 btn=00 key8=7F joy=3F pidx=00 hero=00 prun=01 ent=8,80 sprslot=00 spr=8,224 visbest=02,183,160 pos=8,80
BP_task_input_263 pc=4B10 sp=F37A ret=9D8D bank=01/02/03/03 flow=01 screen=00 irq=0235 inirq=00 input=03 btn=00 key8=7F joy=3F pidx=00 hero=00 prun=01 ent=8,80 sprslot=00 spr=8,224 visbest=02,184,160 pos=8,80
right_during pc=4A86 sp=F358 ret=634F bank=01/02/03/03 flow=01 screen=00 irq=0235 inirq=00 input=03 btn=00 key8=7F joy=3F pidx=00 hero=00 prun=01 ent=8,80 sprslot=00 spr=8,224 visbest=02,184,160 pos=8,80
BP_task_input_264 pc=4B10 sp=F37A ret=9D8D bank=01/02/03/03 flow=01 screen=00 irq=0236 inirq=00 input=03 btn=00 key8=7F joy=3F pidx=00 hero=00 prun=01 ent=8,80 sprslot=00 spr=8,224 visbest=02,184,160 pos=8,80
BP_task_input_265 pc=4B10 sp=F37A ret=9D8D bank=01/02/03/03 flow=01 screen=00 irq=0237 inirq=00 input=03 btn=00 key8=7F joy=3F pidx=00 hero=00 prun=01 ent=8,80 sprslot=00 spr=8,224 visbest=02,184,160 pos=8,80
BP_task_input_266 pc=4B10 sp=F37A ret=9D8D bank=01/02/03/03 flow=01 screen=00 irq=0238 inirq=00 input=03 btn=00 key8=7F joy=3F pidx=00 hero=00 prun=01 ent=8,80 sprslot=00 spr=8,224 visbest=02,185,160 pos=8,80
BP_task_input_267 pc=4B10 sp=F37A ret=9D8D bank=01/02/03/03 flow=01 screen=00 irq=0239 inirq=00 input=03 btn=00 key8=7F joy=3F pidx=00 hero=00 prun=01 ent=8,80 sprslot=00 spr=8,224 visbest=02,185,160 pos=8,80
BP_task_input_268 pc=4B10 sp=F37A ret=9D8D bank=01/02/03/03 flow=01 screen=00 irq=023A inirq=00 input=03 btn=00 key8=7F joy=3F pidx=00 hero=00 prun=01 ent=8,80 sprslot=00 spr=8,224 visbest=02,185,160 pos=8,80
BP_task_input_269 pc=4B10 sp=F37A ret=9D8D bank=01/02/03/03 flow=01 screen=00 irq=023B inirq=00 input=03 btn=00 key8=7F joy=3F pidx=00 hero=00 prun=01 ent=8,80 sprslot=00 spr=8,224 visbest=02,186,160 pos=8,80
BP_task_input_270 pc=4B10 sp=F37A ret=9D8D bank=01/02/03/03 flow=01 screen=00 irq=023C inirq=00 input=03 btn=00 key8=7F joy=3F pidx=00 hero=00 prun=01 ent=8,80 sprslot=00 spr=8,224 visbest=02,186,160 pos=8,80
BP_task_input_271 pc=4B10 sp=F37A ret=9D8D bank=01/02/03/03 flow=01 screen=00 irq=023D inirq=00 input=03 btn=00 key8=7F joy=3F pidx=00 hero=00 prun=01 ent=8,80 sprslot=00 spr=8,224 visbest=02,186,160 pos=8,80
BP_task_input_272 pc=4B10 sp=F37A ret=9D8D bank=01/02/03/03 flow=01 screen=00 irq=023E inirq=00 input=03 btn=00 key8=7F joy=3F pidx=00 hero=00 prun=01 ent=8,80 sprslot=00 spr=8,224 visbest=02,187,160 pos=8,80
BP_task_input_273 pc=4B10 sp=F37A ret=9D8D bank=01/02/03/03 flow=01 screen=00 irq=023F inirq=00 input=03 btn=00 key8=7F joy=3F pidx=00 hero=00 prun=01 ent=8,80 sprslot=00 spr=8,224 visbest=02,187,160 pos=8,80
BP_task_input_274 pc=4B10 sp=F37A ret=9D8D bank=01/02/03/03 flow=01 screen=00 irq=0240 inirq=00 input=03 btn=00 key8=7F joy=3F pidx=00 hero=00 prun=01 ent=8,80 sprslot=00 spr=8,224 visbest=02,187,160 pos=8,80
BP_task_input_275 pc=4B10 sp=F37A ret=9D8D bank=01/02/03/03 flow=01 screen=00 irq=0241 inirq=00 input=03 btn=00 key8=7F joy=3F pidx=00 hero=00 prun=01 ent=8,80 sprslot=00 spr=8,224 visbest=02,188,160 pos=8,80
BP_task_input_276 pc=4B10 sp=F37A ret=9D8D bank=01/02/03/03 flow=01 screen=00 irq=0242 inirq=00 input=03 btn=00 key8=7F joy=3F pidx=00 hero=00 prun=01 ent=8,80 sprslot=00 spr=8,224 visbest=02,188,160 pos=8,80
BP_task_input_277 pc=4B10 sp=F37A ret=9D8D bank=01/02/03/03 flow=01 screen=00 irq=0243 inirq=00 input=03 btn=00 key8=7F joy=3F pidx=00 hero=00 prun=01 ent=8,80 sprslot=00 spr=8,224 visbest=02,188,160 pos=8,80
BP_task_input_278 pc=4B10 sp=F37A ret=9D8D bank=01/02/03/03 flow=01 screen=00 irq=0244 inirq=00 input=03 btn=00 key8=7F joy=3F pidx=00 hero=00 prun=01 ent=8,80 sprslot=00 spr=8,224 visbest=02,189,160 pos=8,80
BP_task_input_279 pc=4B10 sp=F37A ret=9D8D bank=01/02/03/03 flow=01 screen=00 irq=0245 inirq=00 input=03 btn=00 key8=7F joy=3F pidx=00 hero=00 prun=01 ent=8,80 sprslot=00 spr=8,224 visbest=02,189,160 pos=8,80
BP_task_input_280 pc=4B10 sp=F37A ret=9D8D bank=01/02/03/03 flow=01 screen=00 irq=0246 inirq=00 input=03 btn=00 key8=7F joy=3F pidx=00 hero=00 prun=01 ent=8,80 sprslot=00 spr=8,224 visbest=02,189,160 pos=8,80
BP_task_input_281 pc=4B10 sp=F37A ret=9D8D bank=01/02/03/03 flow=01 screen=00 irq=0247 inirq=00 input=03 btn=00 key8=7F joy=3F pidx=00 hero=00 prun=01 ent=8,80 sprslot=00 spr=8,224 visbest=02,190,160 pos=8,80
BP_task_input_282 pc=4B10 sp=F37A ret=9D8D bank=01/02/03/03 flow=01 screen=00 irq=0248 inirq=00 input=03 btn=00 key8=7F joy=3F pidx=00 hero=00 prun=01 ent=8,80 sprslot=00 spr=8,224 visbest=02,190,160 pos=8,80
BP_task_input_283 pc=4B10 sp=F37A ret=9D8D bank=01/02/03/03 flow=01 screen=00 irq=0249 inirq=00 input=03 btn=00 key8=7F joy=3F pidx=00 hero=00 prun=01 ent=8,80 sprslot=00 spr=8,224 visbest=02,190,160 pos=8,80
BP_task_input_284 pc=4B10 sp=F37A ret=9D8D bank=01/02/03/03 flow=01 screen=00 irq=024A inirq=00 input=03 btn=00 key8=7F joy=3F pidx=00 hero=00 prun=01 ent=8,80 sprslot=00 spr=8,224 visbest=02,191,160 pos=8,80
BP_task_input_285 pc=4B10 sp=F37A ret=9D8D bank=01/02/03/03 flow=01 screen=00 irq=024B inirq=00 input=03 btn=00 key8=7F joy=3F pidx=00 hero=00 prun=01 ent=8,80 sprslot=00 spr=8,224 visbest=02,191,160 pos=8,80
BP_task_input_286 pc=4B10 sp=F37A ret=9D8D bank=01/02/03/03 flow=01 screen=00 irq=024C inirq=00 input=03 btn=00 key8=7F joy=3F pidx=00 hero=00 prun=01 ent=8,80 sprslot=00 spr=8,224 visbest=02,191,160 pos=8,80
BP_task_input_287 pc=4B10 sp=F37A ret=9D8D bank=01/02/03/03 flow=01 screen=00 irq=024D inirq=00 input=03 btn=00 key8=7F joy=3F pidx=00 hero=00 prun=01 ent=8,80 sprslot=00 spr=8,224 visbest=02,192,160 pos=8,80
BP_task_input_288 pc=4B10 sp=F37A ret=9D8D bank=01/02/03/03 flow=01 screen=00 irq=024E inirq=00 input=03 btn=00 key8=7F joy=3F pidx=00 hero=00 prun=01 ent=8,80 sprslot=00 spr=8,224 visbest=02,192,160 pos=8,80
BP_task_input_289 pc=4B10 sp=F37A ret=9D8D bank=01/02/03/03 flow=01 screen=00 irq=024F inirq=00 input=03 btn=00 key8=7F joy=3F pidx=00 hero=00 prun=01 ent=8,80 sprslot=00 spr=8,224 visbest=02,192,160 pos=8,80
BP_task_input_290 pc=4B10 sp=F37A ret=9D8D bank=01/02/03/03 flow=01 screen=00 irq=0250 inirq=00 input=03 btn=00 key8=7F joy=3F pidx=00 hero=00 prun=01 ent=8,80 sprslot=00 spr=8,224 visbest=02,193,160 pos=8,80
BP_task_input_291 pc=4B10 sp=F37A ret=9D8D bank=01/02/03/03 flow=01 screen=00 irq=0251 inirq=00 input=03 btn=00 key8=7F joy=3F pidx=00 hero=00 prun=01 ent=8,80 sprslot=00 spr=8,224 visbest=02,193,160 pos=8,80
BP_task_input_292 pc=4B10 sp=F37A ret=9D8D bank=01/02/03/03 flow=01 screen=00 irq=0252 inirq=00 input=03 btn=00 key8=7F joy=3F pidx=00 hero=00 prun=01 ent=8,80 sprslot=00 spr=8,224 visbest=02,193,160 pos=8,80
BP_task_input_293 pc=4B10 sp=F37A ret=9D8D bank=01/02/03/03 flow=01 screen=00 irq=0253 inirq=00 input=03 btn=00 key8=7F joy=3F pidx=00 hero=00 prun=01 ent=8,80 sprslot=00 spr=8,224 visbest=02,194,160 pos=8,80
BP_task_input_294 pc=4B10 sp=F37A ret=9D8D bank=01/02/03/03 flow=01 screen=00 irq=0254 inirq=00 input=03 btn=00 key8=7F joy=3F pidx=00 hero=00 prun=01 ent=8,80 sprslot=00 spr=8,224 visbest=02,194,160 pos=8,80
BP_task_input_295 pc=4B10 sp=F37A ret=9D8D bank=01/02/03/03 flow=01 screen=00 irq=0255 inirq=00 input=03 btn=00 key8=7F joy=3F pidx=00 hero=00 prun=01 ent=8,80 sprslot=00 spr=8,224 visbest=02,194,160 pos=8,80
BP_task_input_296 pc=4B10 sp=F37A ret=9D8D bank=01/02/03/03 flow=01 screen=00 irq=0256 inirq=00 input=03 btn=00 key8=7F joy=3F pidx=00 hero=00 prun=01 ent=8,80 sprslot=00 spr=8,224 visbest=02,195,160 pos=8,80
BP_task_input_297 pc=4B10 sp=F37A ret=9D8D bank=01/02/03/03 flow=01 screen=00 irq=0257 inirq=00 input=03 btn=00 key8=7F joy=3F pidx=00 hero=00 prun=01 ent=8,80 sprslot=00 spr=8,224 visbest=02,195,160 pos=8,80
BP_task_input_298 pc=4B10 sp=F37A ret=9D8D bank=01/02/03/03 flow=01 screen=00 irq=0258 inirq=00 input=03 btn=00 key8=7F joy=3F pidx=00 hero=00 prun=01 ent=8,80 sprslot=00 spr=8,224 visbest=02,195,160 pos=8,80
BP_task_input_299 pc=4B10 sp=F37A ret=9D8D bank=01/02/03/03 flow=01 screen=00 irq=0259 inirq=00 input=03 btn=00 key8=7F joy=3F pidx=00 hero=00 prun=01 ent=8,80 sprslot=00 spr=8,224 visbest=02,196,160 pos=8,80
BP_task_input_300 pc=4B10 sp=F37A ret=9D8D bank=01/02/03/03 flow=01 screen=00 irq=025A inirq=00 input=03 btn=00 key8=7F joy=3F pidx=00 hero=00 prun=01 ent=8,80 sprslot=00 spr=8,224 visbest=02,196,160 pos=8,80
BP_task_input_301 pc=4B10 sp=F37A ret=9D8D bank=01/02/03/03 flow=01 screen=00 irq=025B inirq=00 input=03 btn=00 key8=7F joy=3F pidx=00 hero=00 prun=01 ent=8,80 sprslot=00 spr=8,224 visbest=02,196,160 pos=8,80
BP_task_input_302 pc=4B10 sp=F37A ret=9D8D bank=01/02/03/03 flow=01 screen=00 irq=025C inirq=00 input=03 btn=00 key8=7F joy=3F pidx=00 hero=00 prun=01 ent=8,80 sprslot=00 spr=8,224 visbest=02,197,160 pos=8,80
BP_task_input_303 pc=4B10 sp=F37A ret=9D8D bank=01/02/03/03 flow=01 screen=00 irq=025D inirq=00 input=03 btn=00 key8=7F joy=3F pidx=00 hero=00 prun=01 ent=8,80 sprslot=00 spr=8,224 visbest=02,197,160 pos=8,80
BP_task_input_304 pc=4B10 sp=F37A ret=9D8D bank=01/02/03/03 flow=01 screen=00 irq=025E inirq=00 input=03 btn=00 key8=7F joy=3F pidx=00 hero=00 prun=01 ent=8,80 sprslot=00 spr=8,224 visbest=02,197,160 pos=8,80
BP_task_input_305 pc=4B10 sp=F37A ret=9D8D bank=01/02/03/03 flow=01 screen=00 irq=025F inirq=00 input=03 btn=00 key8=7F joy=3F pidx=00 hero=00 prun=01 ent=8,80 sprslot=00 spr=8,224 visbest=02,198,160 pos=8,80
BP_task_input_306 pc=4B10 sp=F37A ret=9D8D bank=01/02/03/03 flow=01 screen=00 irq=0260 inirq=00 input=03 btn=00 key8=7F joy=3F pidx=00 hero=00 prun=01 ent=8,80 sprslot=00 spr=8,224 visbest=02,198,160 pos=8,80
BP_task_input_307 pc=4B10 sp=F37A ret=9D8D bank=01/02/03/03 flow=01 screen=00 irq=0261 inirq=00 input=03 btn=00 key8=7F joy=3F pidx=00 hero=00 prun=01 ent=8,80 sprslot=00 spr=8,224 visbest=02,198,160 pos=8,80
BP_task_input_308 pc=4B10 sp=F37A ret=9D8D bank=01/02/03/03 flow=01 screen=00 irq=0262 inirq=00 input=03 btn=00 key8=7F joy=3F pidx=00 hero=00 prun=01 ent=8,80 sprslot=00 spr=8,224 visbest=02,199,160 pos=8,80
right_after pc=9D87 sp=F37C ret=969F bank=01/02/03/03 flow=01 screen=00 irq=0265 inirq=00 input=00 btn=00 key8=FF joy=3F pidx=00 hero=00 prun=01 ent=8,80 sprslot=00 spr=8,224 visbest=02,200,160 pos=8,80
t16 pc=9D87 sp=F37C ret=969F bank=01/02/03/03 flow=01 screen=00 irq=029E inirq=00 input=00 btn=00 key8=FF joy=3F pidx=00 hero=00 prun=01 ent=8,80 sprslot=00 spr=8,224 visbest=02,219,160 pos=8,80
SHOTOK patoantic248_matrix_megarom_konami_t16.png
left_before pc=9D87 sp=F37C ret=969F bank=01/02/03/03 flow=01 screen=00 irq=02DA inirq=00 input=00 btn=00 key8=FF joy=3F pidx=00 hero=00 prun=01 ent=8,80 sprslot=00 spr=8,224 visbest=02,239,160 pos=8,80
BP_task_input_429 pc=4B10 sp=F37A ret=9D8D bank=01/02/03/03 flow=01 screen=00 irq=02DB inirq=00 input=00 btn=00 key8=EF joy=3F pidx=00 hero=00 prun=01 ent=8,80 sprslot=00 spr=8,224 visbest=02,239,160 pos=8,80
BP_task_input_430 pc=4B10 sp=F37A ret=9D8D bank=01/02/03/03 flow=01 screen=00 irq=02DC inirq=00 input=07 btn=00 key8=EF joy=3F pidx=00 hero=00 prun=01 ent=8,80 sprslot=00 spr=8,224 visbest=02,239,160 pos=8,80
BP_task_input_431 pc=4B10 sp=F37A ret=9D8D bank=01/02/03/03 flow=01 screen=00 irq=02DD inirq=00 input=07 btn=00 key8=EF joy=3F pidx=00 hero=00 prun=01 ent=8,80 sprslot=00 spr=8,224 visbest=02,240,160 pos=8,80
BP_task_input_432 pc=4B10 sp=F37A ret=9D8D bank=01/02/03/03 flow=01 screen=00 irq=02DE inirq=00 input=07 btn=00 key8=EF joy=3F pidx=00 hero=00 prun=01 ent=8,80 sprslot=00 spr=8,224 visbest=02,240,160 pos=8,80
BP_task_input_433 pc=4B10 sp=F37A ret=9D8D bank=01/02/03/03 flow=01 screen=00 irq=02DF inirq=00 input=07 btn=00 key8=EF joy=3F pidx=00 hero=00 prun=01 ent=8,80 sprslot=00 spr=8,224 visbest=02,240,160 pos=8,80
BP_task_input_434 pc=4B10 sp=F37A ret=9D8D bank=01/02/03/03 flow=01 screen=00 irq=02E0 inirq=00 input=07 btn=00 key8=EF joy=3F pidx=00 hero=00 prun=01 ent=8,80 sprslot=00 spr=8,224 visbest=02,241,160 pos=8,80
BP_task_input_435 pc=4B10 sp=F37A ret=9D8D bank=01/02/03/03 flow=01 screen=00 irq=02E1 inirq=00 input=07 btn=00 key8=EF joy=3F pidx=00 hero=00 prun=01 ent=8,80 sprslot=00 spr=8,224 visbest=02,241,160 pos=8,80
BP_task_input_436 pc=4B10 sp=F37A ret=9D8D bank=01/02/03/03 flow=01 screen=00 irq=02E2 inirq=00 input=07 btn=00 key8=EF joy=3F pidx=00 hero=00 prun=01 ent=8,80 sprslot=00 spr=8,224 visbest=02,241,160 pos=8,80
BP_task_input_437 pc=4B10 sp=F37A ret=9D8D bank=01/02/03/03 flow=01 screen=00 irq=02E3 inirq=00 input=07 btn=00 key8=EF joy=3F pidx=00 hero=00 prun=01 ent=8,80 sprslot=00 spr=8,224 visbest=02,242,160 pos=8,80
BP_task_input_438 pc=4B10 sp=F37A ret=9D8D bank=01/02/03/03 flow=01 screen=00 irq=02E4 inirq=00 input=07 btn=00 key8=EF joy=3F pidx=00 hero=00 prun=01 ent=8,80 sprslot=00 spr=8,224 visbest=02,242,160 pos=8,80
BP_task_input_439 pc=4B10 sp=F37A ret=9D8D bank=01/02/03/03 flow=01 screen=00 irq=02E5 inirq=00 input=07 btn=00 key8=EF joy=3F pidx=00 hero=00 prun=01 ent=8,80 sprslot=00 spr=8,224 visbest=02,242,160 pos=8,80
BP_task_input_440 pc=4B10 sp=F37A ret=9D8D bank=01/02/03/03 flow=01 screen=00 irq=02E6 inirq=00 input=07 btn=00 key8=EF joy=3F pidx=00 hero=00 prun=01 ent=8,80 sprslot=00 spr=8,224 visbest=02,243,160 pos=8,80
BP_task_input_441 pc=4B10 sp=F37A ret=9D8D bank=01/02/03/03 flow=01 screen=00 irq=02E7 inirq=00 input=07 btn=00 key8=EF joy=3F pidx=00 hero=00 prun=01 ent=8,80 sprslot=00 spr=8,224 visbest=02,243,160 pos=8,80
BP_task_input_442 pc=4B10 sp=F37A ret=9D8D bank=01/02/03/03 flow=01 screen=00 irq=02E8 inirq=00 input=07 btn=00 key8=EF joy=3F pidx=00 hero=00 prun=01 ent=8,80 sprslot=00 spr=8,224 visbest=02,243,160 pos=8,80
BP_task_input_443 pc=4B10 sp=F37A ret=9D8D bank=01/02/03/03 flow=01 screen=00 irq=02E9 inirq=00 input=07 btn=00 key8=EF joy=3F pidx=00 hero=00 prun=01 ent=8,80 sprslot=00 spr=8,224 visbest=02,244,160 pos=8,80
left_during pc=9D87 sp=F37C ret=969F bank=01/02/03/03 flow=01 screen=00 irq=02E9 inirq=00 input=07 btn=00 key8=EF joy=3F pidx=00 hero=00 prun=01 ent=8,80 sprslot=00 spr=8,224 visbest=02,244,160 pos=8,80
BP_task_input_444 pc=4B10 sp=F37A ret=9D8D bank=01/02/03/03 flow=01 screen=00 irq=02EA inirq=00 input=07 btn=00 key8=EF joy=3F pidx=00 hero=00 prun=01 ent=8,80 sprslot=00 spr=8,224 visbest=02,244,160 pos=8,80
BP_task_input_445 pc=4B10 sp=F37A ret=9D8D bank=01/02/03/03 flow=01 screen=00 irq=02EB inirq=00 input=07 btn=00 key8=EF joy=3F pidx=00 hero=00 prun=01 ent=8,80 sprslot=00 spr=8,224 visbest=02,244,160 pos=8,80
BP_task_input_446 pc=4B10 sp=F37A ret=9D8D bank=01/02/03/03 flow=01 screen=00 irq=02EC inirq=00 input=07 btn=00 key8=EF joy=3F pidx=00 hero=00 prun=01 ent=8,80 sprslot=00 spr=8,224 visbest=02,245,160 pos=8,80
BP_task_input_447 pc=4B10 sp=F37A ret=9D8D bank=01/02/03/03 flow=01 screen=00 irq=02ED inirq=00 input=07 btn=00 key8=EF joy=3F pidx=00 hero=00 prun=01 ent=8,80 sprslot=00 spr=8,224 visbest=02,245,160 pos=8,80
BP_task_input_448 pc=4B10 sp=F37A ret=9D8D bank=01/02/03/03 flow=01 screen=00 irq=02EE inirq=00 input=07 btn=00 key8=EF joy=3F pidx=00 hero=00 prun=01 ent=8,80 sprslot=00 spr=8,224 visbest=02,245,160 pos=8,80
BP_task_input_449 pc=4B10 sp=F37A ret=9D8D bank=01/02/03/03 flow=01 screen=00 irq=02EF inirq=00 input=07 btn=00 key8=EF joy=3F pidx=00 hero=00 prun=01 ent=8,80 sprslot=00 spr=8,224 visbest=02,246,160 pos=8,80
BP_task_input_450 pc=4B10 sp=F37A ret=9D8D bank=01/02/03/03 flow=01 screen=00 irq=02F0 inirq=00 input=07 btn=00 key8=EF joy=3F pidx=00 hero=00 prun=01 ent=8,80 sprslot=00 spr=8,224 visbest=02,246,160 pos=8,80
BP_task_input_451 pc=4B10 sp=F37A ret=9D8D bank=01/02/03/03 flow=01 screen=00 irq=02F1 inirq=00 input=07 btn=00 key8=EF joy=3F pidx=00 hero=00 prun=01 ent=8,80 sprslot=00 spr=8,224 visbest=02,246,160 pos=8,80
BP_task_input_452 pc=4B10 sp=F37A ret=9D8D bank=01/02/03/03 flow=01 screen=00 irq=02F2 inirq=00 input=07 btn=00 key8=EF joy=3F pidx=00 hero=00 prun=01 ent=8,80 sprslot=00 spr=8,224 visbest=02,247,160 pos=8,80
BP_task_input_453 pc=4B10 sp=F37A ret=9D8D bank=01/02/03/03 flow=01 screen=00 irq=02F3 inirq=00 input=07 btn=00 key8=EF joy=3F pidx=00 hero=00 prun=01 ent=8,80 sprslot=00 spr=8,224 visbest=02,247,160 pos=8,80
BP_task_input_454 pc=4B10 sp=F37A ret=9D8D bank=01/02/03/03 flow=01 screen=00 irq=02F4 inirq=00 input=07 btn=00 key8=EF joy=3F pidx=00 hero=00 prun=01 ent=8,80 sprslot=00 spr=8,224 visbest=02,247,160 pos=8,80
BP_task_input_455 pc=4B10 sp=F37A ret=9D8D bank=01/02/03/03 flow=01 screen=00 irq=02F5 inirq=00 input=07 btn=00 key8=EF joy=3F pidx=00 hero=00 prun=01 ent=8,80 sprslot=00 spr=8,224 visbest=02,248,160 pos=8,80
BP_task_input_456 pc=4B10 sp=F37A ret=9D8D bank=01/02/03/03 flow=01 screen=00 irq=02F6 inirq=00 input=07 btn=00 key8=EF joy=3F pidx=00 hero=00 prun=01 ent=8,80 sprslot=00 spr=8,224 visbest=02,248,160 pos=8,80
BP_task_input_457 pc=4B10 sp=F37A ret=9D8D bank=01/02/03/03 flow=01 screen=00 irq=02F7 inirq=00 input=07 btn=00 key8=EF joy=3F pidx=00 hero=00 prun=01 ent=8,80 sprslot=00 spr=8,224 visbest=02,248,160 pos=8,80
BP_task_input_458 pc=4B10 sp=F37A ret=9D8D bank=01/02/03/03 flow=01 screen=00 irq=02F8 inirq=00 input=07 btn=00 key8=EF joy=3F pidx=00 hero=00 prun=01 ent=8,80 sprslot=00 spr=8,224 visbest=02,249,160 pos=8,80
BP_task_input_459 pc=4B10 sp=F37A ret=9D8D bank=01/02/03/03 flow=01 screen=00 irq=02F9 inirq=00 input=07 btn=00 key8=EF joy=3F pidx=00 hero=00 prun=01 ent=8,80 sprslot=00 spr=8,224 visbest=02,249,160 pos=8,80
BP_task_input_460 pc=4B10 sp=F37A ret=9D8D bank=01/02/03/03 flow=01 screen=00 irq=02FA inirq=00 input=07 btn=00 key8=EF joy=3F pidx=00 hero=00 prun=01 ent=8,80 sprslot=00 spr=8,224 visbest=02,249,160 pos=8,80
BP_task_input_461 pc=4B10 sp=F37A ret=9D8D bank=01/02/03/03 flow=01 screen=00 irq=02FB inirq=00 input=07 btn=00 key8=EF joy=3F pidx=00 hero=00 prun=01 ent=8,80 sprslot=00 spr=8,224 visbest=02,250,160 pos=8,80
BP_task_input_462 pc=4B10 sp=F37A ret=9D8D bank=01/02/03/03 flow=01 screen=00 irq=02FC inirq=00 input=07 btn=00 key8=EF joy=3F pidx=00 hero=00 prun=01 ent=8,80 sprslot=00 spr=8,224 visbest=02,250,160 pos=8,80
BP_task_input_463 pc=4B10 sp=F37A ret=9D8D bank=01/02/03/03 flow=01 screen=00 irq=02FD inirq=00 input=07 btn=00 key8=EF joy=3F pidx=00 hero=00 prun=01 ent=8,80 sprslot=00 spr=8,224 visbest=02,250,160 pos=8,80
BP_task_input_464 pc=4B10 sp=F37A ret=9D8D bank=01/02/03/03 flow=01 screen=00 irq=02FE inirq=00 input=07 btn=00 key8=EF joy=3F pidx=00 hero=00 prun=01 ent=8,80 sprslot=00 spr=8,224 visbest=02,251,160 pos=8,80
BP_task_input_465 pc=4B10 sp=F37A ret=9D8D bank=01/02/03/03 flow=01 screen=00 irq=02FF inirq=00 input=07 btn=00 key8=EF joy=3F pidx=00 hero=00 prun=01 ent=8,80 sprslot=00 spr=8,224 visbest=02,251,160 pos=8,80
BP_task_input_466 pc=4B10 sp=F37A ret=9D8D bank=01/02/03/03 flow=01 screen=00 irq=0300 inirq=00 input=07 btn=00 key8=EF joy=3F pidx=00 hero=00 prun=01 ent=8,80 sprslot=00 spr=8,224 visbest=02,251,160 pos=8,80
BP_task_input_467 pc=4B10 sp=F37A ret=9D8D bank=01/02/03/03 flow=01 screen=00 irq=0301 inirq=00 input=07 btn=00 key8=EF joy=3F pidx=00 hero=00 prun=01 ent=8,80 sprslot=00 spr=8,224 visbest=02,252,160 pos=8,80
BP_task_input_468 pc=4B10 sp=F37A ret=9D8D bank=01/02/03/03 flow=01 screen=00 irq=0302 inirq=00 input=07 btn=00 key8=EF joy=3F pidx=00 hero=00 prun=01 ent=8,80 sprslot=00 spr=8,224 visbest=02,252,160 pos=8,80
BP_task_input_469 pc=4B10 sp=F37A ret=9D8D bank=01/02/03/03 flow=01 screen=00 irq=0303 inirq=00 input=07 btn=00 key8=EF joy=3F pidx=00 hero=00 prun=01 ent=8,80 sprslot=00 spr=8,224 visbest=02,252,160 pos=8,80
BP_task_input_470 pc=4B10 sp=F37A ret=9D8D bank=01/02/03/03 flow=01 screen=00 irq=0304 inirq=00 input=07 btn=00 key8=EF joy=3F pidx=00 hero=00 prun=01 ent=8,80 sprslot=00 spr=8,224 visbest=02,253,160 pos=8,80
BP_task_input_471 pc=4B10 sp=F37A ret=9D8D bank=01/02/03/03 flow=01 screen=00 irq=0305 inirq=00 input=07 btn=00 key8=EF joy=3F pidx=00 hero=00 prun=01 ent=8,80 sprslot=00 spr=8,224 visbest=02,253,160 pos=8,80
BP_task_input_472 pc=4B10 sp=F37A ret=9D8D bank=01/02/03/03 flow=01 screen=00 irq=0306 inirq=00 input=07 btn=00 key8=EF joy=3F pidx=00 hero=00 prun=01 ent=8,80 sprslot=00 spr=8,224 visbest=02,253,160 pos=8,80
BP_task_input_473 pc=4B10 sp=F37A ret=9D8D bank=01/02/03/03 flow=01 screen=00 irq=0307 inirq=00 input=07 btn=00 key8=EF joy=3F pidx=00 hero=00 prun=01 ent=8,80 sprslot=00 spr=8,224 visbest=02,254,160 pos=8,80
BP_task_input_474 pc=4B10 sp=F37A ret=9D8D bank=01/02/03/03 flow=01 screen=00 irq=0308 inirq=00 input=07 btn=00 key8=EF joy=3F pidx=00 hero=00 prun=01 ent=8,80 sprslot=00 spr=8,224 visbest=02,254,160 pos=8,80
BP_task_input_475 pc=4B10 sp=F37A ret=9D8D bank=01/02/03/03 flow=01 screen=00 irq=0309 inirq=00 input=07 btn=00 key8=EF joy=3F pidx=00 hero=00 prun=01 ent=8,80 sprslot=00 spr=8,224 visbest=02,254,160 pos=8,80
BP_task_input_476 pc=4B10 sp=F37A ret=9D8D bank=01/02/03/03 flow=01 screen=00 irq=030A inirq=00 input=07 btn=00 key8=EF joy=3F pidx=00 hero=00 prun=01 ent=8,80 sprslot=00 spr=8,224 visbest=02,255,160 pos=8,80
BP_task_input_477 pc=4B10 sp=F37A ret=9D8D bank=01/02/03/03 flow=01 screen=00 irq=030B inirq=00 input=07 btn=00 key8=EF joy=3F pidx=00 hero=00 prun=01 ent=8,80 sprslot=00 spr=8,224 visbest=02,255,160 pos=8,80
BP_task_input_478 pc=4B10 sp=F37A ret=9D8D bank=01/02/03/03 flow=01 screen=00 irq=030C inirq=00 input=07 btn=00 key8=EF joy=3F pidx=00 hero=00 prun=01 ent=8,80 sprslot=00 spr=8,224 visbest=02,255,160 pos=8,80
BP_task_input_479 pc=4B10 sp=F37A ret=9D8D bank=01/02/03/03 flow=01 screen=00 irq=030D inirq=00 input=07 btn=00 key8=EF joy=3F pidx=00 hero=00 prun=01 ent=8,80 sprslot=00 spr=8,224 visbest=FF,65535,65535 pos=8,80
BP_task_input_480 pc=4B10 sp=F37A ret=9D8D bank=01/02/03/03 flow=01 screen=00 irq=030E inirq=00 input=07 btn=00 key8=EF joy=3F pidx=00 hero=00 prun=01 ent=8,80 sprslot=00 spr=8,224 visbest=FF,65535,65535 pos=8,80
BP_task_input_481 pc=4B10 sp=F37A ret=9D8D bank=01/02/03/03 flow=01 screen=00 irq=030F inirq=00 input=07 btn=00 key8=EF joy=3F pidx=00 hero=00 prun=01 ent=8,80 sprslot=00 spr=8,224 visbest=FF,65535,65535 pos=8,80
BP_task_input_482 pc=4B10 sp=F37A ret=9D8D bank=01/02/03/03 flow=01 screen=00 irq=0310 inirq=00 input=07 btn=00 key8=EF joy=3F pidx=00 hero=00 prun=01 ent=8,80 sprslot=00 spr=8,224 visbest=FF,65535,65535 pos=8,80
BP_task_input_483 pc=4B10 sp=F37A ret=9D8D bank=01/02/03/03 flow=01 screen=00 irq=0311 inirq=00 input=07 btn=00 key8=EF joy=3F pidx=00 hero=00 prun=01 ent=8,80 sprslot=00 spr=8,224 visbest=FF,65535,65535 pos=8,80
BP_task_input_484 pc=4B10 sp=F37A ret=9D8D bank=01/02/03/03 flow=01 screen=00 irq=0312 inirq=00 input=07 btn=00 key8=EF joy=3F pidx=00 hero=00 prun=01 ent=8,80 sprslot=00 spr=8,224 visbest=FF,65535,65535 pos=8,80
BP_task_input_485 pc=4B10 sp=F37A ret=9D8D bank=01/02/03/03 flow=01 screen=00 irq=0313 inirq=00 input=07 btn=00 key8=EF joy=3F pidx=00 hero=00 prun=01 ent=8,80 sprslot=00 spr=8,224 visbest=FF,65535,65535 pos=8,80
BP_task_input_486 pc=4B10 sp=F37A ret=9D8D bank=01/02/03/03 flow=01 screen=00 irq=0314 inirq=00 input=07 btn=00 key8=EF joy=3F pidx=00 hero=00 prun=01 ent=8,80 sprslot=00 spr=8,224 visbest=FF,65535,65535 pos=8,80
BP_task_input_487 pc=4B10 sp=F37A ret=9D8D bank=01/02/03/03 flow=01 screen=00 irq=0315 inirq=00 input=07 btn=00 key8=EF joy=3F pidx=00 hero=00 prun=01 ent=8,80 sprslot=00 spr=8,224 visbest=FF,65535,65535 pos=8,80
BP_task_input_488 pc=4B10 sp=F37A ret=9D8D bank=01/02/03/03 flow=01 screen=00 irq=0316 inirq=00 input=07 btn=00 key8=EF joy=3F pidx=00 hero=00 prun=01 ent=8,80 sprslot=00 spr=8,224 visbest=FF,65535,65535 pos=8,80
left_after pc=9D87 sp=F37C ret=969F bank=01/02/03/03 flow=01 screen=00 irq=0319 inirq=00 input=00 btn=00 key8=FF joy=3F pidx=00 hero=00 prun=01 ent=8,80 sprslot=00 spr=8,224 visbest=FF,65535,65535 pos=8,80
t22 pc=9D87 sp=F37C ret=969F bank=01/02/03/03 flow=01 screen=00 irq=0406 inirq=00 input=00 btn=00 key8=FF joy=3F pidx=00 hero=00 prun=01 ent=8,80 sprslot=00 spr=8,224 visbest=02,83,160 pos=8,80
SHOTOK patoantic248_matrix_megarom_konami_t22.png
