HIT_001_rebuild_start pc=78C8 op=AF,32,A5 sp=F376 af=0044 bc=0500 de=0000 hl=DEF4 p=01/02/03 flow=00 screen=00 dirty=01 counts=40/00/00/00/00/00 hero=00 lives=0 time=0000
HIT_002_rebuild_loop pc=78E4 op=59,16,00 sp=F376 af=FF44 bc=2000 de=0000 hl=DEF4 p=01/02/03 flow=00 screen=00 dirty=01 counts=00/00/00/00/00/00 hero=FF lives=0 time=0000
HIT_003_entity_job_should_run_c pc=77E9 op=79,FE,20 sp=F372 af=0042 bc=2000 de=0000 hl=E42B p=01/02/03 flow=00 screen=00 dirty=01 counts=00/00/00/00/00/00 hero=FF lives=0 time=0000
HIT_004_next_entity pc=79D0 op=0C,05,C2 sp=F376 af=0000 bc=2000 de=EA2C hl=EA4C p=01/02/03 flow=00 screen=00 dirty=01 counts=01/01/01/01/01/01 hero=00 lives=0 time=0000
HIT_005_rebuild_loop pc=78E4 op=59,16,00 sp=F376 af=001A bc=1F01 de=EA2C hl=EA4C p=01/02/03 flow=00 screen=00 dirty=01 counts=01/01/01/01/01/01 hero=00 lives=0 time=0000
HIT_006_entity_job_should_run_c pc=77E9 op=79,FE,20 sp=F372 af=0042 bc=1F01 de=0001 hl=E42B p=01/02/03 flow=00 screen=00 dirty=01 counts=01/01/01/01/01/01 hero=00 lives=0 time=0000
HIT_007_next_entity pc=79D0 op=0C,05,C2 sp=F376 af=0100 bc=1F01 de=EA2C hl=EA4C p=01/02/03 flow=00 screen=00 dirty=01 counts=02/01/02/02/02/02 hero=00 lives=0 time=0000
HIT_008_rebuild_loop pc=78E4 op=59,16,00 sp=F376 af=010A bc=1E02 de=EA2C hl=EA4C p=01/02/03 flow=00 screen=00 dirty=01 counts=02/01/02/02/02/02 hero=00 lives=0 time=0000
HIT_009_entity_job_should_run_c pc=77E9 op=79,FE,20 sp=F372 af=0042 bc=1E02 de=0002 hl=E42B p=01/02/03 flow=00 screen=00 dirty=01 counts=02/01/02/02/02/02 hero=00 lives=0 time=0000
HIT_010_next_entity pc=79D0 op=0C,05,C2 sp=F376 af=0013 bc=1E02 de=0002 hl=DF16 p=01/02/03 flow=00 screen=00 dirty=01 counts=03/01/02/03/03/02 hero=00 lives=0 time=0000
HIT_011_rebuild_loop pc=78E4 op=59,16,00 sp=F376 af=000B bc=1D03 de=0002 hl=DF16 p=01/02/03 flow=00 screen=00 dirty=01 counts=03/01/02/03/03/02 hero=00 lives=0 time=0000
HIT_012_next_entity pc=79D0 op=0C,05,C2 sp=F376 af=0202 bc=1D03 de=0003 hl=E42B p=01/02/03 flow=00 screen=00 dirty=01 counts=03/01/02/03/03/02 hero=00 lives=0 time=0000
HIT_013_rebuild_loop pc=78E4 op=59,16,00 sp=F376 af=020A bc=1C04 de=0003 hl=E42B p=01/02/03 flow=00 screen=00 dirty=01 counts=03/01/02/03/03/02 hero=00 lives=0 time=0000
HIT_014_next_entity pc=79D0 op=0C,05,C2 sp=F376 af=0202 bc=1C04 de=0004 hl=E42B p=01/02/03 flow=00 screen=00 dirty=01 counts=03/01/02/03/03/02 hero=00 lives=0 time=0000
HIT_015_rebuild_loop pc=78E4 op=59,16,00 sp=F376 af=020A bc=1B05 de=0004 hl=E42B p=01/02/03 flow=00 screen=00 dirty=01 counts=03/01/02/03/03/02 hero=00 lives=0 time=0000
HIT_016_next_entity pc=79D0 op=0C,05,C2 sp=F376 af=0602 bc=1B05 de=0005 hl=E42B p=01/02/03 flow=00 screen=00 dirty=01 counts=03/01/02/03/03/02 hero=00 lives=0 time=0000
HIT_017_rebuild_loop pc=78E4 op=59,16,00 sp=F376 af=060A bc=1A06 de=0005 hl=E42B p=01/02/03 flow=00 screen=00 dirty=01 counts=03/01/02/03/03/02 hero=00 lives=0 time=0000
HIT_018_next_entity pc=79D0 op=0C,05,C2 sp=F376 af=0044 bc=1A06 de=0006 hl=DF3A p=01/02/03 flow=00 screen=00 dirty=01 counts=03/01/02/03/03/02 hero=00 lives=0 time=0000
HIT_019_rebuild_loop pc=78E4 op=59,16,00 sp=F376 af=000A bc=1907 de=0006 hl=DF3A p=01/02/03 flow=00 screen=00 dirty=01 counts=03/01/02/03/03/02 hero=00 lives=0 time=0000
HIT_020_next_entity pc=79D0 op=0C,05,C2 sp=F376 af=0044 bc=1907 de=0007 hl=DF3B p=01/02/03 flow=00 screen=00 dirty=01 counts=03/01/02/03/03/02 hero=00 lives=0 time=0000
HIT_021_rebuild_loop pc=78E4 op=59,16,00 sp=F376 af=000A bc=1808 de=0007 hl=DF3B p=01/02/03 flow=00 screen=00 dirty=01 counts=03/01/02/03/03/02 hero=00 lives=0 time=0000
HIT_022_next_entity pc=79D0 op=0C,05,C2 sp=F376 af=0044 bc=1808 de=0008 hl=DF3C p=01/02/03 flow=00 screen=00 dirty=01 counts=03/01/02/03/03/02 hero=00 lives=0 time=0000
HIT_023_rebuild_loop pc=78E4 op=59,16,00 sp=F376 af=0002 bc=1709 de=0008 hl=DF3C p=01/02/03 flow=00 screen=00 dirty=01 counts=03/01/02/03/03/02 hero=00 lives=0 time=0000
HIT_024_next_entity pc=79D0 op=0C,05,C2 sp=F376 af=0044 bc=1709 de=0009 hl=DF3D p=01/02/03 flow=00 screen=00 dirty=01 counts=03/01/02/03/03/02 hero=00 lives=0 time=0000
HIT_025_rebuild_loop pc=78E4 op=59,16,00 sp=F376 af=0002 bc=160A de=0009 hl=DF3D p=01/02/03 flow=00 screen=00 dirty=01 counts=03/01/02/03/03/02 hero=00 lives=0 time=0000
HIT_026_next_entity pc=79D0 op=0C,05,C2 sp=F376 af=0044 bc=160A de=000A hl=DF3E p=01/02/03 flow=00 screen=00 dirty=01 counts=03/01/02/03/03/02 hero=00 lives=0 time=0000
HIT_027_rebuild_loop pc=78E4 op=59,16,00 sp=F376 af=0002 bc=150B de=000A hl=DF3E p=01/02/03 flow=00 screen=00 dirty=01 counts=03/01/02/03/03/02 hero=00 lives=0 time=0000
HIT_028_next_entity pc=79D0 op=0C,05,C2 sp=F376 af=0044 bc=150B de=000B hl=DF3F p=01/02/03 flow=00 screen=00 dirty=01 counts=03/01/02/03/03/02 hero=00 lives=0 time=0000
HIT_029_rebuild_loop pc=78E4 op=59,16,00 sp=F376 af=0002 bc=140C de=000B hl=DF3F p=01/02/03 flow=00 screen=00 dirty=01 counts=03/01/02/03/03/02 hero=00 lives=0 time=0000
HIT_030_next_entity pc=79D0 op=0C,05,C2 sp=F376 af=0044 bc=140C de=000C hl=DF40 p=01/02/03 flow=00 screen=00 dirty=01 counts=03/01/02/03/03/02 hero=00 lives=0 time=0000
HIT_031_rebuild_loop pc=78E4 op=59,16,00 sp=F376 af=0002 bc=130D de=000C hl=DF40 p=01/02/03 flow=00 screen=00 dirty=01 counts=03/01/02/03/03/02 hero=00 lives=0 time=0000
HIT_032_next_entity pc=79D0 op=0C,05,C2 sp=F376 af=0044 bc=130D de=000D hl=DF41 p=01/02/03 flow=00 screen=00 dirty=01 counts=03/01/02/03/03/02 hero=00 lives=0 time=0000
HIT_033_rebuild_loop pc=78E4 op=59,16,00 sp=F376 af=0002 bc=120E de=000D hl=DF41 p=01/02/03 flow=00 screen=00 dirty=01 counts=03/01/02/03/03/02 hero=00 lives=0 time=0000
HIT_034_next_entity pc=79D0 op=0C,05,C2 sp=F376 af=0044 bc=120E de=000E hl=DF42 p=01/02/03 flow=00 screen=00 dirty=01 counts=03/01/02/03/03/02 hero=00 lives=0 time=0000
HIT_035_rebuild_loop pc=78E4 op=59,16,00 sp=F376 af=0002 bc=110F de=000E hl=DF42 p=01/02/03 flow=00 screen=00 dirty=01 counts=03/01/02/03/03/02 hero=00 lives=0 time=0000
HIT_036_next_entity pc=79D0 op=0C,05,C2 sp=F376 af=0044 bc=110F de=000F hl=DF43 p=01/02/03 flow=00 screen=00 dirty=01 counts=03/01/02/03/03/02 hero=00 lives=0 time=0000
HIT_037_rebuild_loop pc=78E4 op=59,16,00 sp=F376 af=0002 bc=1010 de=000F hl=DF43 p=01/02/03 flow=00 screen=00 dirty=01 counts=03/01/02/03/03/02 hero=00 lives=0 time=0000
HIT_038_next_entity pc=79D0 op=0C,05,C2 sp=F376 af=0044 bc=1010 de=0010 hl=DF44 p=01/02/03 flow=00 screen=00 dirty=01 counts=03/01/02/03/03/02 hero=00 lives=0 time=0000
HIT_039_rebuild_loop pc=78E4 op=59,16,00 sp=F376 af=001A bc=0F11 de=0010 hl=DF44 p=01/02/03 flow=00 screen=00 dirty=01 counts=03/01/02/03/03/02 hero=00 lives=0 time=0000
HIT_040_next_entity pc=79D0 op=0C,05,C2 sp=F376 af=0044 bc=0F11 de=0011 hl=DF45 p=01/02/03 flow=00 screen=00 dirty=01 counts=03/01/02/03/03/02 hero=00 lives=0 time=0000
HIT_041_rebuild_loop pc=78E4 op=59,16,00 sp=F376 af=000A bc=0E12 de=0011 hl=DF45 p=01/02/03 flow=00 screen=00 dirty=01 counts=03/01/02/03/03/02 hero=00 lives=0 time=0000
HIT_042_next_entity pc=79D0 op=0C,05,C2 sp=F376 af=0044 bc=0E12 de=0012 hl=DF46 p=01/02/03 flow=00 screen=00 dirty=01 counts=03/01/02/03/03/02 hero=00 lives=0 time=0000
HIT_043_rebuild_loop pc=78E4 op=59,16,00 sp=F376 af=000A bc=0D13 de=0012 hl=DF46 p=01/02/03 flow=00 screen=00 dirty=01 counts=03/01/02/03/03/02 hero=00 lives=0 time=0000
HIT_044_next_entity pc=79D0 op=0C,05,C2 sp=F376 af=0044 bc=0D13 de=0013 hl=DF47 p=01/02/03 flow=00 screen=00 dirty=01 counts=03/01/02/03/03/02 hero=00 lives=0 time=0000
HIT_045_rebuild_loop pc=78E4 op=59,16,00 sp=F376 af=000A bc=0C14 de=0013 hl=DF47 p=01/02/03 flow=00 screen=00 dirty=01 counts=03/01/02/03/03/02 hero=00 lives=0 time=0000
HIT_046_next_entity pc=79D0 op=0C,05,C2 sp=F376 af=0044 bc=0C14 de=0014 hl=DF48 p=01/02/03 flow=00 screen=00 dirty=01 counts=03/01/02/03/03/02 hero=00 lives=0 time=0000
HIT_047_rebuild_loop pc=78E4 op=59,16,00 sp=F376 af=000A bc=0B15 de=0014 hl=DF48 p=01/02/03 flow=00 screen=00 dirty=01 counts=03/01/02/03/03/02 hero=00 lives=0 time=0000
HIT_048_next_entity pc=79D0 op=0C,05,C2 sp=F376 af=0044 bc=0B15 de=0015 hl=DF49 p=01/02/03 flow=00 screen=00 dirty=01 counts=03/01/02/03/03/02 hero=00 lives=0 time=0000
HIT_049_rebuild_loop pc=78E4 op=59,16,00 sp=F376 af=000A bc=0A16 de=0015 hl=DF49 p=01/02/03 flow=00 screen=00 dirty=01 counts=03/01/02/03/03/02 hero=00 lives=0 time=0000
HIT_050_next_entity pc=79D0 op=0C,05,C2 sp=F376 af=0044 bc=0A16 de=0016 hl=DF4A p=01/02/03 flow=00 screen=00 dirty=01 counts=03/01/02/03/03/02 hero=00 lives=0 time=0000
HIT_051_rebuild_loop pc=78E4 op=59,16,00 sp=F376 af=000A bc=0917 de=0016 hl=DF4A p=01/02/03 flow=00 screen=00 dirty=01 counts=03/01/02/03/03/02 hero=00 lives=0 time=0000
HIT_052_next_entity pc=79D0 op=0C,05,C2 sp=F376 af=0044 bc=0917 de=0017 hl=DF4B p=01/02/03 flow=00 screen=00 dirty=01 counts=03/01/02/03/03/02 hero=00 lives=0 time=0000
HIT_053_rebuild_loop pc=78E4 op=59,16,00 sp=F376 af=000A bc=0818 de=0017 hl=DF4B p=01/02/03 flow=00 screen=00 dirty=01 counts=03/01/02/03/03/02 hero=00 lives=0 time=0000
HIT_054_next_entity pc=79D0 op=0C,05,C2 sp=F376 af=0044 bc=0818 de=0018 hl=DF4C p=01/02/03 flow=00 screen=00 dirty=01 counts=03/01/02/03/03/02 hero=00 lives=0 time=0000
HIT_055_rebuild_loop pc=78E4 op=59,16,00 sp=F376 af=0002 bc=0719 de=0018 hl=DF4C p=01/02/03 flow=00 screen=00 dirty=01 counts=03/01/02/03/03/02 hero=00 lives=0 time=0000
HIT_056_next_entity pc=79D0 op=0C,05,C2 sp=F376 af=0044 bc=0719 de=0019 hl=DF4D p=01/02/03 flow=00 screen=00 dirty=01 counts=03/01/02/03/03/02 hero=00 lives=0 time=0000
HIT_057_rebuild_loop pc=78E4 op=59,16,00 sp=F376 af=0002 bc=061A de=0019 hl=DF4D p=01/02/03 flow=00 screen=00 dirty=01 counts=03/01/02/03/03/02 hero=00 lives=0 time=0000
HIT_058_next_entity pc=79D0 op=0C,05,C2 sp=F376 af=0044 bc=061A de=001A hl=DF4E p=01/02/03 flow=00 screen=00 dirty=01 counts=03/01/02/03/03/02 hero=00 lives=0 time=0000
HIT_059_rebuild_loop pc=78E4 op=59,16,00 sp=F376 af=0002 bc=051B de=001A hl=DF4E p=01/02/03 flow=00 screen=00 dirty=01 counts=03/01/02/03/03/02 hero=00 lives=0 time=0000
HIT_060_next_entity pc=79D0 op=0C,05,C2 sp=F376 af=0044 bc=051B de=001B hl=DF4F p=01/02/03 flow=00 screen=00 dirty=01 counts=03/01/02/03/03/02 hero=00 lives=0 time=0000
HIT_061_rebuild_loop pc=78E4 op=59,16,00 sp=F376 af=0002 bc=041C de=001B hl=DF4F p=01/02/03 flow=00 screen=00 dirty=01 counts=03/01/02/03/03/02 hero=00 lives=0 time=0000
HIT_062_next_entity pc=79D0 op=0C,05,C2 sp=F376 af=0044 bc=041C de=001C hl=DF50 p=01/02/03 flow=00 screen=00 dirty=01 counts=03/01/02/03/03/02 hero=00 lives=0 time=0000
HIT_063_rebuild_loop pc=78E4 op=59,16,00 sp=F376 af=0002 bc=031D de=001C hl=DF50 p=01/02/03 flow=00 screen=00 dirty=01 counts=03/01/02/03/03/02 hero=00 lives=0 time=0000
HIT_064_next_entity pc=79D0 op=0C,05,C2 sp=F376 af=0044 bc=031D de=001D hl=DF51 p=01/02/03 flow=00 screen=00 dirty=01 counts=03/01/02/03/03/02 hero=00 lives=0 time=0000
HIT_065_rebuild_loop pc=78E4 op=59,16,00 sp=F376 af=0002 bc=021E de=001D hl=DF51 p=01/02/03 flow=00 screen=00 dirty=01 counts=03/01/02/03/03/02 hero=00 lives=0 time=0000
HIT_066_next_entity pc=79D0 op=0C,05,C2 sp=F376 af=0044 bc=021E de=001E hl=DF52 p=01/02/03 flow=00 screen=00 dirty=01 counts=03/01/02/03/03/02 hero=00 lives=0 time=0000
HIT_067_rebuild_loop pc=78E4 op=59,16,00 sp=F376 af=0002 bc=011F de=001E hl=DF52 p=01/02/03 flow=00 screen=00 dirty=01 counts=03/01/02/03/03/02 hero=00 lives=0 time=0000
HIT_068_next_entity pc=79D0 op=0C,05,C2 sp=F376 af=0044 bc=011F de=001F hl=DF53 p=01/02/03 flow=00 screen=00 dirty=01 counts=03/01/02/03/03/02 hero=00 lives=0 time=0000
HIT_069_rebuild_done pc=79D5 op=3A,A6,E9 sp=F376 af=0042 bc=0020 de=001F hl=DF53 p=01/02/03 flow=00 screen=00 dirty=01 counts=03/01/02/03/03/02 hero=00 lives=0 time=0000
first_SPC_DOWN
HIT_070_rebuild_start pc=78C8 op=AF,32,A5 sp=F37A af=0044 bc=0500 de=0000 hl=DEF4 p=01/02/03 flow=00 screen=00 dirty=01 counts=03/01/02/03/03/02 hero=00 lives=3 time=003C
HIT_071_rebuild_loop pc=78E4 op=59,16,00 sp=F37A af=FF44 bc=2000 de=0000 hl=DEF4 p=01/02/03 flow=00 screen=00 dirty=01 counts=00/00/00/00/00/00 hero=FF lives=3 time=003C
HIT_072_entity_job_should_run_c pc=77E9 op=79,FE,20 sp=F376 af=0042 bc=2000 de=0000 hl=E42B p=01/02/03 flow=00 screen=00 dirty=01 counts=00/00/00/00/00/00 hero=FF lives=3 time=003C
HIT_073_next_entity pc=79D0 op=0C,05,C2 sp=F37A af=0000 bc=2000 de=EA2C hl=EA4C p=01/02/03 flow=00 screen=00 dirty=01 counts=01/01/01/01/01/01 hero=00 lives=3 time=003C
HIT_074_rebuild_loop pc=78E4 op=59,16,00 sp=F37A af=001A bc=1F01 de=EA2C hl=EA4C p=01/02/03 flow=00 screen=00 dirty=01 counts=01/01/01/01/01/01 hero=00 lives=3 time=003C
HIT_075_entity_job_should_run_c pc=77E9 op=79,FE,20 sp=F376 af=0042 bc=1F01 de=0001 hl=E42B p=01/02/03 flow=00 screen=00 dirty=01 counts=01/01/01/01/01/01 hero=00 lives=3 time=003C
HIT_076_next_entity pc=79D0 op=0C,05,C2 sp=F37A af=0044 bc=1F01 de=0001 hl=E42B p=01/02/03 flow=00 screen=00 dirty=01 counts=01/01/01/01/01/01 hero=00 lives=3 time=003C
HIT_077_rebuild_loop pc=78E4 op=59,16,00 sp=F37A af=000A bc=1E02 de=0001 hl=E42B p=01/02/03 flow=00 screen=00 dirty=01 counts=01/01/01/01/01/01 hero=00 lives=3 time=003C
HIT_078_entity_job_should_run_c pc=77E9 op=79,FE,20 sp=F376 af=0042 bc=1E02 de=0002 hl=E42B p=01/02/03 flow=00 screen=00 dirty=01 counts=01/01/01/01/01/01 hero=00 lives=3 time=003C
HIT_079_next_entity pc=79D0 op=0C,05,C2 sp=F37A af=0013 bc=1E02 de=0002 hl=DF16 p=01/02/03 flow=00 screen=00 dirty=01 counts=02/01/01/02/02/01 hero=00 lives=3 time=003C
HIT_080_rebuild_loop pc=78E4 op=59,16,00 sp=F37A af=000B bc=1D03 de=0002 hl=DF16 p=01/02/03 flow=00 screen=00 dirty=01 counts=02/01/01/02/02/01 hero=00 lives=3 time=003C
HIT_081_next_entity pc=79D0 op=0C,05,C2 sp=F37A af=0202 bc=1D03 de=0003 hl=E42B p=01/02/03 flow=00 screen=00 dirty=01 counts=02/01/01/02/02/01 hero=00 lives=3 time=003C
HIT_082_rebuild_loop pc=78E4 op=59,16,00 sp=F37A af=020A bc=1C04 de=0003 hl=E42B p=01/02/03 flow=00 screen=00 dirty=01 counts=02/01/01/02/02/01 hero=00 lives=3 time=003C
HIT_083_next_entity pc=79D0 op=0C,05,C2 sp=F37A af=0202 bc=1C04 de=0004 hl=E42B p=01/02/03 flow=00 screen=00 dirty=01 counts=02/01/01/02/02/01 hero=00 lives=3 time=003C
HIT_084_rebuild_loop pc=78E4 op=59,16,00 sp=F37A af=020A bc=1B05 de=0004 hl=E42B p=01/02/03 flow=00 screen=00 dirty=01 counts=02/01/01/02/02/01 hero=00 lives=3 time=003C
HIT_085_next_entity pc=79D0 op=0C,05,C2 sp=F37A af=0602 bc=1B05 de=0005 hl=E42B p=01/02/03 flow=00 screen=00 dirty=01 counts=02/01/01/02/02/01 hero=00 lives=3 time=003C
HIT_086_rebuild_loop pc=78E4 op=59,16,00 sp=F37A af=060A bc=1A06 de=0005 hl=E42B p=01/02/03 flow=00 screen=00 dirty=01 counts=02/01/01/02/02/01 hero=00 lives=3 time=003C
HIT_087_next_entity pc=79D0 op=0C,05,C2 sp=F37A af=0044 bc=1A06 de=0006 hl=DF3A p=01/02/03 flow=00 screen=00 dirty=01 counts=02/01/01/02/02/01 hero=00 lives=3 time=003C
HIT_088_rebuild_loop pc=78E4 op=59,16,00 sp=F37A af=000A bc=1907 de=0006 hl=DF3A p=01/02/03 flow=00 screen=00 dirty=01 counts=02/01/01/02/02/01 hero=00 lives=3 time=003C
HIT_089_next_entity pc=79D0 op=0C,05,C2 sp=F37A af=0044 bc=1907 de=0007 hl=DF3B p=01/02/03 flow=00 screen=00 dirty=01 counts=02/01/01/02/02/01 hero=00 lives=3 time=003C
HIT_090_rebuild_loop pc=78E4 op=59,16,00 sp=F37A af=000A bc=1808 de=0007 hl=DF3B p=01/02/03 flow=00 screen=00 dirty=01 counts=02/01/01/02/02/01 hero=00 lives=3 time=003C
HIT_091_next_entity pc=79D0 op=0C,05,C2 sp=F37A af=0044 bc=1808 de=0008 hl=DF3C p=01/02/03 flow=00 screen=00 dirty=01 counts=02/01/01/02/02/01 hero=00 lives=3 time=003C
HIT_092_rebuild_loop pc=78E4 op=59,16,00 sp=F37A af=0002 bc=1709 de=0008 hl=DF3C p=01/02/03 flow=00 screen=00 dirty=01 counts=02/01/01/02/02/01 hero=00 lives=3 time=003C
HIT_093_next_entity pc=79D0 op=0C,05,C2 sp=F37A af=0044 bc=1709 de=0009 hl=DF3D p=01/02/03 flow=00 screen=00 dirty=01 counts=02/01/01/02/02/01 hero=00 lives=3 time=003C
HIT_094_rebuild_loop pc=78E4 op=59,16,00 sp=F37A af=0002 bc=160A de=0009 hl=DF3D p=01/02/03 flow=00 screen=00 dirty=01 counts=02/01/01/02/02/01 hero=00 lives=3 time=003C
HIT_095_next_entity pc=79D0 op=0C,05,C2 sp=F37A af=0044 bc=160A de=000A hl=DF3E p=01/02/03 flow=00 screen=00 dirty=01 counts=02/01/01/02/02/01 hero=00 lives=3 time=003C
HIT_096_rebuild_loop pc=78E4 op=59,16,00 sp=F37A af=0002 bc=150B de=000A hl=DF3E p=01/02/03 flow=00 screen=00 dirty=01 counts=02/01/01/02/02/01 hero=00 lives=3 time=003C
HIT_097_next_entity pc=79D0 op=0C,05,C2 sp=F37A af=0044 bc=150B de=000B hl=DF3F p=01/02/03 flow=00 screen=00 dirty=01 counts=02/01/01/02/02/01 hero=00 lives=3 time=003C
HIT_098_rebuild_loop pc=78E4 op=59,16,00 sp=F37A af=0002 bc=140C de=000B hl=DF3F p=01/02/03 flow=00 screen=00 dirty=01 counts=02/01/01/02/02/01 hero=00 lives=3 time=003C
HIT_099_next_entity pc=79D0 op=0C,05,C2 sp=F37A af=0044 bc=140C de=000C hl=DF40 p=01/02/03 flow=00 screen=00 dirty=01 counts=02/01/01/02/02/01 hero=00 lives=3 time=003C
HIT_100_rebuild_loop pc=78E4 op=59,16,00 sp=F37A af=0002 bc=130D de=000C hl=DF40 p=01/02/03 flow=00 screen=00 dirty=01 counts=02/01/01/02/02/01 hero=00 lives=3 time=003C
HIT_101_next_entity pc=79D0 op=0C,05,C2 sp=F37A af=0044 bc=130D de=000D hl=DF41 p=01/02/03 flow=00 screen=00 dirty=01 counts=02/01/01/02/02/01 hero=00 lives=3 time=003C
HIT_102_rebuild_loop pc=78E4 op=59,16,00 sp=F37A af=0002 bc=120E de=000D hl=DF41 p=01/02/03 flow=00 screen=00 dirty=01 counts=02/01/01/02/02/01 hero=00 lives=3 time=003C
HIT_103_next_entity pc=79D0 op=0C,05,C2 sp=F37A af=0044 bc=120E de=000E hl=DF42 p=01/02/03 flow=00 screen=00 dirty=01 counts=02/01/01/02/02/01 hero=00 lives=3 time=003C
HIT_104_rebuild_loop pc=78E4 op=59,16,00 sp=F37A af=0002 bc=110F de=000E hl=DF42 p=01/02/03 flow=00 screen=00 dirty=01 counts=02/01/01/02/02/01 hero=00 lives=3 time=003C
HIT_105_next_entity pc=79D0 op=0C,05,C2 sp=F37A af=0044 bc=110F de=000F hl=DF43 p=01/02/03 flow=00 screen=00 dirty=01 counts=02/01/01/02/02/01 hero=00 lives=3 time=003C
HIT_106_rebuild_loop pc=78E4 op=59,16,00 sp=F37A af=0002 bc=1010 de=000F hl=DF43 p=01/02/03 flow=00 screen=00 dirty=01 counts=02/01/01/02/02/01 hero=00 lives=3 time=003C
HIT_107_next_entity pc=79D0 op=0C,05,C2 sp=F37A af=0044 bc=1010 de=0010 hl=DF44 p=01/02/03 flow=00 screen=00 dirty=01 counts=02/01/01/02/02/01 hero=00 lives=3 time=003C
HIT_108_rebuild_loop pc=78E4 op=59,16,00 sp=F37A af=001A bc=0F11 de=0010 hl=DF44 p=01/02/03 flow=00 screen=00 dirty=01 counts=02/01/01/02/02/01 hero=00 lives=3 time=003C
HIT_109_next_entity pc=79D0 op=0C,05,C2 sp=F37A af=0044 bc=0F11 de=0011 hl=DF45 p=01/02/03 flow=00 screen=00 dirty=01 counts=02/01/01/02/02/01 hero=00 lives=3 time=003C
HIT_110_rebuild_loop pc=78E4 op=59,16,00 sp=F37A af=000A bc=0E12 de=0011 hl=DF45 p=01/02/03 flow=00 screen=00 dirty=01 counts=02/01/01/02/02/01 hero=00 lives=3 time=003C
HIT_111_next_entity pc=79D0 op=0C,05,C2 sp=F37A af=0044 bc=0E12 de=0012 hl=DF46 p=01/02/03 flow=00 screen=00 dirty=01 counts=02/01/01/02/02/01 hero=00 lives=3 time=003C
HIT_112_rebuild_loop pc=78E4 op=59,16,00 sp=F37A af=000A bc=0D13 de=0012 hl=DF46 p=01/02/03 flow=00 screen=00 dirty=01 counts=02/01/01/02/02/01 hero=00 lives=3 time=003C
HIT_113_next_entity pc=79D0 op=0C,05,C2 sp=F37A af=0044 bc=0D13 de=0013 hl=DF47 p=01/02/03 flow=00 screen=00 dirty=01 counts=02/01/01/02/02/01 hero=00 lives=3 time=003C
HIT_114_rebuild_loop pc=78E4 op=59,16,00 sp=F37A af=000A bc=0C14 de=0013 hl=DF47 p=01/02/03 flow=00 screen=00 dirty=01 counts=02/01/01/02/02/01 hero=00 lives=3 time=003C
HIT_115_next_entity pc=79D0 op=0C,05,C2 sp=F37A af=0044 bc=0C14 de=0014 hl=DF48 p=01/02/03 flow=00 screen=00 dirty=01 counts=02/01/01/02/02/01 hero=00 lives=3 time=003C
HIT_116_rebuild_loop pc=78E4 op=59,16,00 sp=F37A af=000A bc=0B15 de=0014 hl=DF48 p=01/02/03 flow=00 screen=00 dirty=01 counts=02/01/01/02/02/01 hero=00 lives=3 time=003C
HIT_117_next_entity pc=79D0 op=0C,05,C2 sp=F37A af=0044 bc=0B15 de=0015 hl=DF49 p=01/02/03 flow=00 screen=00 dirty=01 counts=02/01/01/02/02/01 hero=00 lives=3 time=003C
HIT_118_rebuild_loop pc=78E4 op=59,16,00 sp=F37A af=000A bc=0A16 de=0015 hl=DF49 p=01/02/03 flow=00 screen=00 dirty=01 counts=02/01/01/02/02/01 hero=00 lives=3 time=003C
HIT_119_next_entity pc=79D0 op=0C,05,C2 sp=F37A af=0044 bc=0A16 de=0016 hl=DF4A p=01/02/03 flow=00 screen=00 dirty=01 counts=02/01/01/02/02/01 hero=00 lives=3 time=003C
HIT_120_rebuild_loop pc=78E4 op=59,16,00 sp=F37A af=000A bc=0917 de=0016 hl=DF4A p=01/02/03 flow=00 screen=00 dirty=01 counts=02/01/01/02/02/01 hero=00 lives=3 time=003C
HIT_121_next_entity pc=79D0 op=0C,05,C2 sp=F37A af=0044 bc=0917 de=0017 hl=DF4B p=01/02/03 flow=00 screen=00 dirty=01 counts=02/01/01/02/02/01 hero=00 lives=3 time=003C
HIT_122_rebuild_loop pc=78E4 op=59,16,00 sp=F37A af=000A bc=0818 de=0017 hl=DF4B p=01/02/03 flow=00 screen=00 dirty=01 counts=02/01/01/02/02/01 hero=00 lives=3 time=003C
HIT_123_next_entity pc=79D0 op=0C,05,C2 sp=F37A af=0044 bc=0818 de=0018 hl=DF4C p=01/02/03 flow=00 screen=00 dirty=01 counts=02/01/01/02/02/01 hero=00 lives=3 time=003C
HIT_124_rebuild_loop pc=78E4 op=59,16,00 sp=F37A af=0002 bc=0719 de=0018 hl=DF4C p=01/02/03 flow=00 screen=00 dirty=01 counts=02/01/01/02/02/01 hero=00 lives=3 time=003C
HIT_125_next_entity pc=79D0 op=0C,05,C2 sp=F37A af=0044 bc=0719 de=0019 hl=DF4D p=01/02/03 flow=00 screen=00 dirty=01 counts=02/01/01/02/02/01 hero=00 lives=3 time=003C
HIT_126_rebuild_loop pc=78E4 op=59,16,00 sp=F37A af=0002 bc=061A de=0019 hl=DF4D p=01/02/03 flow=00 screen=00 dirty=01 counts=02/01/01/02/02/01 hero=00 lives=3 time=003C
HIT_127_next_entity pc=79D0 op=0C,05,C2 sp=F37A af=0044 bc=061A de=001A hl=DF4E p=01/02/03 flow=00 screen=00 dirty=01 counts=02/01/01/02/02/01 hero=00 lives=3 time=003C
HIT_128_rebuild_loop pc=78E4 op=59,16,00 sp=F37A af=0002 bc=051B de=001A hl=DF4E p=01/02/03 flow=00 screen=00 dirty=01 counts=02/01/01/02/02/01 hero=00 lives=3 time=003C
HIT_129_next_entity pc=79D0 op=0C,05,C2 sp=F37A af=0044 bc=051B de=001B hl=DF4F p=01/02/03 flow=00 screen=00 dirty=01 counts=02/01/01/02/02/01 hero=00 lives=3 time=003C
HIT_130_rebuild_loop pc=78E4 op=59,16,00 sp=F37A af=0002 bc=041C de=001B hl=DF4F p=01/02/03 flow=00 screen=00 dirty=01 counts=02/01/01/02/02/01 hero=00 lives=3 time=003C
HIT_131_next_entity pc=79D0 op=0C,05,C2 sp=F37A af=0044 bc=041C de=001C hl=DF50 p=01/02/03 flow=00 screen=00 dirty=01 counts=02/01/01/02/02/01 hero=00 lives=3 time=003C
HIT_132_rebuild_loop pc=78E4 op=59,16,00 sp=F37A af=0002 bc=031D de=001C hl=DF50 p=01/02/03 flow=00 screen=00 dirty=01 counts=02/01/01/02/02/01 hero=00 lives=3 time=003C
HIT_133_next_entity pc=79D0 op=0C,05,C2 sp=F37A af=0044 bc=031D de=001D hl=DF51 p=01/02/03 flow=00 screen=00 dirty=01 counts=02/01/01/02/02/01 hero=00 lives=3 time=003C
HIT_134_rebuild_loop pc=78E4 op=59,16,00 sp=F37A af=0002 bc=021E de=001D hl=DF51 p=01/02/03 flow=00 screen=00 dirty=01 counts=02/01/01/02/02/01 hero=00 lives=3 time=003C
HIT_135_next_entity pc=79D0 op=0C,05,C2 sp=F37A af=0044 bc=021E de=001E hl=DF52 p=01/02/03 flow=00 screen=00 dirty=01 counts=02/01/01/02/02/01 hero=00 lives=3 time=003C
HIT_136_rebuild_loop pc=78E4 op=59,16,00 sp=F37A af=0002 bc=011F de=001E hl=DF52 p=01/02/03 flow=00 screen=00 dirty=01 counts=02/01/01/02/02/01 hero=00 lives=3 time=003C
HIT_137_next_entity pc=79D0 op=0C,05,C2 sp=F37A af=0044 bc=011F de=001F hl=DF53 p=01/02/03 flow=00 screen=00 dirty=01 counts=02/01/01/02/02/01 hero=00 lives=3 time=003C
HIT_138_rebuild_done pc=79D5 op=3A,A6,E9 sp=F37A af=0042 bc=0020 de=001F hl=DF53 p=01/02/03 flow=00 screen=00 dirty=01 counts=02/01/01/02/02/01 hero=00 lives=3 time=003C
second_SPC_DOWN
HIT_139_rebuild_start pc=78C8 op=AF,32,A5 sp=F36E af=0044 bc=0000 de=1800 hl=E9A7 p=01/02/07 flow=00 screen=00 dirty=01 counts=02/01/01/02/02/01 hero=00 lives=3 time=003C
HIT_140_rebuild_loop pc=78E4 op=59,16,00 sp=F36E af=FF44 bc=2000 de=1800 hl=E9A7 p=01/02/07 flow=00 screen=00 dirty=01 counts=00/00/00/00/00/00 hero=FF lives=3 time=003C
HIT_141_entity_job_should_run_c pc=77E9 op=79,FE,20 sp=F36A af=0042 bc=2000 de=0000 hl=E42B p=01/02/07 flow=00 screen=00 dirty=01 counts=00/00/00/00/00/00 hero=FF lives=3 time=003C
HIT_142_next_entity pc=79D0 op=0C,05,C2 sp=F36E af=0000 bc=2000 de=EA2C hl=EA4C p=01/02/07 flow=00 screen=00 dirty=01 counts=01/01/01/01/01/01 hero=00 lives=3 time=003C
HIT_143_rebuild_loop pc=78E4 op=59,16,00 sp=F36E af=001A bc=1F01 de=EA2C hl=EA4C p=01/02/07 flow=00 screen=00 dirty=01 counts=01/01/01/01/01/01 hero=00 lives=3 time=003C
HIT_144_entity_job_should_run_c pc=77E9 op=79,FE,20 sp=F36A af=0042 bc=1F01 de=0001 hl=E42B p=01/02/07 flow=00 screen=00 dirty=01 counts=01/01/01/01/01/01 hero=00 lives=3 time=003C
HIT_145_next_entity pc=79D0 op=0C,05,C2 sp=F36E af=0044 bc=1F01 de=0001 hl=E42B p=01/02/07 flow=00 screen=00 dirty=01 counts=01/01/01/01/01/01 hero=00 lives=3 time=003C
HIT_146_rebuild_loop pc=78E4 op=59,16,00 sp=F36E af=000A bc=1E02 de=0001 hl=E42B p=01/02/07 flow=00 screen=00 dirty=01 counts=01/01/01/01/01/01 hero=00 lives=3 time=003C
HIT_147_entity_job_should_run_c pc=77E9 op=79,FE,20 sp=F36A af=0042 bc=1E02 de=0002 hl=E42B p=01/02/07 flow=00 screen=00 dirty=01 counts=01/01/01/01/01/01 hero=00 lives=3 time=003C
HIT_148_next_entity pc=79D0 op=0C,05,C2 sp=F36E af=0013 bc=1E02 de=0002 hl=DF16 p=01/02/07 flow=00 screen=00 dirty=01 counts=02/01/01/02/02/01 hero=00 lives=3 time=003C
HIT_149_rebuild_loop pc=78E4 op=59,16,00 sp=F36E af=000B bc=1D03 de=0002 hl=DF16 p=01/02/07 flow=00 screen=00 dirty=01 counts=02/01/01/02/02/01 hero=00 lives=3 time=003C
HIT_150_next_entity pc=79D0 op=0C,05,C2 sp=F36E af=0202 bc=1D03 de=0003 hl=E42B p=01/02/07 flow=00 screen=00 dirty=01 counts=02/01/01/02/02/01 hero=00 lives=3 time=003C
HIT_151_rebuild_loop pc=78E4 op=59,16,00 sp=F36E af=020A bc=1C04 de=0003 hl=E42B p=01/02/07 flow=00 screen=00 dirty=01 counts=02/01/01/02/02/01 hero=00 lives=3 time=003C
HIT_152_next_entity pc=79D0 op=0C,05,C2 sp=F36E af=0202 bc=1C04 de=0004 hl=E42B p=01/02/07 flow=00 screen=00 dirty=01 counts=02/01/01/02/02/01 hero=00 lives=3 time=003C
HIT_153_rebuild_loop pc=78E4 op=59,16,00 sp=F36E af=020A bc=1B05 de=0004 hl=E42B p=01/02/07 flow=00 screen=00 dirty=01 counts=02/01/01/02/02/01 hero=00 lives=3 time=003C
HIT_154_next_entity pc=79D0 op=0C,05,C2 sp=F36E af=0602 bc=1B05 de=0005 hl=E42B p=01/02/07 flow=00 screen=00 dirty=01 counts=02/01/01/02/02/01 hero=00 lives=3 time=003C
HIT_155_rebuild_loop pc=78E4 op=59,16,00 sp=F36E af=060A bc=1A06 de=0005 hl=E42B p=01/02/07 flow=00 screen=00 dirty=01 counts=02/01/01/02/02/01 hero=00 lives=3 time=003C
HIT_156_next_entity pc=79D0 op=0C,05,C2 sp=F36E af=0044 bc=1A06 de=0006 hl=DF3A p=01/02/07 flow=00 screen=00 dirty=01 counts=02/01/01/02/02/01 hero=00 lives=3 time=003C
HIT_157_rebuild_loop pc=78E4 op=59,16,00 sp=F36E af=000A bc=1907 de=0006 hl=DF3A p=01/02/07 flow=00 screen=00 dirty=01 counts=02/01/01/02/02/01 hero=00 lives=3 time=003C
HIT_158_next_entity pc=79D0 op=0C,05,C2 sp=F36E af=0044 bc=1907 de=0007 hl=DF3B p=01/02/07 flow=00 screen=00 dirty=01 counts=02/01/01/02/02/01 hero=00 lives=3 time=003C
HIT_159_rebuild_loop pc=78E4 op=59,16,00 sp=F36E af=000A bc=1808 de=0007 hl=DF3B p=01/02/07 flow=00 screen=00 dirty=01 counts=02/01/01/02/02/01 hero=00 lives=3 time=003C
HIT_160_next_entity pc=79D0 op=0C,05,C2 sp=F36E af=0044 bc=1808 de=0008 hl=DF3C p=01/02/07 flow=00 screen=00 dirty=01 counts=02/01/01/02/02/01 hero=00 lives=3 time=003C
HIT_161_rebuild_loop pc=78E4 op=59,16,00 sp=F36E af=0002 bc=1709 de=0008 hl=DF3C p=01/02/07 flow=00 screen=00 dirty=01 counts=02/01/01/02/02/01 hero=00 lives=3 time=003C
HIT_162_next_entity pc=79D0 op=0C,05,C2 sp=F36E af=0044 bc=1709 de=0009 hl=DF3D p=01/02/07 flow=00 screen=00 dirty=01 counts=02/01/01/02/02/01 hero=00 lives=3 time=003C
HIT_163_rebuild_loop pc=78E4 op=59,16,00 sp=F36E af=0002 bc=160A de=0009 hl=DF3D p=01/02/07 flow=00 screen=00 dirty=01 counts=02/01/01/02/02/01 hero=00 lives=3 time=003C
HIT_164_next_entity pc=79D0 op=0C,05,C2 sp=F36E af=0044 bc=160A de=000A hl=DF3E p=01/02/07 flow=00 screen=00 dirty=01 counts=02/01/01/02/02/01 hero=00 lives=3 time=003C
HIT_165_rebuild_loop pc=78E4 op=59,16,00 sp=F36E af=0002 bc=150B de=000A hl=DF3E p=01/02/07 flow=00 screen=00 dirty=01 counts=02/01/01/02/02/01 hero=00 lives=3 time=003C
HIT_166_next_entity pc=79D0 op=0C,05,C2 sp=F36E af=0044 bc=150B de=000B hl=DF3F p=01/02/07 flow=00 screen=00 dirty=01 counts=02/01/01/02/02/01 hero=00 lives=3 time=003C
HIT_167_rebuild_loop pc=78E4 op=59,16,00 sp=F36E af=0002 bc=140C de=000B hl=DF3F p=01/02/07 flow=00 screen=00 dirty=01 counts=02/01/01/02/02/01 hero=00 lives=3 time=003C
HIT_168_next_entity pc=79D0 op=0C,05,C2 sp=F36E af=0044 bc=140C de=000C hl=DF40 p=01/02/07 flow=00 screen=00 dirty=01 counts=02/01/01/02/02/01 hero=00 lives=3 time=003C
HIT_169_rebuild_loop pc=78E4 op=59,16,00 sp=F36E af=0002 bc=130D de=000C hl=DF40 p=01/02/07 flow=00 screen=00 dirty=01 counts=02/01/01/02/02/01 hero=00 lives=3 time=003C
HIT_170_next_entity pc=79D0 op=0C,05,C2 sp=F36E af=0044 bc=130D de=000D hl=DF41 p=01/02/07 flow=00 screen=00 dirty=01 counts=02/01/01/02/02/01 hero=00 lives=3 time=003C
HIT_171_rebuild_loop pc=78E4 op=59,16,00 sp=F36E af=0002 bc=120E de=000D hl=DF41 p=01/02/07 flow=00 screen=00 dirty=01 counts=02/01/01/02/02/01 hero=00 lives=3 time=003C
HIT_172_next_entity pc=79D0 op=0C,05,C2 sp=F36E af=0044 bc=120E de=000E hl=DF42 p=01/02/07 flow=00 screen=00 dirty=01 counts=02/01/01/02/02/01 hero=00 lives=3 time=003C
HIT_173_rebuild_loop pc=78E4 op=59,16,00 sp=F36E af=0002 bc=110F de=000E hl=DF42 p=01/02/07 flow=00 screen=00 dirty=01 counts=02/01/01/02/02/01 hero=00 lives=3 time=003C
HIT_174_next_entity pc=79D0 op=0C,05,C2 sp=F36E af=0044 bc=110F de=000F hl=DF43 p=01/02/07 flow=00 screen=00 dirty=01 counts=02/01/01/02/02/01 hero=00 lives=3 time=003C
HIT_175_rebuild_loop pc=78E4 op=59,16,00 sp=F36E af=0002 bc=1010 de=000F hl=DF43 p=01/02/07 flow=00 screen=00 dirty=01 counts=02/01/01/02/02/01 hero=00 lives=3 time=003C
HIT_176_next_entity pc=79D0 op=0C,05,C2 sp=F36E af=0044 bc=1010 de=0010 hl=DF44 p=01/02/07 flow=00 screen=00 dirty=01 counts=02/01/01/02/02/01 hero=00 lives=3 time=003C
HIT_177_rebuild_loop pc=78E4 op=59,16,00 sp=F36E af=001A bc=0F11 de=0010 hl=DF44 p=01/02/07 flow=00 screen=00 dirty=01 counts=02/01/01/02/02/01 hero=00 lives=3 time=003C
HIT_178_next_entity pc=79D0 op=0C,05,C2 sp=F36E af=0044 bc=0F11 de=0011 hl=DF45 p=01/02/07 flow=00 screen=00 dirty=01 counts=02/01/01/02/02/01 hero=00 lives=3 time=003C
HIT_179_rebuild_loop pc=78E4 op=59,16,00 sp=F36E af=000A bc=0E12 de=0011 hl=DF45 p=01/02/07 flow=00 screen=00 dirty=01 counts=02/01/01/02/02/01 hero=00 lives=3 time=003C
HIT_180_next_entity pc=79D0 op=0C,05,C2 sp=F36E af=0044 bc=0E12 de=0012 hl=DF46 p=01/02/07 flow=00 screen=00 dirty=01 counts=02/01/01/02/02/01 hero=00 lives=3 time=003C
HIT_181_rebuild_loop pc=78E4 op=59,16,00 sp=F36E af=000A bc=0D13 de=0012 hl=DF46 p=01/02/07 flow=00 screen=00 dirty=01 counts=02/01/01/02/02/01 hero=00 lives=3 time=003C
HIT_182_next_entity pc=79D0 op=0C,05,C2 sp=F36E af=0044 bc=0D13 de=0013 hl=DF47 p=01/02/07 flow=00 screen=00 dirty=01 counts=02/01/01/02/02/01 hero=00 lives=3 time=003C
HIT_183_rebuild_loop pc=78E4 op=59,16,00 sp=F36E af=000A bc=0C14 de=0013 hl=DF47 p=01/02/07 flow=00 screen=00 dirty=01 counts=02/01/01/02/02/01 hero=00 lives=3 time=003C
HIT_184_next_entity pc=79D0 op=0C,05,C2 sp=F36E af=0044 bc=0C14 de=0014 hl=DF48 p=01/02/07 flow=00 screen=00 dirty=01 counts=02/01/01/02/02/01 hero=00 lives=3 time=003C
HIT_185_rebuild_loop pc=78E4 op=59,16,00 sp=F36E af=000A bc=0B15 de=0014 hl=DF48 p=01/02/07 flow=00 screen=00 dirty=01 counts=02/01/01/02/02/01 hero=00 lives=3 time=003C
HIT_186_next_entity pc=79D0 op=0C,05,C2 sp=F36E af=0044 bc=0B15 de=0015 hl=DF49 p=01/02/07 flow=00 screen=00 dirty=01 counts=02/01/01/02/02/01 hero=00 lives=3 time=003C
HIT_187_rebuild_loop pc=78E4 op=59,16,00 sp=F36E af=000A bc=0A16 de=0015 hl=DF49 p=01/02/07 flow=00 screen=00 dirty=01 counts=02/01/01/02/02/01 hero=00 lives=3 time=003C
HIT_188_next_entity pc=79D0 op=0C,05,C2 sp=F36E af=0044 bc=0A16 de=0016 hl=DF4A p=01/02/07 flow=00 screen=00 dirty=01 counts=02/01/01/02/02/01 hero=00 lives=3 time=003C
HIT_189_rebuild_loop pc=78E4 op=59,16,00 sp=F36E af=000A bc=0917 de=0016 hl=DF4A p=01/02/07 flow=00 screen=00 dirty=01 counts=02/01/01/02/02/01 hero=00 lives=3 time=003C
HIT_190_next_entity pc=79D0 op=0C,05,C2 sp=F36E af=0044 bc=0917 de=0017 hl=DF4B p=01/02/07 flow=00 screen=00 dirty=01 counts=02/01/01/02/02/01 hero=00 lives=3 time=003C
HIT_191_rebuild_loop pc=78E4 op=59,16,00 sp=F36E af=000A bc=0818 de=0017 hl=DF4B p=01/02/07 flow=00 screen=00 dirty=01 counts=02/01/01/02/02/01 hero=00 lives=3 time=003C
HIT_192_next_entity pc=79D0 op=0C,05,C2 sp=F36E af=0044 bc=0818 de=0018 hl=DF4C p=01/02/07 flow=00 screen=00 dirty=01 counts=02/01/01/02/02/01 hero=00 lives=3 time=003C
HIT_193_rebuild_loop pc=78E4 op=59,16,00 sp=F36E af=0002 bc=0719 de=0018 hl=DF4C p=01/02/07 flow=00 screen=00 dirty=01 counts=02/01/01/02/02/01 hero=00 lives=3 time=003C
HIT_194_next_entity pc=79D0 op=0C,05,C2 sp=F36E af=0044 bc=0719 de=0019 hl=DF4D p=01/02/07 flow=00 screen=00 dirty=01 counts=02/01/01/02/02/01 hero=00 lives=3 time=003C
HIT_195_rebuild_loop pc=78E4 op=59,16,00 sp=F36E af=0002 bc=061A de=0019 hl=DF4D p=01/02/07 flow=00 screen=00 dirty=01 counts=02/01/01/02/02/01 hero=00 lives=3 time=003C
HIT_196_next_entity pc=79D0 op=0C,05,C2 sp=F36E af=0044 bc=061A de=001A hl=DF4E p=01/02/07 flow=00 screen=00 dirty=01 counts=02/01/01/02/02/01 hero=00 lives=3 time=003C
HIT_197_rebuild_loop pc=78E4 op=59,16,00 sp=F36E af=0002 bc=051B de=001A hl=DF4E p=01/02/07 flow=00 screen=00 dirty=01 counts=02/01/01/02/02/01 hero=00 lives=3 time=003C
HIT_198_next_entity pc=79D0 op=0C,05,C2 sp=F36E af=0044 bc=051B de=001B hl=DF4F p=01/02/07 flow=00 screen=00 dirty=01 counts=02/01/01/02/02/01 hero=00 lives=3 time=003C
HIT_199_rebuild_loop pc=78E4 op=59,16,00 sp=F36E af=0002 bc=041C de=001B hl=DF4F p=01/02/07 flow=00 screen=00 dirty=01 counts=02/01/01/02/02/01 hero=00 lives=3 time=003C
HIT_200_next_entity pc=79D0 op=0C,05,C2 sp=F36E af=0044 bc=041C de=001C hl=DF50 p=01/02/07 flow=00 screen=00 dirty=01 counts=02/01/01/02/02/01 hero=00 lives=3 time=003C
HIT_201_rebuild_loop pc=78E4 op=59,16,00 sp=F36E af=0002 bc=031D de=001C hl=DF50 p=01/02/07 flow=00 screen=00 dirty=01 counts=02/01/01/02/02/01 hero=00 lives=3 time=003C
HIT_202_next_entity pc=79D0 op=0C,05,C2 sp=F36E af=0044 bc=031D de=001D hl=DF51 p=01/02/07 flow=00 screen=00 dirty=01 counts=02/01/01/02/02/01 hero=00 lives=3 time=003C
HIT_203_rebuild_loop pc=78E4 op=59,16,00 sp=F36E af=0002 bc=021E de=001D hl=DF51 p=01/02/07 flow=00 screen=00 dirty=01 counts=02/01/01/02/02/01 hero=00 lives=3 time=003C
HIT_204_next_entity pc=79D0 op=0C,05,C2 sp=F36E af=0044 bc=021E de=001E hl=DF52 p=01/02/07 flow=00 screen=00 dirty=01 counts=02/01/01/02/02/01 hero=00 lives=3 time=003C
HIT_205_rebuild_loop pc=78E4 op=59,16,00 sp=F36E af=0002 bc=011F de=001E hl=DF52 p=01/02/07 flow=00 screen=00 dirty=01 counts=02/01/01/02/02/01 hero=00 lives=3 time=003C
HIT_206_next_entity pc=79D0 op=0C,05,C2 sp=F36E af=0044 bc=011F de=001F hl=DF53 p=01/02/07 flow=00 screen=00 dirty=01 counts=02/01/01/02/02/01 hero=00 lives=3 time=003C
HIT_207_rebuild_done pc=79D5 op=3A,A6,E9 sp=F36E af=0042 bc=0020 de=001F hl=DF53 p=01/02/07 flow=00 screen=00 dirty=01 counts=02/01/01/02/02/01 hero=00 lives=3 time=003C
HIT_208_world_loop_top pc=A62B op=3A,3D,C0 sp=F37C af=0142 bc=0000 de=0000 hl=E9CA p=01/02/03 flow=01 screen=00 dirty=00 counts=02/01/01/02/02/01 hero=00 lives=3 time=003C
HIT_209_ensure_list pc=78BF op=3A,A7,E9 sp=F376 af=0044 bc=0000 de=0000 hl=4125 p=01/02/03 flow=01 screen=00 dirty=00 counts=02/01/01/02/02/01 hero=00 lives=3 time=003C
HIT_210_update_all_entities pc=7861 op=3A,B4,DF sp=F37A af=004C bc=0200 de=0000 hl=DEB4 p=01/02/03 flow=01 screen=00 dirty=00 counts=02/01/01/02/02/01 hero=00 lives=3 time=003C
HIT_211_rebuild_start pc=78C8 op=AF,32,A5 sp=F378 af=0100 bc=0200 de=0000 hl=DEB4 p=01/02/03 flow=01 screen=00 dirty=00 counts=02/01/01/02/02/01 hero=00 lives=3 time=003C
HIT_212_rebuild_loop pc=78E4 op=59,16,00 sp=F378 af=FF44 bc=2000 de=0000 hl=DEB4 p=01/02/03 flow=01 screen=00 dirty=00 counts=00/00/00/00/00/00 hero=FF lives=3 time=003C
HIT_213_entity_job_should_run_c pc=77E9 op=79,FE,20 sp=F374 af=0042 bc=2000 de=0000 hl=E42B p=01/02/03 flow=01 screen=00 dirty=00 counts=00/00/00/00/00/00 hero=FF lives=3 time=003C
HIT_214_next_entity pc=79D0 op=0C,05,C2 sp=F378 af=0000 bc=2000 de=EA2C hl=EA4C p=01/02/03 flow=01 screen=00 dirty=00 counts=01/01/01/01/01/01 hero=00 lives=3 time=003C
HIT_215_rebuild_loop pc=78E4 op=59,16,00 sp=F378 af=001A bc=1F01 de=EA2C hl=EA4C p=01/02/03 flow=01 screen=00 dirty=00 counts=01/01/01/01/01/01 hero=00 lives=3 time=003C
HIT_216_entity_job_should_run_c pc=77E9 op=79,FE,20 sp=F374 af=0042 bc=1F01 de=0001 hl=E42B p=01/02/03 flow=01 screen=00 dirty=00 counts=01/01/01/01/01/01 hero=00 lives=3 time=003C
HIT_217_next_entity pc=79D0 op=0C,05,C2 sp=F378 af=0044 bc=1F01 de=0001 hl=E42B p=01/02/03 flow=01 screen=00 dirty=00 counts=01/01/01/01/01/01 hero=00 lives=3 time=003C
HIT_218_rebuild_loop pc=78E4 op=59,16,00 sp=F378 af=000A bc=1E02 de=0001 hl=E42B p=01/02/03 flow=01 screen=00 dirty=00 counts=01/01/01/01/01/01 hero=00 lives=3 time=003C
HIT_219_entity_job_should_run_c pc=77E9 op=79,FE,20 sp=F374 af=0042 bc=1E02 de=0002 hl=E42B p=01/02/03 flow=01 screen=00 dirty=00 counts=01/01/01/01/01/01 hero=00 lives=3 time=003C
HIT_220_next_entity pc=79D0 op=0C,05,C2 sp=F378 af=0013 bc=1E02 de=0002 hl=DF16 p=01/02/03 flow=01 screen=00 dirty=00 counts=02/01/01/02/02/01 hero=00 lives=3 time=003C
BP_0000 pc=0000 op=F3,C3,12 sp=F409 af=E4BA bc=32E4 de=32D3 hl=3296 p=01/02/03 flow=01 screen=00 dirty=00 counts=02/01/01/02/02/01 hero=00 lives=3 time=003C
final pc=23C9 op=AF,D3,98 sp=F2FE af=0D08 bc=010D de=0E5E hl=FAFC p=01/02/03 flow=01 screen=00 dirty=00 counts=02/01/01/02/02/01 hero=00 lives=3 time=003C
