first_SPC_DOWN
second_SPC_DOWN
dense_00 pc=A5EA p1=01 p2=02 p3=03 exit=00 flow=01 goal=00 lives=3 time=003C hud=00 frame=58 last=014B irq=0154 engine=00 sm0=89B6 x0=8 y0=80 dead0=00 coll0=00
dense_01 pc=40F4 p1=01 p2=02 p3=03 exit=00 flow=01 goal=00 lives=3 time=003C hud=00 frame=58 last=014B irq=015A engine=00 sm0=89B6 x0=8 y0=80 dead0=00 coll0=00
dense_02 pc=40F2 p1=01 p2=02 p3=03 exit=00 flow=01 goal=00 lives=3 time=003C hud=00 frame=58 last=014B irq=0160 engine=00 sm0=89B6 x0=8 y0=80 dead0=00 coll0=00
dense_03 pc=40ED p1=01 p2=02 p3=03 exit=00 flow=01 goal=00 lives=3 time=003C hud=00 frame=58 last=014B irq=0166 engine=00 sm0=89B6 x0=8 y0=80 dead0=00 coll0=00
dense_04 pc=A5DD p1=01 p2=02 p3=03 exit=00 flow=01 goal=00 lives=3 time=003C hud=00 frame=58 last=014B irq=016C engine=00 sm0=89B6 x0=8 y0=80 dead0=00 coll0=00
dense_05 pc=A5E7 p1=01 p2=02 p3=03 exit=00 flow=01 goal=00 lives=3 time=003C hud=00 frame=58 last=014B irq=0172 engine=00 sm0=89B6 x0=8 y0=80 dead0=00 coll0=00
dense_06 pc=A5E1 p1=01 p2=02 p3=03 exit=00 flow=01 goal=00 lives=3 time=003C hud=00 frame=58 last=014B irq=0178 engine=00 sm0=89B6 x0=8 y0=80 dead0=00 coll0=00
dense_07 pc=A5E9 p1=01 p2=02 p3=03 exit=00 flow=01 goal=00 lives=3 time=003C hud=00 frame=58 last=014B irq=017E engine=00 sm0=89B6 x0=8 y0=80 dead0=00 coll0=00
dense_08 pc=A5DE p1=01 p2=02 p3=03 exit=00 flow=01 goal=00 lives=3 time=003C hud=00 frame=58 last=014B irq=0184 engine=00 sm0=89B6 x0=8 y0=80 dead0=00 coll0=00
dense_09 pc=A5E1 p1=01 p2=02 p3=03 exit=00 flow=01 goal=00 lives=3 time=003C hud=00 frame=58 last=014B irq=018A engine=00 sm0=89B6 x0=8 y0=80 dead0=00 coll0=00
dense_10 pc=40F5 p1=01 p2=02 p3=03 exit=00 flow=01 goal=00 lives=3 time=003C hud=00 frame=58 last=014B irq=0190 engine=00 sm0=89B6 x0=8 y0=80 dead0=00 coll0=00
dense_11 pc=40E5 p1=01 p2=02 p3=03 exit=00 flow=01 goal=00 lives=3 time=003C hud=00 frame=58 last=014B irq=0196 engine=00 sm0=89B6 x0=8 y0=80 dead0=00 coll0=00
dense_12 pc=40E8 p1=01 p2=02 p3=03 exit=00 flow=01 goal=00 lives=3 time=003C hud=00 frame=58 last=014B irq=019C engine=00 sm0=89B6 x0=8 y0=80 dead0=00 coll0=00
dense_13 pc=A5E0 p1=01 p2=02 p3=03 exit=00 flow=01 goal=00 lives=3 time=003C hud=00 frame=58 last=014B irq=01A2 engine=00 sm0=89B6 x0=8 y0=80 dead0=00 coll0=00
dense_14 pc=A5DD p1=01 p2=02 p3=03 exit=00 flow=01 goal=00 lives=3 time=003C hud=00 frame=58 last=014B irq=01A8 engine=00 sm0=89B6 x0=8 y0=80 dead0=00 coll0=00
dense_15 pc=A5DD p1=01 p2=02 p3=03 exit=00 flow=01 goal=00 lives=3 time=003C hud=00 frame=58 last=014B irq=01AE engine=00 sm0=89B6 x0=8 y0=80 dead0=00 coll0=00
dense_16 pc=40F0 p1=01 p2=02 p3=03 exit=00 flow=01 goal=00 lives=3 time=003C hud=00 frame=58 last=014B irq=01B4 engine=00 sm0=89B6 x0=8 y0=80 dead0=00 coll0=00
dense_17 pc=A5E1 p1=01 p2=02 p3=03 exit=00 flow=01 goal=00 lives=3 time=003C hud=00 frame=58 last=014B irq=01BA engine=00 sm0=89B6 x0=8 y0=80 dead0=00 coll0=00
dense_18 pc=40ED p1=01 p2=02 p3=03 exit=00 flow=01 goal=00 lives=3 time=003C hud=00 frame=58 last=014B irq=01C0 engine=00 sm0=89B6 x0=8 y0=80 dead0=00 coll0=00
dense_19 pc=40E6 p1=01 p2=02 p3=03 exit=00 flow=01 goal=00 lives=3 time=003C hud=00 frame=58 last=014B irq=01C6 engine=00 sm0=89B6 x0=8 y0=80 dead0=00 coll0=00
dense_20 pc=40E4 p1=01 p2=02 p3=03 exit=00 flow=01 goal=00 lives=3 time=003C hud=00 frame=58 last=014B irq=01CC engine=00 sm0=89B6 x0=8 y0=80 dead0=00 coll0=00
dense_21 pc=A5EA p1=01 p2=02 p3=03 exit=00 flow=01 goal=00 lives=3 time=003C hud=00 frame=58 last=014B irq=01D2 engine=00 sm0=89B6 x0=8 y0=80 dead0=00 coll0=00
dense_22 pc=40F0 p1=01 p2=02 p3=03 exit=00 flow=01 goal=00 lives=3 time=003C hud=00 frame=58 last=014B irq=01D8 engine=00 sm0=89B6 x0=8 y0=80 dead0=00 coll0=00
dense_23 pc=40E4 p1=01 p2=02 p3=03 exit=00 flow=01 goal=00 lives=3 time=003C hud=00 frame=58 last=014B irq=01DE engine=00 sm0=89B6 x0=8 y0=80 dead0=00 coll0=00
dense_24 pc=40F2 p1=01 p2=02 p3=03 exit=00 flow=01 goal=00 lives=3 time=003C hud=00 frame=58 last=014B irq=01E4 engine=00 sm0=89B6 x0=8 y0=80 dead0=00 coll0=00
dense_25 pc=40E4 p1=01 p2=02 p3=03 exit=00 flow=01 goal=00 lives=3 time=003C hud=00 frame=58 last=014B irq=01EA engine=00 sm0=89B6 x0=8 y0=80 dead0=00 coll0=00
dense_26 pc=40E4 p1=01 p2=02 p3=03 exit=00 flow=01 goal=00 lives=3 time=003C hud=00 frame=58 last=014B irq=01F0 engine=00 sm0=89B6 x0=8 y0=80 dead0=00 coll0=00
dense_27 pc=A5EA p1=01 p2=02 p3=03 exit=00 flow=01 goal=00 lives=3 time=003C hud=00 frame=58 last=014B irq=01F6 engine=00 sm0=89B6 x0=8 y0=80 dead0=00 coll0=00
dense_28 pc=40EB p1=01 p2=02 p3=03 exit=00 flow=01 goal=00 lives=3 time=003C hud=00 frame=58 last=014B irq=01FC engine=00 sm0=89B6 x0=8 y0=80 dead0=00 coll0=00
dense_29 pc=40EA p1=01 p2=02 p3=03 exit=00 flow=01 goal=00 lives=3 time=003C hud=00 frame=58 last=014B irq=0202 engine=00 sm0=89B6 x0=8 y0=80 dead0=00 coll0=00
dense_30 pc=19C5 p1=01 p2=02 p3=03 exit=00 flow=01 goal=00 lives=3 time=003C hud=00 frame=58 last=014B irq=0208 engine=00 sm0=89B6 x0=8 y0=80 dead0=00 coll0=00
dense_31 pc=4858 p1=01 p2=02 p3=03 exit=00 flow=01 goal=00 lives=3 time=003C hud=00 frame=58 last=014B irq=020E engine=00 sm0=89B6 x0=8 y0=80 dead0=00 coll0=00
dense_32 pc=5024 p1=01 p2=02 p3=03 exit=00 flow=01 goal=00 lives=3 time=003C hud=00 frame=58 last=014B irq=0214 engine=00 sm0=89B6 x0=8 y0=80 dead0=00 coll0=00
dense_33 pc=6812 p1=08 p2=02 p3=03 exit=00 flow=01 goal=00 lives=3 time=003C hud=00 frame=58 last=014B irq=021A engine=00 sm0=89B6 x0=8 y0=80 dead0=00 coll0=00
dense_34 pc=6814 p1=08 p2=02 p3=03 exit=00 flow=01 goal=00 lives=3 time=003C hud=00 frame=58 last=014B irq=0220 engine=00 sm0=89B6 x0=8 y0=80 dead0=00 coll0=00
dense_35 pc=67D1 p1=08 p2=02 p3=03 exit=00 flow=01 goal=00 lives=3 time=003C hud=00 frame=58 last=014B irq=0226 engine=00 sm0=89B6 x0=8 y0=80 dead0=00 coll0=00
dense_36 pc=667A p1=08 p2=02 p3=03 exit=00 flow=01 goal=00 lives=3 time=003C hud=00 frame=58 last=014B irq=022C engine=00 sm0=89B6 x0=8 y0=80 dead0=00 coll0=00
dense_37 pc=65F7 p1=08 p2=02 p3=03 exit=00 flow=01 goal=00 lives=3 time=003C hud=00 frame=58 last=014B irq=0232 engine=00 sm0=89B6 x0=8 y0=80 dead0=00 coll0=00
dense_38 pc=67CB p1=08 p2=02 p3=03 exit=00 flow=01 goal=00 lives=3 time=003C hud=00 frame=58 last=014B irq=0238 engine=00 sm0=89B6 x0=8 y0=80 dead0=00 coll0=00
dense_39 pc=668E p1=08 p2=02 p3=03 exit=00 flow=01 goal=00 lives=3 time=003C hud=00 frame=58 last=014B irq=023E engine=00 sm0=89B6 x0=8 y0=80 dead0=00 coll0=00
dense_40 pc=6600 p1=08 p2=02 p3=03 exit=00 flow=01 goal=00 lives=3 time=003C hud=00 frame=58 last=014B irq=0244 engine=00 sm0=89B6 x0=8 y0=80 dead0=00 coll0=00
dense_41 pc=67B5 p1=08 p2=02 p3=03 exit=00 flow=01 goal=00 lives=3 time=003C hud=00 frame=58 last=014B irq=024A engine=00 sm0=89B6 x0=8 y0=80 dead0=00 coll0=00
dense_42 pc=669B p1=08 p2=02 p3=03 exit=00 flow=01 goal=00 lives=3 time=003C hud=00 frame=58 last=014B irq=0250 engine=00 sm0=89B6 x0=8 y0=80 dead0=00 coll0=00
dense_43 pc=6601 p1=08 p2=02 p3=03 exit=00 flow=01 goal=00 lives=3 time=003C hud=00 frame=58 last=014B irq=0256 engine=00 sm0=89B6 x0=8 y0=80 dead0=00 coll0=00
dense_44 pc=65BE p1=08 p2=02 p3=03 exit=00 flow=01 goal=00 lives=3 time=003C hud=00 frame=58 last=014B irq=025C engine=00 sm0=89B6 x0=8 y0=80 dead0=00 coll0=00
dense_45 pc=4DE4 p1=01 p2=02 p3=03 exit=00 flow=01 goal=00 lives=3 time=003C hud=00 frame=58 last=014B irq=0262 engine=00 sm0=89B6 x0=8 y0=80 dead0=00 coll0=00
dense_46 pc=483B p1=01 p2=02 p3=03 exit=00 flow=01 goal=00 lives=3 time=003C hud=00 frame=58 last=014B irq=0267 engine=00 sm0=89B6 x0=8 y0=80 dead0=00 coll0=00
dense_47 pc=A5DD p1=01 p2=02 p3=03 exit=00 flow=01 goal=00 lives=3 time=003C hud=00 frame=58 last=014B irq=026D engine=00 sm0=89B6 x0=8 y0=80 dead0=00 coll0=00
dense_48 pc=40E3 p1=01 p2=02 p3=03 exit=00 flow=01 goal=00 lives=3 time=003C hud=00 frame=58 last=014B irq=0273 engine=00 sm0=89B6 x0=8 y0=80 dead0=00 coll0=00
dense_49 pc=A5E8 p1=01 p2=02 p3=03 exit=00 flow=01 goal=00 lives=3 time=003C hud=00 frame=58 last=014B irq=0279 engine=00 sm0=89B6 x0=8 y0=80 dead0=00 coll0=00
dense_50 pc=40EA p1=01 p2=02 p3=03 exit=00 flow=01 goal=00 lives=3 time=003C hud=00 frame=58 last=014B irq=027F engine=00 sm0=89B6 x0=8 y0=80 dead0=00 coll0=00
dense_51 pc=A5DE p1=01 p2=02 p3=03 exit=00 flow=01 goal=00 lives=3 time=003C hud=00 frame=58 last=014B irq=0285 engine=00 sm0=89B6 x0=8 y0=80 dead0=00 coll0=00
dense_52 pc=40ED p1=01 p2=02 p3=03 exit=00 flow=01 goal=00 lives=3 time=003C hud=00 frame=58 last=014B irq=028B engine=00 sm0=89B6 x0=8 y0=80 dead0=00 coll0=00
dense_53 pc=A5E1 p1=01 p2=02 p3=03 exit=00 flow=01 goal=00 lives=3 time=003C hud=00 frame=58 last=014B irq=0291 engine=00 sm0=89B6 x0=8 y0=80 dead0=00 coll0=00
dense_54 pc=A5EA p1=01 p2=02 p3=03 exit=00 flow=01 goal=00 lives=3 time=003C hud=00 frame=58 last=014B irq=0297 engine=00 sm0=89B6 x0=8 y0=80 dead0=00 coll0=00
dense_55 pc=0D43 p1=01 p2=02 p3=03 exit=00 flow=01 goal=00 lives=3 time=003C hud=00 frame=58 last=014B irq=029D engine=00 sm0=89B6 x0=8 y0=80 dead0=00 coll0=00
dense_56 pc=1130 p1=01 p2=02 p3=03 exit=00 flow=01 goal=00 lives=3 time=003C hud=00 frame=58 last=014B irq=029D engine=00 sm0=89B6 x0=8 y0=80 dead0=00 coll0=00
dense_57 pc=1130 p1=01 p2=02 p3=03 exit=00 flow=01 goal=00 lives=3 time=003C hud=00 frame=58 last=014B irq=029D engine=00 sm0=89B6 x0=8 y0=80 dead0=00 coll0=00
dense_58 pc=1130 p1=01 p2=02 p3=03 exit=00 flow=01 goal=00 lives=3 time=003C hud=00 frame=58 last=014B irq=029D engine=00 sm0=89B6 x0=8 y0=80 dead0=00 coll0=00
dense_59 pc=1130 p1=01 p2=02 p3=03 exit=00 flow=01 goal=00 lives=3 time=003C hud=00 frame=58 last=014B irq=029D engine=00 sm0=89B6 x0=8 y0=80 dead0=00 coll0=00
dense_60 pc=1130 p1=01 p2=02 p3=03 exit=00 flow=01 goal=00 lives=3 time=003C hud=00 frame=58 last=014B irq=029D engine=00 sm0=89B6 x0=8 y0=80 dead0=00 coll0=00
dense_61 pc=1130 p1=01 p2=02 p3=03 exit=00 flow=01 goal=00 lives=3 time=003C hud=00 frame=58 last=014B irq=029D engine=00 sm0=89B6 x0=8 y0=80 dead0=00 coll0=00
dense_62 pc=1130 p1=01 p2=02 p3=03 exit=00 flow=01 goal=00 lives=3 time=003C hud=00 frame=58 last=014B irq=029D engine=00 sm0=89B6 x0=8 y0=80 dead0=00 coll0=00
dense_63 pc=1130 p1=01 p2=02 p3=03 exit=00 flow=01 goal=00 lives=3 time=003C hud=00 frame=58 last=014B irq=029D engine=00 sm0=89B6 x0=8 y0=80 dead0=00 coll0=00
dense_64 pc=1130 p1=01 p2=02 p3=03 exit=00 flow=01 goal=00 lives=3 time=003C hud=00 frame=58 last=014B irq=029D engine=00 sm0=89B6 x0=8 y0=80 dead0=00 coll0=00
dense_65 pc=1130 p1=01 p2=02 p3=03 exit=00 flow=01 goal=00 lives=3 time=003C hud=00 frame=58 last=014B irq=029D engine=00 sm0=89B6 x0=8 y0=80 dead0=00 coll0=00
dense_66 pc=1130 p1=01 p2=02 p3=03 exit=00 flow=01 goal=00 lives=3 time=003C hud=00 frame=58 last=014B irq=029D engine=00 sm0=89B6 x0=8 y0=80 dead0=00 coll0=00
dense_67 pc=1130 p1=01 p2=02 p3=03 exit=00 flow=01 goal=00 lives=3 time=003C hud=00 frame=58 last=014B irq=029D engine=00 sm0=89B6 x0=8 y0=80 dead0=00 coll0=00
dense_68 pc=1130 p1=01 p2=02 p3=03 exit=00 flow=01 goal=00 lives=3 time=003C hud=00 frame=58 last=014B irq=029D engine=00 sm0=89B6 x0=8 y0=80 dead0=00 coll0=00
dense_69 pc=1130 p1=01 p2=02 p3=03 exit=00 flow=01 goal=00 lives=3 time=003C hud=00 frame=58 last=014B irq=029D engine=00 sm0=89B6 x0=8 y0=80 dead0=00 coll0=00
dense_70 pc=1130 p1=01 p2=02 p3=03 exit=00 flow=01 goal=00 lives=3 time=003C hud=00 frame=58 last=014B irq=029D engine=00 sm0=89B6 x0=8 y0=80 dead0=00 coll0=00
dense_71 pc=1130 p1=01 p2=02 p3=03 exit=00 flow=01 goal=00 lives=3 time=003C hud=00 frame=58 last=014B irq=029D engine=00 sm0=89B6 x0=8 y0=80 dead0=00 coll0=00
dense_72 pc=1130 p1=01 p2=02 p3=03 exit=00 flow=01 goal=00 lives=3 time=003C hud=00 frame=58 last=014B irq=029D engine=00 sm0=89B6 x0=8 y0=80 dead0=00 coll0=00
dense_73 pc=1130 p1=01 p2=02 p3=03 exit=00 flow=01 goal=00 lives=3 time=003C hud=00 frame=58 last=014B irq=029D engine=00 sm0=89B6 x0=8 y0=80 dead0=00 coll0=00
dense_74 pc=1130 p1=01 p2=02 p3=03 exit=00 flow=01 goal=00 lives=3 time=003C hud=00 frame=58 last=014B irq=029D engine=00 sm0=89B6 x0=8 y0=80 dead0=00 coll0=00
dense_75 pc=1130 p1=01 p2=02 p3=03 exit=00 flow=01 goal=00 lives=3 time=003C hud=00 frame=58 last=014B irq=029D engine=00 sm0=89B6 x0=8 y0=80 dead0=00 coll0=00
dense_76 pc=23CD p1=01 p2=02 p3=03 exit=00 flow=01 goal=00 lives=3 time=003C hud=00 frame=58 last=014B irq=029D engine=00 sm0=89B6 x0=8 y0=80 dead0=00 coll0=00
dense_77 pc=23CF p1=01 p2=02 p3=03 exit=00 flow=01 goal=00 lives=3 time=003C hud=00 frame=58 last=014B irq=029D engine=00 sm0=89B6 x0=8 y0=80 dead0=00 coll0=00
dense_78 pc=23C9 p1=01 p2=02 p3=03 exit=00 flow=01 goal=00 lives=3 time=003C hud=00 frame=58 last=014B irq=029D engine=00 sm0=89B6 x0=8 y0=80 dead0=00 coll0=00
dense_79 pc=046F p1=01 p2=02 p3=03 exit=00 flow=01 goal=00 lives=3 time=003C hud=00 frame=58 last=014B irq=029D engine=00 sm0=89B6 x0=8 y0=80 dead0=00 coll0=00
dense_80 pc=40C3 p1=01 p2=02 p3=03 exit=00 flow=01 goal=00 lives=3 time=003C hud=00 frame=58 last=014B irq=029D engine=00 sm0=89B6 x0=8 y0=80 dead0=00 coll0=00
dense_81 pc=40D8 p1=01 p2=02 p3=0B exit=00 flow=00 goal=00 lives=3 time=003C hud=00 frame=58 last=014B irq=0005 engine=00 sm0=89B6 x0=8 y0=80 dead0=00 coll0=00
dense_82 pc=046D p1=04 p2=02 p3=03 exit=00 flow=00 goal=00 lives=3 time=003C hud=01 frame=58 last=014B irq=000A engine=00 sm0=89B6 x0=8 y0=80 dead0=00 coll0=00
dense_83 pc=4738 p1=04 p2=10 p3=03 exit=00 flow=00 goal=00 lives=3 time=003C hud=01 frame=58 last=014B irq=000E engine=00 sm0=89B6 x0=8 y0=80 dead0=00 coll0=00
dense_84 pc=602B p1=04 p2=02 p3=03 exit=00 flow=00 goal=00 lives=3 time=003C hud=01 frame=58 last=014B irq=0014 engine=00 sm0=89B6 x0=8 y0=80 dead0=00 coll0=00
dense_85 pc=602B p1=04 p2=02 p3=03 exit=00 flow=00 goal=00 lives=3 time=003C hud=01 frame=58 last=014B irq=001A engine=00 sm0=89B6 x0=8 y0=80 dead0=00 coll0=00
dense_86 pc=602B p1=04 p2=02 p3=03 exit=00 flow=00 goal=00 lives=3 time=003C hud=01 frame=58 last=014B irq=0020 engine=00 sm0=89B6 x0=8 y0=80 dead0=00 coll0=00
dense_87 pc=602B p1=04 p2=02 p3=03 exit=00 flow=00 goal=00 lives=3 time=003C hud=01 frame=58 last=014B irq=0026 engine=00 sm0=89B6 x0=8 y0=80 dead0=00 coll0=00
dense_88 pc=602B p1=04 p2=02 p3=03 exit=00 flow=00 goal=00 lives=3 time=003C hud=01 frame=58 last=014B irq=002C engine=00 sm0=89B6 x0=8 y0=80 dead0=00 coll0=00
dense_89 pc=602B p1=04 p2=02 p3=03 exit=00 flow=00 goal=00 lives=3 time=003C hud=01 frame=58 last=014B irq=0032 engine=00 sm0=89B6 x0=8 y0=80 dead0=00 coll0=00
dense_90 pc=602B p1=04 p2=02 p3=03 exit=00 flow=00 goal=00 lives=3 time=003C hud=01 frame=58 last=014B irq=0038 engine=00 sm0=89B6 x0=8 y0=80 dead0=00 coll0=00
final pc=602B p1=04 p2=02 p3=03 exit=00 flow=00 goal=00 lives=3 time=003C hud=01 frame=58 last=014B irq=004A engine=00 sm0=89B6 x0=8 y0=80 dead0=00 coll0=00
