BP_4010_RESET_OR_INIT pc=4010 sp=F2EC banks=00/00/00 flow=00 exit=00 screen=33 in=00 btn=27 music=FF loop=FF frames=FF cd=FF player=33 pxy=0,13107
intro_before pc=602B sp=F372 banks=04/02/03 flow=00 exit=00 screen=00 in=00 btn=00 music=00 loop=00 frames=FF cd=FF player=33 pxy=0,0
intro_after pc=6032 sp=F372 banks=04/02/03 flow=00 exit=00 screen=00 in=00 btn=00 music=00 loop=00 frames=FF cd=FF player=33 pxy=0,0
intro_during pc=40E0 sp=F366 banks=01/02/0B flow=00 exit=00 screen=00 in=00 btn=00 music=00 loop=00 frames=FF cd=FF player=00 pxy=24584,41040
start_before pc=A148 sp=F376 banks=01/02/03 flow=00 exit=00 screen=00 in=00 btn=00 music=01 loop=01 frames=FF cd=FF player=00 pxy=24584,41040
start_after pc=A185 sp=F376 banks=01/02/03 flow=00 exit=00 screen=00 in=00 btn=00 music=01 loop=01 frames=FF cd=FF player=00 pxy=24584,41040
start_during pc=4734 sp=F364 banks=06/15/07 flow=00 exit=00 screen=00 in=00 btn=00 music=01 loop=01 frames=FF cd=FF player=00 pxy=24584,41040
game_start pc=A643 sp=F37C banks=01/02/03 flow=01 exit=00 screen=00 in=00 btn=00 music=01 loop=01 frames=FF cd=FF player=00 pxy=25352,41040
idle_15 pc=4EDB sp=F37A banks=01/02/03 flow=01 exit=00 screen=00 in=00 btn=00 music=01 loop=01 frames=FF cd=FF player=00 pxy=27144,41040
idle_18 pc=7083 sp=F378 banks=01/02/03 flow=01 exit=00 screen=00 in=00 btn=00 music=01 loop=01 frames=FF cd=FF player=00 pxy=30216,41040
idle_21 pc=79D8 sp=F378 banks=01/02/03 flow=01 exit=00 screen=00 in=00 btn=00 music=01 loop=01 frames=FF cd=FF player=00 pxy=33288,41040
RIGHT_before pc=18F1 sp=F36E banks=01/02/03 flow=01 exit=00 screen=00 in=00 btn=00 music=01 loop=01 frames=FF cd=FF player=00 pxy=36360,41040
RIGHT_during pc=4EF8 sp=F36E banks=01/02/03 flow=01 exit=00 screen=00 in=03 btn=00 music=01 loop=01 frames=FF cd=FF player=00 pxy=36894,41040
RIGHT_after pc=66B3 sp=F35E banks=08/02/03 flow=01 exit=00 screen=00 in=03 btn=00 music=01 loop=01 frames=FF cd=FF player=00 pxy=36430,41040
after_right_27 pc=483D sp=F332 banks=01/02/09 flow=01 exit=00 screen=00 in=00 btn=00 music=01 loop=01 frames=FF cd=FF player=00 pxy=34638,41040
UP_RIGHT_before pc=7DDA sp=F37A banks=01/02/03 flow=01 exit=00 screen=00 in=00 btn=00 music=01 loop=01 frames=FF cd=FF player=00 pxy=31566,41040
UP_RIGHT_during pc=80F6 sp=F362 banks=01/02/03 flow=01 exit=00 screen=00 in=03 btn=00 music=01 loop=01 frames=FF cd=FF player=00 pxy=31078,41040
UP_RIGHT_after pc=817C sp=F364 banks=01/02/03 flow=01 exit=00 screen=00 in=03 btn=00 music=01 loop=01 frames=FF cd=FF player=00 pxy=30096,41048
after_upright_33 pc=A643 sp=F37C banks=01/02/03 flow=01 exit=00 screen=00 in=00 btn=00 music=01 loop=01 frames=FF cd=FF player=00 pxy=27936,41040
LEFT_before pc=A643 sp=F37C banks=01/02/03 flow=01 exit=00 screen=00 in=00 btn=00 music=01 loop=01 frames=FF cd=FF player=00 pxy=24864,41040
LEFT_during pc=791C sp=F378 banks=01/02/03 flow=01 exit=00 screen=00 in=07 btn=00 music=01 loop=01 frames=FF cd=FF player=00 pxy=24582,41040
LEFT_after pc=A643 sp=F37C banks=01/02/03 flow=01 exit=00 screen=00 in=07 btn=00 music=01 loop=01 frames=FF cd=FF player=00 pxy=25352,41040
after_left_39 pc=A643 sp=F37C banks=01/02/03 flow=01 exit=00 screen=00 in=00 btn=00 music=01 loop=01 frames=FF cd=FF player=00 pxy=27400,41040
shot_42 pc=8785 sp=F36A banks=01/02/03 flow=01 exit=00 screen=00 in=00 btn=00 music=01 loop=01 frames=FF cd=FF player=00 pxy=30472,41040
idle_48 pc=79D8 sp=F378 banks=01/02/03 flow=01 exit=00 screen=00 in=00 btn=00 music=01 loop=01 frames=FF cd=FF player=00 pxy=36360,41040
shot_54 pc=A643 sp=F37C banks=01/02/03 flow=01 exit=00 screen=00 in=00 btn=00 music=01 loop=01 frames=FF cd=FF player=00 pxy=31240,41040
final_60 pc=A643 sp=F37C banks=01/02/03 flow=01 exit=00 screen=00 in=03 btn=00 music=01 loop=01 frames=FF cd=FF player=00 pxy=30220,41040
