boot pc=0000 sp=FFFF banks=FF/FF/FF flow=FF exit=FF screen=FF in=FF btn=FF irq=FFFF inirq=FF music=FF loop=FF frames=FF cd=FF prof=FFFF player=FF pxy=65535,65535
BP_4010_RESET_OR_INIT pc=4010 sp=F2EC banks=00/00/00 flow=00 exit=00 screen=33 in=00 btn=27 irq=4344 inirq=FF music=FF loop=FF frames=FF cd=FF prof=0000 player=33 pxy=0,13107
real_05 pc=602B sp=F372 banks=04/02/03 flow=00 exit=00 screen=00 in=00 btn=00 irq=0031 inirq=00 music=00 loop=00 frames=FF cd=FF prof=0000 player=33 pxy=0,0
intro_before pc=602B sp=F372 banks=04/02/03 flow=00 exit=00 screen=00 in=00 btn=00 irq=00B5 inirq=00 music=00 loop=00 frames=FF cd=FF prof=0000 player=33 pxy=0,0
intro_after pc=6032 sp=F372 banks=04/02/03 flow=00 exit=00 screen=00 in=00 btn=00 irq=00C4 inirq=00 music=00 loop=00 frames=FF cd=FF prof=0000 player=33 pxy=0,0
intro_during pc=40D9 sp=F366 banks=01/02/0B flow=00 exit=00 screen=00 in=00 btn=00 irq=00CA inirq=00 music=00 loop=00 frames=FF cd=FF prof=0000 player=00 pxy=24584,41040
real_10 pc=1A06 sp=F364 banks=01/02/03 flow=00 exit=00 screen=00 in=00 btn=00 irq=015D inirq=00 music=01 loop=01 frames=FF cd=FF prof=0000 player=00 pxy=24584,41040
start_before pc=A13F sp=F376 banks=01/02/03 flow=00 exit=00 screen=00 in=00 btn=00 irq=01E1 inirq=00 music=01 loop=01 frames=FF cd=FF prof=0000 player=00 pxy=24584,41040
start_after pc=A179 sp=F376 banks=01/02/03 flow=00 exit=00 screen=00 in=00 btn=00 irq=01F0 inirq=00 music=01 loop=01 frames=FF cd=FF prof=0000 player=00 pxy=24584,41040
start_during pc=4732 sp=F364 banks=06/15/07 flow=00 exit=00 screen=00 in=00 btn=00 irq=01F1 inirq=00 music=01 loop=01 frames=FF cd=FF prof=0000 player=00 pxy=24584,41040
game_start pc=67ED sp=F332 banks=08/02/03 flow=01 exit=00 screen=00 in=00 btn=00 irq=0225 inirq=01 music=01 loop=01 frames=FF cd=FF prof=0000 player=00 pxy=24840,41040
real_15 pc=4EF2 sp=F34C banks=08/02/03 flow=01 exit=00 screen=00 in=00 btn=00 irq=0285 inirq=01 music=01 loop=01 frames=FF cd=FF prof=0000 player=00 pxy=26376,41040
emu_15 pc=881B sp=F366 banks=01/02/03 flow=01 exit=00 screen=00 in=00 btn=00 irq=0290 inirq=00 music=01 loop=01 frames=FF cd=FF prof=0000 player=00 pxy=26632,41040
emu_18 pc=70ED sp=F37A banks=01/02/03 flow=01 exit=00 screen=00 in=00 btn=00 irq=0344 inirq=00 music=01 loop=01 frames=FF cd=FF prof=0000 player=00 pxy=29704,41040
real_20 pc=4EF2 sp=F34C banks=08/02/03 flow=01 exit=00 screen=00 in=00 btn=00 irq=03B1 inirq=01 music=01 loop=01 frames=FF cd=FF prof=0000 player=00 pxy=31496,41040
emu_21 pc=78EB sp=F378 banks=01/02/03 flow=01 exit=00 screen=00 in=00 btn=00 irq=03F8 inirq=00 music=01 loop=01 frames=FF cd=FF prof=0000 player=00 pxy=32776,41040
RIGHT_before pc=1810 sp=F36A banks=01/02/03 flow=01 exit=00 screen=00 in=00 btn=00 irq=04AC inirq=00 music=01 loop=01 frames=FF cd=FF prof=0000 player=00 pxy=35848,41040
RIGHT_during pc=1A0E sp=F376 banks=01/02/03 flow=01 exit=00 screen=00 in=03 btn=00 irq=04C1 inirq=00 music=01 loop=01 frames=FF cd=FF prof=0000 player=00 pxy=36382,41040
real_25 pc=4EF2 sp=F34C banks=08/02/03 flow=01 exit=00 screen=00 in=03 btn=00 irq=04DD inirq=01 music=01 loop=01 frames=FF cd=FF prof=0000 player=00 pxy=36672,41040
RIGHT_after pc=1A54 sp=F364 banks=01/02/03 flow=01 exit=00 screen=00 in=03 btn=00 irq=04E8 inirq=00 music=01 loop=01 frames=FF cd=FF prof=0000 player=00 pxy=36942,41040
after_right_27 pc=6438 sp=F342 banks=08/02/03 flow=01 exit=00 screen=00 in=00 btn=00 irq=0560 inirq=01 music=01 loop=01 frames=FF cd=FF prof=0000 player=00 pxy=34894,41040
real_30 pc=6821 sp=F31E banks=08/02/09 flow=01 exit=00 screen=00 in=00 btn=00 irq=0608 inirq=01 music=01 loop=01 frames=FF cd=FF prof=0000 player=00 pxy=32078,41040
UP_RIGHT_before pc=7DE7 sp=F378 banks=01/02/03 flow=01 exit=00 screen=00 in=00 btn=00 irq=0613 inirq=00 music=01 loop=01 frames=FF cd=FF prof=0000 player=00 pxy=31822,41040
UP_RIGHT_during pc=A631 sp=F37C banks=01/02/03 flow=01 exit=00 screen=00 in=03 btn=00 irq=0628 inirq=00 music=01 loop=01 frames=FF cd=FF prof=0000 player=00 pxy=31334,41040
UP_RIGHT_after pc=8192 sp=F362 banks=01/02/03 flow=01 exit=00 screen=00 in=03 btn=00 irq=064F inirq=00 music=01 loop=01 frames=FF cd=FF prof=0000 player=00 pxy=30608,41048
after_upright_33 pc=7A41 sp=F378 banks=01/02/03 flow=01 exit=00 screen=00 in=00 btn=00 irq=06C7 inirq=00 music=01 loop=01 frames=FF cd=FF prof=0000 player=00 pxy=28704,41040
LEFT_before pc=78FA sp=F378 banks=01/02/03 flow=01 exit=00 screen=00 in=00 btn=00 irq=077B inirq=00 music=01 loop=01 frames=FF cd=FF prof=0000 player=00 pxy=25632,41040
LEFT_during pc=7958 sp=F378 banks=01/02/03 flow=01 exit=00 screen=00 in=07 btn=00 irq=0790 inirq=00 music=01 loop=01 frames=FF cd=FF prof=0000 player=00 pxy=25096,41040
LEFT_after pc=791C sp=F378 banks=01/02/03 flow=01 exit=00 screen=00 in=07 btn=00 irq=07B7 inirq=00 music=01 loop=01 frames=FF cd=FF prof=0000 player=00 pxy=24582,41040
after_left_39 pc=6824 sp=F344 banks=08/02/03 flow=01 exit=00 screen=00 in=00 btn=00 irq=082F inirq=01 music=01 loop=01 frames=FF cd=FF prof=0000 player=00 pxy=26632,41040
real_40 pc=681E sp=F342 banks=08/02/03 flow=01 exit=00 screen=00 in=00 btn=00 irq=085E inirq=01 music=01 loop=01 frames=FF cd=FF prof=0000 player=00 pxy=27656,41040
shot_42 pc=A631 sp=F37C banks=01/02/03 flow=01 exit=00 screen=00 in=00 btn=00 irq=08E2 inirq=00 music=01 loop=01 frames=FF cd=FF prof=0000 player=00 pxy=29704,41040
emu_48 pc=A631 sp=F37C banks=01/02/03 flow=01 exit=00 screen=00 in=00 btn=00 irq=0A4A inirq=00 music=01 loop=01 frames=FF cd=FF prof=0000 player=00 pxy=35848,41040
real_50 pc=681E sp=F342 banks=08/02/03 flow=01 exit=00 screen=00 in=00 btn=00 irq=0AB6 inirq=01 music=01 loop=01 frames=FF cd=FF prof=0000 player=00 pxy=35848,41040
shot_54 pc=40D9 sp=F378 banks=01/02/03 flow=01 exit=00 screen=00 in=00 btn=00 irq=0BB1 inirq=00 music=01 loop=01 frames=FF cd=FF prof=0000 player=00 pxy=31752,41040
real_60 pc=6821 sp=F342 banks=08/02/03 flow=01 exit=00 screen=00 in=00 btn=00 irq=0D0E inirq=01 music=01 loop=01 frames=FF cd=FF prof=0000 player=00 pxy=25352,41040
final_60 pc=A0A7 sp=F354 banks=01/02/09 flow=01 exit=00 screen=00 in=00 btn=00 irq=0D19 inirq=00 music=01 loop=01 frames=FF cd=FF prof=0000 player=00 pxy=25352,41040
