down_space pc=95E7 sp=F37C p1=01 lock=00 inirq=00 key8=FE
up_space pc=95F7 sp=F37C p1=01 lock=00 inirq=00 key8=FF
BP_confirm_far_1 pc=5702 sp=F374 p1=01 lock=00 inirq=00 key8=FF
BP_confirm_far_2 pc=5702 sp=F374 p1=01 lock=00 inirq=00 key8=FF
BP_confirm_far_3 pc=5702 sp=F374 p1=01 lock=00 inirq=00 key8=FF
BP_confirm_far_4 pc=5702 sp=F374 p1=01 lock=00 inirq=00 key8=FF
BP_confirm_far_5 pc=5702 sp=F374 p1=01 lock=00 inirq=00 key8=FF
BP_confirm_far_6 pc=5702 sp=F374 p1=01 lock=00 inirq=00 key8=FF
BP_confirm_far_7 pc=5702 sp=F374 p1=01 lock=00 inirq=00 key8=FF
BP_confirm_far_8 pc=5702 sp=F374 p1=01 lock=00 inirq=00 key8=FF
BP_confirm_far_9 pc=5702 sp=F374 p1=01 lock=00 inirq=00 key8=FF
BP_confirm_far_10 pc=5702 sp=F374 p1=01 lock=00 inirq=00 key8=FF
BP_confirm_far_11 pc=5702 sp=F374 p1=01 lock=00 inirq=00 key8=FF
BP_confirm_far_12 pc=5702 sp=F374 p1=01 lock=00 inirq=00 key8=FF
BP_confirm_far_13 pc=5702 sp=F374 p1=01 lock=00 inirq=00 key8=FF
BP_confirm_far_14 pc=5702 sp=F374 p1=01 lock=00 inirq=00 key8=FF
BP_confirm_far_15 pc=5702 sp=F374 p1=01 lock=00 inirq=00 key8=FF
BP_confirm_far_16 pc=5702 sp=F374 p1=01 lock=00 inirq=00 key8=FF
BP_confirm_far_17 pc=5702 sp=F374 p1=01 lock=00 inirq=00 key8=FF
BP_confirm_far_18 pc=5702 sp=F374 p1=01 lock=00 inirq=00 key8=FF
BP_confirm_far_19 pc=5702 sp=F374 p1=01 lock=00 inirq=00 key8=FF
down_down pc=9558 sp=F376 p1=01 lock=00 inirq=00 key8=BF
up_down pc=95A5 sp=F376 p1=01 lock=00 inirq=00 key8=FF
down_space pc=9558 sp=F376 p1=01 lock=00 inirq=00 key8=FE
up_space pc=9595 sp=F376 p1=01 lock=00 inirq=00 key8=FF
BP_wait_1 pc=94DB sp=F37C p1=01 lock=00 inirq=00 key8=FF
