t1 pc=811D sp=F2F6 bank=00/04/33/3A flow=00 screen=00 player=FF/FF pxy=17220,40761
t3 pc=1130 sp=F2FE bank=00/04/33/3A flow=00 screen=00 player=FF/FF pxy=17220,40761
BP_4010 pc=4010 sp=F2EC bank=00/04/33/3A flow=00 screen=00 player=FF/FF pxy=17220,40761
BP_gameflow_execute_node pc=6010 sp=F376 bank=0A/0A/01/01 flow=00 screen=00 player=FF/FF pxy=17220,40761
BP_gameflow_start pc=6008 sp=F380 bank=06/06/01/01 flow=00 screen=00 player=FF/FF pxy=17220,40761
BP_gameflow_execute_node pc=6010 sp=F380 bank=06/06/01/01 flow=00 screen=00 player=FF/FF pxy=17220,40761
BP_gameflow_start pc=6008 sp=F364 bank=10/10/01/01 flow=00 screen=00 player=FF/FF pxy=17220,40761
BP_gameflow_start pc=6008 sp=F364 bank=11/11/01/01 flow=00 screen=00 player=FF/FF pxy=17220,40761
BP_show_presentation_image pc=6047 sp=F352 bank=0D/0D/01/01 flow=00 screen=00 player=FF/FF pxy=17220,40761
BP_show_presentation_image pc=6047 sp=F352 bank=0D/0D/01/01 flow=00 screen=00 player=FF/FF pxy=17220,40761
BP_show_presentation_image pc=6047 sp=F352 bank=0D/0D/01/01 flow=00 screen=00 player=FF/FF pxy=17220,40761
BP_show_presentation_image pc=6047 sp=F352 bank=0D/0D/01/01 flow=00 screen=00 player=FF/FF pxy=17220,40761
BP_gameflow_execute_node pc=6010 sp=F366 bank=0B/0B/01/01 flow=00 screen=00 player=FF/FF pxy=17220,40761
BP_show_presentation_image pc=6047 sp=F366 bank=07/07/01/01 flow=00 screen=00 player=00/FF pxy=0,0
BP_show_presentation_image pc=6047 sp=F362 bank=07/07/01/01 flow=00 screen=00 player=00/FF pxy=0,0
BP_show_presentation_image pc=6047 sp=F35E bank=07/07/01/01 flow=00 screen=00 player=00/FF pxy=0,0
BP_show_presentation_image pc=6047 sp=F35A bank=07/07/01/01 flow=00 screen=00 player=00/FF pxy=0,0
BP_show_presentation_image pc=6047 sp=F356 bank=07/07/01/01 flow=00 screen=00 player=00/FF pxy=0,0
BP_show_presentation_image pc=6047 sp=F352 bank=07/07/01/01 flow=00 screen=00 player=00/FF pxy=0,0
BP_show_presentation_image pc=6047 sp=F34E bank=07/07/01/01 flow=00 screen=00 player=00/FF pxy=0,0
BP_show_presentation_image pc=6047 sp=F34A bank=07/07/01/01 flow=00 screen=00 player=00/FF pxy=0,0
BP_show_presentation_image pc=6047 sp=F346 bank=07/07/01/01 flow=00 screen=00 player=00/FF pxy=0,0
t65 pc=1A0A sp=F338 bank=07/07/01/01 flow=00 screen=00 player=00/FF pxy=0,0
BP_show_presentation_image pc=6047 sp=F342 bank=07/07/01/01 flow=00 screen=00 player=00/FF pxy=0,0
space1_before pc=1A07 sp=F32E bank=07/07/01/01 flow=00 screen=00 player=00/FF pxy=0,0
BP_show_presentation_image pc=6047 sp=F33E bank=07/07/01/01 flow=00 screen=00 player=00/FF pxy=0,0
space1_after pc=FD9A sp=F322 bank=07/07/01/01 flow=00 screen=00 player=00/FF pxy=0,0
BP_show_presentation_image pc=6047 sp=F33A bank=07/07/01/01 flow=00 screen=00 player=00/FF pxy=0,0
BP_show_presentation_image pc=6047 sp=F336 bank=07/07/01/01 flow=00 screen=00 player=00/FF pxy=0,0
BP_show_presentation_image pc=6047 sp=F332 bank=07/07/01/01 flow=00 screen=00 player=00/FF pxy=0,0
BP_show_presentation_image pc=6047 sp=F32E bank=07/07/01/01 flow=00 screen=00 player=00/FF pxy=0,0
BP_show_presentation_image pc=6047 sp=F32A bank=07/07/01/01 flow=00 screen=00 player=00/FF pxy=0,0
BP_show_presentation_image pc=6047 sp=F326 bank=07/07/01/01 flow=00 screen=00 player=00/FF pxy=0,0
t9 pc=199D sp=F31A bank=07/07/01/01 flow=00 screen=00 player=00/FF pxy=0,0
BP_show_presentation_image pc=6047 sp=F322 bank=07/07/01/01 flow=00 screen=00 player=00/FF pxy=0,0
BP_show_presentation_image pc=6047 sp=F31E bank=07/07/01/01 flow=00 screen=00 player=00/FF pxy=0,0
BP_show_presentation_image pc=6047 sp=F31A bank=07/07/01/01 flow=00 screen=00 player=00/FF pxy=0,0
BP_show_presentation_image pc=6047 sp=F316 bank=07/07/01/01 flow=00 screen=00 player=00/FF pxy=0,0
BP_show_presentation_image pc=6047 sp=F312 bank=07/07/01/01 flow=00 screen=00 player=00/FF pxy=0,0
BP_show_presentation_image pc=6047 sp=F30E bank=07/07/01/01 flow=00 screen=00 player=00/FF pxy=0,0
BP_show_presentation_image pc=6047 sp=F30A bank=07/07/01/01 flow=00 screen=00 player=00/FF pxy=0,0
BP_show_presentation_image pc=6047 sp=F306 bank=07/07/01/01 flow=00 screen=00 player=00/FF pxy=0,0
BP_show_presentation_image pc=6047 sp=F302 bank=07/07/01/01 flow=00 screen=00 player=00/FF pxy=0,0
space2_before pc=1A0B sp=F2F4 bank=07/07/01/01 flow=00 screen=00 player=00/FF pxy=0,0
BP_show_presentation_image pc=6047 sp=F2FE bank=07/07/01/01 flow=00 screen=00 player=00/FF pxy=0,0
space2_after pc=19AD sp=F2E4 bank=07/07/01/01 flow=00 screen=00 player=00/FF pxy=0,0
BP_show_presentation_image pc=6047 sp=F2FA bank=07/07/01/01 flow=00 screen=00 player=00/FF pxy=0,0
BP_show_presentation_image pc=6047 sp=F2F6 bank=07/07/01/01 flow=00 screen=00 player=00/FF pxy=0,0
BP_show_presentation_image pc=6047 sp=F2F2 bank=07/07/01/01 flow=00 screen=00 player=00/FF pxy=0,0
BP_show_presentation_image pc=6047 sp=F2EE bank=07/07/01/01 flow=00 screen=00 player=00/FF pxy=0,0
t135 pc=19A6 sp=F2D6 bank=07/07/01/01 flow=00 screen=00 player=00/FF pxy=0,0
BP_show_presentation_image pc=6047 sp=F2EA bank=07/07/01/01 flow=00 screen=00 player=00/FF pxy=0,0
BP_show_presentation_image pc=6047 sp=F2E6 bank=07/07/01/01 flow=00 screen=00 player=00/FF pxy=0,0
BP_show_presentation_image pc=6047 sp=F2E2 bank=07/07/01/01 flow=00 screen=00 player=00/FF pxy=0,0
BP_show_presentation_image pc=6047 sp=F2DE bank=07/07/01/01 flow=00 screen=00 player=00/FF pxy=0,0
BP_show_presentation_image pc=6047 sp=F2DA bank=07/07/01/01 flow=00 screen=00 player=00/FF pxy=0,0
BP_show_presentation_image pc=6047 sp=F2D6 bank=07/07/01/01 flow=00 screen=00 player=00/FF pxy=0,0
BP_show_presentation_image pc=6047 sp=F2D2 bank=07/07/01/01 flow=00 screen=00 player=00/FF pxy=0,0
BP_show_presentation_image pc=6047 sp=F2CE bank=07/07/01/01 flow=00 screen=00 player=00/FF pxy=0,0
BP_show_presentation_image pc=6047 sp=F2CA bank=07/07/01/01 flow=00 screen=00 player=00/FF pxy=0,0
BP_show_presentation_image pc=6047 sp=F2C6 bank=07/07/01/01 flow=00 screen=00 player=00/FF pxy=0,0
BP_show_presentation_image pc=6047 sp=F2C2 bank=07/07/01/01 flow=00 screen=00 player=00/FF pxy=0,0
BP_show_presentation_image pc=6047 sp=F2BE bank=07/07/01/01 flow=00 screen=00 player=00/FF pxy=0,0
BP_show_presentation_image pc=6047 sp=F2BA bank=07/07/01/01 flow=00 screen=00 player=00/FF pxy=0,0
BP_show_presentation_image pc=6047 sp=F2B6 bank=07/07/01/01 flow=00 screen=00 player=00/FF pxy=0,0
BP_show_presentation_image pc=6047 sp=F2B2 bank=07/07/01/01 flow=00 screen=00 player=00/FF pxy=0,0
t18 pc=199B sp=F2AA bank=07/07/01/01 flow=00 screen=00 player=00/FF pxy=0,0
