first_SPC_DOWN
second_SPC_DOWN
START_update_all_entities pc=7861 op=3A,B4,DF sp=F37A af=004C bc=0200 de=0000 hl=DEB4 p=01/02/03 flow=01 screen=00 dirty=00 sched=01 counts=02/01/01/02/02/01 hero=00 lives=3 time=003C
TRACE_001_rebuild_start pc=78C8 op=AF,32,A5 sp=F378 af=0100 bc=0200 de=0000 hl=DEB4 p=01/02/03 flow=01 screen=00 dirty=00 sched=01 counts=02/01/01/02/02/01 hero=00 lives=3 time=003C
TRACE_002_rebuild_loop pc=78E4 op=59,16,00 sp=F378 af=FF44 bc=2000 de=0000 hl=DEB4 p=01/02/03 flow=01 screen=00 dirty=00 sched=01 counts=00/00/00/00/00/00 hero=FF lives=3 time=003C
TRACE_003_entity_job_should_run_c pc=77E9 op=79,FE,20 sp=F374 af=0042 bc=2000 de=0000 hl=E42B p=01/02/03 flow=01 screen=00 dirty=00 sched=01 counts=00/00/00/00/00/00 hero=FF lives=3 time=003C
TRACE_004_next_entity pc=79D0 op=0C,05,C2 sp=F378 af=0000 bc=2000 de=EA2C hl=EA4C p=01/02/03 flow=01 screen=00 dirty=00 sched=01 counts=01/01/01/01/01/01 hero=00 lives=3 time=003C
TRACE_005_rebuild_loop pc=78E4 op=59,16,00 sp=F378 af=001A bc=1F01 de=EA2C hl=EA4C p=01/02/03 flow=01 screen=00 dirty=00 sched=01 counts=01/01/01/01/01/01 hero=00 lives=3 time=003C
TRACE_006_entity_job_should_run_c pc=77E9 op=79,FE,20 sp=F374 af=0042 bc=1F01 de=0001 hl=E42B p=01/02/03 flow=01 screen=00 dirty=00 sched=01 counts=01/01/01/01/01/01 hero=00 lives=3 time=003C
TRACE_007_next_entity pc=79D0 op=0C,05,C2 sp=F378 af=0044 bc=1F01 de=0001 hl=E42B p=01/02/03 flow=01 screen=00 dirty=00 sched=01 counts=01/01/01/01/01/01 hero=00 lives=3 time=003C
TRACE_008_rebuild_loop pc=78E4 op=59,16,00 sp=F378 af=000A bc=1E02 de=0001 hl=E42B p=01/02/03 flow=01 screen=00 dirty=00 sched=01 counts=01/01/01/01/01/01 hero=00 lives=3 time=003C
TRACE_009_entity_job_should_run_c pc=77E9 op=79,FE,20 sp=F374 af=0042 bc=1E02 de=0002 hl=E42B p=01/02/03 flow=01 screen=00 dirty=00 sched=01 counts=01/01/01/01/01/01 hero=00 lives=3 time=003C
TRACE_010_next_entity pc=79D0 op=0C,05,C2 sp=F378 af=0013 bc=1E02 de=0002 hl=DF16 p=01/02/03 flow=01 screen=00 dirty=00 sched=01 counts=02/01/01/02/02/01 hero=00 lives=3 time=003C
TRACE_011_rebuild_loop pc=78E4 op=59,16,00 sp=F378 af=000B bc=1D03 de=0002 hl=DF16 p=01/02/03 flow=01 screen=00 dirty=00 sched=01 counts=02/01/01/02/02/01 hero=00 lives=3 time=003C
TRACE_012_next_entity pc=79D0 op=0C,05,C2 sp=F378 af=0202 bc=1D03 de=0003 hl=E42B p=01/02/03 flow=01 screen=00 dirty=00 sched=01 counts=02/01/01/02/02/01 hero=00 lives=3 time=003C
TRACE_013_rebuild_loop pc=78E4 op=59,16,00 sp=F378 af=020A bc=1C04 de=0003 hl=E42B p=01/02/03 flow=01 screen=00 dirty=00 sched=01 counts=02/01/01/02/02/01 hero=00 lives=3 time=003C
TRACE_014_next_entity pc=79D0 op=0C,05,C2 sp=F378 af=0202 bc=1C04 de=0004 hl=E42B p=01/02/03 flow=01 screen=00 dirty=00 sched=01 counts=02/01/01/02/02/01 hero=00 lives=3 time=003C
TRACE_015_rebuild_loop pc=78E4 op=59,16,00 sp=F378 af=020A bc=1B05 de=0004 hl=E42B p=01/02/03 flow=01 screen=00 dirty=00 sched=01 counts=02/01/01/02/02/01 hero=00 lives=3 time=003C
TRACE_016_next_entity pc=79D0 op=0C,05,C2 sp=F378 af=0602 bc=1B05 de=0005 hl=E42B p=01/02/03 flow=01 screen=00 dirty=00 sched=01 counts=02/01/01/02/02/01 hero=00 lives=3 time=003C
TRACE_017_rebuild_loop pc=78E4 op=59,16,00 sp=F378 af=060A bc=1A06 de=0005 hl=E42B p=01/02/03 flow=01 screen=00 dirty=00 sched=01 counts=02/01/01/02/02/01 hero=00 lives=3 time=003C
TRACE_018_next_entity pc=79D0 op=0C,05,C2 sp=F378 af=0044 bc=1A06 de=0006 hl=DF3A p=01/02/03 flow=01 screen=00 dirty=00 sched=01 counts=02/01/01/02/02/01 hero=00 lives=3 time=003C
TRACE_019_rebuild_loop pc=78E4 op=59,16,00 sp=F378 af=000A bc=1907 de=0006 hl=DF3A p=01/02/03 flow=01 screen=00 dirty=00 sched=01 counts=02/01/01/02/02/01 hero=00 lives=3 time=003C
TRACE_020_next_entity pc=79D0 op=0C,05,C2 sp=F378 af=0044 bc=1907 de=0007 hl=DF3B p=01/02/03 flow=01 screen=00 dirty=00 sched=01 counts=02/01/01/02/02/01 hero=00 lives=3 time=003C
TRACE_021_rebuild_loop pc=78E4 op=59,16,00 sp=F378 af=000A bc=1808 de=0007 hl=DF3B p=01/02/03 flow=01 screen=00 dirty=00 sched=01 counts=02/01/01/02/02/01 hero=00 lives=3 time=003C
TRACE_022_next_entity pc=79D0 op=0C,05,C2 sp=F378 af=0044 bc=1808 de=0008 hl=DF3C p=01/02/03 flow=01 screen=00 dirty=00 sched=01 counts=02/01/01/02/02/01 hero=00 lives=3 time=003C
TRACE_023_rebuild_loop pc=78E4 op=59,16,00 sp=F378 af=0002 bc=1709 de=0008 hl=DF3C p=01/02/03 flow=01 screen=00 dirty=00 sched=01 counts=02/01/01/02/02/01 hero=00 lives=3 time=003C
TRACE_024_next_entity pc=79D0 op=0C,05,C2 sp=F378 af=0044 bc=1709 de=0009 hl=DF3D p=01/02/03 flow=01 screen=00 dirty=00 sched=01 counts=02/01/01/02/02/01 hero=00 lives=3 time=003C
TRACE_025_rebuild_loop pc=78E4 op=59,16,00 sp=F378 af=0002 bc=160A de=0009 hl=DF3D p=01/02/03 flow=01 screen=00 dirty=00 sched=01 counts=02/01/01/02/02/01 hero=00 lives=3 time=003C
TRACE_026_next_entity pc=79D0 op=0C,05,C2 sp=F378 af=0044 bc=160A de=000A hl=DF3E p=01/02/03 flow=01 screen=00 dirty=00 sched=01 counts=02/01/01/02/02/01 hero=00 lives=3 time=003C
TRACE_027_rebuild_loop pc=78E4 op=59,16,00 sp=F378 af=0002 bc=150B de=000A hl=DF3E p=01/02/03 flow=01 screen=00 dirty=00 sched=01 counts=02/01/01/02/02/01 hero=00 lives=3 time=003C
TRACE_028_next_entity pc=79D0 op=0C,05,C2 sp=F378 af=0044 bc=150B de=000B hl=DF3F p=01/02/03 flow=01 screen=00 dirty=00 sched=01 counts=02/01/01/02/02/01 hero=00 lives=3 time=003C
TRACE_029_rebuild_loop pc=78E4 op=59,16,00 sp=F378 af=0002 bc=140C de=000B hl=DF3F p=01/02/03 flow=01 screen=00 dirty=00 sched=01 counts=02/01/01/02/02/01 hero=00 lives=3 time=003C
TRACE_030_next_entity pc=79D0 op=0C,05,C2 sp=F378 af=0044 bc=140C de=000C hl=DF40 p=01/02/03 flow=01 screen=00 dirty=00 sched=01 counts=02/01/01/02/02/01 hero=00 lives=3 time=003C
TRACE_031_rebuild_loop pc=78E4 op=59,16,00 sp=F378 af=0002 bc=130D de=000C hl=DF40 p=01/02/03 flow=01 screen=00 dirty=00 sched=01 counts=02/01/01/02/02/01 hero=00 lives=3 time=003C
TRACE_032_next_entity pc=79D0 op=0C,05,C2 sp=F378 af=0044 bc=130D de=000D hl=DF41 p=01/02/03 flow=01 screen=00 dirty=00 sched=01 counts=02/01/01/02/02/01 hero=00 lives=3 time=003C
TRACE_033_rebuild_loop pc=78E4 op=59,16,00 sp=F378 af=0002 bc=120E de=000D hl=DF41 p=01/02/03 flow=01 screen=00 dirty=00 sched=01 counts=02/01/01/02/02/01 hero=00 lives=3 time=003C
TRACE_034_next_entity pc=79D0 op=0C,05,C2 sp=F378 af=0044 bc=120E de=000E hl=DF42 p=01/02/03 flow=01 screen=00 dirty=00 sched=01 counts=02/01/01/02/02/01 hero=00 lives=3 time=003C
TRACE_035_rebuild_loop pc=78E4 op=59,16,00 sp=F378 af=0002 bc=110F de=000E hl=DF42 p=01/02/03 flow=01 screen=00 dirty=00 sched=01 counts=02/01/01/02/02/01 hero=00 lives=3 time=003C
TRACE_036_next_entity pc=79D0 op=0C,05,C2 sp=F378 af=0044 bc=110F de=000F hl=DF43 p=01/02/03 flow=01 screen=00 dirty=00 sched=01 counts=02/01/01/02/02/01 hero=00 lives=3 time=003C
TRACE_037_rebuild_loop pc=78E4 op=59,16,00 sp=F378 af=0002 bc=1010 de=000F hl=DF43 p=01/02/03 flow=01 screen=00 dirty=00 sched=01 counts=02/01/01/02/02/01 hero=00 lives=3 time=003C
TRACE_038_next_entity pc=79D0 op=0C,05,C2 sp=F378 af=0044 bc=1010 de=0010 hl=DF44 p=01/02/03 flow=01 screen=00 dirty=00 sched=01 counts=02/01/01/02/02/01 hero=00 lives=3 time=003C
TRACE_039_rebuild_loop pc=78E4 op=59,16,00 sp=F378 af=001A bc=0F11 de=0010 hl=DF44 p=01/02/03 flow=01 screen=00 dirty=00 sched=01 counts=02/01/01/02/02/01 hero=00 lives=3 time=003C
TRACE_040_next_entity pc=79D0 op=0C,05,C2 sp=F378 af=0044 bc=0F11 de=0011 hl=DF45 p=01/02/03 flow=01 screen=00 dirty=00 sched=01 counts=02/01/01/02/02/01 hero=00 lives=3 time=003C
TRACE_041_rebuild_loop pc=78E4 op=59,16,00 sp=F378 af=000A bc=0E12 de=0011 hl=DF45 p=01/02/03 flow=01 screen=00 dirty=00 sched=01 counts=02/01/01/02/02/01 hero=00 lives=3 time=003C
TRACE_042_next_entity pc=79D0 op=0C,05,C2 sp=F378 af=0044 bc=0E12 de=0012 hl=DF46 p=01/02/03 flow=01 screen=00 dirty=00 sched=01 counts=02/01/01/02/02/01 hero=00 lives=3 time=003C
TRACE_043_rebuild_loop pc=78E4 op=59,16,00 sp=F378 af=000A bc=0D13 de=0012 hl=DF46 p=01/02/03 flow=01 screen=00 dirty=00 sched=01 counts=02/01/01/02/02/01 hero=00 lives=3 time=003C
TRACE_044_next_entity pc=79D0 op=0C,05,C2 sp=F378 af=0044 bc=0D13 de=0013 hl=DF47 p=01/02/03 flow=01 screen=00 dirty=00 sched=01 counts=02/01/01/02/02/01 hero=00 lives=3 time=003C
TRACE_045_rebuild_loop pc=78E4 op=59,16,00 sp=F378 af=000A bc=0C14 de=0013 hl=DF47 p=01/02/03 flow=01 screen=00 dirty=00 sched=01 counts=02/01/01/02/02/01 hero=00 lives=3 time=003C
TRACE_046_next_entity pc=79D0 op=0C,05,C2 sp=F378 af=0044 bc=0C14 de=0014 hl=DF48 p=01/02/03 flow=01 screen=00 dirty=00 sched=01 counts=02/01/01/02/02/01 hero=00 lives=3 time=003C
TRACE_047_rebuild_loop pc=78E4 op=59,16,00 sp=F378 af=000A bc=0B15 de=0014 hl=DF48 p=01/02/03 flow=01 screen=00 dirty=00 sched=01 counts=02/01/01/02/02/01 hero=00 lives=3 time=003C
TRACE_048_next_entity pc=79D0 op=0C,05,C2 sp=F378 af=0044 bc=0B15 de=0015 hl=DF49 p=01/02/03 flow=01 screen=00 dirty=00 sched=01 counts=02/01/01/02/02/01 hero=00 lives=3 time=003C
TRACE_049_rebuild_loop pc=78E4 op=59,16,00 sp=F378 af=000A bc=0A16 de=0015 hl=DF49 p=01/02/03 flow=01 screen=00 dirty=00 sched=01 counts=02/01/01/02/02/01 hero=00 lives=3 time=003C
TRACE_050_next_entity pc=79D0 op=0C,05,C2 sp=F378 af=0044 bc=0A16 de=0016 hl=DF4A p=01/02/03 flow=01 screen=00 dirty=00 sched=01 counts=02/01/01/02/02/01 hero=00 lives=3 time=003C
TRACE_051_rebuild_loop pc=78E4 op=59,16,00 sp=F378 af=000A bc=0917 de=0016 hl=DF4A p=01/02/03 flow=01 screen=00 dirty=00 sched=01 counts=02/01/01/02/02/01 hero=00 lives=3 time=003C
TRACE_052_next_entity pc=79D0 op=0C,05,C2 sp=F378 af=0044 bc=0917 de=0017 hl=DF4B p=01/02/03 flow=01 screen=00 dirty=00 sched=01 counts=02/01/01/02/02/01 hero=00 lives=3 time=003C
TRACE_053_rebuild_loop pc=78E4 op=59,16,00 sp=F378 af=000A bc=0818 de=0017 hl=DF4B p=01/02/03 flow=01 screen=00 dirty=00 sched=01 counts=02/01/01/02/02/01 hero=00 lives=3 time=003C
TRACE_054_next_entity pc=79D0 op=0C,05,C2 sp=F378 af=0044 bc=0818 de=0018 hl=DF4C p=01/02/03 flow=01 screen=00 dirty=00 sched=01 counts=02/01/01/02/02/01 hero=00 lives=3 time=003C
TRACE_055_rebuild_loop pc=78E4 op=59,16,00 sp=F378 af=0002 bc=0719 de=0018 hl=DF4C p=01/02/03 flow=01 screen=00 dirty=00 sched=01 counts=02/01/01/02/02/01 hero=00 lives=3 time=003C
TRACE_056_next_entity pc=79D0 op=0C,05,C2 sp=F378 af=0044 bc=0719 de=0019 hl=DF4D p=01/02/03 flow=01 screen=00 dirty=00 sched=01 counts=02/01/01/02/02/01 hero=00 lives=3 time=003C
TRACE_057_rebuild_loop pc=78E4 op=59,16,00 sp=F378 af=0002 bc=061A de=0019 hl=DF4D p=01/02/03 flow=01 screen=00 dirty=00 sched=01 counts=02/01/01/02/02/01 hero=00 lives=3 time=003C
TRACE_058_next_entity pc=79D0 op=0C,05,C2 sp=F378 af=0044 bc=061A de=001A hl=DF4E p=01/02/03 flow=01 screen=00 dirty=00 sched=01 counts=02/01/01/02/02/01 hero=00 lives=3 time=003C
TRACE_059_rebuild_loop pc=78E4 op=59,16,00 sp=F378 af=0002 bc=051B de=001A hl=DF4E p=01/02/03 flow=01 screen=00 dirty=00 sched=01 counts=02/01/01/02/02/01 hero=00 lives=3 time=003C
TRACE_060_next_entity pc=79D0 op=0C,05,C2 sp=F378 af=0044 bc=051B de=001B hl=DF4F p=01/02/03 flow=01 screen=00 dirty=00 sched=01 counts=02/01/01/02/02/01 hero=00 lives=3 time=003C
TRACE_061_rebuild_loop pc=78E4 op=59,16,00 sp=F378 af=0002 bc=041C de=001B hl=DF4F p=01/02/03 flow=01 screen=00 dirty=00 sched=01 counts=02/01/01/02/02/01 hero=00 lives=3 time=003C
TRACE_062_next_entity pc=79D0 op=0C,05,C2 sp=F378 af=0044 bc=041C de=001C hl=DF50 p=01/02/03 flow=01 screen=00 dirty=00 sched=01 counts=02/01/01/02/02/01 hero=00 lives=3 time=003C
TRACE_063_rebuild_loop pc=78E4 op=59,16,00 sp=F378 af=0002 bc=031D de=001C hl=DF50 p=01/02/03 flow=01 screen=00 dirty=00 sched=01 counts=02/01/01/02/02/01 hero=00 lives=3 time=003C
TRACE_064_next_entity pc=79D0 op=0C,05,C2 sp=F378 af=0044 bc=031D de=001D hl=DF51 p=01/02/03 flow=01 screen=00 dirty=00 sched=01 counts=02/01/01/02/02/01 hero=00 lives=3 time=003C
TRACE_065_rebuild_loop pc=78E4 op=59,16,00 sp=F378 af=0002 bc=021E de=001D hl=DF51 p=01/02/03 flow=01 screen=00 dirty=00 sched=01 counts=02/01/01/02/02/01 hero=00 lives=3 time=003C
TRACE_066_next_entity pc=79D0 op=0C,05,C2 sp=F378 af=0044 bc=021E de=001E hl=DF52 p=01/02/03 flow=01 screen=00 dirty=00 sched=01 counts=02/01/01/02/02/01 hero=00 lives=3 time=003C
TRACE_067_rebuild_loop pc=78E4 op=59,16,00 sp=F378 af=0002 bc=011F de=001E hl=DF52 p=01/02/03 flow=01 screen=00 dirty=00 sched=01 counts=02/01/01/02/02/01 hero=00 lives=3 time=003C
TRACE_068_next_entity pc=79D0 op=0C,05,C2 sp=F378 af=0044 bc=011F de=001F hl=DF53 p=01/02/03 flow=01 screen=00 dirty=00 sched=01 counts=02/01/01/02/02/01 hero=00 lives=3 time=003C
TRACE_069_rebuild_done pc=79D5 op=3A,A6,E9 sp=F378 af=0042 bc=0020 de=001F hl=DF53 p=01/02/03 flow=01 screen=00 dirty=00 sched=01 counts=02/01/01/02/02/01 hero=00 lives=3 time=003C
TRACE_070_update_input_component pc=660F op=3A,C8,E9 sp=F378 af=0044 bc=0020 de=001F hl=DF53 p=01/02/03 flow=01 screen=00 dirty=00 sched=01 counts=02/01/01/02/02/01 hero=00 lives=3 time=003C
TRACE_071_update_entities pc=A0B8 op=6F,26,00 sp=F378 af=0042 bc=0000 de=001F hl=E9A9 p=01/02/03 flow=01 screen=00 dirty=00 sched=01 counts=02/01/01/02/02/01 hero=00 lives=3 time=003C
TRACE_072_update_entities pc=A0B8 op=6F,26,00 sp=F378 af=CD44 bc=A4D7 de=CD70 hl=A644 p=01/02/03 flow=01 screen=00 dirty=00 sched=01 counts=02/01/01/02/02/01 hero=00 lives=3 time=003C
TRACE_073_update_entities pc=A0B8 op=6F,26,00 sp=F378 af=0544 bc=A377 de=08CD hl=A648 p=01/02/03 flow=01 screen=00 dirty=00 sched=01 counts=02/01/01/02/02/01 hero=00 lives=3 time=003C
TRACE_074_update_entities pc=A0B8 op=6F,26,00 sp=F378 af=7E44 bc=A2CD de=7DD4 hl=A64C p=01/02/03 flow=01 screen=00 dirty=00 sched=01 counts=02/01/01/02/02/01 hero=00 lives=3 time=003C
TRACE_075_update_entities pc=A0B8 op=6F,26,00 sp=F378 af=CD44 bc=A1B4 de=CD6B hl=A650 p=01/02/03 flow=01 screen=00 dirty=00 sched=01 counts=02/01/01/02/02/01 hero=00 lives=3 time=003C
TRACE_076_update_entities pc=A0B8 op=6F,26,00 sp=F378 af=B344 bc=A06B de=94CD hl=A654 p=01/02/03 flow=01 screen=00 dirty=00 sched=01 counts=02/01/01/02/02/01 hero=00 lives=3 time=003C
TRACE_077_update_entities pc=A0B8 op=6F,26,00 sp=F378 af=5144 bc=9FCD de=69B2 hl=A658 p=01/02/03 flow=01 screen=00 dirty=00 sched=01 counts=02/01/01/02/02/01 hero=00 lives=3 time=003C
TRACE_078_update_entities pc=A0B8 op=6F,26,00 sp=F378 af=CD44 bc=9E8F de=CD61 hl=A65C p=01/02/03 flow=01 screen=00 dirty=00 sched=01 counts=02/01/01/02/02/01 hero=00 lives=3 time=003C
TRACE_079_update_entities pc=A0B8 op=6F,26,00 sp=F378 af=D644 bc=9D51 de=17CD hl=A660 p=01/02/03 flow=01 screen=00 dirty=00 sched=01 counts=02/01/01/02/02/01 hero=00 lives=3 time=003C
TRACE_080_update_entities pc=A0B8 op=6F,26,00 sp=F378 af=5244 bc=9C3A de=E42B hl=A664 p=01/02/03 flow=01 screen=00 dirty=00 sched=01 counts=02/01/01/02/02/01 hero=00 lives=3 time=003C
TRACE_081_update_entities pc=A0B8 op=6F,26,00 sp=F378 af=FE44 bc=9B00 de=85CA hl=A668 p=01/02/03 flow=01 screen=00 dirty=00 sched=01 counts=02/01/01/02/02/01 hero=00 lives=3 time=003C
TRACE_082_update_entities pc=A0B8 op=6F,26,00 sp=F378 af=A644 bc=9AFE de=CA01 hl=A66C p=01/02/03 flow=01 screen=00 dirty=00 sched=01 counts=02/01/01/02/02/01 hero=00 lives=3 time=003C
TRACE_083_update_entities pc=A0B8 op=6F,26,00 sp=F378 af=8544 bc=99A6 de=02FE hl=A670 p=01/02/03 flow=01 screen=00 dirty=00 sched=01 counts=02/01/01/02/02/01 hero=00 lives=3 time=003C
TRACE_084_update_entities pc=A0B8 op=6F,26,00 sp=F378 af=CA44 bc=9885 de=FEA6 hl=A674 p=01/02/03 flow=01 screen=00 dirty=00 sched=01 counts=02/01/01/02/02/01 hero=00 lives=3 time=003C
TRACE_085_update_entities pc=A0B8 op=6F,26,00 sp=F378 af=0344 bc=97CA de=A685 hl=A678 p=01/02/03 flow=01 screen=00 dirty=00 sched=01 counts=02/01/01/02/02/01 hero=00 lives=3 time=003C
TRACE_086_update_entities pc=A0B8 op=6F,26,00 sp=F378 af=FE44 bc=9604 de=85CA hl=A67C p=01/02/03 flow=01 screen=00 dirty=00 sched=01 counts=02/01/01/02/02/01 hero=00 lives=3 time=003C
TRACE_087_update_entities pc=A0B8 op=6F,26,00 sp=F378 af=A644 bc=95FE de=CA05 hl=A680 p=01/02/03 flow=01 screen=00 dirty=00 sched=01 counts=02/01/01/02/02/01 hero=00 lives=3 time=003C
TRACE_088_update_entities pc=A0B8 op=6F,26,00 sp=F378 af=8544 bc=94A6 de=88C3 hl=A684 p=01/02/03 flow=01 screen=00 dirty=00 sched=01 counts=02/01/01/02/02/01 hero=00 lives=3 time=003C
TRACE_089_update_entities pc=A0B8 op=6F,26,00 sp=F378 af=A644 bc=93CD de=5179 hl=A688 p=01/02/03 flow=01 screen=00 dirty=00 sched=01 counts=02/01/01/02/02/01 hero=00 lives=3 time=003C
TRACE_090_update_entities pc=A0B8 op=6F,26,00 sp=F378 af=C344 bc=922B de=3AA6 hl=A68C p=01/02/03 flow=01 screen=00 dirty=00 sched=01 counts=02/01/01/02/02/01 hero=00 lives=3 time=003C
TRACE_091_update_entities pc=A0B8 op=6F,26,00 sp=F378 af=EB44 bc=91F3 de=3EB7 hl=A690 p=01/02/03 flow=01 screen=00 dirty=00 sched=01 counts=02/01/01/02/02/01 hero=00 lives=3 time=003C
TRACE_092_update_entities pc=A0B8 op=6F,26,00 sp=F378 af=3244 bc=90C8 de=3C3E hl=A694 p=01/02/03 flow=01 screen=00 dirty=00 sched=01 counts=02/01/01/02/02/01 hero=00 lives=3 time=003C
TRACE_093_update_entities pc=A0B8 op=6F,26,00 sp=F378 af=C944 bc=8FCD de=A68B hl=A698 p=01/02/03 flow=01 screen=00 dirty=00 sched=01 counts=02/01/01/02/02/01 hero=00 lives=3 time=003C
TRACE_094_update_entities pc=A0B8 op=6F,26,00 sp=F378 af=3244 bc=8EA4 de=C9DC hl=A69C p=01/02/03 flow=01 screen=00 dirty=00 sched=01 counts=02/01/01/02/02/01 hero=00 lives=3 time=003C
TRACE_095_update_entities pc=A0B8 op=6F,26,00 sp=F378 af=3A44 bc=8D88 de=32EA hl=A6A0 p=01/02/03 flow=01 screen=00 dirty=00 sched=01 counts=02/01/01/02/02/01 hero=00 lives=3 time=003C
TRACE_096_update_entities pc=A0B8 op=6F,26,00 sp=F378 af=A544 bc=8CDC de=893A hl=A6A4 p=01/02/03 flow=01 screen=00 dirty=00 sched=01 counts=02/01/01/02/02/01 hero=00 lives=3 time=003C
TRACE_097_update_entities pc=A0B8 op=6F,26,00 sp=F378 af=EA44 bc=8B32 de=DCA6 hl=A6A8 p=01/02/03 flow=01 screen=00 dirty=00 sched=01 counts=02/01/01/02/02/01 hero=00 lives=3 time=003C
TRACE_098_update_entities pc=A0B8 op=6F,26,00 sp=F378 af=C944 bc=8AF5 de=2C3A hl=A6AC p=01/02/03 flow=01 screen=00 dirty=00 sched=01 counts=02/01/01/02/02/01 hero=00 lives=3 time=003C
TRACE_099_update_entities pc=A0B8 op=6F,26,00 sp=F378 af=E444 bc=89B7 de=1420 hl=A6B0 p=01/02/03 flow=01 screen=00 dirty=00 sched=01 counts=02/01/01/02/02/01 hero=00 lives=3 time=003C
TRACE_100_update_entities pc=A0B8 op=6F,26,00 sp=F378 af=3E44 bc=883C de=4B32 hl=A6B4 p=01/02/03 flow=01 screen=00 dirty=00 sched=01 counts=02/01/01/02/02/01 hero=00 lives=3 time=003C
TRACE_101_update_entities pc=A0B8 op=6F,26,00 sp=F378 af=C044 bc=87AF de=4C32 hl=A6B8 p=01/02/03 flow=01 screen=00 dirty=00 sched=01 counts=02/01/01/02/02/01 hero=00 lives=3 time=003C
TRACE_102_update_entities pc=A0B8 op=6F,26,00 sp=F378 af=C044 bc=86CD de=A695 hl=A6BC p=01/02/03 flow=01 screen=00 dirty=00 sched=01 counts=02/01/01/02/02/01 hero=00 lives=3 time=003C
TRACE_103_update_entities pc=A0B8 op=6F,26,00 sp=F378 af=CD44 bc=859C de=3EA6 hl=A6C0 p=01/02/03 flow=01 screen=00 dirty=00 sched=01 counts=02/01/01/02/02/01 hero=00 lives=3 time=003C
TRACE_104_update_entities pc=A0B8 op=6F,26,00 sp=F378 af=0144 bc=8432 de=DCA3 hl=A6C4 p=01/02/03 flow=01 screen=00 dirty=00 sched=01 counts=02/01/01/02/02/01 hero=00 lives=3 time=003C
TRACE_105_update_entities pc=A0B8 op=6F,26,00 sp=F378 af=F144 bc=83C9 de=C5F5 hl=A6C8 p=01/02/03 flow=01 screen=00 dirty=00 sched=01 counts=02/01/01/02/02/01 hero=00 lives=3 time=003C
TRACE_106_update_entities pc=A0B8 op=6F,26,00 sp=F378 af=D544 bc=82E5 de=2C3A hl=A6CC p=01/02/03 flow=01 screen=00 dirty=00 sched=01 counts=02/01/01/02/02/01 hero=00 lives=3 time=003C
TRACE_107_update_entities pc=A0B8 op=6F,26,00 sp=F378 af=E444 bc=81B7 de=7620 hl=A6D0 p=01/02/03 flow=01 screen=00 dirty=00 sched=01 counts=02/01/01/02/02/01 hero=00 lives=3 time=003C
TRACE_108_update_entities pc=A0B8 op=6F,26,00 sp=F378 af=3A44 bc=804B de=47C0 hl=A6D4 p=01/02/03 flow=01 screen=00 dirty=00 sched=01 counts=02/01/01/02/02/01 hero=00 lives=3 time=003C
TRACE_109_update_entities pc=A0B8 op=6F,26,00 sp=F378 af=3A44 bc=7F4C de=B0C0 hl=A6D8 p=01/02/03 flow=01 screen=00 dirty=00 sched=01 counts=02/01/01/02/02/01 hero=00 lives=3 time=003C
TRACE_110_update_entities pc=A0B8 op=6F,26,00 sp=F378 af=2844 bc=7E6C de=882A hl=A6DC p=01/02/03 flow=01 screen=00 dirty=00 sched=01 counts=02/01/01/02/02/01 hero=00 lives=3 time=003C
TRACE_111_update_entities pc=A0B8 op=6F,26,00 sp=F378 af=EA44 bc=7DED de=A55B hl=A6E0 p=01/02/03 flow=01 screen=00 dirty=00 sched=01 counts=02/01/01/02/02/01 hero=00 lives=3 time=003C
TRACE_112_update_entities pc=A0B8 op=6F,26,00 sp=F378 af=DC44 bc=7CB7 de=52ED hl=A6E4 p=01/02/03 flow=01 screen=00 dirty=00 sched=01 counts=02/01/01/02/02/01 hero=00 lives=3 time=003C
TRACE_113_update_entities pc=A0B8 op=6F,26,00 sp=F378 af=2844 bc=7B60 de=9CCD hl=A6E8 p=01/02/03 flow=01 screen=00 dirty=00 sched=01 counts=02/01/01/02/02/01 hero=00 lives=3 time=003C
TRACE_114_update_entities pc=A0B8 op=6F,26,00 sp=F378 af=A644 bc=7A3A de=DCA4 hl=A6EC p=01/02/03 flow=01 screen=00 dirty=00 sched=01 counts=02/01/01/02/02/01 hero=00 lives=3 time=003C
TRACE_115_update_entities pc=A0B8 op=6F,26,00 sp=F378 af=B744 bc=7920 de=CD06 hl=A6F0 p=01/02/03 flow=01 screen=00 dirty=00 sched=01 counts=02/01/01/02/02/01 hero=00 lives=3 time=003C
TRACE_116_update_entities pc=A0B8 op=6F,26,00 sp=F378 af=9544 bc=78A6 de=A43A hl=A6F4 p=01/02/03 flow=01 screen=00 dirty=00 sched=01 counts=02/01/01/02/02/01 hero=00 lives=3 time=003C
TRACE_117_update_entities pc=A0B8 op=6F,26,00 sp=F378 af=DC44 bc=775F de=8BCD hl=A6F8 p=01/02/03 flow=01 screen=00 dirty=00 sched=01 counts=02/01/01/02/02/01 hero=00 lives=3 time=003C
TRACE_118_update_entities pc=A0B8 op=6F,26,00 sp=F378 af=A644 bc=764F de=B57C hl=A6FC p=01/02/03 flow=01 screen=00 dirty=00 sched=01 counts=02/01/01/02/02/01 hero=00 lives=3 time=003C
TRACE_119_update_entities pc=A0B8 op=6F,26,00 sp=F378 af=2844 bc=7544 de=B77C hl=A700 p=01/02/03 flow=01 screen=00 dirty=00 sched=01 counts=02/01/01/02/02/01 hero=00 lives=3 time=003C
TRACE_120_update_entities pc=A0B8 op=6F,26,00 sp=F378 af=2044 bc=7404 de=BB7D hl=A704 p=01/02/03 flow=01 screen=00 dirty=00 sched=01 counts=02/01/01/02/02/01 hero=00 lives=3 time=003C
TRACE_121_update_entities pc=A0B8 op=6F,26,00 sp=F378 af=3844 bc=7333 de=937D hl=A708 p=01/02/03 flow=01 screen=00 dirty=00 sched=01 counts=02/01/01/02/02/01 hero=00 lives=3 time=003C
TRACE_122_update_entities pc=A0B8 op=6F,26,00 sp=F378 af=6F44 bc=7230 de=2501 hl=A70C p=01/02/03 flow=01 screen=00 dirty=00 sched=01 counts=02/01/01/02/02/01 hero=00 lives=3 time=003C
TRACE_123_update_entities pc=A0B8 op=6F,26,00 sp=F378 af=3A44 bc=714B de=B7C0 hl=A710 p=01/02/03 flow=01 screen=00 dirty=00 sched=01 counts=02/01/01/02/02/01 hero=00 lives=3 time=003C
TRACE_124_update_entities pc=A0B8 op=6F,26,00 sp=F378 af=2044 bc=7011 de=4C3A hl=A714 p=01/02/03 flow=01 screen=00 dirty=00 sched=01 counts=02/01/01/02/02/01 hero=00 lives=3 time=003C
TRACE_125_update_entities pc=A0B8 op=6F,26,00 sp=F378 af=C044 bc=6FB7 de=2928 hl=A718 p=01/02/03 flow=01 screen=00 dirty=00 sched=01 counts=02/01/01/02/02/01 hero=00 lives=3 time=003C
TRACE_126_update_entities pc=A0B8 op=6F,26,00 sp=F378 af=3D44 bc=6E32 de=C04C hl=A71C p=01/02/03 flow=01 screen=00 dirty=00 sched=01 counts=02/01/01/02/02/01 hero=00 lives=3 time=003C
TRACE_127_update_entities pc=A0B8 op=6F,26,00 sp=F378 af=3E44 bc=6DFF de=4B32 hl=A720 p=01/02/03 flow=01 screen=00 dirty=00 sched=01 counts=02/01/01/02/02/01 hero=00 lives=3 time=003C
TRACE_128_update_entities pc=A0B8 op=6F,26,00 sp=F378 af=C044 bc=6C18 de=3D04 hl=A724 p=01/02/03 flow=01 screen=00 dirty=00 sched=01 counts=02/01/01/02/02/01 hero=00 lives=3 time=003C
TRACE_129_update_entities pc=A0B8 op=6F,26,00 sp=F378 af=3244 bc=6B4B de=3EC0 hl=A728 p=01/02/03 flow=01 screen=00 dirty=00 sched=01 counts=02/01/01/02/02/01 hero=00 lives=3 time=003C
TRACE_130_update_entities pc=A0B8 op=6F,26,00 sp=F378 af=0144 bc=6A32 de=DCA3 hl=A72C p=01/02/03 flow=01 screen=00 dirty=00 sched=01 counts=02/01/01/02/02/01 hero=00 lives=3 time=003C
TRACE_131_update_entities pc=A0B8 op=6F,26,00 sp=F378 af=3A44 bc=694B de=47C0 hl=A730 p=01/02/03 flow=01 screen=00 dirty=00 sched=01 counts=02/01/01/02/02/01 hero=00 lives=3 time=003C
TRACE_132_update_entities pc=A0B8 op=6F,26,00 sp=F378 af=3A44 bc=684C de=B0C0 hl=A734 p=01/02/03 flow=01 screen=00 dirty=00 sched=01 counts=02/01/01/02/02/01 hero=00 lives=3 time=003C
TRACE_133_update_entities pc=A0B8 op=6F,26,00 sp=F378 af=2844 bc=670B de=1859 hl=A738 p=01/02/03 flow=01 screen=00 dirty=00 sched=01 counts=02/01/01/02/02/01 hero=00 lives=3 time=003C
TRACE_134_update_entities pc=A0B8 op=6F,26,00 sp=F378 af=C144 bc=667B de=5F95 hl=A73C p=01/02/03 flow=01 screen=00 dirty=00 sched=01 counts=02/01/01/02/02/01 hero=00 lives=3 time=003C
TRACE_135_update_entities pc=A0B8 op=6F,26,00 sp=F378 af=AF44 bc=6567 de=186F hl=A740 p=01/02/03 flow=01 screen=00 dirty=00 sched=01 counts=02/01/01/02/02/01 hero=00 lives=3 time=003C
TRACE_136_update_entities pc=A0B8 op=6F,26,00 sp=F378 af=0144 bc=6459 de=327B hl=A744 p=01/02/03 flow=01 screen=00 dirty=00 sched=01 counts=02/01/01/02/02/01 hero=00 lives=3 time=003C
TRACE_137_update_entities pc=A0B8 op=6F,26,00 sp=F378 af=A444 bc=63DC de=D1E1 hl=A748 p=01/02/03 flow=01 screen=00 dirty=00 sched=01 counts=02/01/01/02/02/01 hero=00 lives=3 time=003C
TRACE_138_update_entities pc=A0B8 op=6F,26,00 sp=F378 af=C144 bc=62F1 de=00C9 hl=A74C p=01/02/03 flow=01 screen=00 dirty=00 sched=01 counts=02/01/01/02/02/01 hero=00 lives=3 time=003C
TRACE_139_update_entities pc=A0B8 op=6F,26,00 sp=F378 af=5044 bc=61A7 de=A753 hl=A750 p=01/02/03 flow=01 screen=00 dirty=00 sched=01 counts=02/01/01/02/02/01 hero=00 lives=3 time=003C
TRACE_140_update_entities pc=A0B8 op=6F,26,00 sp=F378 af=5744 bc=60A7 de=0003 hl=A754 p=01/02/03 flow=01 screen=00 dirty=00 sched=01 counts=02/01/01/02/02/01 hero=00 lives=3 time=003C
TRACE_141_update_entities pc=A0B8 op=6F,26,00 sp=F378 af=7644 bc=5FA8 de=CDFF hl=A758 p=01/02/03 flow=01 screen=00 dirty=00 sched=01 counts=02/01/01/02/02/01 hero=00 lives=3 time=003C
TRACE_142_update_entities pc=A0B8 op=6F,26,00 sp=F378 af=2144 bc=5E52 de=EFCD hl=A75C p=01/02/03 flow=01 screen=00 dirty=00 sched=01 counts=02/01/01/02/02/01 hero=00 lives=3 time=003C
TRACE_143_update_entities pc=A0B8 op=6F,26,00 sp=F378 af=A844 bc=5D3E de=3200 hl=A760 p=01/02/03 flow=01 screen=00 dirty=00 sched=01 counts=02/01/01/02/02/01 hero=00 lives=3 time=003C
TRACE_144_update_entities pc=A0B8 op=6F,26,00 sp=F378 af=4744 bc=5CC0 de=003E hl=A764 p=01/02/03 flow=01 screen=00 dirty=00 sched=01 counts=02/01/01/02/02/01 hero=00 lives=3 time=003C
TRACE_145_update_entities pc=A0B8 op=6F,26,00 sp=F378 af=3244 bc=5B48 de=3EC0 hl=A768 p=01/02/03 flow=01 screen=00 dirty=00 sched=01 counts=02/01/01/02/02/01 hero=00 lives=3 time=003C
TRACE_146_update_entities pc=A0B8 op=6F,26,00 sp=F378 af=0344 bc=5A32 de=C04A hl=A76C p=01/02/03 flow=01 screen=00 dirty=00 sched=01 counts=02/01/01/02/02/01 hero=00 lives=3 time=003C
TRACE_147_update_entities pc=A0B8 op=6F,26,00 sp=F378 af=3E44 bc=593C de=4B32 hl=A770 p=01/02/03 flow=01 screen=00 dirty=00 sched=01 counts=02/01/01/02/02/01 hero=00 lives=3 time=003C
TRACE_148_update_entities pc=A0B8 op=6F,26,00 sp=F378 af=C044 bc=583E de=3200 hl=A774 p=01/02/03 flow=01 screen=00 dirty=00 sched=01 counts=02/01/01/02/02/01 hero=00 lives=3 time=003C
TRACE_149_update_entities pc=A0B8 op=6F,26,00 sp=F378 af=4C44 bc=57C0 de=003E hl=A778 p=01/02/03 flow=01 screen=00 dirty=00 sched=01 counts=02/01/01/02/02/01 hero=00 lives=3 time=003C
TRACE_150_update_entities pc=A0B8 op=6F,26,00 sp=F378 af=3244 bc=5646 de=C9C0 hl=A77C p=01/02/03 flow=01 screen=00 dirty=00 sched=01 counts=02/01/01/02/02/01 hero=00 lives=3 time=003C
TRACE_151_update_entities pc=A0B8 op=6F,26,00 sp=F378 af=0444 bc=5581 de=B8A7 hl=A780 p=01/02/03 flow=01 screen=00 dirty=00 sched=01 counts=02/01/01/02/02/01 hero=00 lives=3 time=003C
TRACE_152_update_entities pc=A0B8 op=6F,26,00 sp=F378 af=A744 bc=5401 de=0000 hl=A784 p=01/02/03 flow=01 screen=00 dirty=00 sched=01 counts=02/01/01/02/02/01 hero=00 lives=3 time=003C
TRACE_153_update_entities pc=A0B8 op=6F,26,00 sp=F378 af=0044 bc=5303 de=0E03 hl=A788 p=01/02/03 flow=01 screen=00 dirty=00 sched=01 counts=02/01/01/02/02/01 hero=00 lives=3 time=003C
TRACE_154_update_entities pc=A0B8 op=6F,26,00 sp=F378 af=9244 bc=52A7 de=0B07 hl=A78C p=01/02/03 flow=01 screen=00 dirty=00 sched=01 counts=02/01/01/02/02/01 hero=00 lives=3 time=003C
TRACE_155_update_entities pc=A0B8 op=6F,26,00 sp=F378 af=9744 bc=51A7 de=0514 hl=A790 p=01/02/03 flow=01 screen=00 dirty=00 sched=01 counts=02/01/01/02/02/01 hero=00 lives=3 time=003C
TRACE_156_update_entities pc=A0B8 op=6F,26,00 sp=F378 af=A144 bc=50A7 de=4554 hl=A794 p=01/02/03 flow=01 screen=00 dirty=00 sched=01 counts=02/01/01/02/02/01 hero=00 lives=3 time=003C
TRACE_157_update_entities pc=A0B8 op=6F,26,00 sp=F378 af=5844 bc=4F54 de=4700 hl=A798 p=01/02/03 flow=01 screen=00 dirty=00 sched=01 counts=02/01/01/02/02/01 hero=00 lives=3 time=003C
TRACE_158_update_entities pc=A0B8 op=6F,26,00 sp=F378 af=4144 bc=4E4D de=2045 hl=A79C p=01/02/03 flow=01 screen=00 dirty=00 sched=01 counts=02/01/01/02/02/01 hero=00 lives=3 time=003C
TRACE_159_update_entities pc=A0B8 op=6F,26,00 sp=F378 af=4F44 bc=4D56 de=5245 hl=A7A0 p=01/02/03 flow=01 screen=00 dirty=00 sched=01 counts=02/01/01/02/02/01 hero=00 lives=3 time=003C
TRACE_160_update_entities pc=A0B8 op=6F,26,00 sp=F378 af=0044 bc=4C50 de=4552 hl=A7A4 p=01/02/03 flow=01 screen=00 dirty=00 sched=01 counts=02/01/01/02/02/01 hero=00 lives=3 time=003C
TRACE_161_update_entities pc=A0B8 op=6F,26,00 sp=F378 af=5344 bc=4B53 de=4620 hl=A7A8 p=01/02/03 flow=01 screen=00 dirty=00 sched=01 counts=02/01/01/02/02/01 hero=00 lives=3 time=003C
TRACE_162_update_entities pc=A0B8 op=6F,26,00 sp=F378 af=4944 bc=4A52 de=2045 hl=A7AC p=01/02/03 flow=01 screen=00 dirty=00 sched=01 counts=02/01/01/02/02/01 hero=00 lives=3 time=003C
TRACE_163_update_entities pc=A0B8 op=6F,26,00 sp=F378 af=5444 bc=494F de=4320 hl=A7B0 p=01/02/03 flow=01 screen=00 dirty=00 sched=01 counts=02/01/01/02/02/01 hero=00 lives=3 time=003C
TRACE_164_update_entities pc=A0B8 op=6F,26,00 sp=F378 af=4F44 bc=484E de=4954 hl=A7B4 p=01/02/03 flow=01 screen=00 dirty=00 sched=01 counts=02/01/01/02/02/01 hero=00 lives=3 time=003C
TRACE_165_update_entities pc=A0B8 op=6F,26,00 sp=F378 af=4E44 bc=4755 de=0045 hl=A7B8 p=01/02/03 flow=01 screen=00 dirty=00 sched=01 counts=02/01/01/02/02/01 hero=00 lives=3 time=003C
TRACE_166_update_entities pc=A0B8 op=6F,26,00 sp=F378 af=0044 bc=464B de=FFA7 hl=A7BC p=01/02/03 flow=01 screen=00 dirty=00 sched=01 counts=02/01/01/02/02/01 hero=00 lives=3 time=003C
TRACE_167_update_entities pc=A0B8 op=6F,26,00 sp=F378 af=0344 bc=45C1 de=FCA7 hl=A7C0 p=01/02/03 flow=01 screen=00 dirty=00 sched=01 counts=02/01/01/02/02/01 hero=00 lives=3 time=003C
TRACE_168_update_entities pc=A0B8 op=6F,26,00 sp=F378 af=A744 bc=4401 de=00FF hl=A7C4 p=01/02/03 flow=01 screen=00 dirty=00 sched=01 counts=02/01/01/02/02/01 hero=00 lives=3 time=003C
TRACE_169_update_entities pc=A0B8 op=6F,26,00 sp=F378 af=0044 bc=4300 de=0000 hl=A7C8 p=01/02/03 flow=01 screen=00 dirty=00 sched=01 counts=02/01/01/02/02/01 hero=00 lives=3 time=003C
TRACE_170_update_entities pc=A0B8 op=6F,26,00 sp=F378 af=0044 bc=4200 de=0000 hl=A7CC p=01/02/03 flow=01 screen=00 dirty=00 sched=01 counts=02/01/01/02/02/01 hero=00 lives=3 time=003C
TRACE_171_update_entities pc=A0B8 op=6F,26,00 sp=F378 af=0044 bc=4100 de=0200 hl=A7D0 p=01/02/03 flow=01 screen=00 dirty=00 sched=01 counts=02/01/01/02/02/01 hero=00 lives=3 time=003C
TRACE_172_update_entities pc=A0B8 op=6F,26,00 sp=F378 af=0044 bc=40D7 de=EEA7 hl=A7D4 p=01/02/03 flow=01 screen=00 dirty=00 sched=01 counts=02/01/01/02/02/01 hero=00 lives=3 time=003C
TRACE_173_update_entities pc=A0B8 op=6F,26,00 sp=F378 af=A744 bc=3FF4 de=43A7 hl=A7D8 p=01/02/03 flow=01 screen=00 dirty=00 sched=01 counts=02/01/01/02/02/01 hero=00 lives=3 time=003C
TRACE_174_update_entities pc=A0B8 op=6F,26,00 sp=F378 af=4F44 bc=3E4E de=4620 hl=A7DC p=01/02/03 flow=01 screen=00 dirty=00 sched=01 counts=02/01/01/02/02/01 hero=00 lives=3 time=003C
TRACE_175_update_entities pc=A0B8 op=6F,26,00 sp=F378 af=4144 bc=3D4C de=4144 hl=A7E0 p=01/02/03 flow=01 screen=00 dirty=00 sched=01 counts=02/01/01/02/02/01 hero=00 lives=3 time=003C
TRACE_176_update_entities pc=A0B8 op=6F,26,00 sp=F378 af=5344 bc=3C20 de=2059 hl=A7E4 p=01/02/03 flow=01 screen=00 dirty=00 sched=01 counts=02/01/01/02/02/01 hero=00 lives=3 time=003C
TRACE_177_update_entities pc=A0B8 op=6F,26,00 sp=F378 af=4144 bc=3B20 de=4F4C hl=A7E8 p=01/02/03 flow=01 screen=00 dirty=00 sched=01 counts=02/01/01/02/02/01 hero=00 lives=3 time=003C
TRACE_178_update_entities pc=A0B8 op=6F,26,00 sp=F378 af=2044 bc=3A4C de=434F hl=A7EC p=01/02/03 flow=01 screen=00 dirty=00 sched=01 counts=02/01/01/02/02/01 hero=00 lives=3 time=003C
TRACE_179_update_entities pc=A0B8 op=6F,26,00 sp=F378 af=4144 bc=3900 de=5453 hl=A7F0 p=01/02/03 flow=01 screen=00 dirty=00 sched=01 counts=02/01/01/02/02/01 hero=00 lives=3 time=003C
TRACE_180_update_entities pc=A0B8 op=6F,26,00 sp=F378 af=4144 bc=3852 de=0054 hl=A7F4 p=01/02/03 flow=01 screen=00 dirty=00 sched=01 counts=02/01/01/02/02/01 hero=00 lives=3 time=003C
TRACE_181_update_entities pc=A0B8 op=6F,26,00 sp=F378 af=4344 bc=3752 de=4445 hl=A7F8 p=01/02/03 flow=01 screen=00 dirty=00 sched=01 counts=02/01/01/02/02/01 hero=00 lives=3 time=003C
TRACE_182_update_entities pc=A0B8 op=6F,26,00 sp=F378 af=4944 bc=3654 de=0053 hl=A7FC p=01/02/03 flow=01 screen=00 dirty=00 sched=01 counts=02/01/01/02/02/01 hero=00 lives=3 time=003C
TRACE_183_update_entities pc=A0B8 op=6F,26,00 sp=F378 af=0A44 bc=358B de=0BA8 hl=A800 p=01/02/03 flow=01 screen=00 dirty=00 sched=01 counts=02/01/01/02/02/01 hero=00 lives=3 time=003C
TRACE_184_update_entities pc=A0B8 op=6F,26,00 sp=F378 af=0344 bc=34A8 de=04FF hl=A804 p=01/02/03 flow=01 screen=00 dirty=00 sched=01 counts=02/01/01/02/02/01 hero=00 lives=3 time=003C
TRACE_185_update_entities pc=A0B8 op=6F,26,00 sp=F378 af=0844 bc=33A8 de=A872 hl=A808 p=01/02/03 flow=01 screen=00 dirty=00 sched=01 counts=02/01/01/02/02/01 hero=00 lives=3 time=003C
TRACE_186_update_entities pc=A0B8 op=6F,26,00 sp=F378 af=0144 bc=3200 de=0000 hl=A80C p=01/02/03 flow=01 screen=00 dirty=00 sched=01 counts=02/01/01/02/02/01 hero=00 lives=3 time=003C
TRACE_187_update_entities pc=A0B8 op=6F,26,00 sp=F378 af=0544 bc=3103 de=210C hl=A810 p=01/02/03 flow=01 screen=00 dirty=00 sched=01 counts=02/01/01/02/02/01 hero=00 lives=3 time=003C
TRACE_188_update_entities pc=A0B8 op=6F,26,00 sp=F378 af=A844 bc=3007 de=2907 hl=A814 p=01/02/03 flow=01 screen=00 dirty=00 sched=01 counts=02/01/01/02/02/01 hero=00 lives=3 time=003C
TRACE_189_update_entities pc=A0B8 op=6F,26,00 sp=F378 af=A844 bc=2F08 de=3C09 hl=A818 p=01/02/03 flow=01 screen=00 dirty=00 sched=01 counts=02/01/01/02/02/01 hero=00 lives=3 time=003C
TRACE_190_update_entities pc=A0B8 op=6F,26,00 sp=F378 af=A844 bc=2E09 de=4B08 hl=A81C p=01/02/03 flow=01 screen=00 dirty=00 sched=01 counts=02/01/01/02/02/01 hero=00 lives=3 time=003C
TRACE_191_update_entities pc=A0B8 op=6F,26,00 sp=F378 af=A844 bc=2D14 de=5B05 hl=A820 p=01/02/03 flow=01 screen=00 dirty=00 sched=01 counts=02/01/01/02/02/01 hero=00 lives=3 time=003C
TRACE_192_update_entities pc=A0B8 op=6F,26,00 sp=F378 af=A844 bc=2C43 de=4552 hl=A824 p=01/02/03 flow=01 screen=00 dirty=00 sched=01 counts=02/01/01/02/02/01 hero=00 lives=3 time=003C
TRACE_193_update_entities pc=A0B8 op=6F,26,00 sp=F378 af=4444 bc=2B49 de=5354 hl=A828 p=01/02/03 flow=01 screen=00 dirty=00 sched=01 counts=02/01/01/02/02/01 hero=00 lives=3 time=003C
TRACE_194_update_entities pc=A0B8 op=6F,26,00 sp=F378 af=0044 bc=2A47 de=4152 hl=A82C p=01/02/03 flow=01 screen=00 dirty=00 sched=01 counts=02/01/01/02/02/01 hero=00 lives=3 time=003C
TRACE_195_update_entities pc=A0B8 op=6F,26,00 sp=F378 af=5044 bc=2948 de=4349 hl=A830 p=01/02/03 flow=01 screen=00 dirty=00 sched=01 counts=02/01/01/02/02/01 hero=00 lives=3 time=003C
TRACE_196_update_entities pc=A0B8 op=6F,26,00 sp=F378 af=5344 bc=2820 de=202D hl=A834 p=01/02/03 flow=01 screen=00 dirty=00 sched=01 counts=02/01/01/02/02/01 hero=00 lives=3 time=003C
TRACE_197_update_entities pc=A0B8 op=6F,26,00 sp=F378 af=4D44 bc=2753 de=4E58 hl=A838 p=01/02/03 flow=01 screen=00 dirty=00 sched=01 counts=02/01/01/02/02/01 hero=00 lives=3 time=003C
TRACE_198_update_entities pc=A0B8 op=6F,26,00 sp=F378 af=4144 bc=264B de=0045 hl=A83C p=01/02/03 flow=01 screen=00 dirty=00 sched=01 counts=02/01/01/02/02/01 hero=00 lives=3 time=003C
TRACE_199_update_entities pc=A0B8 op=6F,26,00 sp=F378 af=4744 bc=2541 de=454D hl=A840 p=01/02/03 flow=01 screen=00 dirty=00 sched=01 counts=02/01/01/02/02/01 hero=00 lives=3 time=003C
TRACE_200_update_entities pc=A0B8 op=6F,26,00 sp=F378 af=2044 bc=242D de=4D20 hl=A844 p=01/02/03 flow=01 screen=00 dirty=00 sched=01 counts=02/01/01/02/02/01 hero=00 lives=3 time=003C
TRACE_201_update_entities pc=A0B8 op=6F,26,00 sp=F378 af=5344 bc=2358 de=414E hl=A848 p=01/02/03 flow=01 screen=00 dirty=00 sched=01 counts=02/01/01/02/02/01 hero=00 lives=3 time=003C
TRACE_202_update_entities pc=A0B8 op=6F,26,00 sp=F378 af=4B44 bc=2245 de=4D00 hl=A84C p=01/02/03 flow=01 screen=00 dirty=00 sched=01 counts=02/01/01/02/02/01 hero=00 lives=3 time=003C
TRACE_203_update_entities pc=A0B8 op=6F,26,00 sp=F378 af=5544 bc=2153 de=4349 hl=A850 p=01/02/03 flow=01 screen=00 dirty=00 sched=01 counts=02/01/01/02/02/01 hero=00 lives=3 time=003C
TRACE_204_update_entities pc=A0B8 op=6F,26,00 sp=F378 af=2044 bc=202D de=4220 hl=A854 p=01/02/03 flow=01 screen=00 dirty=00 sched=01 counts=02/01/01/02/02/01 hero=00 lives=3 time=003C
TRACE_205_update_entities pc=A0B8 op=6F,26,00 sp=F378 af=4F44 bc=1F55 de=434E hl=A858 p=01/02/03 flow=01 screen=00 dirty=00 sched=01 counts=02/01/01/02/02/01 hero=00 lives=3 time=003C
TRACE_206_update_entities pc=A0B8 op=6F,26,00 sp=F378 af=4544 bc=1E20 de=5000 hl=A85C p=01/02/03 flow=01 screen=00 dirty=00 sched=01 counts=02/01/01/02/02/01 hero=00 lives=3 time=003C
TRACE_207_update_entities pc=A0B8 op=6F,26,00 sp=F378 af=5244 bc=1D45 de=5353 hl=A860 p=01/02/03 flow=01 screen=00 dirty=00 sched=01 counts=02/01/01/02/02/01 hero=00 lives=3 time=003C
TRACE_208_update_entities pc=A0B8 op=6F,26,00 sp=F378 af=2044 bc=1C46 de=5249 hl=A864 p=01/02/03 flow=01 screen=00 dirty=00 sched=01 counts=02/01/01/02/02/01 hero=00 lives=3 time=003C
TRACE_209_update_entities pc=A0B8 op=6F,26,00 sp=F378 af=4544 bc=1B20 de=4F54 hl=A868 p=01/02/03 flow=01 screen=00 dirty=00 sched=01 counts=02/01/01/02/02/01 hero=00 lives=3 time=003C
TRACE_210_update_entities pc=A0B8 op=6F,26,00 sp=F378 af=2044 bc=1A43 de=4E4F hl=A86C p=01/02/03 flow=01 screen=00 dirty=00 sched=01 counts=02/01/01/02/02/01 hero=00 lives=3 time=003C
TRACE_211_update_entities pc=A0B8 op=6F,26,00 sp=F378 af=5444 bc=1949 de=554E hl=A870 p=01/02/03 flow=01 screen=00 dirty=00 sched=01 counts=02/01/01/02/02/01 hero=00 lives=3 time=003C
TRACE_212_update_entities pc=A0B8 op=6F,26,00 sp=F378 af=4544 bc=1800 de=4B00 hl=A874 p=01/02/03 flow=01 screen=00 dirty=00 sched=01 counts=02/01/01/02/02/01 hero=00 lives=3 time=003C
TRACE_213_update_entities pc=A0B8 op=6F,26,00 sp=F378 af=A744 bc=17FF de=1C0D hl=A878 p=01/02/03 flow=01 screen=00 dirty=00 sched=01 counts=02/01/01/02/02/01 hero=00 lives=3 time=003C
TRACE_214_update_entities pc=A0B8 op=6F,26,00 sp=F378 af=A644 bc=167B de=00A8 hl=A87C p=01/02/03 flow=01 screen=00 dirty=00 sched=01 counts=02/01/01/02/02/01 hero=00 lives=3 time=003C
TRACE_215_update_entities pc=A0B8 op=6F,26,00 sp=F378 af=7F44 bc=15A8 de=0CFF hl=A880 p=01/02/03 flow=01 screen=00 dirty=00 sched=01 counts=02/01/01/02/02/01 hero=00 lives=3 time=003C
TRACE_216_update_entities pc=A0B8 op=6F,26,00 sp=F378 af=8444 bc=14A8 de=A887 hl=A884 p=01/02/03 flow=01 screen=00 dirty=00 sched=01 counts=02/01/01/02/02/01 hero=00 lives=3 time=003C
TRACE_217_update_entities pc=A0B8 op=6F,26,00 sp=F378 af=0144 bc=1300 de=0001 hl=A888 p=01/02/03 flow=01 screen=00 dirty=00 sched=01 counts=02/01/01/02/02/01 hero=00 lives=3 time=003C
TRACE_218_update_entities pc=A0B8 op=6F,26,00 sp=F378 af=BC44 bc=12A7 de=01FF hl=A88C p=01/02/03 flow=01 screen=00 dirty=00 sched=01 counts=02/01/01/02/02/01 hero=00 lives=3 time=003C
TRACE_219_update_entities pc=A0B8 op=6F,26,00 sp=F378 af=9044 bc=11A8 de=A896 hl=A890 p=01/02/03 flow=01 screen=00 dirty=00 sched=01 counts=02/01/01/02/02/01 hero=00 lives=3 time=003C
TRACE_220_update_entities pc=A0B8 op=6F,26,00 sp=F378 af=3044 bc=104D de=9A00 hl=A894 p=01/02/03 flow=01 screen=00 dirty=00 sched=01 counts=02/01/01/02/02/01 hero=00 lives=3 time=003C
TRACE_221_update_entities pc=A0B8 op=6F,26,00 sp=F378 af=A844 bc=0F03 de=9B00 hl=A898 p=01/02/03 flow=01 screen=00 dirty=00 sched=01 counts=02/01/01/02/02/01 hero=00 lives=3 time=003C
TRACE_222_update_entities pc=A0B8 op=6F,26,00 sp=F378 af=A844 bc=0EFF de=08C9 hl=A89C p=01/02/03 flow=01 screen=00 dirty=00 sched=01 counts=02/01/01/02/02/01 hero=00 lives=3 time=003C
TRACE_223_update_entities pc=A0B8 op=6F,26,00 sp=F378 af=A044 bc=0DA8 de=A8A6 hl=A8A0 p=01/02/03 flow=01 screen=00 dirty=00 sched=01 counts=02/01/01/02/02/01 hero=00 lives=3 time=003C
TRACE_224_update_entities pc=A0B8 op=6F,26,00 sp=F378 af=4644 bc=0CC0 de=0001 hl=A8A4 p=01/02/03 flow=01 screen=00 dirty=00 sched=01 counts=02/01/01/02/02/01 hero=00 lives=3 time=003C
TRACE_225_update_entities pc=A0B8 op=6F,26,00 sp=F378 af=0044 bc=0B00 de=AD01 hl=A8A8 p=01/02/03 flow=01 screen=00 dirty=00 sched=01 counts=02/01/01/02/02/01 hero=00 lives=3 time=003C
TRACE_226_update_entities pc=A0B8 op=6F,26,00 sp=F378 af=A844 bc=0A02 de=A77C hl=A8AC p=01/02/03 flow=01 screen=00 dirty=00 sched=01 counts=02/01/01/02/02/01 hero=00 lives=3 time=003C
TRACE_227_update_entities pc=A0B8 op=6F,26,00 sp=F378 af=FF44 bc=0904 de=A8B2 hl=A8B0 p=01/02/03 flow=01 screen=00 dirty=00 sched=01 counts=02/01/01/02/02/01 hero=00 lives=3 time=003C
TRACE_228_update_entities pc=A0B8 op=6F,26,00 sp=F378 af=EB44 bc=08A8 de=0001 hl=A8B4 p=01/02/03 flow=01 screen=00 dirty=00 sched=01 counts=02/01/01/02/02/01 hero=00 lives=3 time=003C
TRACE_229_update_entities pc=A0B8 op=6F,26,00 sp=F378 af=0044 bc=0700 de=0303 hl=A8B8 p=01/02/03 flow=01 screen=00 dirty=00 sched=01 counts=02/01/01/02/02/01 hero=00 lives=3 time=003C
TRACE_230_update_entities pc=A0B8 op=6F,26,00 sp=F378 af=0E44 bc=06C3 de=07A8 hl=A8BC p=01/02/03 flow=01 screen=00 dirty=00 sched=01 counts=02/01/01/02/02/01 hero=00 lives=3 time=003C
TRACE_231_update_entities pc=A0B8 op=6F,26,00 sp=F378 af=0A44 bc=05C8 de=14A8 hl=A8C0 p=01/02/03 flow=01 screen=00 dirty=00 sched=01 counts=02/01/01/02/02/01 hero=00 lives=3 time=003C
TRACE_232_update_entities pc=A0B8 op=6F,26,00 sp=F378 af=0544 bc=04D4 de=54A8 hl=A8C4 p=01/02/03 flow=01 screen=00 dirty=00 sched=01 counts=02/01/01/02/02/01 hero=00 lives=3 time=003C
TRACE_233_update_entities pc=A0B8 op=6F,26,00 sp=F378 af=4544 bc=0358 de=0054 hl=A8C8 p=01/02/03 flow=01 screen=00 dirty=00 sched=01 counts=02/01/01/02/02/01 hero=00 lives=3 time=003C
TRACE_234_update_entities pc=A0B8 op=6F,26,00 sp=F378 af=5344 bc=0254 de=4741 hl=A8CC p=01/02/03 flow=01 screen=00 dirty=00 sched=01 counts=02/01/01/02/02/01 hero=00 lives=3 time=003C
TRACE_235_update_entities pc=A0B8 op=6F,26,00 sp=F378 af=4544 bc=0120 de=4C43 hl=A8D0 p=01/02/03 flow=01 screen=00 dirty=00 sched=01 counts=02/01/01/02/02/01 hero=00 lives=3 time=003C
BP_0000 pc=0000 op=F3,C3,12 sp=F409 af=E4BA bc=32E4 de=32D3 hl=3296 p=01/02/03 flow=01 screen=00 dirty=00 sched=01 counts=02/01/01/02/02/01 hero=00 lives=3 time=003C
final pc=23C9 op=AF,D3,98 sp=F2FE af=0D08 bc=010D de=0E5E hl=FAFC p=01/02/03 flow=01 screen=00 dirty=00 sched=01 counts=02/01/01/02/02/01 hero=00 lives=3 time=003C
