deadly pc=70D7 runtime=01 player=00 flow=01 sat=E0 08 00 06 E0 08 04 0F
tile pc=75EF runtime=01 player=00 flow=01 sat=E0 08 00 06 E0 08 04 0F
sm pc=7DF1 runtime=00 player=00 flow=01 sat=E0 08 00 06 E0 08 04 0F
wallgrab pc=6BB4 runtime=00 player=00 flow=01 sat=E0 08 00 06 E0 08 04 0F
wallgrab_update pc=6BB3 runtime=00 player=00 flow=01 sat=E0 08 00 06 E0 08 04 0F
anim pc=69B2 runtime=00 player=00 flow=01 sat=E0 08 00 06 E0 08 04 0F
sprite pc=618F runtime=00 player=00 flow=01 sat=E0 08 00 06 E0 08 04 0F
deadly pc=70D7 runtime=01 player=00 flow=01 sat=E0 08 00 06 E0 08 04 0F
tile pc=75EF runtime=01 player=00 flow=01 sat=E0 08 00 06 E0 08 04 0F
sm pc=7DF1 runtime=00 player=00 flow=01 sat=E0 08 00 06 E0 08 04 0F
wallgrab pc=6BB4 runtime=00 player=00 flow=01 sat=E0 08 00 06 E0 08 04 0F
wallgrab_update pc=6BB3 runtime=00 player=00 flow=01 sat=E0 08 00 06 E0 08 04 0F
anim pc=69B2 runtime=00 player=00 flow=01 sat=E0 08 00 06 E0 08 04 0F
sprite pc=618F runtime=00 player=00 flow=01 sat=E0 08 00 06 E0 08 04 0F
deadly pc=70D7 runtime=01 player=00 flow=01 sat=E0 08 00 06 E0 08 04 0F
tile pc=75EF runtime=01 player=00 flow=01 sat=E0 08 00 06 E0 08 04 0F
sm pc=7DF1 runtime=00 player=00 flow=01 sat=E0 08 00 06 E0 08 04 0F
wallgrab pc=6BB4 runtime=00 player=00 flow=01 sat=E0 08 00 06 E0 08 04 0F
wallgrab_update pc=6BB3 runtime=00 player=00 flow=01 sat=E0 08 00 06 E0 08 04 0F
anim pc=69B2 runtime=00 player=00 flow=01 sat=E0 08 00 06 E0 08 04 0F
sprite pc=618F runtime=00 player=00 flow=01 sat=E0 08 00 06 E0 08 04 0F
deadly pc=70D7 runtime=01 player=00 flow=01 sat=E0 08 00 06 E0 08 04 0F
tile pc=75EF runtime=01 player=00 flow=01 sat=E0 08 00 06 E0 08 04 0F
sm pc=7DF1 runtime=00 player=00 flow=01 sat=E0 08 00 06 E0 08 04 0F
wallgrab pc=6BB4 runtime=00 player=00 flow=01 sat=E0 08 00 06 E0 08 04 0F
wallgrab_update pc=6BB3 runtime=00 player=00 flow=01 sat=E0 08 00 06 E0 08 04 0F
anim pc=69B2 runtime=00 player=00 flow=01 sat=E0 08 00 06 E0 08 04 0F
sprite pc=618F runtime=00 player=00 flow=01 sat=E0 08 00 06 E0 08 04 0F
deadly pc=70D7 runtime=01 player=00 flow=01 sat=E0 08 00 06 E0 08 04 0F
tile pc=75EF runtime=01 player=00 flow=01 sat=E0 08 00 06 E0 08 04 0F
sm pc=7DF1 runtime=00 player=00 flow=01 sat=E0 08 00 06 E0 08 04 0F
wallgrab pc=6BB4 runtime=00 player=00 flow=01 sat=E0 08 00 06 E0 08 04 0F
wallgrab_update pc=6BB3 runtime=00 player=00 flow=01 sat=E0 08 00 06 E0 08 04 0F
anim pc=69B2 runtime=00 player=00 flow=01 sat=E0 08 00 06 E0 08 04 0F
sprite pc=618F runtime=00 player=00 flow=01 sat=E0 08 00 06 E0 08 04 0F
deadly pc=70D7 runtime=01 player=00 flow=01 sat=E0 08 00 06 E0 08 04 0F
tile pc=75EF runtime=01 player=00 flow=01 sat=E0 08 00 06 E0 08 04 0F
sm pc=7DF1 runtime=00 player=00 flow=01 sat=E0 08 00 06 E0 08 04 0F
wallgrab pc=6BB4 runtime=00 player=00 flow=01 sat=E0 08 00 06 E0 08 04 0F
wallgrab_update pc=6BB3 runtime=00 player=00 flow=01 sat=E0 08 00 06 E0 08 04 0F
anim pc=69B2 runtime=00 player=00 flow=01 sat=E0 08 00 06 E0 08 04 0F
sprite pc=618F runtime=00 player=00 flow=01 sat=E0 08 00 06 E0 08 04 0F
deadly pc=70D7 runtime=01 player=00 flow=01 sat=E0 08 00 06 E0 08 04 0F
tile pc=75EF runtime=01 player=00 flow=01 sat=E0 08 00 06 E0 08 04 0F
sm pc=7DF1 runtime=00 player=00 flow=01 sat=E0 08 00 06 E0 08 04 0F
wallgrab pc=6BB4 runtime=00 player=00 flow=01 sat=E0 08 00 06 E0 08 04 0F
wallgrab_update pc=6BB3 runtime=00 player=00 flow=01 sat=E0 08 00 06 E0 08 04 0F
anim pc=69B2 runtime=00 player=00 flow=01 sat=E0 08 00 06 E0 08 04 0F
sprite pc=618F runtime=00 player=00 flow=01 sat=E0 08 00 06 E0 08 04 0F
deadly pc=70D7 runtime=01 player=00 flow=01 sat=E0 08 00 06 E0 08 04 0F
tile pc=75EF runtime=01 player=00 flow=01 sat=E0 08 00 06 E0 08 04 0F
sm pc=7DF1 runtime=00 player=00 flow=01 sat=E0 08 00 06 E0 08 04 0F
wallgrab pc=6BB4 runtime=00 player=00 flow=01 sat=E0 08 00 06 E0 08 04 0F
wallgrab_update pc=6BB3 runtime=00 player=00 flow=01 sat=E0 08 00 06 E0 08 04 0F
anim pc=69B2 runtime=00 player=00 flow=01 sat=E0 08 00 06 E0 08 04 0F
sprite pc=618F runtime=00 player=00 flow=01 sat=E0 08 00 06 E0 08 04 0F
deadly pc=70D7 runtime=01 player=00 flow=01 sat=E0 08 00 06 E0 08 04 0F
tile pc=75EF runtime=01 player=00 flow=01 sat=E0 08 00 06 E0 08 04 0F
sm pc=7DF1 runtime=00 player=00 flow=01 sat=E0 08 00 06 E0 08 04 0F
wallgrab pc=6BB4 runtime=00 player=00 flow=01 sat=E0 08 00 06 E0 08 04 0F
wallgrab_update pc=6BB3 runtime=00 player=00 flow=01 sat=E0 08 00 06 E0 08 04 0F
anim pc=69B2 runtime=00 player=00 flow=01 sat=E0 08 00 06 E0 08 04 0F
sprite pc=618F runtime=00 player=00 flow=01 sat=E0 08 00 06 E0 08 04 0F
deadly pc=70D7 runtime=01 player=00 flow=01 sat=E0 08 00 06 E0 08 04 0F
tile pc=75EF runtime=01 player=00 flow=01 sat=E0 08 00 06 E0 08 04 0F
sm pc=7DF1 runtime=00 player=00 flow=01 sat=E0 08 00 06 E0 08 04 0F
wallgrab pc=6BB4 runtime=00 player=00 flow=01 sat=E0 08 00 06 E0 08 04 0F
wallgrab_update pc=6BB3 runtime=00 player=00 flow=01 sat=E0 08 00 06 E0 08 04 0F
anim pc=69B2 runtime=00 player=00 flow=01 sat=E0 08 00 06 E0 08 04 0F
sprite pc=618F runtime=00 player=00 flow=01 sat=E0 08 00 06 E0 08 04 0F
deadly pc=70D7 runtime=01 player=00 flow=01 sat=E0 08 00 06 E0 08 04 0F
tile pc=75EF runtime=01 player=00 flow=01 sat=E0 08 00 06 E0 08 04 0F
sm pc=7DF1 runtime=00 player=00 flow=01 sat=E0 08 00 06 E0 08 04 0F
wallgrab pc=6BB4 runtime=00 player=00 flow=01 sat=E0 08 00 06 E0 08 04 0F
wallgrab_update pc=6BB3 runtime=00 player=00 flow=01 sat=E0 08 00 06 E0 08 04 0F
anim pc=69B2 runtime=00 player=00 flow=01 sat=E0 08 00 06 E0 08 04 0F
sprite pc=618F runtime=00 player=00 flow=01 sat=E0 08 00 06 E0 08 04 0F
deadly pc=70D7 runtime=01 player=00 flow=01 sat=E0 08 00 06 E0 08 04 0F
tile pc=75EF runtime=01 player=00 flow=01 sat=E0 08 00 06 E0 08 04 0F
sm pc=7DF1 runtime=00 player=00 flow=01 sat=E0 08 00 06 E0 08 04 0F
