t_1 pc=8113 sp=F2F6 banks=00/00/00 music=FF muted=FF setup=00 delay=00 cnt=00 mix=44 vol=44/44/44 regs={00 00 00 00 00 44 44 44 44 44 44 43 33 33}
t_2 pc=1130 sp=F2FE banks=00/00/00 music=FF muted=FF setup=00 delay=00 cnt=00 mix=44 vol=44/44/44 regs={00 00 00 00 00 44 44 44 44 44 44 43 33 33}
t_3 pc=1130 sp=F2FE banks=00/00/00 music=FF muted=FF setup=00 delay=00 cnt=00 mix=44 vol=44/44/44 regs={00 00 00 00 00 44 44 44 44 44 44 43 33 33}
t_4 pc=1130 sp=F2FE banks=00/00/00 music=FF muted=FF setup=00 delay=00 cnt=00 mix=44 vol=44/44/44 regs={00 00 00 00 00 44 44 44 44 44 44 43 33 33}
BP_4010_1 pc=4010 sp=F2EC banks=00/00/00 music=FF muted=FF setup=00 delay=00 cnt=00 mix=44 vol=44/44/44 regs={00 00 00 00 00 44 44 44 44 44 44 43 33 33}
t_5 pc=4720 sp=F374 banks=0D/02/04 music=01 muted=00 setup=00 delay=21 cnt=01 mix=00 vol=00/00/00 regs={00 00 00 00 00 00 00 00 00 00 00 00 00 00}
PT3_ROUT_1 pc=6810 sp=F35E banks=0C/02/03 music=01 muted=00 setup=00 delay=21 cnt=21 mix=0C vol=0C/00/0B regs={FD 02 00 00 D8 0B 00 0C 0C 00 0B 00 00 FF}
PT3_ROUT_2 pc=6810 sp=F35E banks=0C/02/03 music=01 muted=00 setup=00 delay=21 cnt=20 mix=0C vol=0C/00/0A regs={FC 02 00 00 D8 0B 01 0C 0C 00 0A 00 00 FF}
PT3_ROUT_3 pc=6810 sp=F35E banks=0C/02/03 music=01 muted=00 setup=00 delay=21 cnt=1F mix=08 vol=0C/00/02 regs={F9 02 00 00 D8 0B 03 08 0C 00 02 00 00 FF}
PT3_ROUT_4 pc=6810 sp=F35E banks=0C/02/03 music=01 muted=00 setup=00 delay=21 cnt=1E mix=08 vol=0D/00/00 regs={F6 02 00 00 D8 0B 00 08 0D 00 00 00 00 FF}
PT3_ROUT_5 pc=6810 sp=F35E banks=0C/02/03 music=01 muted=00 setup=00 delay=21 cnt=1D mix=08 vol=0D/00/00 regs={F3 02 00 00 D8 0B 00 08 0D 00 00 00 00 FF}
PT3_ROUT_6 pc=6810 sp=F35E banks=0C/02/03 music=01 muted=00 setup=00 delay=21 cnt=1C mix=08 vol=0D/00/00 regs={F0 02 00 00 D8 0B 00 08 0D 00 00 00 00 FF}
PT3_ROUT_7 pc=6810 sp=F35E banks=0C/02/03 music=01 muted=00 setup=00 delay=21 cnt=1B mix=08 vol=0C/00/00 regs={F3 02 00 00 D8 0B 00 08 0C 00 00 00 00 FF}
PT3_ROUT_8 pc=6810 sp=F35E banks=0C/02/03 music=01 muted=00 setup=00 delay=21 cnt=1A mix=08 vol=0C/00/00 regs={F6 02 00 00 D8 0B 00 08 0C 00 00 00 00 FF}
PT3_ROUT_9 pc=6810 sp=F35E banks=0C/02/03 music=01 muted=00 setup=00 delay=21 cnt=19 mix=08 vol=0C/00/00 regs={F9 02 00 00 D8 0B 00 08 0C 00 00 00 00 FF}
PT3_ROUT_10 pc=6810 sp=F35E banks=0C/02/03 music=01 muted=00 setup=00 delay=21 cnt=18 mix=08 vol=0C/00/00 regs={FC 02 00 00 D8 0B 00 08 0C 00 00 00 00 FF}
PT3_ROUT_11 pc=6810 sp=F35E banks=0C/02/03 music=01 muted=00 setup=00 delay=21 cnt=17 mix=08 vol=0C/00/00 regs={F9 02 00 00 D8 0B 00 08 0C 00 00 00 00 FF}
PT3_ROUT_12 pc=6810 sp=F35E banks=0C/02/03 music=01 muted=00 setup=00 delay=21 cnt=16 mix=08 vol=0C/00/00 regs={F6 02 00 00 D8 0B 00 08 0C 00 00 00 00 FF}
PT3_ROUT_13 pc=6810 sp=F35E banks=0C/02/03 music=01 muted=00 setup=00 delay=21 cnt=15 mix=08 vol=0B/00/00 regs={F3 02 00 00 D8 0B 00 08 0B 00 00 00 00 FF}
PT3_ROUT_14 pc=6810 sp=F35E banks=0C/02/03 music=01 muted=00 setup=00 delay=21 cnt=14 mix=08 vol=0B/00/00 regs={F0 02 00 00 D8 0B 00 08 0B 00 00 00 00 FF}
PT3_ROUT_15 pc=6810 sp=F35E banks=0C/02/03 music=01 muted=00 setup=00 delay=21 cnt=13 mix=08 vol=0B/00/00 regs={F3 02 00 00 D8 0B 00 08 0B 00 00 00 00 FF}
PT3_ROUT_16 pc=6810 sp=F35E banks=0C/02/03 music=01 muted=00 setup=00 delay=21 cnt=12 mix=08 vol=0B/00/00 regs={F6 02 00 00 D8 0B 00 08 0B 00 00 00 00 FF}
t_6 pc=0D6B sp=F419 banks=FF/FF/FF music=FF muted=FF setup=FF delay=FF cnt=FF mix=FF vol=FF/FF/FF regs={FF FF FF FF FF FF FF FF FF FF FF FF FF FF}
t_8 pc=1130 sp=F2FE banks=00/00/00 music=FF muted=FF setup=00 delay=00 cnt=00 mix=44 vol=44/44/44 regs={00 00 00 00 00 44 44 44 44 44 44 43 33 33}
t_10 pc=1130 sp=F2FE banks=00/00/00 music=FF muted=FF setup=00 delay=00 cnt=00 mix=44 vol=44/44/44 regs={00 00 00 00 00 44 44 44 44 44 44 43 33 33}
BP_4010_2 pc=4010 sp=F2EC banks=00/00/00 music=FF muted=FF setup=00 delay=00 cnt=00 mix=44 vol=44/44/44 regs={00 00 00 00 00 44 44 44 44 44 44 43 33 33}
t_12 pc=0771 sp=F2FC banks=0C/02/03 music=01 muted=00 setup=00 delay=21 cnt=00 mix=00 vol=0A/00/00 regs={F9 02 00 00 D8 0B 00 00 0A 00 00 00 00 FF}
t_15 pc=1130 sp=F2FE banks=00/00/00 music=FF muted=FF setup=00 delay=00 cnt=00 mix=44 vol=44/44/44 regs={00 00 00 00 00 44 44 44 44 44 44 43 33 33}
BP_4010_3 pc=4010 sp=F2EC banks=00/00/00 music=FF muted=FF setup=00 delay=00 cnt=00 mix=44 vol=44/44/44 regs={00 00 00 00 00 44 44 44 44 44 44 43 33 33}
t_20 pc=1130 sp=F2FE banks=00/00/00 music=FF muted=FF setup=00 delay=00 cnt=00 mix=44 vol=44/44/44 regs={00 00 00 00 00 44 44 44 44 44 44 43 33 33}
BP_4010_4 pc=4010 sp=F2EC banks=00/00/00 music=FF muted=FF setup=00 delay=00 cnt=00 mix=44 vol=44/44/44 regs={00 00 00 00 00 44 44 44 44 44 44 43 33 33}
t_25 pc=8113 sp=F2F6 banks=00/00/00 music=FF muted=FF setup=00 delay=00 cnt=00 mix=44 vol=44/44/44 regs={00 00 00 00 00 44 44 44 44 44 44 43 33 33}
BP_4010_5 pc=4010 sp=F2EC banks=00/00/00 music=FF muted=FF setup=00 delay=00 cnt=00 mix=44 vol=44/44/44 regs={00 00 00 00 00 44 44 44 44 44 44 43 33 33}
t_30 pc=830E sp=F2F2 banks=00/00/00 music=01 muted=00 setup=00 delay=21 cnt=00 mix=00 vol=0A/00/00 regs={F9 02 00 00 D8 0B 00 00 0A 00 00 00 00 FF}
done rout_count=165 reset_count=5
