t_3 pc=1130 sp=F2FE banks=00/00/00 music=FF setup=00 delay=00 cnt=00
t_4 pc=1130 sp=F2FE banks=00/00/00 music=FF setup=00 delay=00 cnt=00
BP_4010_RESET_1 pc=4010 sp=F2EC banks=00/00/00 music=FF setup=00 delay=00 cnt=00
t_5 pc=4720 sp=F374 banks=0D/02/04 music=01 setup=00 delay=21 cnt=01
t_10 pc=1130 sp=F2FE banks=00/00/00 music=FF setup=00 delay=00 cnt=00
BP_4010_RESET_2 pc=4010 sp=F2EC banks=00/00/00 music=FF setup=00 delay=00 cnt=00
BP_4010_RESET_3 pc=4010 sp=F2EC banks=00/00/00 music=FF setup=00 delay=00 cnt=00
t_20 pc=1130 sp=F2FE banks=00/00/00 music=FF setup=00 delay=00 cnt=00
BP_4010_RESET_4 pc=4010 sp=F2EC banks=00/00/00 music=FF setup=00 delay=00 cnt=00
BP_4010_RESET_5 pc=4010 sp=F2EC banks=00/00/00 music=FF setup=00 delay=00 cnt=00
t_30 pc=830E sp=F2F2 banks=00/00/00 music=01 setup=00 delay=21 cnt=00
BP_4010_RESET_6 pc=4010 sp=F2EC banks=00/00/00 music=FF setup=00 delay=00 cnt=00
BP_4010_RESET_7 pc=4010 sp=F2EC banks=00/00/00 music=FF setup=00 delay=00 cnt=00
t_45 pc=1130 sp=F2FE banks=00/00/00 music=FF setup=00 delay=00 cnt=00
BP_4010_RESET_8 pc=4010 sp=F2EC banks=00/00/00 music=FF setup=00 delay=00 cnt=00
BP_4010_RESET_9 pc=4010 sp=F2EC banks=00/00/00 music=FF setup=00 delay=00 cnt=00
BP_4010_RESET_10 pc=4010 sp=F2EC banks=00/00/00 music=FF setup=00 delay=00 cnt=00
t_60 pc=8090 sp=F2F6 banks=00/00/00 music=FF setup=00 delay=00 cnt=00
BP_4010_RESET_11 pc=4010 sp=F2EC banks=00/00/00 music=FF setup=00 delay=00 cnt=00
BP_4010_RESET_12 pc=4010 sp=F2EC banks=00/00/00 music=FF setup=00 delay=00 cnt=00
t_75 pc=1130 sp=F2FE banks=00/00/00 music=FF setup=00 delay=00 cnt=00
BP_4010_RESET_13 pc=4010 sp=F2EC banks=00/00/00 music=FF setup=00 delay=00 cnt=00
BP_4010_RESET_14 pc=4010 sp=F2EC banks=00/00/00 music=FF setup=00 delay=00 cnt=00
BP_4010_RESET_15 pc=4010 sp=F2EC banks=00/00/00 music=FF setup=00 delay=00 cnt=00
t_90 pc=8105 sp=F2F6 banks=00/00/00 music=FF setup=00 delay=00 cnt=00
BP_4010_RESET_16 pc=4010 sp=F2EC banks=00/00/00 music=FF setup=00 delay=00 cnt=00
BP_4010_RESET_17 pc=4010 sp=F2EC banks=00/00/00 music=FF setup=00 delay=00 cnt=00
t_105 pc=1130 sp=F2FE banks=00/00/00 music=FF setup=00 delay=00 cnt=00
BP_4010_RESET_18 pc=4010 sp=F2EC banks=00/00/00 music=FF setup=00 delay=00 cnt=00
BP_4010_RESET_19 pc=4010 sp=F2EC banks=00/00/00 music=FF setup=00 delay=00 cnt=00
BP_4010_RESET_20 pc=4010 sp=F2EC banks=00/00/00 music=FF setup=00 delay=00 cnt=00
t_120 pc=8113 sp=F2F6 banks=00/00/00 music=FF setup=00 delay=00 cnt=00
