# source: C:\Users\salam\Documents\Programacion\Mideas\server\temp\pt3_openmsx_demo_known_good.asm
   1	0000					        org     #4000
   2	4000					
   3	4000	41	42			        db      "AB"
   4	4002	10	40			        dw      Start
   5	4004	00	00			        dw      0
   6	4006	00	00			        dw      0
   7	4008	00	00			        dw      0
   8	400A	00	00			        dw      0
   9	400C	00	00			        dw      0
  10	400E	00	00			        dw      0
  11	4010					
  12	4010					CLIKSW          equ     #F3DB
  13	4010					
  14	4010					PT3_SETUP       equ     #D174
  15	4010					PT3_MODADDR     equ     #D175
  16	4010					PT3_CrPsPtr     equ     #D177
  17	4010					PT3_SAMPTRS     equ     #D179
  18	4010					PT3_OrnPtrs     equ     #D17B
  19	4010					PT3_PDSP        equ     #D17D
  20	4010					PT3_CSP         equ     #D17F
  21	4010					PT3_PSP         equ     #D181
  22	4010					PT3_PrNote      equ     #D183
  23	4010					PT3_PrSlide     equ     #D184
  24	4010					PT3_AdInPtA     equ     #D186
  25	4010					PT3_AdInPtB     equ     #D188
  26	4010					PT3_AdInPtC     equ     #D18A
  27	4010					PT3_LPosPtr     equ     #D18C
  28	4010					PT3_PatsPtr     equ     #D18E
  29	4010					PT3_Delay       equ     #D190
  30	4010					PT3_AddToEn     equ     #D191
  31	4010					PT3_Env_Del     equ     #D192
  32	4010					PT3_ESldAdd     equ     #D193
  33	4010					PT3_NTL3        equ     #D195
  34	4010					VARS            equ     #D197
  35	4010					ChanA           equ     #D197
  36	4010					ChanB           equ     #D1B4
  37	4010					ChanC           equ     #D1D1
  38	4010					DelyCnt         equ     #D1EE
  39	4010					CurESld         equ     #D1EF
  40	4010					CurEDel         equ     #D1F1
  41	4010					Ns_Base_AddToNs equ     #D1F2
  42	4010					Ns_Base         equ     #D1F2
  43	4010					AddToNs         equ     #D1F3
  44	4010					NT_             equ     #D1F4
  45	4010					AYREGS          equ     #D2B4
  46	4010					VT_             equ     #D2B4
  47	4010					EnvBase         equ     #D2C2
  48	4010					VAR0END         equ     #D2C4
  49	4010					T1_             equ     #D2C4
  50	4010					T_NEW_1         equ     #D2C4
  51	4010					T_OLD_1         equ     #D2C4
  52	4010					T_OLD_2         equ     #D2DC
  53	4010					T_NEW_3         equ     #D2F4
  54	4010					T_OLD_3         equ     #D2F4
  55	4010					T_OLD_0         equ     #D2F6
  56	4010					T_NEW_0         equ     #D2F6
  57	4010					T_NEW_2         equ     #D30E
  58	4010					
  59	4010					Start:
  60	4010	F3				        di
  61	4011	ED	56			        im      1
  62	4013	31	80	F3		        ld      sp,#F380
  63	4016	AF				        xor     a
  64	4017	32	DB	F3		        ld      (CLIKSW),a
  65	401A					
  66	401A	DD	E5			        push    ix
  67	401C	FD	E5			        push    iy
  68	401E	CD	58	40		        call    PT3_MUTE
  69	4021	21	12	46		        ld      hl,MusicData-99
  70	4024	CD	64	40		        call    PT3_INIT
  71	4027	FD	E1			        pop     iy
  72	4029	DD	E1			        pop     ix
  73	402B					
  74	402B	3A	74	D1		        ld      a,(PT3_SETUP)
  75	402E	F6	01			        or      1
  76	4030	32	74	D1		        ld      (PT3_SETUP),a
  77	4033					
  78	4033	FB				        ei
  79	4034					
  80	4034					MainLoop:
  81	4034	76				        halt
  82	4035	DD	E5			        push    ix
  83	4037	FD	E5			        push    iy
  84	4039	F3				        di
  85	403A	CD	CB	44		        call    PT3_PLAY
  86	403D	CD	CB	45		        call    PT3_ROUT
  87	4040	FB				        ei
  88	4041	FD	E1			        pop     iy
  89	4043	DD	E1			        pop     ix
  90	4045	18	ED			        jr      MainLoop
  91	4047					
  92	4047					        include "../PT3-ROM-alltables-glass.asm"
# source: C:\Users\salam\Documents\Programacion\Mideas\server\temp\..\PT3-ROM-alltables-glass.asm
   1	4047							; --- PT3 REPLAYER WORKING ON ROM ---
   2	4047							; --- Can be assembled with asMSX ---
   3	4047							; --- ROM version: MSX-KUN        ---
   4	4047							; --- asMSX version 2: SapphiRe   ---
   5	4047					
   6	4047					; Based on MSX full version of PT3 by Dioniso
   7	4047					;
   8	4047					; This version of the replayer can be used with any note table
   9	4047					; This version also allows the use of PT3 commands
  10	4047					; First 99 bytes of each PT3 module should be stripped off
  11	4047					;
  12	4047					; PLAY and PSG WRITE routines seperated to allow independent calls
  13	4047					;
  14	4047					; ROM LENGTH: 1549 bytes
  15	4047					; RAM LENGTH:  576 bytes
  16	4047					
  17	4047							; --- CONSTANT VALUES DEFINITION ---
  18	4047					
  19	4047					;ChannelsVars
  20	4047					;struc	CHNPRM
  21	4047					;reset group
  22	4047					CHNPRM_PsInOr	 equ 0	;RESB 1
  23	4047					CHNPRM_PsInSm	 equ 1	;RESB 1
  24	4047					CHNPRM_CrAmSl	 equ 2	;RESB 1
  25	4047					CHNPRM_CrNsSl	 equ 3	;RESB 1
  26	4047					CHNPRM_CrEnSl	 equ 4	;RESB 1
  27	4047					CHNPRM_TSlCnt	 equ 5	;RESB 1
  28	4047					CHNPRM_CrTnSl	 equ 6	;RESW 1
  29	4047					CHNPRM_TnAcc	 equ 8	;RESW 1
  30	4047					CHNPRM_COnOff	 equ 10	;RESB 1
  31	4047					;reset group
  32	4047					
  33	4047					CHNPRM_OnOffD	 equ 11	;RESB 1
  34	4047					
  35	4047					;IX for PTDECOD here (+12)
  36	4047					CHNPRM_OffOnD	 equ 12	;RESB 1
  37	4047					CHNPRM_OrnPtr	 equ 13	;RESW 1
  38	4047					CHNPRM_SamPtr	 equ 15	;RESW 1
  39	4047					CHNPRM_NNtSkp	 equ 17	;RESB 1
  40	4047					CHNPRM_Note	 equ 18	;RESB 1
  41	4047					CHNPRM_SlToNt	 equ 19	;RESB 1
  42	4047					CHNPRM_Env_En	 equ 20	;RESB 1
  43	4047					CHNPRM_Flags	 equ 21	;RESB 1
  44	4047					 ;Enabled - 0,SimpleGliss - 2
  45	4047					CHNPRM_TnSlDl	 equ 22	;RESB 1
  46	4047					CHNPRM_TSlStp	 equ 23	;RESW 1
  47	4047					CHNPRM_TnDelt	 equ 25	;RESW 1
  48	4047					CHNPRM_NtSkCn	 equ 27	;RESB 1
  49	4047					CHNPRM_Volume	 equ 28	;RESB 1
  50	4047					CHNPRM_Size	 equ 29	;RESB 1
  51	4047					;endstruc
  52	4047					
  53	4047					;struc	AR
  54	4047					AR_TonA		 equ 0	;RESW 1
  55	4047					AR_TonB		 equ 2	;RESW 1
  56	4047					AR_TonC		 equ 4	;RESW 1
  57	4047					AR_Noise	 equ 6	;RESB 1
  58	4047					AR_Mixer	 equ 7	;RESB 1
  59	4047					AR_AmplA	 equ 8	;RESB 1
  60	4047					AR_AmplB	 equ 9	;RESB 1
  61	4047					AR_AmplC	 equ 10	;RESB 1
  62	4047					AR_Env		 equ 11	;RESW 1
  63	4047					AR_EnvTp	 equ 13	;RESB 1
  64	4047					;endstruc
  65	4047					
  66	4047							; --- CODE STARTS HERE ---
  67	4047					
  68	4047	21	74	D1		CHECKLP:	LD	HL,PT3_SETUP
  69	404A	CB	FE					SET	7,(HL)
  70	404C	CB	46					BIT	0,(HL)
  71	404E	C8						RET	Z
  72	404F	E1						POP	HL
  73	4050	21	EE	D1				LD	HL,DelyCnt
  74	4053	34						INC	(HL)
  75	4054	21	B2	D1				LD	HL,ChanA+CHNPRM_NtSkCn
  76	4057	34						INC	(HL)
  77	4058	AF				PT3_MUTE:	XOR	A
  78	4059	67						LD	H,A
  79	405A	6F						LD	L,A
  80	405B	32	BC	D2				LD	(AYREGS+AR_AmplA),A
  81	405E	22	BD	D2				LD	(AYREGS+AR_AmplB),HL
  82	4061	C3	CC	45				JP	ROUT_A0
  83	4064					
  84	4064					PT3_INIT:	;HL - AddressOfModule - 100
  85	4064	22	75	D1				LD (PT3_MODADDR),HL
  86	4067	E5						PUSH HL
  87	4068	11	64	00				LD DE,100
  88	406B	19						ADD HL,DE
  89	406C	7E						LD A,(HL)
  90	406D	32	90	D1				LD (PT3_Delay),A
  91	4070	E5						PUSH HL
  92	4071	DD	E1					POP IX
  93	4073	19						ADD HL,DE
  94	4074	22	77	D1				LD (PT3_CrPsPtr),HL
  95	4077	DD	5E	02				LD E,(IX+102-100)
  96	407A	19						ADD HL,DE
  97	407B	23						INC HL
  98	407C	22	8C	D1				LD (PT3_LPosPtr),HL
  99	407F	D1						POP DE
 100	4080	DD	6E	03				LD L,(IX+103-100)
 101	4083	DD	66	04				LD H,(IX+104-100)
 102	4086	19						ADD HL,DE
 103	4087	22	8E	D1				LD (PT3_PatsPtr),HL
 104	408A	21	A9	00				LD HL,169
 105	408D	19						ADD HL,DE
 106	408E	22	7B	D1				LD (PT3_OrnPtrs),HL
 107	4091	21	69	00				LD HL,105
 108	4094	19						ADD HL,DE
 109	4095	22	79	D1				LD (PT3_SAMPTRS),HL
 110	4098	21	74	D1				LD HL,PT3_SETUP
 111	409B	CB	BE					RES 7,(HL)
 112	409D					
 113	409D							; --- note table data depacker ---
 114	409D							; Depacks first 12 tones of each tone table
 115	409D					
 116	409D	11	40	46				LD DE,T_PACK
 117	40A0	01	25	D3				LD BC,T1_+(2*49)-1
 118	40A3	1A				LOCAL_TP_0:		LD A,(DE)
 119	40A4	13						INC DE
 120	40A5	FE	1E					CP 15*2
 121	40A7	30	06					JR NC,LOCAL_TP_1
 122	40A9	67						LD H,A
 123	40AA	1A						LD A,(DE)
 124	40AB	6F						LD L,A
 125	40AC	13						INC DE
 126	40AD	18	07					JR LOCAL_TP_2
 127	40AF	D5				LOCAL_TP_1:		PUSH DE
 128	40B0	16	00					LD D,0
 129	40B2	5F						LD E,A
 130	40B3	19						ADD HL,DE
 131	40B4	19						ADD HL,DE
 132	40B5	D1						POP DE
 133	40B6	7C				LOCAL_TP_2:		LD A,H
 134	40B7	02						LD (BC),A
 135	40B8	0B						DEC BC
 136	40B9	7D						LD A,L
 137	40BA	02						LD (BC),A
 138	40BB	0B						DEC BC
 139	40BC	D6	F0					SUB #F0
 140	40BE	20	E3					JR NZ,LOCAL_TP_0
 141	40C0					
 142	40C0							; --- INITIALIZE PT3 VARIABLES ---
 143	40C0	21	97	D1				LD HL,VARS
 144	40C3	77						LD (HL),A
 145	40C4	11	98	D1				LD DE,VARS+1
 146	40C7	01	2C	01				LD BC,VAR0END-VARS-1
 147	40CA	ED	B0					LDIR
 148	40CC					
 149	40CC	3C						INC A
 150	40CD	32	EE	D1				LD (DelyCnt),A
 151	40D0	21	01	F0				LD HL,#F001 ;H - CHNPRM_Volume, L - CHNPRM_NtSkCn
 152	40D3	22	B2	D1				LD (ChanA+CHNPRM_NtSkCn),HL
 153	40D6	22	CF	D1				LD (ChanB+CHNPRM_NtSkCn),HL
 154	40D9	22	EC	D1				LD (ChanC+CHNPRM_NtSkCn),HL
 155	40DC					
 156	40DC	21	3C	46				LD HL,EMPTYSAMORN
 157	40DF	22	86	D1				LD (PT3_AdInPtA),HL ;ptr to zero
 158	40E2	22	A4	D1				LD (ChanA+CHNPRM_OrnPtr),HL ;ornament 0 is "0,1,0"
 159	40E5	22	C1	D1				LD (ChanB+CHNPRM_OrnPtr),HL ;in all versions from
 160	40E8	22	DE	D1				LD (ChanC+CHNPRM_OrnPtr),HL ;3.xx to 3.6x and VTII
 161	40EB					
 162	40EB	22	A6	D1				LD (ChanA+CHNPRM_SamPtr),HL ;S1 There is no default
 163	40EE	22	C3	D1				LD (ChanB+CHNPRM_SamPtr),HL ;S2 sample in PT3, so, you
 164	40F1	22	E0	D1				LD (ChanC+CHNPRM_SamPtr),HL ;S3 can comment S1,2,3; see
 165	40F4										    ;also EMPTYSAMORN comment
 166	40F4					
 167	40F4							; --- NOTE TABLE CREATOR (c) Ivan Roshin, adapted by SapphiRe ---
 168	40F4	DD	7E	FF				LD A,(IX+99-100) ;TONE TABLE NUMBER
 169	40F7	17						RLA
 170	40F8	E6	07					AND 7
 171	40FA	21	EC	45				LD HL,NT_DATA
 172	40FD	D5						PUSH DE
 173	40FE	50						LD D,B		; ld d,0 (bc is 0000 after LDIR)
 174	40FF	87						ADD A,A
 175	4100	5F						LD E,A
 176	4101	19						ADD HL,DE	; hl -> init of correct note table data
 177	4102	5E						LD E,(HL)
 178	4103	23						INC HL
 179	4104	CB	3B					SRL E
 180	4106	9F						SBC A,A
 181	4107	E6	A7					AND #A7			;#00 (NOP) or #A7 (AND A)
 182	4109	32	95	D1				LD (PT3_NTL3),A		; CORRECT INSTRUCTION, DEPENDS OF SELECTED TABLE
 183	410C	3E	C9					LD A,#C9		; RET CODE
 184	410E	32	96	D1				LD (PT3_NTL3+1),A	; RET PLACED
 185	4111	EB						EX DE,HL
 186	4112	C1						POP BC ;BC=T1_
 187	4113	09						ADD HL,BC
 188	4114					
 189	4114	1A						LD A,(DE)                           
 190	4115					
 191	4115	01	FC	45				LD BC,T_
 192	4118	81						ADD A,C
 193	4119	4F						LD C,A
 194	411A	88						ADC A,B
 195	411B					
 196	411B	91						SUB C
 197	411C	47						LD B,A
 198	411D	C5						PUSH BC
 199	411E	11	F4	D1				LD DE,NT_
 200	4121	D5						PUSH DE
 201	4122					
 202	4122	06	0C					LD B,12
 203	4124	C5				LOCAL_L1:		PUSH BC
 204	4125	4E						LD C,(HL)
 205	4126	23						INC HL
 206	4127	E5						PUSH HL
 207	4128	46						LD B,(HL)
 208	4129					
 209	4129	D5						PUSH DE
 210	412A	EB						EX DE,HL
 211	412B	11	17	00				LD DE,23
 212	412E	DD	26	08				 db #DD,#26,#08	;LD XH,8
 213	4131					
 214	4131	CB	38			LOCAL_L2:		SRL B
 215	4133	CB	19					RR C
 216	4135	CD	95	D1		LOCAL_L3:		CALL PT3_NTL3	;AND A or NOP
 217	4138	79						LD A,C
 218	4139	8A						ADC A,D	;=ADC 0
 219	413A	77						LD (HL),A
 220	413B	23						INC HL
 221	413C	78						LD A,B
 222	413D	8A						ADC A,D
 223	413E	77						LD (HL),A
 224	413F	19						ADD HL,DE
 225	4140	DD	25					 db #DD,#25	;DEC XH
 226	4142	20	ED					JR NZ,LOCAL_L2
 227	4144					
 228	4144	D1						POP DE
 229	4145	13						INC DE
 230	4146	13						INC DE
 231	4147	E1						POP HL
 232	4148	23						INC HL
 233	4149	C1						POP BC
 234	414A	10	D8					DJNZ LOCAL_L1
 235	414C					
 236	414C	E1						POP HL
 237	414D	D1						POP DE
 238	414E					
 239	414E	7B						LD A,E
 240	414F	D5						PUSH DE
 241	4150	11	08	46				LD DE,TCOLD_1
 242	4153	BB						CP E
 243	4154	D1						POP DE
 244	4155	20	05					JR NZ,LOCAL_CORR_1
 245	4157	3E	FD					LD A,#FD
 246	4159	32	22	D2				LD (NT_+#2E),A
 247	415C					
 248	415C	1A				LOCAL_CORR_1:	LD A,(DE)
 249	415D	A7						AND A
 250	415E	28	11					JR Z,LOCAL_TC_EXIT
 251	4160	1F						RRA
 252	4161	F5						PUSH AF
 253	4162	87						ADD A,A
 254	4163	4F						LD C,A
 255	4164	09						ADD HL,BC
 256	4165	F1						POP AF
 257	4166	30	02					JR NC,LOCAL_CORR_2
 258	4168	35						DEC (HL)
 259	4169	35						DEC (HL)
 260	416A	34				LOCAL_CORR_2:	INC (HL)
 261	416B	A7						AND A
 262	416C	ED	42					SBC HL,BC
 263	416E	13						INC DE
 264	416F	18	EB					JR LOCAL_CORR_1
 265	4171					
 266	4171					LOCAL_TC_EXIT:	;POP AF
 267	4171					
 268	4171							; --- CREATE PT3 VOLUME TABLE (c) Ivan Roshin, adapted by SapphiRe ---
 269	4171	21	11	00				ld	hl,#11
 270	4174	54						ld	d,h
 271	4175	5C						ld	e,h
 272	4176	DD	21	C4	D2			ld	IX,VT_+16
 273	417A	06	0F					ld	b,15
 274	417C	E5				LOCAL_INITV1:	push	hl
 275	417D	19						add	hl,de
 276	417E	EB						ex	de,hl
 277	417F	ED	62					sbc	hl,hl
 278	4181	48						ld	c,b
 279	4182	06	10					ld	b,16
 280	4184	7D				LOCAL_INITV2:	ld	a,l
 281	4185	17						rla
 282	4186	7C						ld	a,h
 283	4187	CE	00					adc	a,0
 284	4189	DD	77	00				ld	(ix+0),a
 285	418C	DD	23					inc	ix
 286	418E	19						add	hl,de
 287	418F	10	F3					djnz	LOCAL_INITV2
 288	4191	E1						pop	hl
 289	4192	7B						ld	a,e
 290	4193	FE	77					cp	#77
 291	4195	20	01					jr	nz,LOCAL_INITV3
 292	4197	1C						inc	e
 293	4198	41				LOCAL_INITV3:	ld	b,c
 294	4199	10	E1					djnz	LOCAL_INITV1
 295	419B					
 296	419B	C9						RET
 297	419C					
 298	419C							;pattern decoder
 299	419C	DD	36	08	00	PD_OrSm:	LD (IX+(CHNPRM_Env_En-12)),0
 300	41A0	CD	40	43				CALL SETORN
 301	41A3	0A						LD A,(BC)
 302	41A4	03						INC BC
 303	41A5	0F						RRCA
 304	41A6					
 305	41A6	87				PD_SAM:		ADD A,A
 306	41A7	5F				PD_SAM_:	LD E,A
 307	41A8	16	00					LD D,0
 308	41AA	2A	79	D1				LD HL,(PT3_SAMPTRS)
 309	41AD	19						ADD HL,DE
 310	41AE	5E						LD E,(HL)
 311	41AF	23						INC HL
 312	41B0	56						LD D,(HL)
 313	41B1	2A	75	D1				LD HL,(PT3_MODADDR)
 314	41B4	19						ADD HL,DE
 315	41B5	DD	75	03				LD (IX+(CHNPRM_SamPtr-12)),L
 316	41B8	DD	74	04				LD (IX+(CHNPRM_SamPtr+1-12)),H
 317	41BB	18	41					JR PD_LOOP
 318	41BD					
 319	41BD	07				PD_VOL:		RLCA
 320	41BE	07						RLCA
 321	41BF	07						RLCA
 322	41C0	07						RLCA
 323	41C1	DD	77	10				LD (IX+(CHNPRM_Volume-12)),A
 324	41C4	18	3B					JR PD_LP2
 325	41C6						
 326	41C6	DD	77	08		PD_EOff:	LD (IX+(CHNPRM_Env_En-12)),A
 327	41C9	DD	77	F4				LD (IX+(CHNPRM_PsInOr-12)),A
 328	41CC	18	33					JR PD_LP2
 329	41CE					
 330	41CE	3D				PD_SorE:	DEC A
 331	41CF	20	07					JR NZ,PD_ENV
 332	41D1	0A						LD A,(BC)
 333	41D2	03						INC BC
 334	41D3	DD	77	05				LD (IX+(CHNPRM_NNtSkp-12)),A
 335	41D6	18	29					JR PD_LP2
 336	41D8					
 337	41D8	CD	24	43		PD_ENV:		CALL SETENV
 338	41DB	18	24					JR PD_LP2
 339	41DD					
 340	41DD	CD	40	43		PD_ORN:		CALL SETORN
 341	41E0	18	1C					JR PD_LOOP
 342	41E2					       
 343	41E2	DD	77	08		PD_ESAM:	LD (IX+(CHNPRM_Env_En-12)),A
 344	41E5	DD	77	F4				LD (IX+(CHNPRM_PsInOr-12)),A
 345	41E8	C4	24	43				CALL NZ,SETENV
 346	41EB	0A						LD A,(BC)
 347	41EC	03						INC BC
 348	41ED	18	B8					JR PD_SAM_
 349	41EF					
 350	41EF	DD	7E	06		PTDECOD:	LD A,(IX+(CHNPRM_Note-12))
 351	41F2	32	83	D1				LD (PT3_PrNote),A
 352	41F5	DD	6E	FA				LD L,(IX+(CHNPRM_CrTnSl-12))
 353	41F8	DD	66	FB				LD H,(IX+(CHNPRM_CrTnSl+1-12))
 354	41FB	22	84	D1				LD (PT3_PrSlide),HL
 355	41FE					
 356	41FE	11	10	20		PD_LOOP:	LD DE,#2010
 357	4201	0A				PD_LP2:		LD A,(BC)
 358	4202	03						INC BC
 359	4203	83						ADD A,E
 360	4204	38	96					JR C,PD_OrSm
 361	4206	82						ADD A,D
 362	4207	28	64					JR Z,PD_FIN
 363	4209	38	9B					JR C,PD_SAM
 364	420B	83						ADD A,E
 365	420C	28	25					JR Z,PD_REL
 366	420E	38	AD					JR C,PD_VOL
 367	4210	83						ADD A,E
 368	4211	28	B3					JR Z,PD_EOff
 369	4213	38	B9					JR C,PD_SorE
 370	4215	C6	60					ADD A,96
 371	4217	38	20					JR C,PD_NOTE
 372	4219	83						ADD A,E
 373	421A	38	C1					JR C,PD_ORN
 374	421C	82						ADD A,D
 375	421D	38	0F					JR C,PD_NOIS
 376	421F	83						ADD A,E
 377	4220	38	C0					JR C,PD_ESAM
 378	4222	87						ADD A,A
 379	4223	5F						LD E,A
 380	4224	2A	79	22				LD HL,((SPCCOMS+#DF20) % 65536)	; Adapted from original Speccy version (saves 6 bytes)
 381	4227	19						ADD HL,DE
 382	4228	5E						LD E,(HL)
 383	4229	23						INC HL
 384	422A	56						LD D,(HL)
 385	422B	D5						PUSH DE
 386	422C	18	D0					JR PD_LOOP
 387	422E					
 388	422E	32	F2	D1		PD_NOIS:	LD (Ns_Base),A
 389	4231	18	CE					JR PD_LP2
 390	4233					
 391	4233	DD	CB	09	86	PD_REL:		RES 0,(IX+(CHNPRM_Flags-12))
 392	4237	18	08					JR PD_RES
 393	4239						
 394	4239	DD	77	06		PD_NOTE:	LD (IX+(CHNPRM_Note-12)),A
 395	423C	DD	CB	09	C6			SET 0,(IX+(CHNPRM_Flags-12))
 396	4240	AF						XOR A
 397	4241					
 398	4241	ED	73	7D	D1	PD_RES:		LD (PT3_PDSP),SP
 399	4245	DD	77	F4				LD (IX+(CHNPRM_PsInOr-12)),A
 400	4248	DD	77	F5				LD (IX+(CHNPRM_PsInSm-12)),A
 401	424B	DD	77	F6				LD (IX+(CHNPRM_CrAmSl-12)),A
 402	424E	DD	77	F7				LD (IX+(CHNPRM_CrNsSl-12)),A
 403	4251	DD	77	F8				LD (IX+(CHNPRM_CrEnSl-12)),A
 404	4254	DD	77	F9				LD (IX+(CHNPRM_TSlCnt-12)),A
 405	4257	DD	77	FA				LD (IX+(CHNPRM_CrTnSl-12)),A
 406	425A	DD	77	FB				LD (IX+(CHNPRM_CrTnSl+1-12)),A
 407	425D	DD	77	FC				LD (IX+(CHNPRM_TnAcc-12)),A
 408	4260	DD	77	FD				LD (IX+(CHNPRM_TnAcc+1-12)),A
 409	4263	DD	77	FE				LD (IX+(CHNPRM_COnOff-12)),A
 410	4266	DD	77	FF				LD (IX+(CHNPRM_OnOffD-12)),A
 411	4269	ED	7B	7D	D1			LD SP,(PT3_PDSP)
 412	426D					
 413	426D	DD	7E	05		PD_FIN:		LD A,(IX+(CHNPRM_NNtSkp-12))
 414	4270	DD	77	0F				LD (IX+(CHNPRM_NtSkCn-12)),A
 415	4273	C9						RET
 416	4274					
 417	4274	DD	CB	09	96	C_PORTM:	RES 2,(IX+(CHNPRM_Flags-12))
 418	4278	0A						LD A,(BC)
 419	4279	03						INC BC
 420	427A							;SKIP PRECALCULATED TONE DELTA (BECAUSE
 421	427A							;CANNOT BE RIGHT AFTER PT3 COMPILATION)
 422	427A	03						INC BC
 423	427B	03						INC BC
 424	427C	DD	77	0A				LD (IX+(CHNPRM_TnSlDl-12)),A
 425	427F	DD	77	F9				LD (IX+(CHNPRM_TSlCnt-12)),A
 426	4282	11	F4	D1				LD DE,NT_
 427	4285	DD	7E	06				LD A,(IX+(CHNPRM_Note-12))
 428	4288	DD	77	07				LD (IX+(CHNPRM_SlToNt-12)),A
 429	428B	87						ADD A,A
 430	428C	6F						LD L,A
 431	428D	26	00					LD H,0
 432	428F	19						ADD HL,DE
 433	4290	7E						LD A,(HL)
 434	4291	23						INC HL
 435	4292	66						LD H,(HL)
 436	4293	6F						LD L,A
 437	4294	E5						PUSH HL
 438	4295	3A	83	D1				LD A,(PT3_PrNote)
 439	4298	DD	77	06				LD (IX+(CHNPRM_Note-12)),A
 440	429B	87						ADD A,A
 441	429C	6F						LD L,A
 442	429D	26	00					LD H,0
 443	429F	19						ADD HL,DE
 444	42A0	5E						LD E,(HL)
 445	42A1	23						INC HL
 446	42A2	56						LD D,(HL)
 447	42A3	E1						POP HL
 448	42A4	ED	52					SBC HL,DE
 449	42A6	DD	75	0D				LD (IX+(CHNPRM_TnDelt-12)),L
 450	42A9	DD	74	0E				LD (IX+(CHNPRM_TnDelt+1-12)),H
 451	42AC	ED	5B	84	D1			LD DE,(PT3_PrSlide)
 452	42B0	DD	73	FA				LD (IX+(CHNPRM_CrTnSl-12)),E
 453	42B3	DD	72	FB				LD (IX+(CHNPRM_CrTnSl+1-12)),D
 454	42B6	0A						LD A,(BC) ;SIGNED TONE STEP
 455	42B7	03						INC BC
 456	42B8	08						EX AF,AF'
 457	42B9	0A						LD A,(BC)
 458	42BA	03						INC BC
 459	42BB	A7						AND A
 460	42BC	28	01					JR Z,LOCAL_NOSIG
 461	42BE	EB						EX DE,HL
 462	42BF	ED	52			LOCAL_NOSIG:	SBC HL,DE
 463	42C1	F2	C9	42				JP P,SET_STP
 464	42C4	2F						CPL
 465	42C5	08						EX AF,AF'
 466	42C6	ED	44					NEG
 467	42C8	08						EX AF,AF'
 468	42C9	DD	77	0C		SET_STP:	LD (IX+(CHNPRM_TSlStp+1-12)),A
 469	42CC	08						EX AF,AF'
 470	42CD	DD	77	0B				LD (IX+(CHNPRM_TSlStp-12)),A
 471	42D0	DD	36	FE	00			LD (IX+(CHNPRM_COnOff-12)),0
 472	42D4	C9						RET
 473	42D5					
 474	42D5	DD	CB	09	D6	C_GLISS:	SET 2,(IX+(CHNPRM_Flags-12))
 475	42D9	0A						LD A,(BC)
 476	42DA	03						INC BC
 477	42DB	DD	77	0A				LD (IX+(CHNPRM_TnSlDl-12)),A
 478	42DE	DD	77	F9				LD (IX+(CHNPRM_TSlCnt-12)),A
 479	42E1	0A						LD A,(BC)
 480	42E2	03						INC BC
 481	42E3	08						EX AF,AF'
 482	42E4	0A						LD A,(BC)
 483	42E5	03						INC BC
 484	42E6	18	E1					JR SET_STP
 485	42E8					
 486	42E8	0A				C_SMPOS:	LD A,(BC)
 487	42E9	03						INC BC
 488	42EA	DD	77	F5				LD (IX+(CHNPRM_PsInSm-12)),A
 489	42ED	C9						RET
 490	42EE					
 491	42EE	0A				C_ORPOS:	LD A,(BC)
 492	42EF	03						INC BC
 493	42F0	DD	77	F4				LD (IX+(CHNPRM_PsInOr-12)),A
 494	42F3	C9						RET
 495	42F4					
 496	42F4	0A				C_VIBRT:	LD A,(BC)
 497	42F5	03						INC BC
 498	42F6	DD	77	FF				LD (IX+(CHNPRM_OnOffD-12)),A
 499	42F9	DD	77	FE				LD (IX+(CHNPRM_COnOff-12)),A
 500	42FC	0A						LD A,(BC)
 501	42FD	03						INC BC
 502	42FE	DD	77	00				LD (IX+(CHNPRM_OffOnD-12)),A
 503	4301	AF						XOR A
 504	4302	DD	77	F9				LD (IX+(CHNPRM_TSlCnt-12)),A
 505	4305	DD	77	FA				LD (IX+(CHNPRM_CrTnSl-12)),A
 506	4308	DD	77	FB				LD (IX+(CHNPRM_CrTnSl+1-12)),A
 507	430B	C9						RET
 508	430C					
 509	430C	0A				C_ENGLS:	LD A,(BC)
 510	430D	03						INC BC
 511	430E	32	92	D1				LD (PT3_Env_Del),A
 512	4311	32	F1	D1				LD (CurEDel),A
 513	4314	0A						LD A,(BC)
 514	4315	03						INC BC
 515	4316	6F						LD L,A
 516	4317	0A						LD A,(BC)
 517	4318	03						INC BC
 518	4319	67						LD H,A
 519	431A	22	93	D1				LD (PT3_ESldAdd),HL
 520	431D	C9						RET
 521	431E					
 522	431E	0A				C_DELAY:	LD A,(BC)
 523	431F	03						INC BC
 524	4320	32	90	D1				LD (PT3_Delay),A
 525	4323	C9						RET
 526	4324						
 527	4324	DD	73	08		SETENV:		LD (IX+(CHNPRM_Env_En-12)),E
 528	4327	32	C1	D2				LD (AYREGS+AR_EnvTp),A
 529	432A	0A						LD A,(BC)
 530	432B	03						INC BC
 531	432C	67						LD H,A
 532	432D	0A						LD A,(BC)
 533	432E	03						INC BC
 534	432F	6F						LD L,A
 535	4330	22	C2	D2				LD (EnvBase),HL
 536	4333	AF						XOR A
 537	4334	DD	77	F4				LD (IX+(CHNPRM_PsInOr-12)),A
 538	4337	32	F1	D1				LD (CurEDel),A
 539	433A	67						LD H,A
 540	433B	6F						LD L,A
 541	433C	22	EF	D1				LD (CurESld),HL
 542	433F	C9				C_NOP:		RET
 543	4340					
 544	4340	87				SETORN:		ADD A,A
 545	4341	5F						LD E,A
 546	4342	16	00					LD D,0
 547	4344	DD	72	F4				LD (IX+(CHNPRM_PsInOr-12)),D
 548	4347	2A	7B	D1				LD HL,(PT3_OrnPtrs)
 549	434A	19						ADD HL,DE
 550	434B	5E						LD E,(HL)
 551	434C	23						INC HL
 552	434D	56						LD D,(HL)
 553	434E	2A	75	D1				LD HL,(PT3_MODADDR)
 554	4351	19						ADD HL,DE
 555	4352	DD	75	01				LD (IX+(CHNPRM_OrnPtr-12)),L
 556	4355	DD	74	02				LD (IX+(CHNPRM_OrnPtr+1-12)),H
 557	4358	C9						RET
 558	4359					
 559	4359							;ALL 16 ADDRESSES TO PROTECT FROM BROKEN PT3 MODULES
 560	4359	3F	43			SPCCOMS:	 dw C_NOP
 561	435B	D5	42					 dw C_GLISS
 562	435D	74	42					 dw C_PORTM
 563	435F	E8	42					 dw C_SMPOS
 564	4361	EE	42					 dw C_ORPOS
 565	4363	F4	42					 dw C_VIBRT
 566	4365	3F	43					 dw C_NOP
 567	4367	3F	43					 dw C_NOP
 568	4369	0C	43					 dw C_ENGLS
 569	436B	1E	43					 dw C_DELAY
 570	436D	3F	43					 dw C_NOP
 571	436F	3F	43					 dw C_NOP
 572	4371	3F	43					 dw C_NOP
 573	4373	3F	43					 dw C_NOP
 574	4375	3F	43					 dw C_NOP
 575	4377	3F	43					 dw C_NOP
 576	4379					
 577	4379	AF				CHREGS:		XOR A
 578	437A	32	BE	D2				LD (AYREGS+AR_AmplC),A
 579	437D	DD	CB	15	46			BIT 0,(IX+CHNPRM_Flags)
 580	4381	E5						PUSH HL
 581	4382	CA	A8	44				JP Z,LOCAL_CH_EXIT
 582	4385	ED	73	7F	D1			LD (PT3_CSP),SP
 583	4389	DD	6E	0D				LD L,(IX+CHNPRM_OrnPtr)
 584	438C	DD	66	0E				LD H,(IX+CHNPRM_OrnPtr+1)
 585	438F	F9						LD SP,HL
 586	4390	D1						POP DE
 587	4391	67						LD H,A
 588	4392	DD	7E	00				LD A,(IX+CHNPRM_PsInOr)
 589	4395	6F						LD L,A
 590	4396	39						ADD HL,SP
 591	4397	3C						INC A
 592	4398	BA						CP D
 593	4399	38	01					JR C,LOCAL_CH_ORPS
 594	439B	7B						LD A,E
 595	439C	DD	77	00		LOCAL_CH_ORPS:	LD (IX+CHNPRM_PsInOr),A
 596	439F	DD	7E	12				LD A,(IX+CHNPRM_Note)
 597	43A2	86						ADD A,(HL)
 598	43A3	F2	A7	43				JP P,LOCAL_CH_NTP
 599	43A6	AF						XOR A
 600	43A7	FE	60			LOCAL_CH_NTP:	CP 96
 601	43A9	38	02					JR C,LOCAL_CH_NOK
 602	43AB	3E	5F					LD A,95
 603	43AD	87				LOCAL_CH_NOK:	ADD A,A
 604	43AE	08						EX AF,AF'
 605	43AF	DD	6E	0F				LD L,(IX+CHNPRM_SamPtr)
 606	43B2	DD	66	10				LD H,(IX+CHNPRM_SamPtr+1)
 607	43B5	F9						LD SP,HL
 608	43B6	D1						POP DE
 609	43B7	26	00					LD H,0
 610	43B9	DD	7E	01				LD A,(IX+CHNPRM_PsInSm)
 611	43BC	47						LD B,A
 612	43BD	87						ADD A,A
 613	43BE	87						ADD A,A
 614	43BF	6F						LD L,A
 615	43C0	39						ADD HL,SP
 616	43C1	F9						LD SP,HL
 617	43C2	78						LD A,B
 618	43C3	3C						INC A
 619	43C4	BA						CP D
 620	43C5	38	01					JR C,LOCAL_CH_SMPS
 621	43C7	7B						LD A,E
 622	43C8	DD	77	01		LOCAL_CH_SMPS:	LD (IX+CHNPRM_PsInSm),A
 623	43CB	C1						POP BC
 624	43CC	E1						POP HL
 625	43CD	DD	5E	08				LD E,(IX+CHNPRM_TnAcc)
 626	43D0	DD	56	09				LD D,(IX+CHNPRM_TnAcc+1)
 627	43D3	19						ADD HL,DE
 628	43D4	CB	70					BIT 6,B
 629	43D6	28	06					JR Z,LOCAL_CH_NOAC
 630	43D8	DD	75	08				LD (IX+CHNPRM_TnAcc),L
 631	43DB	DD	74	09				LD (IX+CHNPRM_TnAcc+1),H
 632	43DE	EB				LOCAL_CH_NOAC:	EX DE,HL
 633	43DF	08						EX AF,AF'
 634	43E0	6F						LD L,A
 635	43E1	26	00					LD H,0
 636	43E3	31	F4	D1				LD SP,NT_
 637	43E6	39						ADD HL,SP
 638	43E7	F9						LD SP,HL
 639	43E8	E1						POP HL
 640	43E9	19						ADD HL,DE
 641	43EA	DD	5E	06				LD E,(IX+CHNPRM_CrTnSl)
 642	43ED	DD	56	07				LD D,(IX+CHNPRM_CrTnSl+1)
 643	43F0	19						ADD HL,DE
 644	43F1	ED	7B	7F	D1			LD SP,(PT3_CSP)
 645	43F5	E3						EX (SP),HL
 646	43F6	AF						XOR A
 647	43F7	DD	B6	05				OR (IX+CHNPRM_TSlCnt)
 648	43FA	28	3E					JR Z,LOCAL_CH_AMP
 649	43FC	DD	35	05				DEC (IX+CHNPRM_TSlCnt)
 650	43FF	20	39					JR NZ,LOCAL_CH_AMP
 651	4401	DD	7E	16				LD A,(IX+CHNPRM_TnSlDl)
 652	4404	DD	77	05				LD (IX+CHNPRM_TSlCnt),A
 653	4407	DD	6E	17				LD L,(IX+CHNPRM_TSlStp)
 654	440A	DD	66	18				LD H,(IX+CHNPRM_TSlStp+1)
 655	440D	7C						LD A,H
 656	440E	19						ADD HL,DE
 657	440F	DD	75	06				LD (IX+CHNPRM_CrTnSl),L
 658	4412	DD	74	07				LD (IX+CHNPRM_CrTnSl+1),H
 659	4415	DD	CB	15	56			BIT 2,(IX+CHNPRM_Flags)
 660	4419	20	1F					JR NZ,LOCAL_CH_AMP
 661	441B	DD	5E	19				LD E,(IX+CHNPRM_TnDelt)
 662	441E	DD	56	1A				LD D,(IX+CHNPRM_TnDelt+1)
 663	4421	A7						AND A
 664	4422	28	01					JR Z,LOCAL_CH_STPP
 665	4424	EB						EX DE,HL
 666	4425	ED	52			LOCAL_CH_STPP:	SBC HL,DE
 667	4427	FA	3A	44				JP M,LOCAL_CH_AMP
 668	442A	DD	7E	13				LD A,(IX+CHNPRM_SlToNt)
 669	442D	DD	77	12				LD (IX+CHNPRM_Note),A
 670	4430	AF						XOR A
 671	4431	DD	77	05				LD (IX+CHNPRM_TSlCnt),A
 672	4434	DD	77	06				LD (IX+CHNPRM_CrTnSl),A
 673	4437	DD	77	07				LD (IX+CHNPRM_CrTnSl+1),A
 674	443A	DD	7E	02		LOCAL_CH_AMP:	LD A,(IX+CHNPRM_CrAmSl)
 675	443D	CB	79					BIT 7,C
 676	443F	28	13					JR Z,LOCAL_CH_NOAM
 677	4441	CB	71					BIT 6,C
 678	4443	28	07					JR Z,LOCAL_CH_AMIN
 679	4445	FE	0F					CP 15
 680	4447	28	0B					JR Z,LOCAL_CH_NOAM
 681	4449	3C						INC A
 682	444A	18	05					JR LOCAL_CH_SVAM
 683	444C	FE	F1			LOCAL_CH_AMIN:	CP -15
 684	444E	28	04					JR Z,LOCAL_CH_NOAM
 685	4450	3D						DEC A
 686	4451	DD	77	02		LOCAL_CH_SVAM:	LD (IX+CHNPRM_CrAmSl),A
 687	4454	6F				LOCAL_CH_NOAM:	LD L,A
 688	4455	78						LD A,B
 689	4456	E6	0F					AND 15
 690	4458	85						ADD A,L
 691	4459	F2	5D	44				JP P,LOCAL_CH_APOS
 692	445C	AF						XOR A
 693	445D	FE	10			LOCAL_CH_APOS:	CP 16
 694	445F	38	02					JR C,LOCAL_CH_VOL
 695	4461	3E	0F					LD A,15
 696	4463	DD	B6	1C		LOCAL_CH_VOL:	OR (IX+CHNPRM_Volume)
 697	4466	6F						LD L,A
 698	4467	26	00					LD H,0
 699	4469	11	B4	D2				LD DE,VT_
 700	446C	19						ADD HL,DE
 701	446D	7E						LD A,(HL)
 702	446E	CB	41			LOCAL_CH_ENV:	BIT 0,C
 703	4470	20	03					JR NZ,LOCAL_CH_NOEN
 704	4472	DD	B6	14				OR (IX+CHNPRM_Env_En)
 705	4475	32	BE	D2		LOCAL_CH_NOEN:	LD (AYREGS+AR_AmplC),A
 706	4478	CB	78					BIT 7,B
 707	447A	79						LD A,C
 708	447B	28	19					JR Z,LOCAL_NO_ENSL
 709	447D	17						RLA
 710	447E	17						RLA
 711	447F	CB	2F					SRA A
 712	4481	CB	2F					SRA A
 713	4483	CB	2F					SRA A
 714	4485	DD	86	04				ADD A,(IX+CHNPRM_CrEnSl) ;SEE COMMENT BELOW
 715	4488	CB	68					BIT 5,B
 716	448A	28	03					JR Z,LOCAL_NO_ENAC
 717	448C	DD	77	04				LD (IX+CHNPRM_CrEnSl),A
 718	448F	21	91	D1		LOCAL_NO_ENAC:	LD HL,PT3_AddToEn
 719	4492	86						ADD A,(HL) ;BUG IN PT3 - NEED WORD HERE.
 720	4493								   ;FIX IT IN NEXT VERSION?
 721	4493	77						LD (HL),A
 722	4494	18	0E					JR LOCAL_CH_MIX
 723	4496	1F				LOCAL_NO_ENSL:	RRA
 724	4497	DD	86	03				ADD A,(IX+CHNPRM_CrNsSl)
 725	449A	32	F3	D1				LD (AddToNs),A
 726	449D	CB	68					BIT 5,B
 727	449F	28	03					JR Z,LOCAL_CH_MIX
 728	44A1	DD	77	03				LD (IX+CHNPRM_CrNsSl),A
 729	44A4	78				LOCAL_CH_MIX:	LD A,B
 730	44A5	1F						RRA
 731	44A6	E6	48					AND #48
 732	44A8	21	BB	D2		LOCAL_CH_EXIT:	LD HL,AYREGS+AR_Mixer
 733	44AB	B6						OR (HL)
 734	44AC	0F						RRCA
 735	44AD	77						LD (HL),A
 736	44AE	E1						POP HL
 737	44AF	AF						XOR A
 738	44B0	DD	B6	0A				OR (IX+CHNPRM_COnOff)
 739	44B3	C8						RET Z
 740	44B4	DD	35	0A				DEC (IX+CHNPRM_COnOff)
 741	44B7	C0						RET NZ
 742	44B8	DD	AE	15				XOR (IX+CHNPRM_Flags)
 743	44BB	DD	77	15				LD (IX+CHNPRM_Flags),A
 744	44BE	1F						RRA
 745	44BF	DD	7E	0B				LD A,(IX+CHNPRM_OnOffD)
 746	44C2	38	03					JR C,LOCAL_CH_ONDL
 747	44C4	DD	7E	0C				LD A,(IX+CHNPRM_OffOnD)
 748	44C7	DD	77	0A		LOCAL_CH_ONDL:	LD (IX+CHNPRM_COnOff),A
 749	44CA	C9						RET
 750	44CB					
 751	44CB	AF				PT3_PLAY:	XOR A
 752	44CC	32	91	D1				LD (PT3_AddToEn),A
 753	44CF	32	BB	D2				LD (AYREGS+AR_Mixer),A
 754	44D2	3D						DEC A
 755	44D3	32	C1	D2				LD (AYREGS+AR_EnvTp),A
 756	44D6	21	EE	D1				LD HL,DelyCnt
 757	44D9	35						DEC (HL)
 758	44DA	C2	69	45				JP NZ,LOCAL_PL2
 759	44DD	21	B2	D1				LD HL,ChanA+CHNPRM_NtSkCn
 760	44E0	35						DEC (HL)
 761	44E1	20	56					JR NZ,LOCAL_PL1B
 762	44E3	ED	4B	86	D1			LD BC,(PT3_AdInPtA)
 763	44E7	0A						LD A,(BC)
 764	44E8	A7						AND A
 765	44E9	20	43					JR NZ,LOCAL_PL1A
 766	44EB	57						LD D,A
 767	44EC	32	F2	D1				LD (Ns_Base),A
 768	44EF	2A	77	D1				LD HL,(PT3_CrPsPtr)
 769	44F2	23						INC HL
 770	44F3	7E						LD A,(HL)
 771	44F4	3C						INC A
 772	44F5	20	08					JR NZ,LOCAL_PLNLP
 773	44F7	CD	47	40				CALL CHECKLP
 774	44FA	2A	8C	D1				LD HL,(PT3_LPosPtr)
 775	44FD	7E						LD A,(HL)
 776	44FE	3C						INC A
 777	44FF	22	77	D1		LOCAL_PLNLP:	LD (PT3_CrPsPtr),HL
 778	4502	3D						DEC A
 779	4503	87						ADD A,A
 780	4504	5F						LD E,A
 781	4505	CB	12					RL D
 782	4507	FD	2A	8E	D1			LD IY,(PT3_PatsPtr)
 783	450B	FD	19					ADD IY,DE
 784	450D	ED	5B	75	D1			LD DE,(PT3_MODADDR)
 785	4511	FD	6E	00				LD L,(IY+0)
 786	4514	FD	66	01				LD H,(IY+1)
 787	4517	19						ADD HL,DE
 788	4518	44						LD B,H
 789	4519	4D						LD C,L
 790	451A	FD	6E	02				LD L,(IY+2)
 791	451D	FD	66	03				LD H,(IY+3)
 792	4520	19						ADD HL,DE
 793	4521	22	88	D1				LD (PT3_AdInPtB),HL
 794	4524	FD	6E	04				LD L,(IY+4)
 795	4527	FD	66	05				LD H,(IY+5)
 796	452A	19						ADD HL,DE
 797	452B	22	8A	D1				LD (PT3_AdInPtC),HL
 798	452E					
 799	452E	DD	21	A3	D1	LOCAL_PL1A:		LD IX,ChanA+12
 800	4532	CD	EF	41				CALL PTDECOD
 801	4535	ED	43	86	D1			LD (PT3_AdInPtA),BC
 802	4539					
 803	4539	21	CF	D1		LOCAL_PL1B:		LD HL,ChanB+CHNPRM_NtSkCn
 804	453C	35						DEC (HL)
 805	453D	20	0F					JR NZ,LOCAL_PL1C
 806	453F	DD	21	C0	D1			LD IX,ChanB+12
 807	4543	ED	4B	88	D1			LD BC,(PT3_AdInPtB)
 808	4547	CD	EF	41				CALL PTDECOD
 809	454A	ED	43	88	D1			LD (PT3_AdInPtB),BC
 810	454E					
 811	454E	21	EC	D1		LOCAL_PL1C:		LD HL,ChanC+CHNPRM_NtSkCn
 812	4551	35						DEC (HL)
 813	4552	20	0F					JR NZ,LOCAL_PL1D
 814	4554	DD	21	DD	D1			LD IX,ChanC+12
 815	4558	ED	4B	8A	D1			LD BC,(PT3_AdInPtC)
 816	455C	CD	EF	41				CALL PTDECOD
 817	455F	ED	43	8A	D1			LD (PT3_AdInPtC),BC
 818	4563					
 819	4563	3A	90	D1		LOCAL_PL1D:		LD A,(PT3_Delay)
 820	4566	32	EE	D1				LD (DelyCnt),A
 821	4569					
 822	4569	DD	21	97	D1	LOCAL_PL2:		LD IX,ChanA
 823	456D	2A	B4	D2				LD HL,(AYREGS+AR_TonA)
 824	4570	CD	79	43				CALL CHREGS
 825	4573	22	B4	D2				LD (AYREGS+AR_TonA),HL
 826	4576	3A	BE	D2				LD A,(AYREGS+AR_AmplC)
 827	4579	32	BC	D2				LD (AYREGS+AR_AmplA),A
 828	457C	DD	21	B4	D1			LD IX,ChanB
 829	4580	2A	B6	D2				LD HL,(AYREGS+AR_TonB)
 830	4583	CD	79	43				CALL CHREGS
 831	4586	22	B6	D2				LD (AYREGS+AR_TonB),HL
 832	4589	3A	BE	D2				LD A,(AYREGS+AR_AmplC)
 833	458C	32	BD	D2				LD (AYREGS+AR_AmplB),A
 834	458F	DD	21	D1	D1			LD IX,ChanC
 835	4593	2A	B8	D2				LD HL,(AYREGS+AR_TonC)
 836	4596	CD	79	43				CALL CHREGS
 837	4599	22	B8	D2				LD (AYREGS+AR_TonC),HL
 838	459C					
 839	459C	2A	F2	D1				LD HL,(Ns_Base_AddToNs)
 840	459F	7C						LD A,H
 841	45A0	85						ADD A,L
 842	45A1	32	BA	D2				LD (AYREGS+AR_Noise),A
 843	45A4					
 844	45A4	3A	91	D1				LD A,(PT3_AddToEn)
 845	45A7	5F						LD E,A
 846	45A8	87						ADD A,A
 847	45A9	9F						SBC A,A
 848	45AA	57						LD D,A
 849	45AB	2A	C2	D2				LD HL,(EnvBase)
 850	45AE	19						ADD HL,DE
 851	45AF	ED	5B	EF	D1			LD DE,(CurESld)
 852	45B3	19						ADD HL,DE
 853	45B4	22	BF	D2				LD (AYREGS+AR_Env),HL
 854	45B7					
 855	45B7	AF						XOR A
 856	45B8	21	F1	D1				LD HL,CurEDel
 857	45BB	B6						OR (HL)
 858	45BC	C8						RET Z
 859	45BD	35						DEC (HL)
 860	45BE	C0						RET NZ
 861	45BF	3A	92	D1				LD A,(PT3_Env_Del)
 862	45C2	77						LD (HL),A
 863	45C3	2A	93	D1				LD HL,(PT3_ESldAdd)
 864	45C6	19						ADD HL,DE
 865	45C7	22	EF	D1				LD (CurESld),HL
 866	45CA	C9						RET
 867	45CB					
 868	45CB	AF				PT3_ROUT:	XOR A
 869	45CC						
 870	45CC					ROUT_A0:	; --- FIXES BITS 6 AND 7 OF MIXER ---
 871	45CC	21	BB	D2				LD	HL,AYREGS+AR_Mixer
 872	45CF	CB	FE					set	7,(hl)
 873	45D1	CB	B6					res	6,(hl)
 874	45D3					
 875	45D3	0E	A0					LD C,#A0
 876	45D5	21	B4	D2				LD HL,AYREGS
 877	45D8	ED	79			LOCAL_LOUT:		OUT (C),A
 878	45DA	0C						INC C
 879	45DB	ED	A3					OUTI 
 880	45DD	0D						DEC C
 881	45DE	3C						INC A
 882	45DF	FE	0D					CP 13
 883	45E1	20	F5					JR NZ,LOCAL_LOUT
 884	45E3	ED	79					OUT (C),A
 885	45E5	7E						LD A,(HL)
 886	45E6	A7						AND A
 887	45E7	F8						RET M
 888	45E8	0C						INC C
 889	45E9	ED	79					OUT (C),A
 890	45EB	C9						RET
 891	45EC					
 892	45EC	64				NT_DATA:	 db (T_NEW_0-T1_)*2
 893	45ED	2A						 db TCNEW_0-T_
 894	45EE	65						 db (T_OLD_0-T1_)*2+1
 895	45EF	00						 db TCOLD_0-T_
 896	45F0	01						 db (T_NEW_1-T1_)*2+1
 897	45F1	0C						 db TCNEW_1-T_
 898	45F2	01						 db (T_OLD_1-T1_)*2+1
 899	45F3	0C						 db TCOLD_1-T_
 900	45F4	94						 db (T_NEW_2-T1_)*2
 901	45F5	35						 db TCNEW_2-T_
 902	45F6	30						 db (T_OLD_2-T1_)*2
 903	45F7	0E						 db TCOLD_2-T_
 904	45F8	60						 db (T_NEW_3-T1_)*2
 905	45F9	20						 db TCNEW_3-T_
 906	45FA	60						 db (T_OLD_3-T1_)*2
 907	45FB	21						 db TCOLD_3-T_
 908	45FC					
 909	45FC					T_:
 910	45FC					
 911	45FC	01	05	09	0B	0D	0F	13	15	TCOLD_0:	 db #00+1,#04+1,#08+1,#0A+1,#0C+1,#0E+1,#12+1,#14+1
 912	4604	19	25	3D	00			 db #18+1,#24+1,#3C+1,0
 913	4608					TCNEW_1:	
 914	4608	5D	00			TCOLD_1:	 db #5C+1,0
 915	460A	31	37	4D	53	5F	71	82	8C	9C	TCOLD_2:	 db #30+1,#36+1,#4C+1,#52+1,#5E+1,#70+1,#82,#8C,#9C
 916	4613	9E	A0	A6	A8	AA	AC	AE	AE	00			 db #9E,#A0,#A6,#A8,#AA,#AC,#AE,#AE,0
 917	461C	57				TCNEW_3:	 db #56+1
 918	461D	1F	23	25	29	2D	2F	33	BF	00	TCOLD_3:	 db #1E+1,#22+1,#24+1,#28+1,#2C+1,#2E+1,#32+1,#BE+1,0
 919	4626	1D	21	23	27	2B	2D	31	55	TCNEW_0:	 db #1C+1,#20+1,#22+1,#26+1,#2A+1,#2C+1,#30+1,#54+1
 920	462E	BD	BF	00				 db #BC+1,#BE+1,0
 921	4631	1B	21	25	29	2B	3B	4D	5F	TCNEW_2:	 db #1A+1,#20+1,#24+1,#28+1,#2A+1,#3A+1,#4C+1,#5E+1
 922	4639	BB	BD	BF				 db #BA+1,#BC+1,#BE+1
 923	463C					
 924	463C	00	01	00	90	EMPTYSAMORN: 	 db 0,1,0,#90 ;delete #90 if you don't need default sample
 925	4640					
 926	4640					T_PACK:		; First 12 values of tone tables (packed)
 927	4640	0D	D8					 db #06EC*2/256,#06EC*2
 928	4642	69						 db #0755-#06EC
 929	4643	70						 db #07C5-#0755
 930	4644	76						 db #083B-#07C5
 931	4645	7D						 db #08B8-#083B
 932	4646	85						 db #093D-#08B8
 933	4647	8D						 db #09CA-#093D
 934	4648	95						 db #0A5F-#09CA
 935	4649	9D						 db #0AFC-#0A5F
 936	464A	A8						 db #0BA4-#0AFC
 937	464B	B1						 db #0C55-#0BA4
 938	464C	BB						 db #0D10-#0C55
 939	464D	0C	DA					 db #066D*2/256,#066D*2
 940	464F	62						 db #06CF-#066D
 941	4650	68						 db #0737-#06CF
 942	4651	6D						 db #07A4-#0737
 943	4652	75						 db #0819-#07A4
 944	4653	7B						 db #0894-#0819
 945	4654	83						 db #0917-#0894
 946	4655	8A						 db #09A1-#0917
 947	4656	92						 db #0A33-#09A1
 948	4657	9C						 db #0ACF-#0A33
 949	4658	A4						 db #0B73-#0ACF
 950	4659	AF						 db #0C22-#0B73
 951	465A	B8						 db #0CDA-#0C22
 952	465B	0E	08					 db #0704*2/256,#0704*2
 953	465D	6A						 db #076E-#0704
 954	465E	72						 db #07E0-#076E
 955	465F	78						 db #0858-#07E0
 956	4660	7E						 db #08D6-#0858
 957	4661	86						 db #095C-#08D6
 958	4662	90						 db #09EC-#095C
 959	4663	96						 db #0A82-#09EC
 960	4664	A0						 db #0B22-#0A82
 961	4665	AA						 db #0BCC-#0B22
 962	4666	B4						 db #0C80-#0BCC
 963	4667	BE						 db #0D3E-#0C80
 964	4668	0F	C0					 db #07E0*2/256,#07E0*2
 965	466A	78						 db #0858-#07E0
 966	466B	88						 db #08E0-#0858
 967	466C	80						 db #0960-#08E0
 968	466D	90						 db #09F0-#0960
 969	466E	98						 db #0A88-#09F0
 970	466F	A0						 db #0B28-#0A88
 971	4670	B0						 db #0BD8-#0B28
 972	4671	A8						 db #0C80-#0BD8
 973	4672	E0						 db #0D60-#0C80
 974	4673	B0						 db #0E10-#0D60
 975	4674	E8						 db #0EF8-#0E10
 976	4675					
# source: C:\Users\salam\Documents\Programacion\Mideas\server\temp\pt3_openmsx_demo_known_good.asm
  93	4675					
  94	4675					MusicData:
  95	4675	02	05	27	05	F1	00	00	00	9C	0C	B6	0C	BC	0C	C2	0C	E4	0C	36	0D	40	0D	E2	0D	18	0E	32	0E	64	0E	06	0F	34	0F	00	00	4A	0F	00	00	00	00	00	00	00	00	00	00	00	00	00	00	00	00	00	00	00	00	00	00	00	00	00	00	00	00	00	00	00	00	60	0F	63	0F	6F	0F	7B	0F	87	0F	93	0F	99	0F	9F	0F	00	00	00	00	00	00	00	00	00	00	00	00	00	00	A3	0F	03	06	00	09	0C	1B	0F	1B	12	12	12	15	18	1E	18	1E	21	24	21	24	00	0F	27	27	27	2A	2D	30	2D	30	12	15	33	3C	33	3C	36	39	3F	FF	33	02	D8	02	E9	02	75	01	1A	02	1A	02	75	01	1E	02	1A	02	33	02	D8	02	F0	02	00	03	A5	03	B6	03	00	03	C5	03	D6	03	00	03	C5	03	E0	03	65	04	0A	05	1C	05	A1	05	C5	03	46	06	00	03	C5	03	1A	02	A1	05	C5	03	A9	06	A1	05	1A	07	2B	07	A1	05	1A	07	51	07	A1	05	1A	07	82	07	07	08	AA	08	82	07	A1	05	1A	07	BC	08	A1	05	1A	07	15	09	A1	05	1A	07	73	09	79	0A	FD	0A	0E	0B	93	0B	2A	0C	0E	0B	A1	05	1A	07	F8	09	4F	0C	5C	0C	74	0C	1E	00	11	02	40	CF	B1	02	87	D2	BF	00	3E	71	D1	BF	00	11	87	D2	BF	00	3E	71	D1	BF	00	11	87	D2	BF	00	3E	71	D1	BF	00	11	87	D2	BF	00	3E	71	D1	BF	00	11	87	D2	BF	00	3E	71	D1	BF	00	11	87	D2	BF	00	3E	71	D1	BF	00	11	87	D2	BF	00	3E	71	D1	BF	00	11	87	D2	BF	00	3E	71	D1	BF	00	11	87	D2	BF	00	3E	71	D1	BF	00	11	87	D2	BF	00	3E	71	D1	BF	00	11	87	D2	BF	00	3E	71	D1	BF	00	11	87	D2	BF	00	3E	71	D1	BF	00	11	87	D2	BF	00	3E	71	D1	BF	00	11	87	D2	BF	00	3E	71	D1	BF	00	11	87	D2	BF	00	3E	71	D1	BF	00	11	87	D2	BF	00	3E	71	00	B1	40	C0	00	F1	06	C1	B1	08	7D	C2	D0	C3	D0	C4	D0	C5	D0	C6	D0	C7	D0	C8	D0	00	1E	00	11	02	40	CF	B1	02	87	D2	BF	00	3E	71	D1	BF	00	11	87	D2	BF	00	3E	71	D1	BF	00	11	87	D2	BF	00	3E	71	D1	BF	00	11	87	D2	BF	00	3E	71	D1	BF	00	11	87	D2	BF	00	3E	71	D1	BF	00	11	87	D2	BF	00	3E	71	D1	BF	00	11	87	D2	BF	00	3E	71	D1	BF	00	11	87	D2	BF	00	3E	71	D1	BF	00	11	87	D2	BF	00	4E	6D	D1	BF	00	11	87	D2	BF	00	4E	6D	D1	BF	00	11	87	D2	BF	00	4E	6D	D1	BF	00	11	87	D2	BF	00	4E	6D	D1	BF	00	11	87	D2	BF	00	4E	6D	D1	BF	00	11	87	D2	BF	00	4E	6D	D1	BF	00	11	87	D2	BF	00	46	6F	D1	BF	00	11	87	D2	BF	00	46	6F	00	F1	06	C9	B1	10	7D	42	7D	43	79	44	B1	08	79	43	7B	00	F0	08	CF	B1	40	74	00	B1	3C	C0	F0	06	CD	B1	01	60	CB	D0	CD	B1	02	63	00	1E	00	11	02	40	CF	B1	02	87	D6	BF	00	3E	71	D1	BF	00	11	87	D6	BF	00	3E	71	D1	BF	00	11	87	D6	BF	00	3E	71	D1	BF	00	11	87	D6	BF	00	3E	71	D1	BF	00	11	87	D6	BF	00	3E	71	D1	BF	00	11	87	D6	BF	00	3E	71	D1	BF	00	11	87	D6	BF	00	3E	71	D1	BF	00	11	87	D6	BF	00	3E	71	D1	BF	00	11	87	D6	BF	00	4E	6D	D1	BF	00	11	87	D6	BF	00	4E	6D	D1	BF	00	11	87	D6	BF	00	4E	6D	D1	BF	00	11	87	D6	BF	00	4E	6D	D1	BF	00	11	87	D6	BF	00	4E	6D	D1	BF	00	11	87	D6	BF	00	4E	6D	D1	BF	00	11	87	D6	BF	00	46	6F	D1	BF	00	11	87	D6	BF	00	46	6F	00	F1	0A	CF	B1	10	7D	42	7D	43	79	44	B1	08	79	43	7B	00	F0	06	CD	B1	01	65	CA	D0	B1	0E	C0	B1	30	C0	00	F1	0E	CF	B1	10	7D	42	7D	43	79	44	B1	08	79	43	7B	00	F0	08	CF	B1	04	80	B1	3C	C0	00	F0	10	CF	B1	01	80	CC	82	CF	84	CC	80	CF	89	CC	84	CF	80	CC	89	CF	84	CC	80	CF	89	CC	84	CF	80	CC	89	CF	84	CC	80	CF	8B	CC	84	CF	84	CC	8B	CF	80	CC	84	CF	84	CC	80	CF	8B	CC	84	CF	80	CC	8B	CF	84	CC	80	CF	8B	CC	84	CF	80	CC	8B	CF	85	CC	80	CF	89	CC	85	CF	80	CC	89	CF	85	CC	80	CF	89	CC	85	CF	80	CC	89	CF	85	CC	80	CF	89	CC	85	CF	85	CC	89	CF	80	CC	85	CF	85	CC	80	CF	8B	CC	85	CF	87	CC	8B	CF	84	CC	87	CF	82	CC	84	00	1E	00	11	02	40	CF	B1	02	87	D6	BF	00	3E	71	D1	BF	00	11	87	D6	BF	00	3E	71	D1	BF	00	11	87	D6	BF	00	3E	71	D1	BF	00	11	87	D6	BF	00	3E	71	D1	BF	00	11	87	D6	BF	00	3E	71	D1	BF	00	11	87	D6	BF	00	3E	71	D1	BF	00	11	87	D6	BF	00	3E	71	D1	BF	00	11	87	D6	BF	00	3E	71	D1	BF	00	11	87	D6	BF	00	4E	6D	D1	BF	00	11	87	D6	BF	00	4E	6D	D1	BF	00	11	87	D6	BF	00	4E	6D	D1	BF	00	11	87	D6	BF	00	4E	6D	D1	BF	00	11	87	D6	BF	00	4E	6D	D1	BF	00	11	C0	D6	BF	00	4E	6D	D1	BF	00	11	C0	D6	BF	00	46	6F	D1	BF	00	11	C0	D6	BF	00	46	6F	00	F1	0E	CF	B1	10	7D	42	7D	43	79	D5	44	B1	08	79	43	7B	00	F0	10	CF	B1	01	80	CC	82	CF	84	CC	80	CF	89	CC	84	CF	80	CC	89	CF	84	CC	80	CF	89	CC	84	CF	80	CC	89	CF	84	CC	80	CF	8B	CC	84	CF	84	CC	8B	CF	80	CC	84	CF	84	CC	80	CF	8B	CC	84	CF	80	CC	8B	CF	84	CC	80	CF	8B	CC	84	CF	80	CC	8B	CF	85	CC	80	CF	89	CC	85	CF	80	CC	89	CF	85	CC	80	CF	89	CC	85	CF	80	CC	89	CF	85	CC	80	CF	8B	CC	85	CF	85	CC	8B	CF	80	CC	85	CF	85	CC	80	CE	8B	CB	85	CD	87	CA	8B	CC	84	C9	87	CB	82	C8	84	00	1E	00	11	12	40	CF	B1	02	74	D6	BF	00	3E	71	D9	BF	00	11	74	D6	BF	00	3E	71	D9	BF	00	11	74	D6	BF	00	3E	71	D9	BF	00	11	74	D6	BF	00	3E	71	D9	BF	00	11	74	D6	BF	00	3E	71	D9	BF	00	11	74	D6	BF	00	3E	71	D9	BF	00	11	74	D6	BF	00	3E	71	D9	BF	00	11	74	D6	BF	00	3E	71	D9	BF	00	11	74	D6	BF	00	4E	6D	D9	BF	00	11	74	D6	BF	00	4E	6D	D9	BF	00	11	74	D6	BF	00	4E	6D	D9	BF	00	11	74	D6	BF	00	4E	6D	D9	BF	00	11	74	D6	BF	00	4E	6D	D9	BF	00	11	74	D6	BF	00	4E	6D	D9	BF	00	11	74	D6	BF	00	46	6F	D9	BF	00	11	74	D6	BF	00	46	6F	00	F0	14	CF	B1	08	80	CD	B1	04	D0	46	CF	B1	02	80	CC	D0	40	CE	02	B1	01	87	01	45	00	FA	FF	CF	B1	0B	D0	B1	01	84	CD	84	CF	82	CD	84	CF	B1	02	84	01	B1	01	D0	01	FF	FF	01	D0	02	FE	FF	01	B1	02	D0	00	00	00	CD	B1	01	85	CF	B1	09	D0	46	B1	02	85	40	B1	01	80	CD	85	CF	7D	CD	80	CF	B1	02	79	01	B1	04	D0	01	FF	FF	7B	00	F0	14	CF	02	B1	08	7D	01	1E	00	FC	FF	CD	B1	04	D0	46	CF	B1	02	80	CC	D0	40	CE	02	B1	01	7D	01	28	00	0A	00	CF	01	D0	01	0B	00	01	D0	01	F5	FF	01	B1	09	D0	00	00	00	B1	01	7B	CD	7D	CF	7D	CD	7B	CF	B1	06	79	CD	02	B1	01	85	01	9C	00	F5	FF	CF	B1	09	D0	46	B1	02	85	40	B1	01	80	CD	85	CF	7D	CD	80	CF	B1	02	85	01	B1	04	D0	01	FF	FF	B1	02	87	01	D0	01	0A	00	00	F1	16	CF	B1	10	7D	42	7D	43	79	44	B1	08	79	43	7B	00	F0	18	CF	B1	08	7D	CE	D0	CD	D0	CC	B1	06	D0	CF	B1	01	80	7D	46	B1	06	80	40	7F	B1	04	7B	02	B1	10	79	01	22	00	05	00	00	B1	06	D0	78	B1	04	74	02	B1	0C	71	01	4F	00	06	00	CF	B1	01	71	74	78	7B	B1	0C	7D	B1	02	7B	CD	D0	46	B0	CF	B1	08	7D	40	CD	B1	01	7F	CE	D0	CF	B1	06	D0	00	F5	1A	CF	B1	01	7D	CB	7B	CF	78	CB	7D	CF	74	CB	78	CF	7D	CB	74	CF	78	CB	7D	CF	74	CB	78	CF	78	CB	74	CF	7D	CB	78	CF	7F	CB	7D	CF	78	CB	7F	CF	74	CB	78	CF	7F	CB	74	CF	78	CB	7F	CF	74	CB	78	CF	78	CB	74	CF	7B	CB	78	CF	7D	CB	7B	CF	79	CB	7D	CF	74	CB	79	CF	7D	CB	74	CF	79	CB	7D	CF	74	CB	79	CF	79	CB	74	CF	7B	CB	79	CF	7D	CB	7B	CF	79	CB	7D	CF	74	CB	79	CF	7D	CB	74	CF	7F	CB	7D	CF	7B	CB	7F	CF	76	CB	7B	CF	73	CB	76	00	1E	00	11	12	40	CF	B1	02	74	D6	BF	00	3E	71	D9	BF	00	11	74	D6	BF	00	3E	71	D9	BF	00	11	74	D6	BF	00	3E	71	D9	BF	00	11	74	D6	BF	00	3E	71	D9	BF	00	11	74	D6	BF	00	3E	71	D9	BF	00	11	74	D6	BF	00	3E	71	D9	BF	00	11	74	D6	BF	00	3E	71	D9	BF	00	11	74	D6	BF	00	3E	71	D9	BF	00	11	74	D6	BF	00	4E	6D	D9	BF	00	11	C0	D6	BF	00	4E	6D	D9	BF	00	11	C0	D6	BF	00	4E	6D	D9	BF	00	11	C0	D6	BF	00	4E	6D	D4	B0	CA	B1	01	74	74	D6	BF	00	4E	6D	D4	B0	CB	74	74	CC	74	D6	BF	00	4E	6D	D4	B0	CD	74	74	74	CE	74	74	74	CF	74	74	74	00	F1	16	CF	B1	10	7D	42	7D	D5	43	79	44	B1	08	79	43	7B	00	F7	14	CF	B1	01	84	01	D0	01	0A	00	01	D0	01	F6	FF	01	B1	09	D0	00	00	00	B1	02	82	CD	D0	CF	B1	01	84	01	D0	01	0A	00	01	D0	01	F6	FF	01	B1	09	D0	00	00	00	B1	02	87	CC	D0	CF	B1	01	85	CE	84	CF	B1	0A	80	B1	04	7F	46	B1	01	80	47	CC	7F	CF	7F	46	CC	80	47	CF	7B	CC	7F	CF	B1	0A	79	00	F7	14	CF	B1	01	84	01	D0	01	0A	00	01	D0	01	F6	FF	01	B1	09	D0	00	00	00	B1	02	87	CD	D0	CF	B1	01	84	01	D0	01	0A	00	01	D0	01	F6	FF	01	B1	09	D0	00	00	00	B1	02	89	CC	D0	CF	B1	01	85	CE	84	CF	B1	0A	80	B1	01	85	CC	85	CF	84	CC	85	46	CF	87	47	CC	84	CF	89	46	CC	87	47	CF	84	CC	89	CF	B1	0A	85	00	F5	1A	CF	B1	01	7D	CC	76	CB	7D	CF	7D	CB	7D	CC	7D	CF	7B	CC	7D	CF	7D	CC	7B	CB	7D	CF	7D	CC	7B	CB	7D	CF	7B	CC	7B	CF	7F	CD	7B	CB	7F	CF	7F	CC	7B	CB	7F	CF	7D	CC	7B	CF	7F	CC	7D	CB	7F	CF	7F	CC	7D	CB	7F	CF	7D	CC	7D	CF	79	CC	7D	CB	79	CF	79	CC	7D	CB	79	CF	78	CC	7D	CF	74	CC	78	CB	74	CF	74	CC	78	CB	74	CF	73	CC	78	CF	74	CC	73	CB	74	CF	74	CC	73	CB	74	CF	76	CC	73	CF	7B	CC	76	CB	7B	CF	7B	CC	76	CB	7B	CF	7F	CC	76	00	F5	1A	CF	B1	01	7D	CC	76	CB	7D	CF	7D	CD	7D	CC	7D	CF	7B	CC	7D	CF	7D	CC	7B	CB	7D	CF	7D	CC	7B	CB	7D	CF	7B	CC	7B	CF	7F	CC	7B	CB	7F	CF	7F	CC	7B	CB	7F	CF	7D	CC	7B	CF	7F	CC	7D	CB	7F	CF	7F	CC	7D	CB	7F	CF	7D	CC	7D	CF	79	CC	7D	CB	79	CF	79	CC	7D	CB	79	CF	78	CC	7D	CF	74	CC	78	CB	74	CF	74	CC	78	CB	74	CF	73	CC	78	CF	74	CC	73	CB	74	CF	74	CC	73	CB	74	CF	76	CC	73	CF	7B	CC	76	CB	7B	CF	7B	76	7B	7D	7F	00	F0	08	CF	B1	03	68	DF	45	B1	01	6C	CB	71	CF	68	CB	6C	CF	71	CB	68	CF	6C	CB	71	CF	68	CB	6C	CF	6C	CB	68	CF	71	CB	6C	CF	73	CB	71	CF	6C	CB	73	CF	68	CB	6C	CF	73	CB	68	CF	6C	CB	73	CF	68	CB	6C	CF	6C	CB	68	CF	6F	CB	6C	CF	71	CB	6F	CF	6D	CB	71	CF	68	CB	6D	CF	71	CB	68	CF	6D	CB	71	CF	68	CB	6D	CF	6D	CB	68	CF	6F	CB	6D	CF	71	CB	6F	CF	6D	CB	71	CF	68	CB	6D	CF	71	CB	68	CF	73	CB	71	CF	6F	CB	73	CF	6A	CB	6F	CF	67	00	F1	06	CB	B1	10	7D	42	7D	43	79	44	B1	08	79	43	7B	00	F5	1A	CF	B1	01	71	CB	6F	CF	6C	CB	71	CF	68	CB	6C	CF	71	CB	68	CF	6C	CB	71	CF	68	CB	6C	CF	6C	CB	68	CF	71	CB	6C	CF	73	CB	71	CF	6C	CB	73	CF	68	CB	6C	CF	73	CB	68	CF	6C	CB	73	CF	68	CB	6C	CF	6C	CB	68	CF	6F	CB	6C	CF	71	CB	6F	CF	6D	CB	71	CF	68	CB	6D	CF	71	CB	68	CF	6D	CB	71	CF	68	CB	6D	CF	6D	CB	68	CF	6F	CB	6D	CF	71	CB	6F	CF	6D	CB	71	CF	68	CB	6D	CF	71	CB	68	CF	73	CB	71	CF	6F	CB	73	CF	6A	CB	6F	CF	67	CB	6A	00	B1	01	D0	F5	1E	CF	71	CB	6F	CF	6C	CB	71	CF	68	CB	6C	CF	71	CB	68	CF	6C	CB	71	CF	68	CB	6C	CF	6C	CB	68	CF	71	CB	6C	CF	73	CB	71	CF	6C	CB	73	CF	68	CB	6C	CF	73	CB	68	CF	6C	CB	73	CF	68	CB	6C	CF	6C	CB	68	CF	6F	1E	00	11	12	40	B1	02	68	D6	BF	00	4E	61	D9	BF	00	11	68	D6	BF	00	4E	61	D9	BF	00	11	68	D6	BF	00	4E	61	D9	BF	00	11	68	D6	BF	00	4E	61	D9	BF	00	11	68	D6	BF	00	4E	61	D9	BF	00	11	68	D6	BF	00	4E	61	D9	BF	00	11	68	D6	BF	00	46	63	D9	BF	00	11	68	D6	BF	00	46	63	00	F1	06	CB	B1	10	7D	42	7D	DB	43	CF	79	44	B1	08	79	43	B1	02	7B	D4	40	CA	B1	01	74	CB	74	CC	74	CD	74	CE	74	CF	74	00	1C	00	7C	06	4F	CF	B1	04	59	B1	3C	C0	00	D4	CF	B1	02	74	CD	74	CB	74	C9	74	C7	74	C5	74	C3	74	C2	74	C1	B1	30	74	00	F1	06	CF	B1	01	7D	CE	D0	CD	D0	CC	D0	CB	D0	CA	D0	C9	D0	C8	D0	C7	D0	C6	D0	C5	D0	C4	D0	C3	D0	C2	D0	C1	B1	02	D0	B1	30	C0	00	05	06	02	B0	00	00	08	B0	00	00	0C	B0	00	00	08	B0	00	00	0C	B0	00	00	01	90	00	00	00	01	00	90	00	00	00	01	00	8F	00	00	04	08	10	0F	40	00	0E	0F	C0	00	0A	0E	80	01	04	0D	40	02	00	1C	00	00	00	1C	00	00	80	1C	00	00	00	1C	00	00	00	14	00	0B	00	00	00	0B	00	00	00	8A	00	00	00	8A	00	00	00	8A	00	00	00	0B	00	00	00	0B	00	00	00	8A	00	00	00	8A	00	00	00	8A	00	00	00	1E	00	00	00	0D	00	00	00	0C	00	00	00	0B	00	00	00	8A	00	00	00	0B	00	00	00	0B	00	00	00	8A	00	00	00	8A	00	00	00	8A	00	00	01	02	01	1D	00	00	00	90	00	00	00	28	00	0B	00	00	00	0B	00	00	00	8A	00	00	00	8A	00	00	00	8A	00	00	00	0B	00	00	00	0B	00	00	00	8A	00	00	00	8A	00	00	00	8A	00	00	00	0E	00	00	00	0D	00	00	00	0C	00	00	00	0B	00	00	00	8A	00	00	00	0B	00	00	00	0B	00	00	00	8A	00	00	00	8A	00	00	00	8A	00	00	0E	0F	80	00	08	0E	00	01	04	0D	80	01	02	0C	00	02	00	8B	00	00	00	0B	00	00	00	0B	00	00	00	0A	00	00	00	8A	00	00	00	8A	00	00	00	0E	00	00	00	0D	00	00	00	0C	00	00	00	0B	00	00	00	8A	00	00	00	0B	00	00	00	0B	00	00	00	0A	00	00	00	0A	00	00	00	0A	00	00	0C	0D	00	8E	00	00	00	8F	00	00	00	8E	00	00	00	8C	00	00	00	89	00	00	00	88	00	00	00	85	00	00	00	83	00	00	00	83	00	00	00	83	00	00	00	86	00	00	00	87	00	00	01	90	00	00	05	06	02	A0	00	00	08	B0	00	00	0C	B0	00	00	08	B0	00	00	0C	B0	00	00	01	90	00	00	05	0C	00	8F	00	00	00	8F	00	00	00	8E	00	00	00	8E	00	00	00	8D	00	00	00	8C	FF	FF	00	8C	FE	FF	00	8C	FF	FF	00	8C	00	00	00	8C	01	00	00	8C	02	00	00	8C	01	00	00	28	00	0B	00	00	00	0B	00	00	00	8A	00	00	00	8A	00	00	00	8A	00	00	00	0B	00	00	00	0B	00	00	00	8A	00	00	00	8A	00	00	00	8A	00	00	00	1E	00	00	00	0D	00	00	00	0C	00	00	00	0B	00	00	00	8A	00	00	00	0B	00	00	00	0B	00	00	00	8A	00	00	00	8A	00	00	00	8A	00	00	0E	0F	80	00	08	0E	00	01	04	0D	80	01	02	0C	00	02	00	8B	00	00	00	0B	00	00	00	0B	00	00	00	8A	00	00	00	8A	00	00	00	8A	00	00	00	1E	00	00	00	0D	00	00	00	0C	00	00	00	8B	00	00	00	8A	00	00	00	0B	00	00	00	0B	00	00	00	8A	00	00	00	0D	00	00	00	0B	00	00	05	0B	00	8F	00	00	00	8F	00	00	00	8E	00	00	00	8E	00	00	00	8D	00	00	00	8C	FF	FF	00	8C	FD	FF	00	8C	FF	FF	00	8C	01	00	00	8C	03	00	00	8C	01	00	04	05	00	8F	00	00	00	8D	00	00	00	8E	00	00	00	8D	00	00	80	8B	00	00	04	05	00	8B	00	00	00	89	00	00	00	8A	00	00	00	89	00	00	80	87	00	00	00	01	00	00	0A	00	00	03	03	0C	0C	07	07	0F	0F	00	0A	00	00	02	02	0C	0C	07	07	0E	0E	00	0A	00	00	04	04	0C	0C	07	07	10	10	00	0A	00	00	04	04	0C	0C	07	07	11	11	01	04	00	18	00	00	03	04	FD	FE	FF	00	01	02	18	00	00	01	00	50	72	6F	54	72	61	63	6B	65	72	20	33	2E	35	20	63	6F	6D	70	69	6C	61	74	69	6F	6E	20	6F	66	20	44	6F	6D	65	6E	20	28	20	62	79	20	44	65	6E	73	4F	6E	20	29	20	20	20	20	20	20	20	20	20	20	20	20	20	20	62	79	20	44	6A	20	44	65	6E	73	4F	6E	20	26	20	43	6A	20	53	70	6C	69	6E	74	65	72	20	20	20	20	20	20	20	20	20	20	02	05	27	05	F1	00	00	00	F4	0D	0E	0E	14	0E	1A	0E	00	00	3C	0E	00	00	46	0E	7C	0E	96	0E	C8	0E	6A	0F	98	0F	00	00	AE	0F	00	00	00	00	00	00	00	00	00	00	00	00	00	00	00	00	00	00	00	00	00	00	00	00	00	00	00	00	00	00	00	00	C4	0F	C7	0F	D3	0F	DF	0F	EB	0F	F7	0F	FD	0F	00	00	00	00	00	00	00	00	00	00	00	00	00	00	00	00	00	00	03	06	00	09	0C	1B	0F	1B	12	12	12	15	18	1E	18	1E	21	24	21	24	00	0F	27	27	27	2A	2D	30	2D	30	12	15	33	3C	33	3C	36	39	3F	FF	3C	02	C1	02	66	03	75	01	79	01	1E	02	75	01	79	01	22	02	3C	02	6D	03	C1	02	3C	02	6D	03	12	04	3C	02	6D	03	21	04	3C	02	6D	03	2B	04	3C	02	91	04	36	05	9C	05	21	06	C6	06	3C	02	6D	03	1E	02	9C	05	21	06	26	07	95	07	21	06	5A	08	83	08	21	06	48	09	7B	09	21	06	75	01	7B	09	00	0A	75	01	A3	0A	21	06	9C	05	A3	0A	21	06	9C	05	27	0B	21	06	AA	0B	75	01	2F	0C	B3	0C	38	0D	5D	0D	B3	0C	27	0B	21	06	AA	0B	1E	02	1E	02	1E	02	B1	40	D0	00	1E	00	11	02	40	CF	B1	02	87	D2	BF	00	3E	71	D1	BF	00	11	87	D2	BF	00	3E	71	D1	BF	00	11	87	D2	BF	00	3E	71	D1	BF	00	11	87	D2	BF	00	3E	71	D1	BF	00	11	87	D2	BF	00	3E	71	D1	BF	00	11	87	D2	BF	00	3E	71	D1	BF	00	11	87	D2	BF	00	3E	71	D1	BF	00	11	87	D2	BF	00	3E	71	D1	BF	00	11	87	D2	BF	00	3E	71	D1	BF	00	11	87	D2	BF	00	3E	71	D1	BF	00	11	87	D2	BF	00	3E	71	D1	BF	00	11	87	D2	BF	00	3E	71	D1	BF	00	11	87	D2	BF	00	3E	71	D1	BF	00	11	87	D2	BF	00	3E	71	D1	BF	00	11	87	D2	BF	00	3E	71	D1	BF	00	11	87	D2	BF	00	3E	71	00	B1	40	C0	00	B1	02	D0	F1	06	C1	B1	10	7D	C2	B1	08	D0	C3	D0	C4	D0	C5	D0	C6	D0	C7	B1	06	D0	00	F0	1A	CA	B1	01	7D	C8	7D	CA	80	C8	7D	CA	89	C8	80	CA	80	C8	89	CA	7D	C8	80	CA	80	C8	7D	CA	89	C8	80	CA	80	C8	7D	CA	7D	C8	80	CA	80	C8	7D	CA	89	C8	80	CA	80	C8	89	CA	7D	C8	80	CA	80	C8	7D	CA	89	C8	80	CA	80	C8	89	CA	79	C8	80	CA	80	C8	79	CA	89	C8	80	CA	80	C8	89	CA	79	C8	80	CA	80	C8	79	CA	89	C8	80	CA	80	C8	89	CA	79	C8	80	CA	80	C8	79	CA	89	C8	80	CA	80	C8	89	CA	7B	C8	80	CA	80	C8	7B	CA	89	C8	80	CA	8B	C8	89	00	1E	00	11	02	40	CF	B1	02	87	D2	BF	00	3E	71	D1	BF	00	11	87	D2	BF	00	3E	71	D1	BF	00	11	87	D2	BF	00	3E	71	D1	BF	00	11	87	D2	BF	00	3E	71	D1	BF	00	11	87	D2	BF	00	3E	71	D1	BF	00	11	87	D2	BF	00	3E	71	D1	BF	00	11	87	D2	BF	00	3E	71	D1	BF	00	11	87	D2	BF	00	3E	71	D1	BF	00	11	87	D2	BF	00	4E	6D	D1	BF	00	11	87	D2	BF	00	4E	6D	D1	BF	00	11	87	D2	BF	00	4E	6D	D1	BF	00	11	87	D2	BF	00	4E	6D	D1	BF	00	11	87	D2	BF	00	4E	6D	D1	BF	00	11	87	D2	BF	00	4E	6D	D1	BF	00	11	87	D2	BF	00	46	6F	D1	BF	00	11	87	D2	BF	00	46	6F	00	F0	08	CF	B1	40	74	00	1E	00	11	02	40	CF	B1	02	87	D6	BF	00	3E	71	D1	BF	00	11	87	D6	BF	00	3E	71	D1	BF	00	11	87	D6	BF	00	3E	71	D1	BF	00	11	87	D6	BF	00	3E	71	D1	BF	00	11	87	D6	BF	00	3E	71	D1	BF	00	11	87	D6	BF	00	3E	71	D1	BF	00	11	87	D6	BF	00	3E	71	D1	BF	00	11	87	D6	BF	00	3E	71	D1	BF	00	11	87	D6	BF	00	4E	6D	D1	BF	00	11	87	D6	BF	00	4E	6D	D1	BF	00	11	87	D6	BF	00	4E	6D	D1	BF	00	11	87	D6	BF	00	4E	6D	D1	BF	00	11	87	D6	BF	00	4E	6D	D1	BF	00	11	87	D6	BF	00	4E	6D	D1	BF	00	11	87	D6	BF	00	46	6F	D1	BF	00	11	87	D6	BF	00	46	6F	00	F0	06	CD	B1	01	65	CA	D0	B1	0E	C0	B1	30	C0	00	F0	08	CF	B1	04	80	B1	3C	C0	00	40	B0	C1	B1	02	65	D3	BF	00	3E	7D	B0	D0	BF	00	3E	7D	B0	D0	BF	00	3E	7D	B0	D0	BF	00	3E	7D	B0	D0	BF	00	3E	7D	B0	D0	BF	00	3E	7D	B0	D0	BF	00	3E	7D	B0	D0	BF	00	3E	7D	B0	D0	BF	00	4E	80	B0	D0	BF	00	4E	80	B0	D0	BF	00	4E	80	B0	D0	BF	00	4E	80	B0	D0	BF	00	4E	85	B0	D0	BF	00	4E	85	B0	D0	BF	00	46	7B	B0	D0	BF	00	46	7B	00	1E	00	11	02	40	CF	B1	02	87	D6	BF	00	3E	71	D1	BF	00	11	87	D6	BF	00	3E	71	D1	BF	00	11	87	D6	BF	00	3E	71	D1	BF	00	11	87	D6	BF	00	3E	71	D1	BF	00	11	87	D6	BF	00	3E	71	D1	BF	00	11	87	D6	BF	00	3E	71	D1	BF	00	11	87	D6	BF	00	3E	71	D1	BF	00	11	87	D6	BF	00	3E	71	D1	BF	00	11	87	D6	BF	00	4E	6D	D1	BF	00	11	87	D6	BF	00	4E	6D	D1	BF	00	11	87	D6	BF	00	4E	6D	D1	BF	00	11	87	D6	BF	00	4E	6D	D1	BF	00	11	87	D6	BF	00	46	6D	D1	BF	00	11	87	D6	BF	00	46	6D	D1	BF	00	11	87	D6	BF	00	46	6F	D1	BF	00	11	87	D6	BF	00	46	6F	00	40	B0	C1	B1	02	65	D3	BF	00	3E	7D	B0	D0	BF	00	3E	7D	B0	D0	BF	00	3E	7D	B0	D0	BF	00	3E	7D	B0	D0	BF	00	3E	7D	B0	D0	BF	00	3E	7D	B0	D0	BF	00	3E	7D	B0	D0	BF	00	3E	7D	B0	D0	BF	00	4E	80	B0	D0	BF	00	4E	80	B0	D0	BF	00	4E	80	B0	D0	BF	00	4E	80	B0	D0	BF	00	46	87	B0	D0	BF	00	46	87	B0	D0	BF	00	46	87	B0	D0	BF	00	46	87	00	F0	10	CA	B1	01	80	CC	82	CA	84	CC	80	CA	89	CC	84	CA	80	CC	89	CA	84	CC	80	CA	89	CC	84	CA	80	CC	89	CA	84	CC	80	CA	8B	CC	84	CA	84	CC	8B	CA	80	CC	84	CA	84	CC	80	CA	8B	CC	84	CA	80	CC	8B	CA	84	CC	80	CA	8B	CC	84	CA	80	CC	8B	CA	85	CC	80	CA	89	CC	85	CA	80	CC	89	CA	85	CC	80	CA	89	CC	85	CA	80	CC	89	CA	85	CC	80	CA	89	CC	85	CA	85	CC	89	CA	80	CC	85	CA	85	CC	80	CA	8B	CC	85	CA	87	CC	8B	CA	84	CC	87	CA	82	CC	84	00	1E	00	11	12	40	CF	B1	02	74	D6	BF	00	3E	71	D9	BF	00	11	74	D6	BF	00	3E	71	D9	BF	00	11	74	D6	BF	00	3E	71	D9	BF	00	11	74	D6	BF	00	3E	71	D9	BF	00	11	74	D6	BF	00	3E	71	D9	BF	00	11	74	D6	BF	00	3E	71	D9	BF	00	11	74	D6	BF	00	3E	71	D9	BF	00	11	74	D6	BF	00	3E	71	D9	BF	00	11	74	D6	BF	00	4E	6D	D9	BF	00	11	74	D6	BF	00	4E	6D	D9	BF	00	11	74	D6	BF	00	4E	6D	D9	BF	00	11	74	D6	BF	00	4E	6D	D9	BF	00	11	74	D6	BF	00	4E	6D	D9	BF	00	11	74	D6	BF	00	4E	6D	D9	BF	00	11	74	D6	BF	00	46	6F	D9	BF	00	11	74	D6	BF	00	46	6F	00	40	B0	B1	02	D0	DA	CD	B1	0C	80	46	B1	02	80	CC	D0	40	02	B1	01	87	01	45	00	FA	FF	CF	B1	0B	D0	B1	01	84	CC	84	82	84	B1	02	84	01	B1	01	D0	01	FF	FF	01	D0	02	FE	FF	01	B1	02	D0	00	00	00	B1	01	85	CF	B1	09	D0	46	CC	B1	02	85	40	B1	01	80	CD	85	CC	7D	CD	80	CC	B1	02	79	01	B1	04	D0	01	FF	FF	B1	02	7B	00	B1	02	D0	F0	14	CF	02	B1	08	7D	01	1E	00	FC	FF	CD	B1	04	D0	46	CF	B1	02	80	CC	D0	40	CE	02	B1	01	7D	01	28	00	0A	00	CF	01	D0	01	0B	00	01	D0	01	F5	FF	01	B1	09	D0	00	00	00	B1	01	7B	CD	7D	CF	7D	CD	7B	CF	B1	06	79	CD	02	B1	01	85	01	9C	00	F5	FF	CF	B1	09	D0	46	B1	02	85	40	B1	01	80	CD	85	CF	7D	CD	80	CF	B1	02	85	01	B1	04	D0	01	FF	FF	B1	02	87	00	F0	10	CA	B1	01	80	CC	82	B9	00	3E	CA	9C	B0	CC	80	CA	89	CC	89	B9	00	3E	CA	9C	B0	CC	89	CA	84	CC	80	B9	00	3E	CA	9C	B0	CC	84	CA	80	CC	89	B9	00	3E	CA	9C	B0	CC	80	CA	8B	CC	8B	B9	00	3E	CA	9C	B0	CC	8B	CA	80	CC	84	B9	00	3E	CA	9C	B0	CC	80	CA	8B	CC	84	B9	00	3E	CA	9C	B0	CC	8B	CA	84	CC	80	B9	00	3E	CA	9C	B0	CC	84	CA	80	CC	8B	B9	00	4E	CA	9C	B0	CC	80	CA	89	CC	85	B9	00	4E	CA	9C	B0	CC	89	CA	85	CC	80	B9	00	4E	CA	9C	B0	CC	85	CA	80	CC	89	B9	00	4E	CA	9C	B0	CC	80	CA	89	CC	85	B9	00	4E	CA	9C	B0	CC	89	CA	80	CC	85	B9	00	4E	CA	9C	B0	CC	D0	CA	8B	CC	85	B9	00	46	CA	9C	B0	CC	8B	CA	84	CC	84	B9	00	46	CA	9C	B0	CC	84	00	B1	02	D0	F0	18	CF	B1	08	7D	CE	D0	CD	D0	CC	B1	06	D0	CF	B1	01	80	7D	46	B1	06	80	40	7F	B1	04	7B	02	B1	0E	79	01	22	00	05	00	00	F0	10	CA	B1	01	80	CC	82	B9	00	3E	CA	A1	B0	CC	80	CA	89	CC	89	B9	00	3E	CA	A1	B0	CC	89	CA	84	CC	80	B9	00	3E	CA	A3	B0	CC	84	CA	80	CC	89	B9	00	3E	CA	A3	B0	CC	80	CA	8B	CC	8B	B9	00	3E	CA	A3	B0	CC	8B	CA	80	CC	84	B9	00	3E	CA	A4	B0	CC	80	CA	8B	CC	84	B9	00	3E	CA	A3	B0	CC	8B	CA	84	CC	80	B9	00	3E	CA	A3	B0	CC	84	CA	80	CC	8B	B9	00	4E	CA	A3	B0	CC	80	CA	89	CC	85	B9	00	4E	CA	A3	B0	CC	89	CA	85	CC	80	B9	00	4E	CA	A6	B0	CC	85	CA	80	CC	89	B9	00	4E	CA	A6	B0	CC	80	CA	89	CC	85	B9	00	4E	CA	A6	B0	CC	89	CA	80	CC	85	B9	00	4E	CA	A6	B0	CC	80	CA	8B	CC	85	B9	00	46	CA	A6	B0	CC	8B	CA	84	CC	87	B9	00	46	CA	A6	B0	CC	84	00	B1	08	D0	B1	06	78	B1	04	74	02	B1	0C	71	01	4F	00	06	00	CF	B1	01	71	74	78	7B	B1	0C	7D	B1	02	7B	CD	D0	46	B0	CF	B1	08	7D	40	CD	B1	01	7F	CE	D0	CF	B1	04	D0	00	F5	1A	CF	B1	01	71	CB	6F	CF	6C	CB	71	CF	68	CB	6C	CF	71	CB	68	CF	6C	CB	71	CF	68	CB	6C	CF	6C	CB	68	CF	71	CB	6C	CF	73	CB	71	CF	6C	CB	73	CF	68	CB	6C	CF	73	CB	68	CF	6C	CB	73	CF	68	CB	6C	CF	6C	CB	68	CF	6F	CB	6C	CF	71	CB	6F	CF	6D	CB	71	CF	68	CB	6D	CF	71	CB	68	CF	6D	CB	71	CF	68	CB	6D	CF	6D	CB	68	CF	6F	CB	6D	CF	71	CB	6F	CF	6D	CB	71	CF	68	CB	6D	CF	71	CB	68	CF	73	CB	71	CF	6F	CB	73	CF	6A	CB	6F	CF	67	CB	6A	00	1E	00	11	12	40	CF	B1	02	74	D6	BF	00	3E	71	D9	BF	00	11	74	D6	BF	00	3E	71	D9	BF	00	11	74	D6	BF	00	3E	71	D9	BF	00	11	74	D6	BF	00	3E	71	D9	BF	00	11	74	D6	BF	00	3E	71	D9	BF	00	11	74	D6	BF	00	3E	71	D9	BF	00	11	74	D6	BF	00	3E	71	D9	BF	00	11	74	D6	BF	00	3E	71	D9	BF	00	11	74	D6	BF	00	4E	6D	D9	BF	00	11	C0	D6	BF	00	4E	6D	D9	BF	00	11	C0	D6	BF	00	4E	6D	D9	BF	00	11	C0	D6	BF	00	4E	6D	D4	B0	CA	B1	01	74	74	D6	BF	00	4E	6D	D4	B0	CB	74	74	CC	74	D6	BF	00	4E	6D	D4	B0	CD	74	74	74	CE	74	74	74	CF	74	74	74	00	F0	14	C1	B1	02	7D	46	BD	00	3E	A1	40	B0	7D	46	BD	00	3E	A1	40	B0	80	46	BD	00	3E	A1	40	B0	80	46	BD	00	3E	A1	40	B0	82	46	BD	00	3E	A1	40	B0	82	46	BD	00	3E	A1	40	B0	85	46	BD	00	3E	A1	40	B0	84	46	BD	00	3E	A1	40	B0	79	46	BD	00	4E	A1	40	B0	79	46	BD	00	4E	A1	40	B0	80	46	BD	00	4E	A1	40	B0	80	46	BD	00	4E	A1	40	B0	79	46	BD	00	4E	A1	40	B0	79	46	BD	00	4E	A1	40	B0	85	46	BD	00	46	A1	40	B0	85	46	BD	00	46	A1	00	F5	1A	CF	B1	01	7D	7D	80	CC	7D	CF	89	CC	80	CF	80	CC	89	CA	7D	C8	80	CA	80	C8	7D	CA	89	C8	80	CA	80	C8	7D	CF	7D	CC	80	CF	80	CC	7D	CF	8B	CC	80	CF	80	CC	8B	CA	7D	C8	80	CA	80	C8	7D	CA	89	C8	80	CA	80	C8	89	CF	79	CC	80	CF	80	CC	79	CF	89	CC	80	CF	80	CC	89	CA	79	C8	80	CA	80	C8	79	CA	89	C8	80	CA	80	C8	89	CF	79	CC	80	CF	80	CC	79	CF	89	CC	80	CF	80	CC	89	CF	7B	CC	80	CF	80	CC	7B	CF	8B	CC	80	CF	8B	CC	76	00	F5	1A	CF	B1	01	71	CC	6A	CB	71	CF	71	CB	71	CC	71	CF	6F	CC	71	CF	71	CC	6F	CB	71	CF	71	CC	6F	CB	71	CF	6F	CC	6F	CF	73	CD	6F	CB	73	CF	73	CC	6F	CB	73	CF	71	CC	6F	CF	73	CC	71	CB	73	CF	73	CC	71	CB	73	CF	71	CC	71	CF	6D	CC	71	CB	6D	CF	6D	CC	71	CB	6D	CF	6C	CC	71	CF	68	CC	6C	CB	68	CF	68	CC	6C	CB	68	CF	67	CC	6C	CF	68	CC	67	CB	68	CF	68	CC	67	CB	68	CF	6A	CC	67	CF	6F	CC	6A	CB	6F	CF	6F	CC	6A	CB	6F	CF	73	CC	6A	00	F0	08	CF	B1	03	74	DF	45	B1	01	78	CB	7D	CF	74	CB	78	CF	7D	CB	74	CF	78	CB	7D	CF	74	CB	78	CF	78	CB	74	CF	7D	CB	78	CF	7F	CB	7D	CF	78	CB	7F	CF	74	CB	78	CF	7F	CB	74	CF	78	CB	7F	CF	74	CB	78	CF	78	CB	74	CF	7B	CB	78	CF	7D	CB	7B	CF	79	CB	7D	CF	74	CB	79	CF	7D	CB	74	CF	79	CB	7D	CF	74	CB	79	CF	79	CB	74	CF	7B	CB	79	CF	7D	CB	7B	CF	79	CB	7D	CF	74	CB	79	CF	7D	CB	74	CF	7F	CB	7D	CF	7B	CB	7F	CF	76	CB	7B	CF	73	00	F5	1A	CF	B1	01	7D	CB	7B	CF	78	CB	7D	CF	74	CB	78	CF	7D	CB	74	CF	78	CB	7D	CF	74	CB	78	CF	78	CB	74	CF	7D	CB	78	CF	7F	CB	7D	CF	78	CB	7F	CF	74	CB	78	CF	7F	CB	74	CF	78	CB	7F	CF	74	CB	78	CF	78	CB	74	CF	7B	CB	78	CF	7D	CB	7B	CF	79	CB	7D	CF	74	CB	79	CF	7D	CB	74	CF	79	CB	7D	CF	74	CB	79	CF	79	CB	74	CF	7B	CB	79	CF	7D	CB	7B	CF	79	CB	7D	CF	74	CB	79	CF	7D	CB	74	CF	7F	CB	7D	CF	7B	CB	7F	CF	76	CB	7B	CF	73	CB	76	00	F1	06	CB	B1	10	71	42	71	DB	43	CF	6D	44	B1	08	6D	43	B1	02	6F	D4	40	CA	B1	01	68	CB	68	CC	68	CD	68	CE	68	CF	68	00	B1	01	D0	F5	1E	CF	7D	CB	7B	CF	78	CB	7D	CF	74	CB	78	CF	7D	CB	74	CF	78	CB	7D	CF	74	CB	78	CF	78	CB	74	CF	7D	CB	78	CF	7F	CB	7D	CF	78	CB	7F	CF	74	CB	78	CF	7F	CB	74	CF	78	CB	7F	CF	74	CB	78	CF	78	CB	74	CF	7B	1E	00	11	12	40	B1	02	74	D6	BF	00	4E	6D	D9	BF	00	11	74	D6	BF	00	4E	6D	D9	BF	00	11	74	D6	BF	00	4E	6D	D9	BF	00	11	74	D6	BF	00	4E	6D	D9	BF	00	11	74	D6	BF	00	4E	6D	D9	BF	00	11	74	D6	BF	00	4E	6D	D9	BF	00	11	74	D6	BF	00	46	6F	D9	BF	00	11	74	D6	BF	00	46	6F	00	05	06	02	B0	00	00	08	B0	00	00	0C	B0	00	00	08	B0	00	00	0C	B0	00	00	01	90	00	00	00	01	00	90	00	00	00	01	00	8F	00	00	04	08	10	0F	40	00	0E	0F	C0	00	0A	0E	80	01	04	0D	40	02	00	1C	00	00	00	1C	00	00	80	1C	00	00	00	1C	00	00	01	02	01	1D	00	00	00	90	00	00	0C	0D	00	8E	00	00	00	8F	00	00	00	8E	00	00	00	8C	00	00	00	89	00	00	00	88	00	00	00	85	00	00	00	83	00	00	00	83	00	00	00	83	00	00	00	86	00	00	00	87	00	00	01	90	00	00	05	06	02	A0	00	00	08	B0	00	00	0C	B0	00	00	08	B0	00	00	0C	B0	00	00	01	90	00	00	05	0C	00	8F	00	00	00	8F	00	00	00	8E	00	00	00	8E	00	00	00	8D	00	00	00	8C	FF	FF	00	8C	FE	FF	00	8C	FF	FF	00	8C	00	00	00	8C	01	00	00	8C	02	00	00	8C	01	00	00	28	00	0B	00	00	00	0B	00	00	00	8A	00	00	00	8A	00	00	00	8A	00	00	00	0B	00	00	00	0B	00	00	00	8A	00	00	00	8A	00	00	00	8A	00	00	00	1E	00	00	00	0D	00	00	00	0C	00	00	00	0B	00	00	00	8A	00	00	00	0B	00	00	00	0B	00	00	00	8A	00	00	00	8A	00	00	00	8A	00	00	0E	0F	80	00	08	0E	00	01	04	0D	80	01	02	0C	00	02	00	8B	00	00	00	0B	00	00	00	0B	00	00	00	8A	00	00	00	8A	00	00	00	8A	00	00	00	1E	00	00	00	0D	00	00	00	0C	00	00	00	8B	00	00	00	8A	00	00	00	0B	00	00	00	0B	00	00	00	8A	00	00	00	0D	00	00	00	0B	00	00	05	0B	00	8F	00	00	00	8F	00	00	00	8E	00	00	00	8E	00	00	00	8D	00	00	00	8C	FF	FF	00	8C	FD	FF	00	8C	FF	FF	00	8C	01	00	00	8C	03	00	00	8C	01	00	04	05	00	8F	00	00	00	8D	00	00	00	8E	00	00	00	8D	00	00	80	8B	00	00	04	05	00	8B	00	00	00	89	00	00	00	8A	00	00	00	89	00	00	80	87	00	00	00	01	00	00	0A	00	00	03	03	0C	0C	07	07	0F	0F	00	0A	00	00	02	02	0C	0C	07	07	0E	0E	00	0A	00	00	04	04	0C	0C	07	07	10	10	00	0A	00	00	04	04	0C	0C	07	07	11	11	01	04	00	18	00	00	03	04	FD	FE	FF	00	50	54	33	21	A6	0F	50	54	33	21	03	10	30	32	54	53	        incbin  "mideas_known_good.99"
  96	65CB					
